<html>
<body>
<pre>
<h1>µVision Build Log</h1>
<h2>Tool Versions:</h2>
IDE-Version: ¦ÌVision V5.30.0.0
Copyright (C) 2020 ARM Ltd and ARM Germany GmbH. All rights reserved.
License Information: kuver L15119696007@icloud.com, kuver, LIC=X96CK-ZWZXA-45DT5-G5K4R-D6AJC-FBQJD
 
Tool Versions:
Toolchain:       MDK-ARM Plus  Version: 5.30.0.0
Toolchain Path:  D:\Program Files\Keil_v5.30\ARM\ARMCC\Bin
C Compiler:      Armcc.exe V5.06 update 6 (build 750)
Assembler:       Armasm.exe V5.06 update 6 (build 750)
Linker/Locator:  ArmLink.exe V5.06 update 6 (build 750)
Library Manager: ArmAr.exe V5.06 update 6 (build 750)
Hex Converter:   FromElf.exe V5.06 update 6 (build 750)
CPU DLL:         SARMCM3.DLL V5.30.0.0
Dialog DLL:      DCM.DLL V1.17.3.0
Target DLL:      CMSIS_AGDI.dll V1.32.5.0
Dialog DLL:      TCM.DLL V1.42.0.0
 
<h2>Project:</h2>
F:\SDK_2.x_MIMXRT1052xxxxx\SDK_2.3.1_MIMXRT1052xxxxB (GF)\middleware\emwin\26-µçÈÝ´¥ÃþÆÁ¡ª´¥Ãþ»­°å_ÒÆÖ²emwin\project\mdk\YH-RT1052.uvprojx
Project File Date:  08/06/2020

<h2>Output:</h2>
*** Using Compiler 'V5.06 update 6 (build 750)', folder: 'D:\Program Files\Keil_v5.30\ARM\ARMCC\Bin'
Build target 'nor_txt_ram'
assembling startup_MIMXRT1052.s...
compiling fsl_gpio.c...
compiling fsl_elcdif.c...
compiling system_MIMXRT1052.c...
compiling fsl_common.c...
compiling fsl_clock.c...
compiling fsl_lpuart.c...
compiling fsl_sbrk.c...
compiling fsl_assert.c...
compiling fsl_notifier.c...
compiling fsl_debug_console.c...
compiling fsl_shell.c...
compiling fsl_lpi2c.c...
compiling fsl_str.c...
compiling fsl_io.c...
compiling fsl_log.c...
compiling board.c...
compiling clock_config.c...
compiling pin_mux.c...
compiling fonts.c...
compiling main.c...
compiling bsp_led.c...
compiling lcd_test.c...
compiling bsp_systick.c...
compiling bsp_lcd.c...
compiling fire_imxrt1052_sdram_ini_dcd.c...
compiling bsp_touch_gtxx.c...
compiling bsp_i2c_touch.c...
..\..\user\bsp\touch\bsp_i2c_touch.c(365): warning:  #223-D: function "printf" declared implicitly
      printf("int\r\n");
..\..\user\bsp\touch\bsp_i2c_touch.c: 1 warning, 0 errors
compiling core_delay.c...
compiling palette.c...
compiling fire_imxrt1052_spiflash_config.c...
compiling fsl_flexspi_nor_boot.c...
linking...
Program Size: Code=21336 RO-data=23116 RW-data=168 ZI-data=1538604  
".\nor_txt_ram\Objects\YH-RT1052.axf" - 0 Error(s), 1 Warning(s).

<h2>Software Packages used:</h2>

Package Vendor: NXP
                http://mcuxpresso.nxp.com/cmsis_pack/repo/NXP.MIMXRT1052_DFP.12.1.0.pack
                NXP.MIMXRT1052_DFP.12.1.0
                Device Family Pack for MIMXRT1052

<h2>Collection of Component include folders:</h2>
  .\RTE\_nor_txt_ram
  D:\AppData\Keil_v5.30\Arm\Packs\NXP\MIMXRT1052_DFP\12.1.0

<h2>Collection of Component Files used:</h2>
Build Time Elapsed:  00:00:03
</pre>
</body>
</html>
