<!doctype html public "-//w3c//dtd html 4.0 transitional//en">
<html><head>
<title>Static Call Graph - [.\nor_sdram_txt_sdram\Objects\htp.axf]</title></head>
<body><HR>
<H1>Static Call Graph for image .\nor_sdram_txt_sdram\Objects\htp.axf</H1><HR>
<BR><P>#&#060CALLGRAPH&#062# ARM Linker, 5060750: Last Updated: Fri Sep 11 13:48:01 2020
<BR><P>
<H3>Maximum Stack Usage =       1128 bytes + Unknown(Functions without stacksize, Cycles, Untraceable Function Pointers)</H3><H3>
Call chain for Maximum Stack Depth:</H3>
main &rArr; BSP_Init &rArr; GTP_Init_Panel &rArr; GTP_Get_Info &rArr; GTP_I2C_Read &rArr; I2C_Transfer &rArr; I2C_WriteBytes &rArr; I2C_Timeout_Callback &rArr; DbgConsole_Printf &rArr; StrFormatPrintf &rArr; ConvertFloatRadixNumToString &rArr; __hardfp_pow &rArr; sqrt
<P>
<H3>
Functions with no stack information
</H3><UL>
 <LI><a href="#[161]">BUTTON_Callback</a>
 <LI><a href="#[16c]">BUTTON_CreateEx</a>
 <LI><a href="#[16d]">BUTTON_CreateUser</a>
 <LI><a href="#[0]">BUTTON_DrawSkinFlex</a>
 <LI><a href="#[17f]">BUTTON_GetUserData</a>
 <LI><a href="#[181]">BUTTON_IsPressed</a>
 <LI><a href="#[38e]">BUTTON_SetReactOnLevel</a>
 <LI><a href="#[182]">BUTTON_SetSkin</a>
 <LI><a href="#[184]">BUTTON_SetText</a>
 <LI><a href="#[186]">BUTTON_SetUserData</a>
 <LI><a href="#[188]">GL_DrawBitmap</a>
 <LI><a href="#[18b]">GL_SetDefault</a>
 <LI><a href="#[118]">GUIMONO_DispChar</a>
 <LI><a href="#[119]">GUIMONO_GetCharDistX</a>
 <LI><a href="#[11a]">GUIMONO_GetFontInfo</a>
 <LI><a href="#[11b]">GUIMONO_IsInFont</a>
 <LI><a href="#[f9]">GUIPROP_AA4_EXT_DispChar</a>
 <LI><a href="#[114]">GUIPROP_DispChar</a>
 <LI><a href="#[fa]">GUIPROP_EXT_GetCharDistX</a>
 <LI><a href="#[fd]">GUIPROP_EXT_GetCharInfo</a>
 <LI><a href="#[fb]">GUIPROP_EXT_GetFontInfo</a>
 <LI><a href="#[fc]">GUIPROP_EXT_IsInFont</a>
 <LI><a href="#[c]">GUIPROP_EXT__ClearLine</a>
 <LI><a href="#[113]">GUIPROP_EXT__DispLine</a>
 <LI><a href="#[190]">GUIPROP_EXT__FindChar</a>
 <LI><a href="#[115]">GUIPROP_GetCharDistX</a>
 <LI><a href="#[116]">GUIPROP_GetFontInfo</a>
 <LI><a href="#[117]">GUIPROP_IsInFont</a>
 <LI><a href="#[198]">GUI_AA_Exit</a>
 <LI><a href="#[19a]">GUI_AA_FillRoundedRect</a>
 <LI><a href="#[19d]">GUI_AA_HiRes2Pixel</a>
 <LI><a href="#[1a1]">GUI_AA_Init</a>
 <LI><a href="#[19f]">GUI_AA_Init_HiRes</a>
 <LI><a href="#[192]">GUI_AA__DrawCharAA4</a>
 <LI><a href="#[1a7]">GUI_ALLOC_AllocNoInit</a>
 <LI><a href="#[1a9]">GUI_ALLOC_AllocZero</a>
 <LI><a href="#[35a]">GUI_ALLOC_AssignMemory</a>
 <LI><a href="#[1aa]">GUI_ALLOC_Free</a>
 <LI><a href="#[1bc]">GUI_ALLOC_FreeFixedBlock</a>
 <LI><a href="#[164]">GUI_ALLOC_FreePtr</a>
 <LI><a href="#[165]">GUI_ALLOC_FreePtrArray</a>
 <LI><a href="#[1a3]">GUI_ALLOC_GetFixedBlock</a>
 <LI><a href="#[1af]">GUI_ALLOC_GetMaxSize</a>
 <LI><a href="#[24b]">GUI_ALLOC_GetSize</a>
 <LI><a href="#[163]">GUI_ALLOC_LockH</a>
 <LI><a href="#[1b0]">GUI_ALLOC_RequestSize</a>
 <LI><a href="#[35b]">GUI_ALLOC_SetAvBlockSize</a>
 <LI><a href="#[166]">GUI_ALLOC_UnlockH</a>
 <LI><a href="#[26f]">GUI_ALLOC_h2p</a>
 <LI><a href="#[1b1]">GUI_CURSOR_SetPositionEx</a>
 <LI><a href="#[2c4]">GUI_CalcColorDist</a>
 <LI><a href="#[1b5]">GUI_Clear</a>
 <LI><a href="#[1b7]">GUI_ClearRect</a>
 <LI><a href="#[216]">GUI_DCACHE_Clear</a>
 <LI><a href="#[1b8]">GUI_DEVICE_Create</a>
 <LI><a href="#[1b9]">GUI_DEVICE_CreateAndLink</a>
 <LI><a href="#[1bb]">GUI_DEVICE_Delete</a>
 <LI><a href="#[1ba]">GUI_DEVICE_Link</a>
 <LI><a href="#[25d]">GUI_DEVICE_Unlink</a>
 <LI><a href="#[1f1]">GUI_DEVICE__GetpDriver</a>
 <LI><a href="#[17e]">GUI_DRAW__Draw</a>
 <LI><a href="#[1bd]">GUI_Delay</a>
 <LI><a href="#[1c1]">GUI_DispString</a>
 <LI><a href="#[1c8]">GUI_DispStringAt</a>
 <LI><a href="#[1c9]">GUI_DispStringHCenterAt</a>
 <LI><a href="#[179]">GUI_DispStringInRect</a>
 <LI><a href="#[1cb]">GUI_DispStringInRectMax</a>
 <LI><a href="#[1cf]">GUI_DrawBitmap</a>
 <LI><a href="#[17d]">GUI_DrawGradientV</a>
 <LI><a href="#[172]">GUI_DrawHLine</a>
 <LI><a href="#[17c]">GUI_DrawRect</a>
 <LI><a href="#[173]">GUI_DrawVLine</a>
 <LI><a href="#[1bf]">GUI_Exec</a>
 <LI><a href="#[1d3]">GUI_Exec1</a>
 <LI><a href="#[174]">GUI_FillRect</a>
 <LI><a href="#[1d5]">GUI_GetBitmapPixelIndex</a>
 <LI><a href="#[1d6]">GUI_GetBitmapPixelIndexEx</a>
 <LI><a href="#[20d]">GUI_GetBitsPerPixelEx</a>
 <LI><a href="#[194]">GUI_GetBkColor</a>
 <LI><a href="#[247]">GUI_GetCharDistX</a>
 <LI><a href="#[248]">GUI_GetCharDistXEx</a>
 <LI><a href="#[176]">GUI_GetClientRect</a>
 <LI><a href="#[193]">GUI_GetColor</a>
 <LI><a href="#[1b2]">GUI_GetCursorLayer</a>
 <LI><a href="#[39f]">GUI_GetDispPosY</a>
 <LI><a href="#[1c2]">GUI_GetFontDistY</a>
 <LI><a href="#[39e]">GUI_GetFontSizeY</a>
 <LI><a href="#[1da]">GUI_GetLayerPosEx</a>
 <LI><a href="#[1fa]">GUI_GetOrg</a>
 <LI><a href="#[1dc]">GUI_GetTime</a>
 <LI><a href="#[1c3]">GUI_GetYAdjust</a>
 <LI><a href="#[20f]">GUI_GetpfColor2IndexEx</a>
 <LI><a href="#[20e]">GUI_GetpfIndex2ColorEx</a>
 <LI><a href="#[1b6]">GUI_GotoXY</a>
 <LI><a href="#[1dd]">GUI_Init</a>
 <LI><a href="#[1e9]">GUI_MEMDEV_Clear</a>
 <LI><a href="#[1ea]">GUI_MEMDEV_CopyToLCD</a>
 <LI><a href="#[1eb]">GUI_MEMDEV_CopyToLCDAt</a>
 <LI><a href="#[1f0]">GUI_MEMDEV_CreateEx</a>
 <LI><a href="#[1f3]">GUI_MEMDEV_Delete</a>
 <LI><a href="#[1f5]">GUI_MEMDEV_Draw</a>
 <LI><a href="#[1ff]">GUI_MEMDEV_GetBitsPerPixel</a>
 <LI><a href="#[201]">GUI_MEMDEV_GetDataPtr</a>
 <LI><a href="#[1fb]">GUI_MEMDEV_GetYSize</a>
 <LI><a href="#[202]">GUI_MEMDEV_Paint1Static</a>
 <LI><a href="#[1fd]">GUI_MEMDEV_ReduceYSize</a>
 <LI><a href="#[1ef]">GUI_MEMDEV_Select</a>
 <LI><a href="#[1fe]">GUI_MEMDEV_SetOrg</a>
 <LI><a href="#[204]">GUI_MEMDEV_Write</a>
 <LI><a href="#[208]">GUI_MEMDEV_WriteAt</a>
 <LI><a href="#[1f2]">GUI_MEMDEV__CreateFixed</a>
 <LI><a href="#[20b]">GUI_MEMDEV__WriteToActiveAlpha</a>
 <LI><a href="#[209]">GUI_MEMDEV__WriteToActiveAt</a>
 <LI><a href="#[1ee]">GUI_MEMDEV__WriteToActiveOpaque</a>
 <LI><a href="#[2e5]">GUI_MULTIBUF_Begin</a>
 <LI><a href="#[213]">GUI_MULTIBUF_BeginEx</a>
 <LI><a href="#[372]">GUI_MULTIBUF_Config</a>
 <LI><a href="#[214]">GUI_MULTIBUF_ConfigEx</a>
 <LI><a href="#[36e]">GUI_MULTIBUF_Confirm</a>
 <LI><a href="#[2e6]">GUI_MULTIBUF_End</a>
 <LI><a href="#[215]">GUI_MULTIBUF_EndEx</a>
 <LI><a href="#[2a8]">GUI_MergeRect</a>
 <LI><a href="#[177]">GUI_MoveRect</a>
 <LI><a href="#[28f]">GUI_PID_GetState</a>
 <LI><a href="#[28e]">GUI_PID_IsEmpty</a>
 <LI><a href="#[217]">GUI_PID_StoreState</a>
 <LI><a href="#[219]">GUI_PollKeyMsg</a>
 <LI><a href="#[21b]">GUI_ReadRectEx</a>
 <LI><a href="#[2ca]">GUI_RectsIntersect</a>
 <LI><a href="#[21d]">GUI_RestoreContext</a>
 <LI><a href="#[1b4]">GUI_SPRITE_SetPosition</a>
 <LI><a href="#[225]">GUI_SaveContext_W</a>
 <LI><a href="#[1ec]">GUI_SelectLCD</a>
 <LI><a href="#[227]">GUI_SelectLayer</a>
 <LI><a href="#[228]">GUI_SetBkColor</a>
 <LI><a href="#[171]">GUI_SetColor</a>
 <LI><a href="#[229]">GUI_SetColorIndex</a>
 <LI><a href="#[35c]">GUI_SetDefaultFont</a>
 <LI><a href="#[189]">GUI_SetDrawMode</a>
 <LI><a href="#[175]">GUI_SetFont</a>
 <LI><a href="#[1b3]">GUI_SetLayerPosEx</a>
 <LI><a href="#[1e7]">GUI_SetOrg</a>
 <LI><a href="#[1ca]">GUI_SetTextAlign</a>
 <LI><a href="#[178]">GUI_SetTextMode</a>
 <LI><a href="#[218]">GUI_SignalEvent</a>
 <LI><a href="#[22c]">GUI_StoreKey</a>
 <LI><a href="#[22d]">GUI_TIMER_Create</a>
 <LI><a href="#[22f]">GUI_TIMER_Delete</a>
 <LI><a href="#[231]">GUI_TIMER_Exec</a>
 <LI><a href="#[232]">GUI_TIMER_GetFlag</a>
 <LI><a href="#[233]">GUI_TIMER_Restart</a>
 <LI><a href="#[234]">GUI_TIMER_SetPeriod</a>
 <LI><a href="#[235]">GUI_TIMER__GetFirstTimer</a>
 <LI><a href="#[236]">GUI_TIMER__GetNextTimerLin</a>
 <LI><a href="#[196]">GUI_UC__GetCharCodeInc</a>
 <LI><a href="#[1c7]">GUI_UC__NumChars2NumBytes</a>
 <LI><a href="#[2cd]">GUI_USAGE_AddRect</a>
 <LI><a href="#[20a]">GUI_USAGE_BM_Create</a>
 <LI><a href="#[1f4]">GUI_USAGE_DecUseCnt</a>
 <LI><a href="#[239]">GUI__ASinHQ</a>
 <LI><a href="#[237]">GUI__ATan2</a>
 <LI><a href="#[23a]">GUI__AllocAlphaBuffer</a>
 <LI><a href="#[23c]">GUI__AlphaPreserveTrans</a>
 <LI><a href="#[2c5]">GUI__CompactPixelIndices</a>
 <LI><a href="#[23e]">GUI__CompactPixelIndicesEx</a>
 <LI><a href="#[1de]">GUI__Config</a>
 <LI><a href="#[23f]">GUI__ConvertColor2Index</a>
 <LI><a href="#[1c6]">GUI__DispLine</a>
 <LI><a href="#[1ce]">GUI__DispStringInRect</a>
 <LI><a href="#[244]">GUI__DoAlphaBlending</a>
 <LI><a href="#[191]">GUI__DrawNonExistingCharacter</a>
 <LI><a href="#[170]">GUI__DrawTwinArc4</a>
 <LI><a href="#[245]">GUI__ExpandPixelIndicesEx</a>
 <LI><a href="#[23b]">GUI__GetAlphaBuffer</a>
 <LI><a href="#[1c5]">GUI__GetLineDistX</a>
 <LI><a href="#[1c4]">GUI__GetLineNumChars</a>
 <LI><a href="#[195]">GUI__GetNonExistingCharWidth</a>
 <LI><a href="#[197]">GUI__GetOverlap</a>
 <LI><a href="#[243]">GUI__HandleEOLine</a>
 <LI><a href="#[29a]">GUI__IntersectRect</a>
 <LI><a href="#[1cd]">GUI__IntersectRects</a>
 <LI><a href="#[280]">GUI__ManageCache</a>
 <LI><a href="#[249]">GUI__ManageCacheEx</a>
 <LI><a href="#[6]">GUI__MixColors</a>
 <LI><a href="#[3]">GUI__NOBIDI_Log2VisBuffered</a>
 <LI><a href="#[268]">GUI__ReduceRect</a>
 <LI><a href="#[1a4]">GUI__RegisterExit</a>
 <LI><a href="#[185]">GUI__SetText</a>
 <LI><a href="#[2e4]">GUI__memset</a>
 <LI><a href="#[2dd]">GUI__memset16</a>
 <LI><a href="#[238]">GUI__sqrt32</a>
 <LI><a href="#[24a]">GUI__strcmp_hp</a>
 <LI><a href="#[b]">LCD_AA_MixColors16</a>
 <LI><a href="#[23d]">LCD_AA_SetOrMask</a>
 <LI><a href="#[259]">LCD_Color2Index</a>
 <LI><a href="#[18a]">LCD_DrawBitmap</a>
 <LI><a href="#[14d]">LCD_DrawHLine</a>
 <LI><a href="#[14e]">LCD_DrawPixel</a>
 <LI><a href="#[1d2]">LCD_DrawVLine</a>
 <LI><a href="#[18f]">LCD_FillRect</a>
 <LI><a href="#[24c]">LCD_GetBitsPerPixelEx</a>
 <LI><a href="#[1d7]">LCD_GetBkColorIndex</a>
 <LI><a href="#[1d9]">LCD_GetColorIndex</a>
 <LI><a href="#[24d]">LCD_GetMirrorXEx</a>
 <LI><a href="#[24e]">LCD_GetMirrorYEx</a>
 <LI><a href="#[24f]">LCD_GetNumColors</a>
 <LI><a href="#[250]">LCD_GetNumColorsEx</a>
 <LI><a href="#[251]">LCD_GetNumLayers</a>
 <LI><a href="#[252]">LCD_GetPalette</a>
 <LI><a href="#[253]">LCD_GetPixelColor</a>
 <LI><a href="#[254]">LCD_GetPixelIndex</a>
 <LI><a href="#[1db]">LCD_GetPosEx</a>
 <LI><a href="#[255]">LCD_GetSwapXYEx</a>
 <LI><a href="#[1f8]">LCD_GetVXSizeEx</a>
 <LI><a href="#[1a2]">LCD_GetVXSizeMax</a>
 <LI><a href="#[1f9]">LCD_GetVYSizeEx</a>
 <LI><a href="#[257]">LCD_GetXSize</a>
 <LI><a href="#[1e2]">LCD_GetXSizeDisplay</a>
 <LI><a href="#[1f6]">LCD_GetXSizeEx</a>
 <LI><a href="#[1e4]">LCD_GetXSizeMax</a>
 <LI><a href="#[258]">LCD_GetYSize</a>
 <LI><a href="#[1e3]">LCD_GetYSizeDisplay</a>
 <LI><a href="#[1f7]">LCD_GetYSizeEx</a>
 <LI><a href="#[1e5]">LCD_GetYSizeMax</a>
 <LI><a href="#[a]">LCD_GetpPalConvTableBM</a>
 <LI><a href="#[1a6]">LCD_GetpPalConvTableUncached</a>
 <LI><a href="#[1a5]">LCD_Index2Color</a>
 <LI><a href="#[13c]">LCD_Index2Color_8888</a>
 <LI><a href="#[141]">LCD_Index2Color_M565</a>
 <LI><a href="#[110]">LCD_Index2Color_M8888I</a>
 <LI><a href="#[1e1]">LCD_Init</a>
 <LI><a href="#[25a]">LCD_InitColors</a>
 <LI><a href="#[25b]">LCD_InitLUT</a>
 <LI><a href="#[226]">LCD_SelectLCD</a>
 <LI><a href="#[18c]">LCD_SetBkColor</a>
 <LI><a href="#[263]">LCD_SetBkColorIndex</a>
 <LI><a href="#[25e]">LCD_SetClipRectEx</a>
 <LI><a href="#[207]">LCD_SetClipRectMax</a>
 <LI><a href="#[18d]">LCD_SetColor</a>
 <LI><a href="#[22a]">LCD_SetColorIndex</a>
 <LI><a href="#[1e6]">LCD_SetDisplaySize</a>
 <LI><a href="#[18e]">LCD_SetDrawMode</a>
 <LI><a href="#[25c]">LCD_SetLUTEntryEx</a>
 <LI><a href="#[25f]">LCD_SetPixelAA4_Trans</a>
 <LI><a href="#[22b]">LCD_SetPosEx</a>
 <LI><a href="#[260]">LCD_SetSizeEx</a>
 <LI><a href="#[261]">LCD_SetVRAMAddrEx</a>
 <LI><a href="#[262]">LCD_SetVSizeEx</a>
 <LI><a href="#[206]">LCD_UpdateColorIndices</a>
 <LI><a href="#[211]">LCD__DrawBitmap_1bpp</a>
 <LI><a href="#[264]">LCD__GetBPP</a>
 <LI><a href="#[200]">LCD__GetBPPDevice</a>
 <LI><a href="#[169]">WIDGET_AndState</a>
 <LI><a href="#[162]">WIDGET_HandleActive</a>
 <LI><a href="#[26c]">WIDGET_OrState</a>
 <LI><a href="#[26a]">WIDGET_SetState</a>
 <LI><a href="#[16f]">WIDGET__Init</a>
 <LI><a href="#[1ed]">WM_Activate</a>
 <LI><a href="#[26d]">WM_BringToBottom</a>
 <LI><a href="#[266]">WM_BringToTop</a>
 <LI><a href="#[274]">WM_CreateTimer</a>
 <LI><a href="#[275]">WM_CreateWindow</a>
 <LI><a href="#[16e]">WM_CreateWindowAsChild</a>
 <LI><a href="#[205]">WM_Deactivate</a>
 <LI><a href="#[167]">WM_DefaultProc</a>
 <LI><a href="#[27b]">WM_DeleteTimer</a>
 <LI><a href="#[27c]">WM_DeleteWindow</a>
 <LI><a href="#[1d4]">WM_Exec</a>
 <LI><a href="#[273]">WM_ForEachDesc</a>
 <LI><a href="#[28b]">WM_GetActiveWindow</a>
 <LI><a href="#[1d8]">WM_GetClientRect</a>
 <LI><a href="#[1e0]">WM_GetDesktopWindow</a>
 <LI><a href="#[283]">WM_GetFirstChild</a>
 <LI><a href="#[284]">WM_GetId</a>
 <LI><a href="#[286]">WM_GetParent</a>
 <LI><a href="#[287]">WM_GetUserData</a>
 <LI><a href="#[288]">WM_GetWindowOrgX</a>
 <LI><a href="#[289]">WM_GetWindowRectEx</a>
 <LI><a href="#[28a]">WM_GetWindowSizeX</a>
 <LI><a href="#[28c]">WM_GetWindowSizeY</a>
 <LI><a href="#[28d]">WM_HandlePID</a>
 <LI><a href="#[1e8]">WM_Init</a>
 <LI><a href="#[277]">WM_InvalidateRect</a>
 <LI><a href="#[183]">WM_InvalidateWindow</a>
 <LI><a href="#[29e]">WM_InvalidateWindowAndDescs</a>
 <LI><a href="#[29f]">WM_InvalidateWindowAndDescsEx</a>
 <LI><a href="#[2a0]">WM_IsEnabled</a>
 <LI><a href="#[295]">WM_IsWindow</a>
 <LI><a href="#[2a2]">WM_MOTION_Enable</a>
 <LI><a href="#[38d]">WM_MULTIBUF_Enable</a>
 <LI><a href="#[2a5]">WM_MoveWindow</a>
 <LI><a href="#[26b]">WM_NotifyParent</a>
 <LI><a href="#[21a]">WM_OnKey</a>
 <LI><a href="#[297]">WM_PID__SetPrevState</a>
 <LI><a href="#[296]">WM_ReleaseCapture</a>
 <LI><a href="#[2a7]">WM_ResizeWindow</a>
 <LI><a href="#[2aa]">WM_RestartTimer</a>
 <LI><a href="#[291]">WM_Screen2hWin</a>
 <LI><a href="#[276]">WM_SelectWindow</a>
 <LI><a href="#[285]">WM_SendMessage</a>
 <LI><a href="#[2ac]">WM_SendMessageNoPara</a>
 <LI><a href="#[27a]">WM_SendToParent</a>
 <LI><a href="#[265]">WM_SetFocus</a>
 <LI><a href="#[17a]">WM_SetHasTrans</a>
 <LI><a href="#[2ae]">WM_SetSize</a>
 <LI><a href="#[1cc]">WM_SetUserClipRect</a>
 <LI><a href="#[2b0]">WM_SetUserData</a>
 <LI><a href="#[2b1]">WM_ShowWindow</a>
 <LI><a href="#[2ad]">WM_ValidateWindow</a>
 <LI><a href="#[2af]">WM__ActivateClipRect</a>
 <LI><a href="#[290]">WM__AddCriticalHandle</a>
 <LI><a href="#[29b]">WM__ClipAtParentBorders</a>
 <LI><a href="#[27d]">WM__DeleteAssocTimer</a>
 <LI><a href="#[27e]">WM__DetachWindow</a>
 <LI><a href="#[282]">WM__ForEachDesc</a>
 <LI><a href="#[279]">WM__GetClientRectEx</a>
 <LI><a href="#[267]">WM__GetClientRectWin</a>
 <LI><a href="#[2b3]">WM__GetFirstSibling</a>
 <LI><a href="#[1a0]">WM__GetNextIVR</a>
 <LI><a href="#[19b]">WM__GetOrgX_AA</a>
 <LI><a href="#[19c]">WM__GetOrgY_AA</a>
 <LI><a href="#[26e]">WM__GetPrevSibling</a>
 <LI><a href="#[180]">WM__GetUserDataEx</a>
 <LI><a href="#[19e]">WM__InitIVRSearch</a>
 <LI><a href="#[272]">WM__InsertWindowIntoList</a>
 <LI><a href="#[299]">WM__InvalidateDrawAndDescs</a>
 <LI><a href="#[2b7]">WM__InvalidateParent</a>
 <LI><a href="#[29c]">WM__InvalidateRect</a>
 <LI><a href="#[270]">WM__InvalidateRectEx</a>
 <LI><a href="#[2b8]">WM__IsAncestor</a>
 <LI><a href="#[17b]">WM__IsEnabled</a>
 <LI><a href="#[292]">WM__IsInModalArea</a>
 <LI><a href="#[2a1]">WM__IsWindow</a>
 <LI><a href="#[2a6]">WM__MoveWindow</a>
 <LI><a href="#[2ba]">WM__Paint</a>
 <LI><a href="#[2bc]">WM__Paint1</a>
 <LI><a href="#[298]">WM__RemoveCriticalHandle</a>
 <LI><a href="#[271]">WM__RemoveWindowFromList</a>
 <LI><a href="#[278]">WM__SendMessage</a>
 <LI><a href="#[294]">WM__SendMessageIfEnabled</a>
 <LI><a href="#[1fc]">WM__SendMessageNoPara</a>
 <LI><a href="#[2a9]">WM__SendMsgNoData</a>
 <LI><a href="#[2bf]">WM__SendPIDMessage</a>
 <LI><a href="#[293]">WM__SendTouchMessage</a>
 <LI><a href="#[2a3]">WM__SetMotionCallback</a>
 <LI><a href="#[187]">WM__SetUserDataEx</a>
 <LI><a href="#[269]">WM__UpdateChildPositions</a>
 <LI><a href="#[168]">_OnButtonPressed</a>
 <LI><a href="#[16b]">_OnButtonReleased</a>
 <LI><a href="#[16a]">_OnPidStateChange</a>
 <LI><a href="#[e]">_OnTouchDefault</a>
 <LI><a href="#[2ef]">_OnTouchReactOnLevel</a>
 <LI><a href="#[2]">_Create</a>
 <LI><a href="#[1]">_Paint</a>
 <LI><a href="#[2c6]">_CopyBuffer</a>
 <LI><a href="#[103]">_DrawBitmap</a>
 <LI><a href="#[104]">_DrawHLine</a>
 <LI><a href="#[105]">_DrawVLine</a>
 <LI><a href="#[106]">_FillRect</a>
 <LI><a href="#[10d]">_GetDevData</a>
 <LI><a href="#[10b]">_GetDevFunc</a>
 <LI><a href="#[10c]">_GetDevProp</a>
 <LI><a href="#[107]">_GetPixelIndex</a>
 <LI><a href="#[2e1]">_GetPos</a>
 <LI><a href="#[10e]">_GetRect</a>
 <LI><a href="#[2e2]">_Init</a>
 <LI><a href="#[2c7]">_InitOnce</a>
 <LI><a href="#[2ea]">_Off</a>
 <LI><a href="#[2eb]">_On</a>
 <LI><a href="#[2f1]">_SetAlpha</a>
 <LI><a href="#[2f2]">_SetAlphaMode</a>
 <LI><a href="#[2f3]">_SetChroma</a>
 <LI><a href="#[2f4]">_SetChromaMode</a>
 <LI><a href="#[2f5]">_SetDevFunc</a>
 <LI><a href="#[10a]">_SetOrg</a>
 <LI><a href="#[108]">_SetPixelIndex</a>
 <LI><a href="#[2f6]">_SetPos</a>
 <LI><a href="#[2f8]">_SetSize</a>
 <LI><a href="#[2f9]">_SetVRAMAddr</a>
 <LI><a href="#[2fa]">_SetVRAM_BufferPTR</a>
 <LI><a href="#[2fb]">_SetVSize</a>
 <LI><a href="#[2f7]">_SetVis</a>
 <LI><a href="#[2fc]">_ShowBuffer</a>
 <LI><a href="#[109]">_XorPixel</a>
 <LI><a href="#[301]">_cbTimer</a>
 <LI><a href="#[2c0]">_AimDestination</a>
 <LI><a href="#[2c1]">_AimDestinationXY</a>
 <LI><a href="#[2c9]">_CreatehCrit</a>
 <LI><a href="#[2a4]">_ExecMotion</a>
 <LI><a href="#[2d5]">_GetConfirmation</a>
 <LI><a href="#[2d2]">_GetContext</a>
 <LI><a href="#[2df]">_GetMotionTagR</a>
 <LI><a href="#[2e0]">_GetMotionTagXY</a>
 <LI><a href="#[2d7]">_GetSigns</a>
 <LI><a href="#[2d6]">_GetphCrit</a>
 <LI><a href="#[2e7]">_Motion_AutoWithinParent</a>
 <LI><a href="#[2e8]">_Motion_ByWindow</a>
 <LI><a href="#[2dc]">_MoveToNearestSnapPosition</a>
 <LI><a href="#[2e9]">_MoveToNearestSnapPositionXY</a>
 <LI><a href="#[2da]">_ProcessMotion</a>
 <LI><a href="#[2d9]">_SavePrivateContextOnDemand</a>
 <LI><a href="#[2d3]">_Screen2hWin</a>
 <LI><a href="#[2d8]">_StartMotionTimer</a>
 <LI><a href="#[2d4]">_StopMotionOnHit</a>
 <LI><a href="#[2ff]">_cbMotion</a>
 <LI><a href="#[302]">_cbTimer</a>
 <LI><a href="#[2bb]">WM__PaintWinAndOverlays</a>
 <LI><a href="#[281]">_Exec1Draw</a>
 <LI><a href="#[27f]">_Exec1Input</a>
 <LI><a href="#[2b5]">_Findx0</a>
 <LI><a href="#[2b6]">_Findx1</a>
 <LI><a href="#[2b4]">_Findy1</a>
 <LI><a href="#[29d]">_Invalidate1Abs</a>
 <LI><a href="#[2be]">_Paint1Trans</a>
 <LI><a href="#[2bd]">_PaintTransChildren</a>
 <LI><a href="#[2b2]">_SetClipRectUserIntersect</a>
 <LI><a href="#[2fd]">_cbBackWin</a>
 <LI><a href="#[300]">_cbPaintMemDev</a>
 <LI><a href="#[14f]">_MULTIBUF_Begin</a>
 <LI><a href="#[150]">_MULTIBUF_End</a>
 <LI><a href="#[256]">_GetMaxValue</a>
 <LI><a href="#[2cb]">_Draw</a>
 <LI><a href="#[112]">_DrawBitmap_RLEAlpha</a>
 <LI><a href="#[2d0]">_DrawClip</a>
 <LI><a href="#[1ab]">_AddFreeMemory</a>
 <LI><a href="#[1a8]">_Alloc</a>
 <LI><a href="#[2c2]">_EnlargeBlocks</a>
 <LI><a href="#[1ac]">_InitOnce</a>
 <LI><a href="#[1ae]">_RemoveFreeBlock</a>
 <LI><a href="#[1ad]">_RemoveHoles</a>
 <LI><a href="#[143]">_Color2IndexBulk</a>
 <LI><a href="#[140]">_Color2Index_M565</a>
 <LI><a href="#[142]">_GetIndexMask_M565</a>
 <LI><a href="#[144]">_Index2ColorBulk</a>
 <LI><a href="#[111]">_CallDrawBitmapHW</a>
 <LI><a href="#[2c3]">_DoClipping</a>
 <LI><a href="#[2cc]">_DrawBitmap</a>
 <LI><a href="#[10f]">_DrawBitmap_M8888I</a>
 <LI><a href="#[f]">_SetPixelAlpha</a>
 <LI><a href="#[11c]">_DrawBitmap</a>
 <LI><a href="#[11d]">_DrawHLine</a>
 <LI><a href="#[11e]">_DrawVLine</a>
 <LI><a href="#[11f]">_FillRect</a>
 <LI><a href="#[126]">_GetDevData</a>
 <LI><a href="#[124]">_GetDevFunc</a>
 <LI><a href="#[125]">_GetDevProp</a>
 <LI><a href="#[120]">_GetPixelIndex</a>
 <LI><a href="#[127]">_GetRect</a>
 <LI><a href="#[123]">_SetOrg</a>
 <LI><a href="#[121]">_SetPixelIndex</a>
 <LI><a href="#[2ce]">_XY2PTR</a>
 <LI><a href="#[122]">_XorPixel</a>
 <LI><a href="#[203]">_CreateStaticDevice</a>
 <LI><a href="#[2ab]">_Screen2hWin</a>
 <LI><a href="#[2b9]">_MoveDescendants</a>
 <LI><a href="#[2ec]">_OnExit</a>
 <LI><a href="#[154]">_SetBkColor</a>
 <LI><a href="#[153]">_SetColor</a>
 <LI><a href="#[155]">_SetDrawMode</a>
 <LI><a href="#[22e]">_Link</a>
 <LI><a href="#[230]">_Unlink</a>
 <LI><a href="#[136]">_CalcSizeOfChar</a>
 <LI><a href="#[137]">_Encode</a>
 <LI><a href="#[134]">_GetCharCode</a>
 <LI><a href="#[135]">_GetCharSize</a>
 <LI><a href="#[13e]">_Color2IndexBulk</a>
 <LI><a href="#[13b]">_Color2Index_8888</a>
 <LI><a href="#[13d]">_GetIndexMask_8888</a>
 <LI><a href="#[13f]">_Index2ColorBulk</a>
 <LI><a href="#[242]">_DispLine</a>
 <LI><a href="#[147]">_Color2IndexBulk_M8888I</a>
 <LI><a href="#[145]">_Color2Index_M8888I</a>
 <LI><a href="#[146]">_GetIndexMask_M8888I</a>
 <LI><a href="#[148]">_Index2ColorBulk_M8888I</a>
 <LI><a href="#[152]">_DrawNonExistingCharacter_Dummy</a>
 <LI><a href="#[151]">_GetNonExistingCharWidth_Dummy</a>
 <LI><a href="#[2ed]">_OnExit</a>
 <LI><a href="#[1d1]">_DrawRect</a>
 <LI><a href="#[d]">_DrawCharAA4_Trans</a>
 <LI><a href="#[2d1]">_DrawHLine</a>
 <LI><a href="#[199]">_FlushLine</a>
 <LI><a href="#[2ee]">_OnExit</a>
 <LI><a href="#[210]">_Convert16</a>
 <LI><a href="#[212]">_Convert8</a>
 <LI><a href="#[128]">_DrawBitmap</a>
 <LI><a href="#[129]">_DrawHLine</a>
 <LI><a href="#[12a]">_DrawVLine</a>
 <LI><a href="#[12b]">_FillRect</a>
 <LI><a href="#[132]">_GetDevData</a>
 <LI><a href="#[130]">_GetDevFunc</a>
 <LI><a href="#[131]">_GetDevProp</a>
 <LI><a href="#[12c]">_GetPixelIndex</a>
 <LI><a href="#[133]">_GetRect</a>
 <LI><a href="#[12f]">_SetOrg</a>
 <LI><a href="#[12d]">_SetPixelIndex</a>
 <LI><a href="#[2cf]">_XY2PTR</a>
 <LI><a href="#[12e]">_XorPixel</a>
 <LI><a href="#[ff]">GUI_USAGE_BM_AddHLine</a>
 <LI><a href="#[fe]">GUI_USAGE_BM_AddPixel</a>
 <LI><a href="#[100]">GUI_USAGE_BM_Clear</a>
 <LI><a href="#[102]">GUI_USAGE_BM_GetNextDirty</a>
 <LI><a href="#[101]">_GUI_USAGE_BM_Delete</a>
 <LI><a href="#[14b]">_DrawDown</a>
 <LI><a href="#[14c]">_DrawDownRect</a>
 <LI><a href="#[149]">_DrawUp</a>
 <LI><a href="#[14a]">_DrawUpRect</a>
 <LI><a href="#[2fe]">_cbInvalidateOne</a>
 <LI><a href="#[1d0]">_DrawGradient</a>
 <LI><a href="#[138]">_Color2Index_0</a>
 <LI><a href="#[13a]">_GetIndexMask_0</a>
 <LI><a href="#[139]">_Index2Color_0</a>
 <LI><a href="#[21c]">LCD_ReadRectEx</a>
 <LI><a href="#[246]">_GetTwinArcPara</a>
 <LI><a href="#[20c]">_WriteToActiveAlpha</a>
 <LI><a href="#[220]">_CreateBuffer</a>
 <LI><a href="#[2de]">_FlushBuffer</a>
 <LI><a href="#[221]">_GetBkIndex</a>
 <LI><a href="#[223]">_GetBkIndexAlpha</a>
 <LI><a href="#[21f]">_GetDeviceRect</a>
 <LI><a href="#[224]">_ReleaseBuffer</a>
 <LI><a href="#[222]">_SetBkIndexBuffered</a>
</UL>
</UL>
<P>
<H3>
Mutually Recursive functions
</H3> <LI><a href="#[11]">NMI_Handler</a>&nbsp;&nbsp;&nbsp;&rArr;&nbsp;&nbsp;&nbsp;<a href="#[11]">NMI_Handler</a><BR>
 <LI><a href="#[12]">HardFault_Handler</a>&nbsp;&nbsp;&nbsp;&rArr;&nbsp;&nbsp;&nbsp;<a href="#[12]">HardFault_Handler</a><BR>
 <LI><a href="#[13]">MemManage_Handler</a>&nbsp;&nbsp;&nbsp;&rArr;&nbsp;&nbsp;&nbsp;<a href="#[13]">MemManage_Handler</a><BR>
 <LI><a href="#[14]">BusFault_Handler</a>&nbsp;&nbsp;&nbsp;&rArr;&nbsp;&nbsp;&nbsp;<a href="#[14]">BusFault_Handler</a><BR>
 <LI><a href="#[15]">UsageFault_Handler</a>&nbsp;&nbsp;&nbsp;&rArr;&nbsp;&nbsp;&nbsp;<a href="#[15]">UsageFault_Handler</a><BR>
 <LI><a href="#[17]">DebugMon_Handler</a>&nbsp;&nbsp;&nbsp;&rArr;&nbsp;&nbsp;&nbsp;<a href="#[17]">DebugMon_Handler</a><BR>
 <LI><a href="#[325]">__aeabi_assert</a>&nbsp;&nbsp;&nbsp;&rArr;&nbsp;&nbsp;&nbsp;<a href="#[318]">DbgConsole_Printf</a><BR>
 <LI><a href="#[2b4]">_Findy1</a>&nbsp;&nbsp;&nbsp;&rArr;&nbsp;&nbsp;&nbsp;<a href="#[2b4]">_Findy1</a><BR>
 <LI><a href="#[2b6]">_Findx1</a>&nbsp;&nbsp;&nbsp;&rArr;&nbsp;&nbsp;&nbsp;<a href="#[2b6]">_Findx1</a><BR>
 <LI><a href="#[2b5]">_Findx0</a>&nbsp;&nbsp;&nbsp;&rArr;&nbsp;&nbsp;&nbsp;<a href="#[2b5]">_Findx0</a><BR>
 <LI><a href="#[29c]">WM__InvalidateRect</a>&nbsp;&nbsp;&nbsp;&rArr;&nbsp;&nbsp;&nbsp;<a href="#[29c]">WM__InvalidateRect</a><BR>
 <LI><a href="#[29f]">WM_InvalidateWindowAndDescsEx</a>&nbsp;&nbsp;&nbsp;&rArr;&nbsp;&nbsp;&nbsp;<a href="#[29f]">WM_InvalidateWindowAndDescsEx</a><BR>
 <LI><a href="#[299]">WM__InvalidateDrawAndDescs</a>&nbsp;&nbsp;&nbsp;&rArr;&nbsp;&nbsp;&nbsp;<a href="#[299]">WM__InvalidateDrawAndDescs</a><BR>
 <LI><a href="#[27a]">WM_SendToParent</a>&nbsp;&nbsp;&nbsp;&rArr;&nbsp;&nbsp;&nbsp;<a href="#[278]">WM__SendMessage</a><BR>
 <LI><a href="#[2b9]">_MoveDescendants</a>&nbsp;&nbsp;&nbsp;&rArr;&nbsp;&nbsp;&nbsp;<a href="#[2b9]">_MoveDescendants</a><BR>
 <LI><a href="#[269]">WM__UpdateChildPositions</a>&nbsp;&nbsp;&nbsp;&rArr;&nbsp;&nbsp;&nbsp;<a href="#[2a7]">WM_ResizeWindow</a><BR>
 <LI><a href="#[2ab]">_Screen2hWin</a>&nbsp;&nbsp;&nbsp;&rArr;&nbsp;&nbsp;&nbsp;<a href="#[2ab]">_Screen2hWin</a><BR>
 <LI><a href="#[2c2]">_EnlargeBlocks</a>&nbsp;&nbsp;&nbsp;&rArr;&nbsp;&nbsp;&nbsp;<a href="#[1a8]">_Alloc</a><BR>
 <LI><a href="#[27c]">WM_DeleteWindow</a>&nbsp;&nbsp;&nbsp;&rArr;&nbsp;&nbsp;&nbsp;<a href="#[27c]">WM_DeleteWindow</a><BR>
 <LI><a href="#[2bd]">_PaintTransChildren</a>&nbsp;&nbsp;&nbsp;&rArr;&nbsp;&nbsp;&nbsp;<a href="#[2bd]">_PaintTransChildren</a><BR>
 <LI><a href="#[29e]">WM_InvalidateWindowAndDescs</a>&nbsp;&nbsp;&nbsp;&rArr;&nbsp;&nbsp;&nbsp;<a href="#[29e]">WM_InvalidateWindowAndDescs</a><BR>
 <LI><a href="#[147]">_Color2IndexBulk_M8888I</a>&nbsp;&nbsp;&nbsp;&rArr;&nbsp;&nbsp;&nbsp;<a href="#[147]">_Color2IndexBulk_M8888I</a><BR>
 <LI><a href="#[148]">_Index2ColorBulk_M8888I</a>&nbsp;&nbsp;&nbsp;&rArr;&nbsp;&nbsp;&nbsp;<a href="#[148]">_Index2ColorBulk_M8888I</a><BR>
</UL>
<P>
<H3>
Function Pointers
</H3><UL>
 <LI><a href="#[95]">ACMP1_IRQHandler</a> from startup_mimxrt1052.o(.text) referenced from startup_mimxrt1052.o(RESET)
 <LI><a href="#[96]">ACMP2_IRQHandler</a> from startup_mimxrt1052.o(.text) referenced from startup_mimxrt1052.o(RESET)
 <LI><a href="#[97]">ACMP3_IRQHandler</a> from startup_mimxrt1052.o(.text) referenced from startup_mimxrt1052.o(RESET)
 <LI><a href="#[98]">ACMP4_IRQHandler</a> from startup_mimxrt1052.o(.text) referenced from startup_mimxrt1052.o(RESET)
 <LI><a href="#[5d]">ADC1_IRQHandler</a> from startup_mimxrt1052.o(.text) referenced from startup_mimxrt1052.o(RESET)
 <LI><a href="#[5e]">ADC2_IRQHandler</a> from startup_mimxrt1052.o(.text) referenced from startup_mimxrt1052.o(RESET)
 <LI><a href="#[93]">ADC_ETC_ERROR_IRQ_IRQHandler</a> from startup_mimxrt1052.o(.text) referenced from startup_mimxrt1052.o(RESET)
 <LI><a href="#[90]">ADC_ETC_IRQ0_IRQHandler</a> from startup_mimxrt1052.o(.text) referenced from startup_mimxrt1052.o(RESET)
 <LI><a href="#[91]">ADC_ETC_IRQ1_IRQHandler</a> from startup_mimxrt1052.o(.text) referenced from startup_mimxrt1052.o(RESET)
 <LI><a href="#[92]">ADC_ETC_IRQ2_IRQHandler</a> from startup_mimxrt1052.o(.text) referenced from startup_mimxrt1052.o(RESET)
 <LI><a href="#[57]">ANATOP_EVENT0_IRQHandler</a> from startup_mimxrt1052.o(.text) referenced from startup_mimxrt1052.o(RESET)
 <LI><a href="#[58]">ANATOP_EVENT1_IRQHandler</a> from startup_mimxrt1052.o(.text) referenced from startup_mimxrt1052.o(RESET)
 <LI><a href="#[59]">ANATOP_TAMP_LOW_HIGH_IRQHandler</a> from startup_mimxrt1052.o(.text) referenced from startup_mimxrt1052.o(RESET)
 <LI><a href="#[5a]">ANATOP_TEMP_PANIC_IRQHandler</a> from startup_mimxrt1052.o(.text) referenced from startup_mimxrt1052.o(RESET)
 <LI><a href="#[51]">BEE_IRQHandler</a> from startup_mimxrt1052.o(.text) referenced from startup_mimxrt1052.o(RESET)
 <LI><a href="#[0]">BUTTON_DrawSkinFlex</a> from BUTTON_SkinFlex.o(.text.BUTTON_DrawSkinFlex) referenced 2 times from BUTTON.o(.data.BUTTON__DefaultProps)
 <LI><a href="#[14]">BusFault_Handler</a> from startup_mimxrt1052.o(.text) referenced from startup_mimxrt1052.o(RESET)
 <LI><a href="#[df]">CAN1_DriverIRQHandler</a> from startup_mimxrt1052.o(.text) referenced from startup_mimxrt1052.o(.text)
 <LI><a href="#[3e]">CAN1_IRQHandler</a> from startup_mimxrt1052.o(.text) referenced from startup_mimxrt1052.o(RESET)
 <LI><a href="#[e0]">CAN2_DriverIRQHandler</a> from startup_mimxrt1052.o(.text) referenced from startup_mimxrt1052.o(.text)
 <LI><a href="#[3f]">CAN2_IRQHandler</a> from startup_mimxrt1052.o(.text) referenced from startup_mimxrt1052.o(RESET)
 <LI><a href="#[79]">CCM_1_IRQHandler</a> from startup_mimxrt1052.o(.text) referenced from startup_mimxrt1052.o(RESET)
 <LI><a href="#[7a]">CCM_2_IRQHandler</a> from startup_mimxrt1052.o(.text) referenced from startup_mimxrt1052.o(RESET)
 <LI><a href="#[2d]">CORE_IRQHandler</a> from startup_mimxrt1052.o(.text) referenced from startup_mimxrt1052.o(RESET)
 <LI><a href="#[45]">CSI_IRQHandler</a> from startup_mimxrt1052.o(.text) referenced from startup_mimxrt1052.o(RESET)
 <LI><a href="#[4b]">CSU_IRQHandler</a> from startup_mimxrt1052.o(.text) referenced from startup_mimxrt1052.o(RESET)
 <LI><a href="#[2b]">CTI0_ERROR_IRQHandler</a> from startup_mimxrt1052.o(.text) referenced from startup_mimxrt1052.o(RESET)
 <LI><a href="#[2c]">CTI1_ERROR_IRQHandler</a> from startup_mimxrt1052.o(.text) referenced from startup_mimxrt1052.o(RESET)
 <LI><a href="#[5f]">DCDC_IRQHandler</a> from startup_mimxrt1052.o(.text) referenced from startup_mimxrt1052.o(RESET)
 <LI><a href="#[4c]">DCP_IRQHandler</a> from startup_mimxrt1052.o(.text) referenced from startup_mimxrt1052.o(RESET)
 <LI><a href="#[4d]">DCP_VMI_IRQHandler</a> from startup_mimxrt1052.o(.text) referenced from startup_mimxrt1052.o(RESET)
 <LI><a href="#[be]">DMA0_DMA16_DriverIRQHandler</a> from startup_mimxrt1052.o(.text) referenced from startup_mimxrt1052.o(.text)
 <LI><a href="#[1a]">DMA0_DMA16_IRQHandler</a> from startup_mimxrt1052.o(.text) referenced from startup_mimxrt1052.o(RESET)
 <LI><a href="#[c8]">DMA10_DMA26_DriverIRQHandler</a> from startup_mimxrt1052.o(.text) referenced from startup_mimxrt1052.o(.text)
 <LI><a href="#[24]">DMA10_DMA26_IRQHandler</a> from startup_mimxrt1052.o(.text) referenced from startup_mimxrt1052.o(RESET)
 <LI><a href="#[c9]">DMA11_DMA27_DriverIRQHandler</a> from startup_mimxrt1052.o(.text) referenced from startup_mimxrt1052.o(.text)
 <LI><a href="#[25]">DMA11_DMA27_IRQHandler</a> from startup_mimxrt1052.o(.text) referenced from startup_mimxrt1052.o(RESET)
 <LI><a href="#[ca]">DMA12_DMA28_DriverIRQHandler</a> from startup_mimxrt1052.o(.text) referenced from startup_mimxrt1052.o(.text)
 <LI><a href="#[26]">DMA12_DMA28_IRQHandler</a> from startup_mimxrt1052.o(.text) referenced from startup_mimxrt1052.o(RESET)
 <LI><a href="#[cb]">DMA13_DMA29_DriverIRQHandler</a> from startup_mimxrt1052.o(.text) referenced from startup_mimxrt1052.o(.text)
 <LI><a href="#[27]">DMA13_DMA29_IRQHandler</a> from startup_mimxrt1052.o(.text) referenced from startup_mimxrt1052.o(RESET)
 <LI><a href="#[cc]">DMA14_DMA30_DriverIRQHandler</a> from startup_mimxrt1052.o(.text) referenced from startup_mimxrt1052.o(.text)
 <LI><a href="#[28]">DMA14_DMA30_IRQHandler</a> from startup_mimxrt1052.o(.text) referenced from startup_mimxrt1052.o(RESET)
 <LI><a href="#[cd]">DMA15_DMA31_DriverIRQHandler</a> from startup_mimxrt1052.o(.text) referenced from startup_mimxrt1052.o(.text)
 <LI><a href="#[29]">DMA15_DMA31_IRQHandler</a> from startup_mimxrt1052.o(.text) referenced from startup_mimxrt1052.o(RESET)
 <LI><a href="#[bf]">DMA1_DMA17_DriverIRQHandler</a> from startup_mimxrt1052.o(.text) referenced from startup_mimxrt1052.o(.text)
 <LI><a href="#[1b]">DMA1_DMA17_IRQHandler</a> from startup_mimxrt1052.o(.text) referenced from startup_mimxrt1052.o(RESET)
 <LI><a href="#[c0]">DMA2_DMA18_DriverIRQHandler</a> from startup_mimxrt1052.o(.text) referenced from startup_mimxrt1052.o(.text)
 <LI><a href="#[1c]">DMA2_DMA18_IRQHandler</a> from startup_mimxrt1052.o(.text) referenced from startup_mimxrt1052.o(RESET)
 <LI><a href="#[c1]">DMA3_DMA19_DriverIRQHandler</a> from startup_mimxrt1052.o(.text) referenced from startup_mimxrt1052.o(.text)
 <LI><a href="#[1d]">DMA3_DMA19_IRQHandler</a> from startup_mimxrt1052.o(.text) referenced from startup_mimxrt1052.o(RESET)
 <LI><a href="#[c2]">DMA4_DMA20_DriverIRQHandler</a> from startup_mimxrt1052.o(.text) referenced from startup_mimxrt1052.o(.text)
 <LI><a href="#[1e]">DMA4_DMA20_IRQHandler</a> from startup_mimxrt1052.o(.text) referenced from startup_mimxrt1052.o(RESET)
 <LI><a href="#[c3]">DMA5_DMA21_DriverIRQHandler</a> from startup_mimxrt1052.o(.text) referenced from startup_mimxrt1052.o(.text)
 <LI><a href="#[1f]">DMA5_DMA21_IRQHandler</a> from startup_mimxrt1052.o(.text) referenced from startup_mimxrt1052.o(RESET)
 <LI><a href="#[c4]">DMA6_DMA22_DriverIRQHandler</a> from startup_mimxrt1052.o(.text) referenced from startup_mimxrt1052.o(.text)
 <LI><a href="#[20]">DMA6_DMA22_IRQHandler</a> from startup_mimxrt1052.o(.text) referenced from startup_mimxrt1052.o(RESET)
 <LI><a href="#[c5]">DMA7_DMA23_DriverIRQHandler</a> from startup_mimxrt1052.o(.text) referenced from startup_mimxrt1052.o(.text)
 <LI><a href="#[21]">DMA7_DMA23_IRQHandler</a> from startup_mimxrt1052.o(.text) referenced from startup_mimxrt1052.o(RESET)
 <LI><a href="#[c6]">DMA8_DMA24_DriverIRQHandler</a> from startup_mimxrt1052.o(.text) referenced from startup_mimxrt1052.o(.text)
 <LI><a href="#[22]">DMA8_DMA24_IRQHandler</a> from startup_mimxrt1052.o(.text) referenced from startup_mimxrt1052.o(RESET)
 <LI><a href="#[c7]">DMA9_DMA25_DriverIRQHandler</a> from startup_mimxrt1052.o(.text) referenced from startup_mimxrt1052.o(.text)
 <LI><a href="#[23]">DMA9_DMA25_IRQHandler</a> from startup_mimxrt1052.o(.text) referenced from startup_mimxrt1052.o(RESET)
 <LI><a href="#[ce]">DMA_ERROR_DriverIRQHandler</a> from startup_mimxrt1052.o(.text) referenced from startup_mimxrt1052.o(.text)
 <LI><a href="#[2a]">DMA_ERROR_IRQHandler</a> from startup_mimxrt1052.o(.text) referenced from startup_mimxrt1052.o(RESET)
 <LI><a href="#[ef]">DbgConsole_RelocateLog</a> from fsl_debug_console.o(i.DbgConsole_RelocateLog) referenced from fsl_debug_console.o(i.DbgConsole_Printf)
 <LI><a href="#[17]">DebugMon_Handler</a> from startup_mimxrt1052.o(.text) referenced from startup_mimxrt1052.o(RESET)
 <LI><a href="#[ba]">DefaultISR</a> from startup_mimxrt1052.o(.text) referenced from startup_mimxrt1052.o(.text)
 <LI><a href="#[ba]">DefaultISR</a> from startup_mimxrt1052.o(.text) referenced 79 times from startup_mimxrt1052.o(RESET)
 <LI><a href="#[9b]">ENC1_IRQHandler</a> from startup_mimxrt1052.o(.text) referenced from startup_mimxrt1052.o(RESET)
 <LI><a href="#[9c]">ENC2_IRQHandler</a> from startup_mimxrt1052.o(.text) referenced from startup_mimxrt1052.o(RESET)
 <LI><a href="#[9d]">ENC3_IRQHandler</a> from startup_mimxrt1052.o(.text) referenced from startup_mimxrt1052.o(RESET)
 <LI><a href="#[9e]">ENC4_IRQHandler</a> from startup_mimxrt1052.o(.text) referenced from startup_mimxrt1052.o(RESET)
 <LI><a href="#[ec]">ENET_1588_Timer_DriverIRQHandler</a> from startup_mimxrt1052.o(.text) referenced from startup_mimxrt1052.o(.text)
 <LI><a href="#[8d]">ENET_1588_Timer_IRQHandler</a> from startup_mimxrt1052.o(.text) referenced from startup_mimxrt1052.o(RESET)
 <LI><a href="#[eb]">ENET_DriverIRQHandler</a> from startup_mimxrt1052.o(.text) referenced from startup_mimxrt1052.o(.text)
 <LI><a href="#[8c]">ENET_IRQHandler</a> from startup_mimxrt1052.o(.text) referenced from startup_mimxrt1052.o(RESET)
 <LI><a href="#[78]">EWM_IRQHandler</a> from startup_mimxrt1052.o(.text) referenced from startup_mimxrt1052.o(RESET)
 <LI><a href="#[e6]">FLEXIO1_DriverIRQHandler</a> from startup_mimxrt1052.o(.text) referenced from startup_mimxrt1052.o(.text)
 <LI><a href="#[74]">FLEXIO1_IRQHandler</a> from startup_mimxrt1052.o(.text) referenced from startup_mimxrt1052.o(RESET)
 <LI><a href="#[e7]">FLEXIO2_DriverIRQHandler</a> from startup_mimxrt1052.o(.text) referenced from startup_mimxrt1052.o(.text)
 <LI><a href="#[75]">FLEXIO2_IRQHandler</a> from startup_mimxrt1052.o(.text) referenced from startup_mimxrt1052.o(RESET)
 <LI><a href="#[40]">FLEXRAM_IRQHandler</a> from startup_mimxrt1052.o(.text) referenced from startup_mimxrt1052.o(RESET)
 <LI><a href="#[e8]">FLEXSPI_DriverIRQHandler</a> from startup_mimxrt1052.o(.text) referenced from startup_mimxrt1052.o(.text)
 <LI><a href="#[86]">FLEXSPI_IRQHandler</a> from startup_mimxrt1052.o(.text) referenced from startup_mimxrt1052.o(RESET)
 <LI><a href="#[7b]">GPC_IRQHandler</a> from startup_mimxrt1052.o(.text) referenced from startup_mimxrt1052.o(RESET)
 <LI><a href="#[6a]">GPIO1_Combined_0_15_IRQHandler</a> from bsp_i2c_touch.o(i.GPIO1_Combined_0_15_IRQHandler) referenced from startup_mimxrt1052.o(RESET)
 <LI><a href="#[6b]">GPIO1_Combined_16_31_IRQHandler</a> from startup_mimxrt1052.o(.text) referenced from startup_mimxrt1052.o(RESET)
 <LI><a href="#[62]">GPIO1_INT0_IRQHandler</a> from startup_mimxrt1052.o(.text) referenced from startup_mimxrt1052.o(RESET)
 <LI><a href="#[63]">GPIO1_INT1_IRQHandler</a> from startup_mimxrt1052.o(.text) referenced from startup_mimxrt1052.o(RESET)
 <LI><a href="#[64]">GPIO1_INT2_IRQHandler</a> from startup_mimxrt1052.o(.text) referenced from startup_mimxrt1052.o(RESET)
 <LI><a href="#[65]">GPIO1_INT3_IRQHandler</a> from startup_mimxrt1052.o(.text) referenced from startup_mimxrt1052.o(RESET)
 <LI><a href="#[66]">GPIO1_INT4_IRQHandler</a> from startup_mimxrt1052.o(.text) referenced from startup_mimxrt1052.o(RESET)
 <LI><a href="#[67]">GPIO1_INT5_IRQHandler</a> from startup_mimxrt1052.o(.text) referenced from startup_mimxrt1052.o(RESET)
 <LI><a href="#[68]">GPIO1_INT6_IRQHandler</a> from startup_mimxrt1052.o(.text) referenced from startup_mimxrt1052.o(RESET)
 <LI><a href="#[69]">GPIO1_INT7_IRQHandler</a> from startup_mimxrt1052.o(.text) referenced from startup_mimxrt1052.o(RESET)
 <LI><a href="#[6c]">GPIO2_Combined_0_15_IRQHandler</a> from startup_mimxrt1052.o(.text) referenced from startup_mimxrt1052.o(RESET)
 <LI><a href="#[6d]">GPIO2_Combined_16_31_IRQHandler</a> from startup_mimxrt1052.o(.text) referenced from startup_mimxrt1052.o(RESET)
 <LI><a href="#[6e]">GPIO3_Combined_0_15_IRQHandler</a> from startup_mimxrt1052.o(.text) referenced from startup_mimxrt1052.o(RESET)
 <LI><a href="#[6f]">GPIO3_Combined_16_31_IRQHandler</a> from startup_mimxrt1052.o(.text) referenced from startup_mimxrt1052.o(RESET)
 <LI><a href="#[70]">GPIO4_Combined_0_15_IRQHandler</a> from startup_mimxrt1052.o(.text) referenced from startup_mimxrt1052.o(RESET)
 <LI><a href="#[71]">GPIO4_Combined_16_31_IRQHandler</a> from startup_mimxrt1052.o(.text) referenced from startup_mimxrt1052.o(RESET)
 <LI><a href="#[72]">GPIO5_Combined_0_15_IRQHandler</a> from startup_mimxrt1052.o(.text) referenced from startup_mimxrt1052.o(RESET)
 <LI><a href="#[73]">GPIO5_Combined_16_31_IRQHandler</a> from startup_mimxrt1052.o(.text) referenced from startup_mimxrt1052.o(RESET)
 <LI><a href="#[43]">GPR_IRQ_IRQHandler</a> from startup_mimxrt1052.o(.text) referenced from startup_mimxrt1052.o(RESET)
 <LI><a href="#[7e]">GPT1_IRQHandler</a> from startup_mimxrt1052.o(.text) referenced from startup_mimxrt1052.o(RESET)
 <LI><a href="#[7f]">GPT2_IRQHandler</a> from startup_mimxrt1052.o(.text) referenced from startup_mimxrt1052.o(RESET)
 <LI><a href="#[118]">GUIMONO_DispChar</a> from GUI_CharM.o(.text.GUIMONO_DispChar) referenced from F6x8.o(.rodata.GUI_Font6x8)
 <LI><a href="#[119]">GUIMONO_GetCharDistX</a> from GUI_CharM.o(.text.GUIMONO_GetCharDistX) referenced from F6x8.o(.rodata.GUI_Font6x8)
 <LI><a href="#[11a]">GUIMONO_GetFontInfo</a> from GUI_CharM.o(.text.GUIMONO_GetFontInfo) referenced from F6x8.o(.rodata.GUI_Font6x8)
 <LI><a href="#[11b]">GUIMONO_IsInFont</a> from GUI_CharM.o(.text.GUIMONO_IsInFont) referenced from F6x8.o(.rodata.GUI_Font6x8)
 <LI><a href="#[f9]">GUIPROP_AA4_EXT_DispChar</a> from GUIAA_Char4Ext.o(.text.GUIPROP_AA4_EXT_DispChar) referenced 2 times from motion_smartphonemenu.o(.constdata)
 <LI><a href="#[114]">GUIPROP_DispChar</a> from GUI_CharP.o(.text.GUIPROP_DispChar) referenced from F13_1.o(.rodata.GUI_Font13_1)
 <LI><a href="#[114]">GUIPROP_DispChar</a> from GUI_CharP.o(.text.GUIPROP_DispChar) referenced from F8x16_ASCII.o(.rodata.GUI_Font8x16_ASCII)
 <LI><a href="#[fa]">GUIPROP_EXT_GetCharDistX</a> from GUI_CharPExt.o(.text.GUIPROP_EXT_GetCharDistX) referenced 2 times from motion_smartphonemenu.o(.constdata)
 <LI><a href="#[fd]">GUIPROP_EXT_GetCharInfo</a> from GUI_CharPExt.o(.text.GUIPROP_EXT_GetCharInfo) referenced 2 times from motion_smartphonemenu.o(.constdata)
 <LI><a href="#[fb]">GUIPROP_EXT_GetFontInfo</a> from GUI_CharPExt.o(.text.GUIPROP_EXT_GetFontInfo) referenced 2 times from motion_smartphonemenu.o(.constdata)
 <LI><a href="#[fc]">GUIPROP_EXT_IsInFont</a> from GUI_CharPExt.o(.text.GUIPROP_EXT_IsInFont) referenced 2 times from motion_smartphonemenu.o(.constdata)
 <LI><a href="#[c]">GUIPROP_EXT__ClearLine</a> from GUI_EncExt.o(.text.GUIPROP_EXT__ClearLine) referenced 2 times from GUI_EncExt.o(.data._fpClearLine)
 <LI><a href="#[113]">GUIPROP_EXT__DispLine</a> from GUI_EncExt.o(.text.GUIPROP_EXT__DispLine) referenced from GUI_EncExt.o(.rodata.GUI_ENC_APIList_EXT)
 <LI><a href="#[115]">GUIPROP_GetCharDistX</a> from GUI_CharP.o(.text.GUIPROP_GetCharDistX) referenced from F13_1.o(.rodata.GUI_Font13_1)
 <LI><a href="#[115]">GUIPROP_GetCharDistX</a> from GUI_CharP.o(.text.GUIPROP_GetCharDistX) referenced from F8x16_ASCII.o(.rodata.GUI_Font8x16_ASCII)
 <LI><a href="#[116]">GUIPROP_GetFontInfo</a> from GUI_CharP.o(.text.GUIPROP_GetFontInfo) referenced from F13_1.o(.rodata.GUI_Font13_1)
 <LI><a href="#[116]">GUIPROP_GetFontInfo</a> from GUI_CharP.o(.text.GUIPROP_GetFontInfo) referenced from F8x16_ASCII.o(.rodata.GUI_Font8x16_ASCII)
 <LI><a href="#[117]">GUIPROP_IsInFont</a> from GUI_CharP.o(.text.GUIPROP_IsInFont) referenced from F13_1.o(.rodata.GUI_Font13_1)
 <LI><a href="#[117]">GUIPROP_IsInFont</a> from GUI_CharP.o(.text.GUIPROP_IsInFont) referenced from F8x16_ASCII.o(.rodata.GUI_Font8x16_ASCII)
 <LI><a href="#[ff]">GUI_USAGE_BM_AddHLine</a> from GUIDEV_UsageBM.o(.text.GUI_USAGE_BM_AddHLine) referenced from GUIDEV_UsageBM.o(.rodata.API)
 <LI><a href="#[fe]">GUI_USAGE_BM_AddPixel</a> from GUIDEV_UsageBM.o(.text.GUI_USAGE_BM_AddPixel) referenced from GUIDEV_UsageBM.o(.rodata.API)
 <LI><a href="#[100]">GUI_USAGE_BM_Clear</a> from GUIDEV_UsageBM.o(.text.GUI_USAGE_BM_Clear) referenced from GUIDEV_UsageBM.o(.rodata.API)
 <LI><a href="#[102]">GUI_USAGE_BM_GetNextDirty</a> from GUIDEV_UsageBM.o(.text.GUI_USAGE_BM_GetNextDirty) referenced from GUIDEV_UsageBM.o(.rodata.API)
 <LI><a href="#[6]">GUI__MixColors</a> from GUI__Alpha.o(.text.GUI__MixColors) referenced 2 times from GUI__Alpha.o(.data.GUI__pfMixColors)
 <LI><a href="#[3]">GUI__NOBIDI_Log2VisBuffered</a> from GUI_CharLine.o(.text.GUI__NOBIDI_Log2VisBuffered) referenced 2 times from GUI_CharLine.o(.data.GUI_CharLine_pfLog2Vis)
 <LI><a href="#[12]">HardFault_Handler</a> from startup_mimxrt1052.o(.text) referenced from startup_mimxrt1052.o(RESET)
 <LI><a href="#[f0]">I2C_Master_Callback</a> from bsp_i2c_touch.o(i.I2C_Master_Callback) referenced from bsp_i2c_touch.o(i.GTP_I2C_ModeInit)
 <LI><a href="#[41]">KPP_IRQHandler</a> from startup_mimxrt1052.o(.text) referenced from startup_mimxrt1052.o(RESET)
 <LI><a href="#[44]">LCDIF_IRQHandler</a> from emwin_support.o(i.LCDIF_IRQHandler) referenced from startup_mimxrt1052.o(RESET)
 <LI><a href="#[b]">LCD_AA_MixColors16</a> from LCD_AA.o(.text.LCD_AA_MixColors16) referenced 2 times from LCD_AA.o(.data.LCD_AA_pfMixColors16)
 <LI><a href="#[14d]">LCD_DrawHLine</a> from LCD.o(.text.LCD_DrawHLine) referenced from GUI_Core.o(.rodata._HL_APIList)
 <LI><a href="#[14e]">LCD_DrawPixel</a> from LCD.o(.text.LCD_DrawPixel) referenced from GUI_Core.o(.rodata._HL_APIList)
 <LI><a href="#[a]">LCD_GetpPalConvTableBM</a> from LCD_Color.o(.text.LCD_GetpPalConvTableBM) referenced 2 times from GUI_Core.o(.data.GUI_pfGetpPalConvTable)
 <LI><a href="#[13c]">LCD_Index2Color_8888</a> from GUICC_8888_Index2Color.o(.text.LCD_Index2Color_8888) referenced from GUICC_8888.o(.rodata.LCD_API_ColorConv_8888)
 <LI><a href="#[141]">LCD_Index2Color_M565</a> from GUICC_M565.o(.text.LCD_Index2Color_M565) referenced from GUICC_M565.o(.rodata.LCD_API_ColorConv_M565)
 <LI><a href="#[110]">LCD_Index2Color_M8888I</a> from GUICC_M8888I_Index2Color.o(.text.LCD_Index2Color_M8888I) referenced from GUI_DrawBitmap_8888.o(.rodata.GUI_BitmapMethodsM8888I)
 <LI><a href="#[110]">LCD_Index2Color_M8888I</a> from GUICC_M8888I_Index2Color.o(.text.LCD_Index2Color_M8888I) referenced from GUICC_M8888I.o(.rodata.LCD_API_ColorConv_M8888I)
 <LI><a href="#[d7]">LPI2C1_DriverIRQHandler</a> from fsl_lpi2c.o(i.LPI2C1_DriverIRQHandler) referenced from startup_mimxrt1052.o(.text)
 <LI><a href="#[36]">LPI2C1_IRQHandler</a> from startup_mimxrt1052.o(.text) referenced from startup_mimxrt1052.o(RESET)
 <LI><a href="#[d8]">LPI2C2_DriverIRQHandler</a> from fsl_lpi2c.o(i.LPI2C2_DriverIRQHandler) referenced from startup_mimxrt1052.o(.text)
 <LI><a href="#[37]">LPI2C2_IRQHandler</a> from startup_mimxrt1052.o(.text) referenced from startup_mimxrt1052.o(RESET)
 <LI><a href="#[d9]">LPI2C3_DriverIRQHandler</a> from fsl_lpi2c.o(i.LPI2C3_DriverIRQHandler) referenced from startup_mimxrt1052.o(.text)
 <LI><a href="#[38]">LPI2C3_IRQHandler</a> from startup_mimxrt1052.o(.text) referenced from startup_mimxrt1052.o(RESET)
 <LI><a href="#[da]">LPI2C4_DriverIRQHandler</a> from startup_mimxrt1052.o(.text) referenced from startup_mimxrt1052.o(.text)
 <LI><a href="#[39]">LPI2C4_IRQHandler</a> from startup_mimxrt1052.o(.text) referenced from startup_mimxrt1052.o(RESET)
 <LI><a href="#[f1]">LPI2C_MasterTransferHandleIRQ</a> from fsl_lpi2c.o(i.LPI2C_MasterTransferHandleIRQ) referenced from fsl_lpi2c.o(i.LPI2C_MasterTransferCreateHandle)
 <LI><a href="#[db]">LPSPI1_DriverIRQHandler</a> from startup_mimxrt1052.o(.text) referenced from startup_mimxrt1052.o(.text)
 <LI><a href="#[3a]">LPSPI1_IRQHandler</a> from startup_mimxrt1052.o(.text) referenced from startup_mimxrt1052.o(RESET)
 <LI><a href="#[dc]">LPSPI2_DriverIRQHandler</a> from startup_mimxrt1052.o(.text) referenced from startup_mimxrt1052.o(.text)
 <LI><a href="#[3b]">LPSPI2_IRQHandler</a> from startup_mimxrt1052.o(.text) referenced from startup_mimxrt1052.o(RESET)
 <LI><a href="#[dd]">LPSPI3_DriverIRQHandler</a> from startup_mimxrt1052.o(.text) referenced from startup_mimxrt1052.o(.text)
 <LI><a href="#[3c]">LPSPI3_IRQHandler</a> from startup_mimxrt1052.o(.text) referenced from startup_mimxrt1052.o(RESET)
 <LI><a href="#[de]">LPSPI4_DriverIRQHandler</a> from startup_mimxrt1052.o(.text) referenced from startup_mimxrt1052.o(.text)
 <LI><a href="#[3d]">LPSPI4_IRQHandler</a> from startup_mimxrt1052.o(.text) referenced from startup_mimxrt1052.o(RESET)
 <LI><a href="#[cf]">LPUART1_DriverIRQHandler</a> from fsl_lpuart.o(i.LPUART1_DriverIRQHandler) referenced from startup_mimxrt1052.o(.text)
 <LI><a href="#[2e]">LPUART1_IRQHandler</a> from startup_mimxrt1052.o(.text) referenced from startup_mimxrt1052.o(RESET)
 <LI><a href="#[d0]">LPUART2_DriverIRQHandler</a> from fsl_lpuart.o(i.LPUART2_DriverIRQHandler) referenced from startup_mimxrt1052.o(.text)
 <LI><a href="#[2f]">LPUART2_IRQHandler</a> from startup_mimxrt1052.o(.text) referenced from startup_mimxrt1052.o(RESET)
 <LI><a href="#[d1]">LPUART3_DriverIRQHandler</a> from fsl_lpuart.o(i.LPUART3_DriverIRQHandler) referenced from startup_mimxrt1052.o(.text)
 <LI><a href="#[30]">LPUART3_IRQHandler</a> from startup_mimxrt1052.o(.text) referenced from startup_mimxrt1052.o(RESET)
 <LI><a href="#[d2]">LPUART4_DriverIRQHandler</a> from fsl_lpuart.o(i.LPUART4_DriverIRQHandler) referenced from startup_mimxrt1052.o(.text)
 <LI><a href="#[31]">LPUART4_IRQHandler</a> from startup_mimxrt1052.o(.text) referenced from startup_mimxrt1052.o(RESET)
 <LI><a href="#[d3]">LPUART5_DriverIRQHandler</a> from fsl_lpuart.o(i.LPUART5_DriverIRQHandler) referenced from startup_mimxrt1052.o(.text)
 <LI><a href="#[32]">LPUART5_IRQHandler</a> from startup_mimxrt1052.o(.text) referenced from startup_mimxrt1052.o(RESET)
 <LI><a href="#[d4]">LPUART6_DriverIRQHandler</a> from fsl_lpuart.o(i.LPUART6_DriverIRQHandler) referenced from startup_mimxrt1052.o(.text)
 <LI><a href="#[33]">LPUART6_IRQHandler</a> from startup_mimxrt1052.o(.text) referenced from startup_mimxrt1052.o(RESET)
 <LI><a href="#[d5]">LPUART7_DriverIRQHandler</a> from fsl_lpuart.o(i.LPUART7_DriverIRQHandler) referenced from startup_mimxrt1052.o(.text)
 <LI><a href="#[34]">LPUART7_IRQHandler</a> from startup_mimxrt1052.o(.text) referenced from startup_mimxrt1052.o(RESET)
 <LI><a href="#[d6]">LPUART8_DriverIRQHandler</a> from fsl_lpuart.o(i.LPUART8_DriverIRQHandler) referenced from startup_mimxrt1052.o(.text)
 <LI><a href="#[35]">LPUART8_IRQHandler</a> from startup_mimxrt1052.o(.text) referenced from startup_mimxrt1052.o(RESET)
 <LI><a href="#[13]">MemManage_Handler</a> from startup_mimxrt1052.o(.text) referenced from startup_mimxrt1052.o(RESET)
 <LI><a href="#[11]">NMI_Handler</a> from startup_mimxrt1052.o(.text) referenced from startup_mimxrt1052.o(RESET)
 <LI><a href="#[b9]">NMI_WAKEUP_IRQHandler</a> from startup_mimxrt1052.o(.text) referenced from startup_mimxrt1052.o(RESET)
 <LI><a href="#[94]">PIT_IRQHandler</a> from startup_mimxrt1052.o(.text) referenced from startup_mimxrt1052.o(RESET)
 <LI><a href="#[80]">PWM1_0_IRQHandler</a> from startup_mimxrt1052.o(.text) referenced from startup_mimxrt1052.o(RESET)
 <LI><a href="#[81]">PWM1_1_IRQHandler</a> from startup_mimxrt1052.o(.text) referenced from startup_mimxrt1052.o(RESET)
 <LI><a href="#[82]">PWM1_2_IRQHandler</a> from startup_mimxrt1052.o(.text) referenced from startup_mimxrt1052.o(RESET)
 <LI><a href="#[83]">PWM1_3_IRQHandler</a> from startup_mimxrt1052.o(.text) referenced from startup_mimxrt1052.o(RESET)
 <LI><a href="#[84]">PWM1_FAULT_IRQHandler</a> from startup_mimxrt1052.o(.text) referenced from startup_mimxrt1052.o(RESET)
 <LI><a href="#[a3]">PWM2_0_IRQHandler</a> from startup_mimxrt1052.o(.text) referenced from startup_mimxrt1052.o(RESET)
 <LI><a href="#[a4]">PWM2_1_IRQHandler</a> from startup_mimxrt1052.o(.text) referenced from startup_mimxrt1052.o(RESET)
 <LI><a href="#[a5]">PWM2_2_IRQHandler</a> from startup_mimxrt1052.o(.text) referenced from startup_mimxrt1052.o(RESET)
 <LI><a href="#[a6]">PWM2_3_IRQHandler</a> from startup_mimxrt1052.o(.text) referenced from startup_mimxrt1052.o(RESET)
 <LI><a href="#[a7]">PWM2_FAULT_IRQHandler</a> from startup_mimxrt1052.o(.text) referenced from startup_mimxrt1052.o(RESET)
 <LI><a href="#[a8]">PWM3_0_IRQHandler</a> from startup_mimxrt1052.o(.text) referenced from startup_mimxrt1052.o(RESET)
 <LI><a href="#[a9]">PWM3_1_IRQHandler</a> from startup_mimxrt1052.o(.text) referenced from startup_mimxrt1052.o(RESET)
 <LI><a href="#[aa]">PWM3_2_IRQHandler</a> from startup_mimxrt1052.o(.text) referenced from startup_mimxrt1052.o(RESET)
 <LI><a href="#[ab]">PWM3_3_IRQHandler</a> from startup_mimxrt1052.o(.text) referenced from startup_mimxrt1052.o(RESET)
 <LI><a href="#[ac]">PWM3_FAULT_IRQHandler</a> from startup_mimxrt1052.o(.text) referenced from startup_mimxrt1052.o(RESET)
 <LI><a href="#[ad]">PWM4_0_IRQHandler</a> from startup_mimxrt1052.o(.text) referenced from startup_mimxrt1052.o(RESET)
 <LI><a href="#[ae]">PWM4_1_IRQHandler</a> from startup_mimxrt1052.o(.text) referenced from startup_mimxrt1052.o(RESET)
 <LI><a href="#[af]">PWM4_2_IRQHandler</a> from startup_mimxrt1052.o(.text) referenced from startup_mimxrt1052.o(RESET)
 <LI><a href="#[b0]">PWM4_3_IRQHandler</a> from startup_mimxrt1052.o(.text) referenced from startup_mimxrt1052.o(RESET)
 <LI><a href="#[b1]">PWM4_FAULT_IRQHandler</a> from startup_mimxrt1052.o(.text) referenced from startup_mimxrt1052.o(RESET)
 <LI><a href="#[46]">PXP_IRQHandler</a> from startup_mimxrt1052.o(.text) referenced from startup_mimxrt1052.o(RESET)
 <LI><a href="#[18]">PendSV_Handler</a> from port.o(.emb_text) referenced from startup_mimxrt1052.o(RESET)
 <LI><a href="#[77]">RTWDOG_IRQHandler</a> from startup_mimxrt1052.o(.text) referenced from startup_mimxrt1052.o(RESET)
 <LI><a href="#[7d]">Reserved115_IRQHandler</a> from startup_mimxrt1052.o(.text) referenced from startup_mimxrt1052.o(RESET)
 <LI><a href="#[85]">Reserved123_IRQHandler</a> from startup_mimxrt1052.o(.text) referenced from startup_mimxrt1052.o(RESET)
 <LI><a href="#[99]">Reserved143_IRQHandler</a> from startup_mimxrt1052.o(.text) referenced from startup_mimxrt1052.o(RESET)
 <LI><a href="#[9a]">Reserved144_IRQHandler</a> from startup_mimxrt1052.o(.text) referenced from startup_mimxrt1052.o(RESET)
 <LI><a href="#[b2]">Reserved168_IRQHandler</a> from startup_mimxrt1052.o(.text) referenced from startup_mimxrt1052.o(RESET)
 <LI><a href="#[b3]">Reserved169_IRQHandler</a> from startup_mimxrt1052.o(.text) referenced from startup_mimxrt1052.o(RESET)
 <LI><a href="#[b4]">Reserved170_IRQHandler</a> from startup_mimxrt1052.o(.text) referenced from startup_mimxrt1052.o(RESET)
 <LI><a href="#[b5]">Reserved171_IRQHandler</a> from startup_mimxrt1052.o(.text) referenced from startup_mimxrt1052.o(RESET)
 <LI><a href="#[b6]">Reserved172_IRQHandler</a> from startup_mimxrt1052.o(.text) referenced from startup_mimxrt1052.o(RESET)
 <LI><a href="#[b7]">Reserved173_IRQHandler</a> from startup_mimxrt1052.o(.text) referenced from startup_mimxrt1052.o(RESET)
 <LI><a href="#[4e]">Reserved68_IRQHandler</a> from startup_mimxrt1052.o(.text) referenced from startup_mimxrt1052.o(RESET)
 <LI><a href="#[60]">Reserved86_IRQHandler</a> from startup_mimxrt1052.o(.text) referenced from startup_mimxrt1052.o(RESET)
 <LI><a href="#[61]">Reserved87_IRQHandler</a> from startup_mimxrt1052.o(.text) referenced from startup_mimxrt1052.o(RESET)
 <LI><a href="#[10]">Reset_Handler</a> from startup_mimxrt1052.o(.text) referenced from startup_mimxrt1052.o(RESET)
 <LI><a href="#[e1]">SAI1_DriverIRQHandler</a> from startup_mimxrt1052.o(.text) referenced from startup_mimxrt1052.o(.text)
 <LI><a href="#[52]">SAI1_IRQHandler</a> from startup_mimxrt1052.o(.text) referenced from startup_mimxrt1052.o(RESET)
 <LI><a href="#[e2]">SAI2_DriverIRQHandler</a> from startup_mimxrt1052.o(.text) referenced from startup_mimxrt1052.o(.text)
 <LI><a href="#[53]">SAI2_IRQHandler</a> from startup_mimxrt1052.o(.text) referenced from startup_mimxrt1052.o(RESET)
 <LI><a href="#[e3]">SAI3_RX_DriverIRQHandler</a> from startup_mimxrt1052.o(.text) referenced from startup_mimxrt1052.o(.text)
 <LI><a href="#[54]">SAI3_RX_IRQHandler</a> from startup_mimxrt1052.o(.text) referenced from startup_mimxrt1052.o(RESET)
 <LI><a href="#[e4]">SAI3_TX_DriverIRQHandler</a> from startup_mimxrt1052.o(.text) referenced from startup_mimxrt1052.o(.text)
 <LI><a href="#[55]">SAI3_TX_IRQHandler</a> from startup_mimxrt1052.o(.text) referenced from startup_mimxrt1052.o(RESET)
 <LI><a href="#[87]">SEMC_IRQHandler</a> from startup_mimxrt1052.o(.text) referenced from startup_mimxrt1052.o(RESET)
 <LI><a href="#[b8]">SJC_ARM_DEBUG_IRQHandler</a> from startup_mimxrt1052.o(.text) referenced from startup_mimxrt1052.o(RESET)
 <LI><a href="#[50]">SJC_IRQHandler</a> from startup_mimxrt1052.o(.text) referenced from startup_mimxrt1052.o(RESET)
 <LI><a href="#[48]">SNVS_HP_WRAPPER_IRQHandler</a> from startup_mimxrt1052.o(.text) referenced from startup_mimxrt1052.o(RESET)
 <LI><a href="#[49]">SNVS_HP_WRAPPER_TZ_IRQHandler</a> from startup_mimxrt1052.o(.text) referenced from startup_mimxrt1052.o(RESET)
 <LI><a href="#[4a]">SNVS_LP_WRAPPER_IRQHandler</a> from startup_mimxrt1052.o(.text) referenced from startup_mimxrt1052.o(RESET)
 <LI><a href="#[e5]">SPDIF_DriverIRQHandler</a> from startup_mimxrt1052.o(.text) referenced from startup_mimxrt1052.o(.text)
 <LI><a href="#[56]">SPDIF_IRQHandler</a> from startup_mimxrt1052.o(.text) referenced from startup_mimxrt1052.o(RESET)
 <LI><a href="#[7c]">SRC_IRQHandler</a> from startup_mimxrt1052.o(.text) referenced from startup_mimxrt1052.o(RESET)
 <LI><a href="#[16]">SVC_Handler</a> from port.o(.emb_text) referenced from startup_mimxrt1052.o(RESET)
 <LI><a href="#[19]">SysTick_Handler</a> from bsp_systick.o(i.SysTick_Handler) referenced from startup_mimxrt1052.o(RESET)
 <LI><a href="#[bc]">SystemInit</a> from system_mimxrt1052.o(i.SystemInit) referenced from startup_mimxrt1052.o(.text)
 <LI><a href="#[9f]">TMR1_IRQHandler</a> from startup_mimxrt1052.o(.text) referenced from startup_mimxrt1052.o(RESET)
 <LI><a href="#[a0]">TMR2_IRQHandler</a> from startup_mimxrt1052.o(.text) referenced from startup_mimxrt1052.o(RESET)
 <LI><a href="#[a1]">TMR3_IRQHandler</a> from startup_mimxrt1052.o(.text) referenced from startup_mimxrt1052.o(RESET)
 <LI><a href="#[a2]">TMR4_IRQHandler</a> from startup_mimxrt1052.o(.text) referenced from startup_mimxrt1052.o(RESET)
 <LI><a href="#[4f]">TRNG_IRQHandler</a> from startup_mimxrt1052.o(.text) referenced from startup_mimxrt1052.o(RESET)
 <LI><a href="#[42]">TSC_DIG_IRQHandler</a> from startup_mimxrt1052.o(.text) referenced from startup_mimxrt1052.o(RESET)
 <LI><a href="#[8b]">USB_OTG1_IRQHandler</a> from startup_mimxrt1052.o(.text) referenced from startup_mimxrt1052.o(RESET)
 <LI><a href="#[8a]">USB_OTG2_IRQHandler</a> from startup_mimxrt1052.o(.text) referenced from startup_mimxrt1052.o(RESET)
 <LI><a href="#[5b]">USB_PHY1_IRQHandler</a> from startup_mimxrt1052.o(.text) referenced from startup_mimxrt1052.o(RESET)
 <LI><a href="#[5c]">USB_PHY2_IRQHandler</a> from startup_mimxrt1052.o(.text) referenced from startup_mimxrt1052.o(RESET)
 <LI><a href="#[e9]">USDHC1_DriverIRQHandler</a> from startup_mimxrt1052.o(.text) referenced from startup_mimxrt1052.o(.text)
 <LI><a href="#[88]">USDHC1_IRQHandler</a> from startup_mimxrt1052.o(.text) referenced from startup_mimxrt1052.o(RESET)
 <LI><a href="#[ea]">USDHC2_DriverIRQHandler</a> from startup_mimxrt1052.o(.text) referenced from startup_mimxrt1052.o(.text)
 <LI><a href="#[89]">USDHC2_IRQHandler</a> from startup_mimxrt1052.o(.text) referenced from startup_mimxrt1052.o(RESET)
 <LI><a href="#[15]">UsageFault_Handler</a> from startup_mimxrt1052.o(.text) referenced from startup_mimxrt1052.o(RESET)
 <LI><a href="#[76]">WDOG1_IRQHandler</a> from startup_mimxrt1052.o(.text) referenced from startup_mimxrt1052.o(RESET)
 <LI><a href="#[47]">WDOG2_IRQHandler</a> from startup_mimxrt1052.o(.text) referenced from startup_mimxrt1052.o(RESET)
 <LI><a href="#[8e]">XBAR1_IRQ_0_1_IRQHandler</a> from startup_mimxrt1052.o(.text) referenced from startup_mimxrt1052.o(RESET)
 <LI><a href="#[8f]">XBAR1_IRQ_2_3_IRQHandler</a> from startup_mimxrt1052.o(.text) referenced from startup_mimxrt1052.o(RESET)
 <LI><a href="#[f6]">_ButtonSkin</a> from motion_smartphonemenu.o(i._ButtonSkin) referenced from motion_smartphonemenu.o(i._cbMenu)
 <LI><a href="#[136]">_CalcSizeOfChar</a> from GUI_UC_EncodeNone.o(.text._CalcSizeOfChar) referenced from GUI_UC_EncodeNone.o(.rodata.GUI_UC_None)
 <LI><a href="#[111]">_CallDrawBitmapHW</a> from GUI_DrawBitmap_8888.o(.text._CallDrawBitmapHW) referenced from GUI_DrawBitmap_8888.o(.rodata.GUI_BitmapMethodsM8888I)
 <LI><a href="#[13e]">_Color2IndexBulk</a> from GUICC_8888.o(.text._Color2IndexBulk) referenced from GUICC_8888.o(.rodata.LCD_API_ColorConv_8888)
 <LI><a href="#[143]">_Color2IndexBulk</a> from GUICC_M565.o(.text._Color2IndexBulk) referenced from GUICC_M565.o(.rodata.LCD_API_ColorConv_M565)
 <LI><a href="#[147]">_Color2IndexBulk_M8888I</a> from GUICC_M8888I.o(.text._Color2IndexBulk_M8888I) referenced from GUICC_M8888I.o(.rodata.LCD_API_ColorConv_M8888I)
 <LI><a href="#[138]">_Color2Index_0</a> from GUICC_0.o(.text._Color2Index_0) referenced from GUICC_0.o(.rodata.LCD_API_ColorConv_0)
 <LI><a href="#[13b]">_Color2Index_8888</a> from GUICC_8888.o(.text._Color2Index_8888) referenced from GUICC_8888.o(.rodata.LCD_API_ColorConv_8888)
 <LI><a href="#[140]">_Color2Index_M565</a> from GUICC_M565.o(.text._Color2Index_M565) referenced from GUICC_M565.o(.rodata.LCD_API_ColorConv_M565)
 <LI><a href="#[145]">_Color2Index_M8888I</a> from GUICC_M8888I.o(.text._Color2Index_M8888I) referenced from GUICC_M8888I.o(.rodata.LCD_API_ColorConv_M8888I)
 <LI><a href="#[2]">_Create</a> from BUTTON_Skin.o(.text._Create) referenced 2 times from BUTTON_Skin.o(.data.BUTTON__Skin)
 <LI><a href="#[103]">_DrawBitmap</a> from GUIDRV_Lin_16.o(.text._DrawBitmap) referenced from GUIDRV_Lin_16.o(.rodata.GUIDRV_Lin_16_API)
 <LI><a href="#[11c]">_DrawBitmap</a> from GUIDEV_16.o(.text._DrawBitmap) referenced from GUIDEV_16.o(.rodata.GUI_MEMDEV_DEVICE_16)
 <LI><a href="#[128]">_DrawBitmap</a> from GUIDEV_32.o(.text._DrawBitmap) referenced from GUIDEV_32.o(.rodata.GUI_MEMDEV_DEVICE_32)
 <LI><a href="#[10f]">_DrawBitmap_M8888I</a> from GUI_DrawBitmap_8888.o(.text._DrawBitmap_M8888I) referenced from GUI_DrawBitmap_8888.o(.rodata.GUI_BitmapMethodsM8888I)
 <LI><a href="#[112]">_DrawBitmap_RLEAlpha</a> from LCD_RLEAlpha.o(.text._DrawBitmap_RLEAlpha) referenced from LCD_RLEAlpha.o(.rodata.GUI_BitmapMethodsRLEAlpha)
 <LI><a href="#[d]">_DrawCharAA4_Trans</a> from GUIAA_Char4.o(.text._DrawCharAA4_Trans) referenced 2 times from GUIAA_Char4.o(.data._pfDrawCharAA4_Trans)
 <LI><a href="#[14b]">_DrawDown</a> from WIDGET_Effect_Simple.o(.text._DrawDown) referenced from WIDGET_Effect_Simple.o(.rodata.WIDGET_Effect_Simple)
 <LI><a href="#[14c]">_DrawDownRect</a> from WIDGET_Effect_Simple.o(.text._DrawDownRect) referenced from WIDGET_Effect_Simple.o(.rodata.WIDGET_Effect_Simple)
 <LI><a href="#[104]">_DrawHLine</a> from GUIDRV_Lin_16.o(.text._DrawHLine) referenced from GUIDRV_Lin_16.o(.rodata.GUIDRV_Lin_16_API)
 <LI><a href="#[11d]">_DrawHLine</a> from GUIDEV_16.o(.text._DrawHLine) referenced from GUIDEV_16.o(.rodata.GUI_MEMDEV_DEVICE_16)
 <LI><a href="#[129]">_DrawHLine</a> from GUIDEV_32.o(.text._DrawHLine) referenced from GUIDEV_32.o(.rodata.GUI_MEMDEV_DEVICE_32)
 <LI><a href="#[152]">_DrawNonExistingCharacter_Dummy</a> from GUI_Char.o(.text._DrawNonExistingCharacter_Dummy) referenced from GUI_Char.o(.rodata._NonExistingCharacter_Dummy)
 <LI><a href="#[149]">_DrawUp</a> from WIDGET_Effect_Simple.o(.text._DrawUp) referenced from WIDGET_Effect_Simple.o(.rodata.WIDGET_Effect_Simple)
 <LI><a href="#[14a]">_DrawUpRect</a> from WIDGET_Effect_Simple.o(.text._DrawUpRect) referenced from WIDGET_Effect_Simple.o(.rodata.WIDGET_Effect_Simple)
 <LI><a href="#[105]">_DrawVLine</a> from GUIDRV_Lin_16.o(.text._DrawVLine) referenced from GUIDRV_Lin_16.o(.rodata.GUIDRV_Lin_16_API)
 <LI><a href="#[11e]">_DrawVLine</a> from GUIDEV_16.o(.text._DrawVLine) referenced from GUIDEV_16.o(.rodata.GUI_MEMDEV_DEVICE_16)
 <LI><a href="#[12a]">_DrawVLine</a> from GUIDEV_32.o(.text._DrawVLine) referenced from GUIDEV_32.o(.rodata.GUI_MEMDEV_DEVICE_32)
 <LI><a href="#[137]">_Encode</a> from GUI_UC_EncodeNone.o(.text._Encode) referenced from GUI_UC_EncodeNone.o(.rodata.GUI_UC_None)
 <LI><a href="#[106]">_FillRect</a> from GUIDRV_Lin_16.o(.text._FillRect) referenced from GUIDRV_Lin_16.o(.rodata.GUIDRV_Lin_16_API)
 <LI><a href="#[11f]">_FillRect</a> from GUIDEV_16.o(.text._FillRect) referenced from GUIDEV_16.o(.rodata.GUI_MEMDEV_DEVICE_16)
 <LI><a href="#[12b]">_FillRect</a> from GUIDEV_32.o(.text._FillRect) referenced from GUIDEV_32.o(.rodata.GUI_MEMDEV_DEVICE_32)
 <LI><a href="#[101]">_GUI_USAGE_BM_Delete</a> from GUIDEV_UsageBM.o(.text._GUI_USAGE_BM_Delete) referenced from GUIDEV_UsageBM.o(.rodata.API)
 <LI><a href="#[134]">_GetCharCode</a> from GUI_UC_EncodeNone.o(.text._GetCharCode) referenced from GUI_UC_EncodeNone.o(.rodata.GUI_UC_None)
 <LI><a href="#[135]">_GetCharSize</a> from GUI_UC_EncodeNone.o(.text._GetCharSize) referenced from GUI_UC_EncodeNone.o(.rodata.GUI_UC_None)
 <LI><a href="#[10d]">_GetDevData</a> from GUIDRV_Lin_16.o(.text._GetDevData) referenced from GUIDRV_Lin_16.o(.rodata.GUIDRV_Lin_16_API)
 <LI><a href="#[126]">_GetDevData</a> from GUIDEV_16.o(.text._GetDevData) referenced from GUIDEV_16.o(.rodata.GUI_MEMDEV_DEVICE_16)
 <LI><a href="#[132]">_GetDevData</a> from GUIDEV_32.o(.text._GetDevData) referenced from GUIDEV_32.o(.rodata.GUI_MEMDEV_DEVICE_32)
 <LI><a href="#[10b]">_GetDevFunc</a> from GUIDRV_Lin_16.o(.text._GetDevFunc) referenced from GUIDRV_Lin_16.o(.rodata.GUIDRV_Lin_16_API)
 <LI><a href="#[124]">_GetDevFunc</a> from GUIDEV_16.o(.text._GetDevFunc) referenced from GUIDEV_16.o(.rodata.GUI_MEMDEV_DEVICE_16)
 <LI><a href="#[130]">_GetDevFunc</a> from GUIDEV_32.o(.text._GetDevFunc) referenced from GUIDEV_32.o(.rodata.GUI_MEMDEV_DEVICE_32)
 <LI><a href="#[10c]">_GetDevProp</a> from GUIDRV_Lin_16.o(.text._GetDevProp) referenced from GUIDRV_Lin_16.o(.rodata.GUIDRV_Lin_16_API)
 <LI><a href="#[125]">_GetDevProp</a> from GUIDEV_16.o(.text._GetDevProp) referenced from GUIDEV_16.o(.rodata.GUI_MEMDEV_DEVICE_16)
 <LI><a href="#[131]">_GetDevProp</a> from GUIDEV_32.o(.text._GetDevProp) referenced from GUIDEV_32.o(.rodata.GUI_MEMDEV_DEVICE_32)
 <LI><a href="#[13a]">_GetIndexMask_0</a> from GUICC_0.o(.text._GetIndexMask_0) referenced from GUICC_0.o(.rodata.LCD_API_ColorConv_0)
 <LI><a href="#[13d]">_GetIndexMask_8888</a> from GUICC_8888.o(.text._GetIndexMask_8888) referenced from GUICC_8888.o(.rodata.LCD_API_ColorConv_8888)
 <LI><a href="#[142]">_GetIndexMask_M565</a> from GUICC_M565.o(.text._GetIndexMask_M565) referenced from GUICC_M565.o(.rodata.LCD_API_ColorConv_M565)
 <LI><a href="#[146]">_GetIndexMask_M8888I</a> from GUICC_M8888I.o(.text._GetIndexMask_M8888I) referenced from GUICC_M8888I.o(.rodata.LCD_API_ColorConv_M8888I)
 <LI><a href="#[151]">_GetNonExistingCharWidth_Dummy</a> from GUI_Char.o(.text._GetNonExistingCharWidth_Dummy) referenced from GUI_Char.o(.rodata._NonExistingCharacter_Dummy)
 <LI><a href="#[107]">_GetPixelIndex</a> from GUIDRV_Lin_16.o(.text._GetPixelIndex) referenced from GUIDRV_Lin_16.o(.rodata.GUIDRV_Lin_16_API)
 <LI><a href="#[120]">_GetPixelIndex</a> from GUIDEV_16.o(.text._GetPixelIndex) referenced from GUIDEV_16.o(.rodata.GUI_MEMDEV_DEVICE_16)
 <LI><a href="#[12c]">_GetPixelIndex</a> from GUIDEV_32.o(.text._GetPixelIndex) referenced from GUIDEV_32.o(.rodata.GUI_MEMDEV_DEVICE_32)
 <LI><a href="#[10e]">_GetRect</a> from GUIDRV_Lin_16.o(.text._GetRect) referenced from GUIDRV_Lin_16.o(.rodata.GUIDRV_Lin_16_API)
 <LI><a href="#[127]">_GetRect</a> from GUIDEV_16.o(.text._GetRect) referenced from GUIDEV_16.o(.rodata.GUI_MEMDEV_DEVICE_16)
 <LI><a href="#[133]">_GetRect</a> from GUIDEV_32.o(.text._GetRect) referenced from GUIDEV_32.o(.rodata.GUI_MEMDEV_DEVICE_32)
 <LI><a href="#[13f]">_Index2ColorBulk</a> from GUICC_8888.o(.text._Index2ColorBulk) referenced from GUICC_8888.o(.rodata.LCD_API_ColorConv_8888)
 <LI><a href="#[144]">_Index2ColorBulk</a> from GUICC_M565.o(.text._Index2ColorBulk) referenced from GUICC_M565.o(.rodata.LCD_API_ColorConv_M565)
 <LI><a href="#[148]">_Index2ColorBulk_M8888I</a> from GUICC_M8888I.o(.text._Index2ColorBulk_M8888I) referenced from GUICC_M8888I.o(.rodata.LCD_API_ColorConv_M8888I)
 <LI><a href="#[139]">_Index2Color_0</a> from GUICC_0.o(.text._Index2Color_0) referenced from GUICC_0.o(.rodata.LCD_API_ColorConv_0)
 <LI><a href="#[14f]">_MULTIBUF_Begin</a> from WM_MULTIBUF.o(.text._MULTIBUF_Begin) referenced from WM_MULTIBUF.o(.rodata._MULTIBUF_APIList)
 <LI><a href="#[150]">_MULTIBUF_End</a> from WM_MULTIBUF.o(.text._MULTIBUF_End) referenced from WM_MULTIBUF.o(.rodata._MULTIBUF_APIList)
 <LI><a href="#[e]">_OnTouchDefault</a> from BUTTON.o(.text._OnTouchDefault) referenced 2 times from BUTTON.o(.data._pfOnTouch)
 <LI><a href="#[1]">_Paint</a> from BUTTON_Skin.o(.text._Paint) referenced 2 times from BUTTON_Skin.o(.data.BUTTON__Skin)
 <LI><a href="#[154]">_SetBkColor</a> from LCD.o(.text._SetBkColor) referenced from LCD.o(.rodata._SetColorAPI)
 <LI><a href="#[153]">_SetColor</a> from LCD.o(.text._SetColor) referenced from LCD.o(.rodata._SetColorAPI)
 <LI><a href="#[155]">_SetDrawMode</a> from LCD.o(.text._SetDrawMode) referenced from LCD.o(.rodata._SetColorAPI)
 <LI><a href="#[10a]">_SetOrg</a> from GUIDRV_Lin_16.o(.text._SetOrg) referenced from GUIDRV_Lin_16.o(.rodata.GUIDRV_Lin_16_API)
 <LI><a href="#[123]">_SetOrg</a> from GUIDEV_16.o(.text._SetOrg) referenced from GUIDEV_16.o(.rodata.GUI_MEMDEV_DEVICE_16)
 <LI><a href="#[12f]">_SetOrg</a> from GUIDEV_32.o(.text._SetOrg) referenced from GUIDEV_32.o(.rodata.GUI_MEMDEV_DEVICE_32)
 <LI><a href="#[f]">_SetPixelAlpha</a> from GUI_DrawBitmap_8888.o(.text._SetPixelAlpha) referenced 2 times from GUI_DrawBitmap_8888.o(.data._pfSetPixelAlpha)
 <LI><a href="#[108]">_SetPixelIndex</a> from GUIDRV_Lin_16.o(.text._SetPixelIndex) referenced from GUIDRV_Lin_16.o(.rodata.GUIDRV_Lin_16_API)
 <LI><a href="#[121]">_SetPixelIndex</a> from GUIDEV_16.o(.text._SetPixelIndex) referenced from GUIDEV_16.o(.rodata.GUI_MEMDEV_DEVICE_16)
 <LI><a href="#[12d]">_SetPixelIndex</a> from GUIDEV_32.o(.text._SetPixelIndex) referenced from GUIDEV_32.o(.rodata.GUI_MEMDEV_DEVICE_32)
 <LI><a href="#[109]">_XorPixel</a> from GUIDRV_Lin_16.o(.text._XorPixel) referenced from GUIDRV_Lin_16.o(.rodata.GUIDRV_Lin_16_API)
 <LI><a href="#[122]">_XorPixel</a> from GUIDEV_16.o(.text._XorPixel) referenced from GUIDEV_16.o(.rodata.GUI_MEMDEV_DEVICE_16)
 <LI><a href="#[12e]">_XorPixel</a> from GUIDEV_32.o(.text._XorPixel) referenced from GUIDEV_32.o(.rodata.GUI_MEMDEV_DEVICE_32)
 <LI><a href="#[bd]">__main</a> from entry.o(.ARM.Collect$$$$00000000) referenced from startup_mimxrt1052.o(.text)
 <LI><a href="#[f2]">_cbDummy</a> from motion_smartphonemenu.o(i._cbDummy) referenced from motion_smartphonemenu.o(i.MainTask)
 <LI><a href="#[f3]">_cbHeading</a> from motion_smartphonemenu.o(i._cbHeading) referenced from motion_smartphonemenu.o(i.MainTask)
 <LI><a href="#[f4]">_cbMenu</a> from motion_smartphonemenu.o(i._cbMenu) referenced from motion_smartphonemenu.o(i.MainTask)
 <LI><a href="#[f5]">_cbSelected</a> from motion_smartphonemenu.o(i._cbSelected) referenced from motion_smartphonemenu.o(i._CreateSelected)
 <LI><a href="#[bb]">main</a> from main.o(i.main) referenced from entry9a.o(.ARM.Collect$$$$0000000B)
 <LI><a href="#[4]">memcpy</a> from memmove.o(.text) referenced 2 times from GUI__Private.o(.data.GUI__pfMemcpy)
 <LI><a href="#[5]">memset</a> from memseta.o(.text) referenced 2 times from GUI__Private.o(.data.GUI__pfMemset)
 <LI><a href="#[f8]">prvIdleTask</a> from tasks.o(i.prvIdleTask) referenced from tasks.o(i.vTaskStartScheduler)
 <LI><a href="#[f7]">prvTaskExitError</a> from port.o(i.prvTaskExitError) referenced from port.o(i.pxPortInitialiseStack)
 <LI><a href="#[7]">strcmp</a> from strcmp.o(.text) referenced 2 times from GUI__Private.o(.data.GUI__pfStrcmp)
 <LI><a href="#[8]">strcpy</a> from strcpy.o(.text) referenced 2 times from GUI__Private.o(.data.GUI__pfStrcpy)
 <LI><a href="#[9]">strlen</a> from strlen.o(.text) referenced 2 times from GUI__Private.o(.data.GUI__pfStrlen)
 <LI><a href="#[ed]">vTaskGUI</a> from main.o(i.vTaskGUI) referenced from main.o(i.AppTaskCreate)
 <LI><a href="#[ee]">vTaskTouch</a> from main.o(i.vTaskTouch) referenced from main.o(i.AppTaskCreate)
</UL>
<P>
<H3>
Global Symbols
</H3>
<P><STRONG><a name="[bd]"></a>__main</STRONG> (Thumb, 0 bytes, Stack size unknown bytes, entry.o(.ARM.Collect$$$$00000000))
<BR>[Address Reference Count : 1]<UL><LI> startup_mimxrt1052.o(.text)
</UL>
<P><STRONG><a name="[3c1]"></a>_main_stk</STRONG> (Thumb, 0 bytes, Stack size unknown bytes, entry4.o(.ARM.Collect$$$$00000003))

<P><STRONG><a name="[3bb]"></a>_main_scatterload</STRONG> (Thumb, 0 bytes, Stack size unknown bytes, entry5.o(.ARM.Collect$$$$00000004))
<BR><BR>[Calls]<UL><LI><a href="#[3bc]">&gt;&gt;</a>&nbsp;&nbsp;&nbsp;__scatterload
</UL>

<P><STRONG><a name="[3bd]"></a>__main_after_scatterload</STRONG> (Thumb, 0 bytes, Stack size unknown bytes, entry5.o(.ARM.Collect$$$$00000004))
<BR><BR>[Called By]<UL><LI><a href="#[3bc]">&gt;&gt;</a>&nbsp;&nbsp;&nbsp;__scatterload
</UL>

<P><STRONG><a name="[3c2]"></a>_main_clock</STRONG> (Thumb, 0 bytes, Stack size unknown bytes, entry7b.o(.ARM.Collect$$$$00000008))

<P><STRONG><a name="[3c3]"></a>_main_cpp_init</STRONG> (Thumb, 0 bytes, Stack size unknown bytes, entry8b.o(.ARM.Collect$$$$0000000A))

<P><STRONG><a name="[3c4]"></a>_main_init</STRONG> (Thumb, 0 bytes, Stack size unknown bytes, entry9a.o(.ARM.Collect$$$$0000000B))

<P><STRONG><a name="[3c5]"></a>__rt_final_cpp</STRONG> (Thumb, 0 bytes, Stack size unknown bytes, entry10a.o(.ARM.Collect$$$$0000000D))

<P><STRONG><a name="[3c6]"></a>__rt_final_exit</STRONG> (Thumb, 0 bytes, Stack size unknown bytes, entry11a.o(.ARM.Collect$$$$0000000F))

<P><STRONG><a name="[10]"></a>Reset_Handler</STRONG> (Thumb, 24 bytes, Stack size 0 bytes, startup_mimxrt1052.o(.text))
<BR>[Address Reference Count : 1]<UL><LI> startup_mimxrt1052.o(RESET)
</UL>
<P><STRONG><a name="[11]"></a>NMI_Handler</STRONG> (Thumb, 2 bytes, Stack size 0 bytes, startup_mimxrt1052.o(.text))
<BR><BR>[Calls]<UL><LI><a href="#[11]">&gt;&gt;</a>&nbsp;&nbsp;&nbsp;NMI_Handler
</UL>
<BR>[Called By]<UL><LI><a href="#[11]">&gt;&gt;</a>&nbsp;&nbsp;&nbsp;NMI_Handler
</UL>
<BR>[Address Reference Count : 1]<UL><LI> startup_mimxrt1052.o(RESET)
</UL>
<P><STRONG><a name="[12]"></a>HardFault_Handler</STRONG> (Thumb, 2 bytes, Stack size 0 bytes, startup_mimxrt1052.o(.text))
<BR><BR>[Calls]<UL><LI><a href="#[12]">&gt;&gt;</a>&nbsp;&nbsp;&nbsp;HardFault_Handler
</UL>
<BR>[Called By]<UL><LI><a href="#[12]">&gt;&gt;</a>&nbsp;&nbsp;&nbsp;HardFault_Handler
</UL>
<BR>[Address Reference Count : 1]<UL><LI> startup_mimxrt1052.o(RESET)
</UL>
<P><STRONG><a name="[13]"></a>MemManage_Handler</STRONG> (Thumb, 2 bytes, Stack size 0 bytes, startup_mimxrt1052.o(.text))
<BR><BR>[Calls]<UL><LI><a href="#[13]">&gt;&gt;</a>&nbsp;&nbsp;&nbsp;MemManage_Handler
</UL>
<BR>[Called By]<UL><LI><a href="#[13]">&gt;&gt;</a>&nbsp;&nbsp;&nbsp;MemManage_Handler
</UL>
<BR>[Address Reference Count : 1]<UL><LI> startup_mimxrt1052.o(RESET)
</UL>
<P><STRONG><a name="[14]"></a>BusFault_Handler</STRONG> (Thumb, 2 bytes, Stack size 0 bytes, startup_mimxrt1052.o(.text))
<BR><BR>[Calls]<UL><LI><a href="#[14]">&gt;&gt;</a>&nbsp;&nbsp;&nbsp;BusFault_Handler
</UL>
<BR>[Called By]<UL><LI><a href="#[14]">&gt;&gt;</a>&nbsp;&nbsp;&nbsp;BusFault_Handler
</UL>
<BR>[Address Reference Count : 1]<UL><LI> startup_mimxrt1052.o(RESET)
</UL>
<P><STRONG><a name="[15]"></a>UsageFault_Handler</STRONG> (Thumb, 2 bytes, Stack size 0 bytes, startup_mimxrt1052.o(.text))
<BR><BR>[Calls]<UL><LI><a href="#[15]">&gt;&gt;</a>&nbsp;&nbsp;&nbsp;UsageFault_Handler
</UL>
<BR>[Called By]<UL><LI><a href="#[15]">&gt;&gt;</a>&nbsp;&nbsp;&nbsp;UsageFault_Handler
</UL>
<BR>[Address Reference Count : 1]<UL><LI> startup_mimxrt1052.o(RESET)
</UL>
<P><STRONG><a name="[17]"></a>DebugMon_Handler</STRONG> (Thumb, 2 bytes, Stack size 0 bytes, startup_mimxrt1052.o(.text))
<BR><BR>[Calls]<UL><LI><a href="#[17]">&gt;&gt;</a>&nbsp;&nbsp;&nbsp;DebugMon_Handler
</UL>
<BR>[Called By]<UL><LI><a href="#[17]">&gt;&gt;</a>&nbsp;&nbsp;&nbsp;DebugMon_Handler
</UL>
<BR>[Address Reference Count : 1]<UL><LI> startup_mimxrt1052.o(RESET)
</UL>
<P><STRONG><a name="[1a]"></a>DMA0_DMA16_IRQHandler</STRONG> (Thumb, 4 bytes, Stack size 0 bytes, startup_mimxrt1052.o(.text))
<BR>[Address Reference Count : 1]<UL><LI> startup_mimxrt1052.o(RESET)
</UL>
<P><STRONG><a name="[1b]"></a>DMA1_DMA17_IRQHandler</STRONG> (Thumb, 4 bytes, Stack size 0 bytes, startup_mimxrt1052.o(.text))
<BR>[Address Reference Count : 1]<UL><LI> startup_mimxrt1052.o(RESET)
</UL>
<P><STRONG><a name="[1c]"></a>DMA2_DMA18_IRQHandler</STRONG> (Thumb, 4 bytes, Stack size 0 bytes, startup_mimxrt1052.o(.text))
<BR>[Address Reference Count : 1]<UL><LI> startup_mimxrt1052.o(RESET)
</UL>
<P><STRONG><a name="[1d]"></a>DMA3_DMA19_IRQHandler</STRONG> (Thumb, 4 bytes, Stack size 0 bytes, startup_mimxrt1052.o(.text))
<BR>[Address Reference Count : 1]<UL><LI> startup_mimxrt1052.o(RESET)
</UL>
<P><STRONG><a name="[1e]"></a>DMA4_DMA20_IRQHandler</STRONG> (Thumb, 4 bytes, Stack size 0 bytes, startup_mimxrt1052.o(.text))
<BR>[Address Reference Count : 1]<UL><LI> startup_mimxrt1052.o(RESET)
</UL>
<P><STRONG><a name="[1f]"></a>DMA5_DMA21_IRQHandler</STRONG> (Thumb, 4 bytes, Stack size 0 bytes, startup_mimxrt1052.o(.text))
<BR>[Address Reference Count : 1]<UL><LI> startup_mimxrt1052.o(RESET)
</UL>
<P><STRONG><a name="[20]"></a>DMA6_DMA22_IRQHandler</STRONG> (Thumb, 4 bytes, Stack size 0 bytes, startup_mimxrt1052.o(.text))
<BR>[Address Reference Count : 1]<UL><LI> startup_mimxrt1052.o(RESET)
</UL>
<P><STRONG><a name="[21]"></a>DMA7_DMA23_IRQHandler</STRONG> (Thumb, 4 bytes, Stack size 0 bytes, startup_mimxrt1052.o(.text))
<BR>[Address Reference Count : 1]<UL><LI> startup_mimxrt1052.o(RESET)
</UL>
<P><STRONG><a name="[22]"></a>DMA8_DMA24_IRQHandler</STRONG> (Thumb, 4 bytes, Stack size 0 bytes, startup_mimxrt1052.o(.text))
<BR>[Address Reference Count : 1]<UL><LI> startup_mimxrt1052.o(RESET)
</UL>
<P><STRONG><a name="[23]"></a>DMA9_DMA25_IRQHandler</STRONG> (Thumb, 4 bytes, Stack size 0 bytes, startup_mimxrt1052.o(.text))
<BR>[Address Reference Count : 1]<UL><LI> startup_mimxrt1052.o(RESET)
</UL>
<P><STRONG><a name="[24]"></a>DMA10_DMA26_IRQHandler</STRONG> (Thumb, 4 bytes, Stack size 0 bytes, startup_mimxrt1052.o(.text))
<BR>[Address Reference Count : 1]<UL><LI> startup_mimxrt1052.o(RESET)
</UL>
<P><STRONG><a name="[25]"></a>DMA11_DMA27_IRQHandler</STRONG> (Thumb, 4 bytes, Stack size 0 bytes, startup_mimxrt1052.o(.text))
<BR>[Address Reference Count : 1]<UL><LI> startup_mimxrt1052.o(RESET)
</UL>
<P><STRONG><a name="[26]"></a>DMA12_DMA28_IRQHandler</STRONG> (Thumb, 4 bytes, Stack size 0 bytes, startup_mimxrt1052.o(.text))
<BR>[Address Reference Count : 1]<UL><LI> startup_mimxrt1052.o(RESET)
</UL>
<P><STRONG><a name="[27]"></a>DMA13_DMA29_IRQHandler</STRONG> (Thumb, 4 bytes, Stack size 0 bytes, startup_mimxrt1052.o(.text))
<BR>[Address Reference Count : 1]<UL><LI> startup_mimxrt1052.o(RESET)
</UL>
<P><STRONG><a name="[28]"></a>DMA14_DMA30_IRQHandler</STRONG> (Thumb, 4 bytes, Stack size 0 bytes, startup_mimxrt1052.o(.text))
<BR>[Address Reference Count : 1]<UL><LI> startup_mimxrt1052.o(RESET)
</UL>
<P><STRONG><a name="[29]"></a>DMA15_DMA31_IRQHandler</STRONG> (Thumb, 4 bytes, Stack size 0 bytes, startup_mimxrt1052.o(.text))
<BR>[Address Reference Count : 1]<UL><LI> startup_mimxrt1052.o(RESET)
</UL>
<P><STRONG><a name="[2a]"></a>DMA_ERROR_IRQHandler</STRONG> (Thumb, 4 bytes, Stack size 0 bytes, startup_mimxrt1052.o(.text))
<BR>[Address Reference Count : 1]<UL><LI> startup_mimxrt1052.o(RESET)
</UL>
<P><STRONG><a name="[2e]"></a>LPUART1_IRQHandler</STRONG> (Thumb, 4 bytes, Stack size 0 bytes, startup_mimxrt1052.o(.text))
<BR>[Address Reference Count : 1]<UL><LI> startup_mimxrt1052.o(RESET)
</UL>
<P><STRONG><a name="[2f]"></a>LPUART2_IRQHandler</STRONG> (Thumb, 4 bytes, Stack size 0 bytes, startup_mimxrt1052.o(.text))
<BR>[Address Reference Count : 1]<UL><LI> startup_mimxrt1052.o(RESET)
</UL>
<P><STRONG><a name="[30]"></a>LPUART3_IRQHandler</STRONG> (Thumb, 4 bytes, Stack size 0 bytes, startup_mimxrt1052.o(.text))
<BR>[Address Reference Count : 1]<UL><LI> startup_mimxrt1052.o(RESET)
</UL>
<P><STRONG><a name="[31]"></a>LPUART4_IRQHandler</STRONG> (Thumb, 4 bytes, Stack size 0 bytes, startup_mimxrt1052.o(.text))
<BR>[Address Reference Count : 1]<UL><LI> startup_mimxrt1052.o(RESET)
</UL>
<P><STRONG><a name="[32]"></a>LPUART5_IRQHandler</STRONG> (Thumb, 4 bytes, Stack size 0 bytes, startup_mimxrt1052.o(.text))
<BR>[Address Reference Count : 1]<UL><LI> startup_mimxrt1052.o(RESET)
</UL>
<P><STRONG><a name="[33]"></a>LPUART6_IRQHandler</STRONG> (Thumb, 4 bytes, Stack size 0 bytes, startup_mimxrt1052.o(.text))
<BR>[Address Reference Count : 1]<UL><LI> startup_mimxrt1052.o(RESET)
</UL>
<P><STRONG><a name="[34]"></a>LPUART7_IRQHandler</STRONG> (Thumb, 4 bytes, Stack size 0 bytes, startup_mimxrt1052.o(.text))
<BR>[Address Reference Count : 1]<UL><LI> startup_mimxrt1052.o(RESET)
</UL>
[...]
<LI><a href="#[280]">&gt;&gt;</a>&nbsp;&nbsp;&nbsp;GUI__ManageCache
</UL>
<BR>[Called By]<UL><LI><a href="#[1c6]">&gt;&gt;</a>&nbsp;&nbsp;&nbsp;GUI__DispLine
</UL>

<P><STRONG><a name="[147]"></a>_Color2IndexBulk_M8888I</STRONG> (Thumb, 16 bytes, Stack size unknown bytes, GUICC_M8888I.o(.text._Color2IndexBulk_M8888I))
<BR><BR>[Calls]<UL><LI><a href="#[147]">&gt;&gt;</a>&nbsp;&nbsp;&nbsp;_Color2IndexBulk_M8888I
</UL>
<BR>[Called By]<UL><LI><a href="#[147]">&gt;&gt;</a>&nbsp;&nbsp;&nbsp;_Color2IndexBulk_M8888I
</UL>
<BR>[Address Reference Count : 1]<UL><LI> GUICC_M8888I.o(.rodata.LCD_API_ColorConv_M8888I)
</UL>
<P><STRONG><a name="[145]"></a>_Color2Index_M8888I</STRONG> (Thumb, 2 bytes, Stack size unknown bytes, GUICC_M8888I.o(.text._Color2Index_M8888I))
<BR>[Address Reference Count : 1]<UL><LI> GUICC_M8888I.o(.rodata.LCD_API_ColorConv_M8888I)
</UL>
<P><STRONG><a name="[146]"></a>_GetIndexMask_M8888I</STRONG> (Thumb, 6 bytes, Stack size unknown bytes, GUICC_M8888I.o(.text._GetIndexMask_M8888I))
<BR>[Address Reference Count : 1]<UL><LI> GUICC_M8888I.o(.rodata.LCD_API_ColorConv_M8888I)
</UL>
<P><STRONG><a name="[148]"></a>_Index2ColorBulk_M8888I</STRONG> (Thumb, 16 bytes, Stack size unknown bytes, GUICC_M8888I.o(.text._Index2ColorBulk_M8888I))
<BR><BR>[Calls]<UL><LI><a href="#[148]">&gt;&gt;</a>&nbsp;&nbsp;&nbsp;_Index2ColorBulk_M8888I
</UL>
<BR>[Called By]<UL><LI><a href="#[148]">&gt;&gt;</a>&nbsp;&nbsp;&nbsp;_Index2ColorBulk_M8888I
</UL>
<BR>[Address Reference Count : 1]<UL><LI> GUICC_M8888I.o(.rodata.LCD_API_ColorConv_M8888I)
</UL>
<P><STRONG><a name="[152]"></a>_DrawNonExistingCharacter_Dummy</STRONG> (Thumb, 2 bytes, Stack size unknown bytes, GUI_Char.o(.text._DrawNonExistingCharacter_Dummy))
<BR>[Address Reference Count : 1]<UL><LI> GUI_Char.o(.rodata._NonExistingCharacter_Dummy)
</UL>
<P><STRONG><a name="[151]"></a>_GetNonExistingCharWidth_Dummy</STRONG> (Thumb, 4 bytes, Stack size unknown bytes, GUI_Char.o(.text._GetNonExistingCharWidth_Dummy))
<BR>[Address Reference Count : 1]<UL><LI> GUI_Char.o(.rodata._NonExistingCharacter_Dummy)
</UL>
<P><STRONG><a name="[2ed]"></a>_OnExit</STRONG> (Thumb, 74 bytes, Stack size unknown bytes, GUI__Alpha.o(.text._OnExit), UNUSED)
<BR><BR>[Calls]<UL><LI><a href="#[1bc]">&gt;&gt;</a>&nbsp;&nbsp;&nbsp;GUI_ALLOC_FreeFixedBlock
</UL>

<P><STRONG><a name="[1d1]"></a>_DrawRect</STRONG> (Thumb, 56 bytes, Stack size unknown bytes, GUI_2DLib.o(.text._DrawRect))
<BR><BR>[Calls]<UL><LI><a href="#[14d]">&gt;&gt;</a>&nbsp;&nbsp;&nbsp;LCD_DrawHLine
<LI><a href="#[1d2]">&gt;&gt;</a>&nbsp;&nbsp;&nbsp;LCD_DrawVLine
</UL>
<BR>[Called By]<UL><LI><a href="#[17c]">&gt;&gt;</a>&nbsp;&nbsp;&nbsp;GUI_DrawRect
</UL>

<P><STRONG><a name="[d]"></a>_DrawCharAA4_Trans</STRONG> (Thumb, 158 bytes, Stack size unknown bytes, GUIAA_Char4.o(.text._DrawCharAA4_Trans))
<BR><BR>[Calls]<UL><LI><a href="#[25f]">&gt;&gt;</a>&nbsp;&nbsp;&nbsp;LCD_SetPixelAA4_Trans
</UL>
<BR>[Address Reference Count : 1]<UL><LI> GUIAA_Char4.o(.data._pfDrawCharAA4_Trans)
</UL>
<P><STRONG><a name="[2d1]"></a>_DrawHLine</STRONG> (Thumb, 284 bytes, Stack size unknown bytes, GUIAA_Lib.o(.text._DrawHLine), UNUSED)
<BR><BR>[Calls]<UL><LI><a href="#[199]">&gt;&gt;</a>&nbsp;&nbsp;&nbsp;_FlushLine
</UL>

<P><STRONG><a name="[199]"></a>_FlushLine</STRONG> (Thumb, 342 bytes, Stack size unknown bytes, GUIAA_Lib.o(.text._FlushLine))
<BR><BR>[Calls]<UL><LI><a href="#[25f]">&gt;&gt;</a>&nbsp;&nbsp;&nbsp;LCD_SetPixelAA4_Trans
</UL>
<BR>[Called By]<UL><LI><a href="#[198]">&gt;&gt;</a>&nbsp;&nbsp;&nbsp;GUI_AA_Exit
<LI><a href="#[2d1]">&gt;&gt;</a>&nbsp;&nbsp;&nbsp;_DrawHLine
</UL>

<P><STRONG><a name="[2ee]"></a>_OnExit</STRONG> (Thumb, 22 bytes, Stack size unknown bytes, GUIAA_Lib.o(.text._OnExit), UNUSED)
<BR><BR>[Calls]<UL><LI><a href="#[1bc]">&gt;&gt;</a>&nbsp;&nbsp;&nbsp;GUI_ALLOC_FreeFixedBlock
</UL>

<P><STRONG><a name="[210]"></a>_Convert16</STRONG> (Thumb, 62 bytes, Stack size unknown bytes, GUIDEV_WriteToActiveOpaque.o(.text._Convert16))
<BR><BR>[Calls]<UL><LI><a href="#[2c5]">&gt;&gt;</a>&nbsp;&nbsp;&nbsp;GUI__CompactPixelIndices
</UL>
<BR>[Called By]<UL><LI><a href="#[1ee]">&gt;&gt;</a>&nbsp;&nbsp;&nbsp;GUI_MEMDEV__WriteToActiveOpaque
</UL>

<P><STRONG><a name="[212]"></a>_Convert8</STRONG> (Thumb, 60 bytes, Stack size unknown bytes, GUIDEV_WriteToActiveOpaque.o(.text._Convert8))
<BR><BR>[Calls]<UL><LI><a href="#[2c5]">&gt;&gt;</a>&nbsp;&nbsp;&nbsp;GUI__CompactPixelIndices
</UL>
<BR>[Called By]<UL><LI><a href="#[1ee]">&gt;&gt;</a>&nbsp;&nbsp;&nbsp;GUI_MEMDEV__WriteToActiveOpaque
</UL>

<P><STRONG><a name="[128]"></a>_DrawBitmap</STRONG> (Thumb, 2068 bytes, Stack size unknown bytes, GUIDEV_32.o(.text._DrawBitmap))
<BR><BR>[Calls]<UL><LI><a href="#[166]">&gt;&gt;</a>&nbsp;&nbsp;&nbsp;GUI_ALLOC_UnlockH
<LI><a href="#[163]">&gt;&gt;</a>&nbsp;&nbsp;&nbsp;GUI_ALLOC_LockH
<LI><a href="#[2cd]">&gt;&gt;</a>&nbsp;&nbsp;&nbsp;GUI_USAGE_AddRect
<LI><a href="#[2cf]">&gt;&gt;</a>&nbsp;&nbsp;&nbsp;_XY2PTR
</UL>
<BR>[Address Reference Count : 1]<UL><LI> GUIDEV_32.o(.rodata.GUI_MEMDEV_DEVICE_32)
</UL>
<P><STRONG><a name="[129]"></a>_DrawHLine</STRONG> (Thumb, 14 bytes, Stack size unknown bytes, GUIDEV_32.o(.text._DrawHLine))
<BR><BR>[Calls]<UL><LI><a href="#[12b]">&gt;&gt;</a>&nbsp;&nbsp;&nbsp;_FillRect
</UL>
<BR>[Address Reference Count : 1]<UL><LI> GUIDEV_32.o(.rodata.GUI_MEMDEV_DEVICE_32)
</UL>
<P><STRONG><a name="[12a]"></a>_DrawVLine</STRONG> (Thumb, 204 bytes, Stack size unknown bytes, GUIDEV_32.o(.text._DrawVLine))
<BR><BR>[Calls]<UL><LI><a href="#[166]">&gt;&gt;</a>&nbsp;&nbsp;&nbsp;GUI_ALLOC_UnlockH
<LI><a href="#[163]">&gt;&gt;</a>&nbsp;&nbsp;&nbsp;GUI_ALLOC_LockH
<LI><a href="#[2cf]">&gt;&gt;</a>&nbsp;&nbsp;&nbsp;_XY2PTR
</UL>
<BR>[Address Reference Count : 1]<UL><LI> GUIDEV_32.o(.rodata.GUI_MEMDEV_DEVICE_32)
</UL>
<P><STRONG><a name="[12b]"></a>_FillRect</STRONG> (Thumb, 210 bytes, Stack size unknown bytes, GUIDEV_32.o(.text._FillRect))
<BR><BR>[Calls]<UL><LI><a href="#[166]">&gt;&gt;</a>&nbsp;&nbsp;&nbsp;GUI_ALLOC_UnlockH
<LI><a href="#[163]">&gt;&gt;</a>&nbsp;&nbsp;&nbsp;GUI_ALLOC_LockH
<LI><a href="#[2cd]">&gt;&gt;</a>&nbsp;&nbsp;&nbsp;GUI_USAGE_AddRect
<LI><a href="#[2cf]">&gt;&gt;</a>&nbsp;&nbsp;&nbsp;_XY2PTR
</UL>
<BR>[Called By]<UL><LI><a href="#[129]">&gt;&gt;</a>&nbsp;&nbsp;&nbsp;_DrawHLine
</UL>
<BR>[Address Reference Count : 1]<UL><LI> GUIDEV_32.o(.rodata.GUI_MEMDEV_DEVICE_32)
</UL>
<P><STRONG><a name="[132]"></a>_GetDevData</STRONG> (Thumb, 16 bytes, Stack size unknown bytes, GUIDEV_32.o(.text._GetDevData))
<BR>[Address Reference Count : 1]<UL><LI> GUIDEV_32.o(.rodata.GUI_MEMDEV_DEVICE_32)
</UL>
<P><STRONG><a name="[130]"></a>_GetDevFunc</STRONG> (Thumb, 16 bytes, Stack size unknown bytes, GUIDEV_32.o(.text._GetDevFunc))
<BR>[Address Reference Count : 1]<UL><LI> GUIDEV_32.o(.rodata.GUI_MEMDEV_DEVICE_32)
</UL>
<P><STRONG><a name="[131]"></a>_GetDevProp</STRONG> (Thumb, 14 bytes, Stack size unknown bytes, GUIDEV_32.o(.text._GetDevProp))
<BR>[Address Reference Count : 1]<UL><LI> GUIDEV_32.o(.rodata.GUI_MEMDEV_DEVICE_32)
</UL>
<P><STRONG><a name="[12c]"></a>_GetPixelIndex</STRONG> (Thumb, 14 bytes, Stack size unknown bytes, GUIDEV_32.o(.text._GetPixelIndex))
<BR><BR>[Calls]<UL><LI><a href="#[2cf]">&gt;&gt;</a>&nbsp;&nbsp;&nbsp;_XY2PTR
</UL>
<BR>[Address Reference Count : 1]<UL><LI> GUIDEV_32.o(.rodata.GUI_MEMDEV_DEVICE_32)
</UL>
<P><STRONG><a name="[133]"></a>_GetRect</STRONG> (Thumb, 48 bytes, Stack size unknown bytes, GUIDEV_32.o(.text._GetRect))
<BR><BR>[Calls]<UL><LI><a href="#[166]">&gt;&gt;</a>&nbsp;&nbsp;&nbsp;GUI_ALLOC_UnlockH
<LI><a href="#[163]">&gt;&gt;</a>&nbsp;&nbsp;&nbsp;GUI_ALLOC_LockH
</UL>
<BR>[Address Reference Count : 1]<UL><LI> GUIDEV_32.o(.rodata.GUI_MEMDEV_DEVICE_32)
</UL>
<P><STRONG><a name="[12f]"></a>_SetOrg</STRONG> (Thumb, 8 bytes, Stack size unknown bytes, GUIDEV_32.o(.text._SetOrg))
<BR>[Address Reference Count : 1]<UL><LI> GUIDEV_32.o(.rodata.GUI_MEMDEV_DEVICE_32)
</UL>
<P><STRONG><a name="[12d]"></a>_SetPixelIndex</STRONG> (Thumb, 76 bytes, Stack size unknown bytes, GUIDEV_32.o(.text._SetPixelIndex))
<BR><BR>[Calls]<UL><LI><a href="#[166]">&gt;&gt;</a>&nbsp;&nbsp;&nbsp;GUI_ALLOC_UnlockH
<LI><a href="#[163]">&gt;&gt;</a>&nbsp;&nbsp;&nbsp;GUI_ALLOC_LockH
<LI><a href="#[2cf]">&gt;&gt;</a>&nbsp;&nbsp;&nbsp;_XY2PTR
</UL>
<BR>[Address Reference Count : 1]<UL><LI> GUIDEV_32.o(.rodata.GUI_MEMDEV_DEVICE_32)
</UL>
<P><STRONG><a name="[2cf]"></a>_XY2PTR</STRONG> (Thumb, 64 bytes, Stack size unknown bytes, GUIDEV_32.o(.text._XY2PTR))
<BR><BR>[Calls]<UL><LI><a href="#[166]">&gt;&gt;</a>&nbsp;&nbsp;&nbsp;GUI_ALLOC_UnlockH
<LI><a href="#[163]">&gt;&gt;</a>&nbsp;&nbsp;&nbsp;GUI_ALLOC_LockH
</UL>
<BR>[Called By]<UL><LI><a href="#[12e]">&gt;&gt;</a>&nbsp;&nbsp;&nbsp;_XorPixel
<LI><a href="#[12d]">&gt;&gt;</a>&nbsp;&nbsp;&nbsp;_SetPixelIndex
<LI><a href="#[12c]">&gt;&gt;</a>&nbsp;&nbsp;&nbsp;_GetPixelIndex
<LI><a href="#[12b]">&gt;&gt;</a>&nbsp;&nbsp;&nbsp;_FillRect
<LI><a href="#[12a]">&gt;&gt;</a>&nbsp;&nbsp;&nbsp;_DrawVLine
<LI><a href="#[128]">&gt;&gt;</a>&nbsp;&nbsp;&nbsp;_DrawBitmap
</UL>

<P><STRONG><a name="[12e]"></a>_XorPixel</STRONG> (Thumb, 92 bytes, Stack size unknown bytes, GUIDEV_32.o(.text._XorPixel))
<BR><BR>[Calls]<UL><LI><a href="#[166]">&gt;&gt;</a>&nbsp;&nbsp;&nbsp;GUI_ALLOC_UnlockH
<LI><a href="#[163]">&gt;&gt;</a>&nbsp;&nbsp;&nbsp;GUI_ALLOC_LockH
<LI><a href="#[2cf]">&gt;&gt;</a>&nbsp;&nbsp;&nbsp;_XY2PTR
</UL>
<BR>[Address Reference Count : 1]<UL><LI> GUIDEV_32.o(.rodata.GUI_MEMDEV_DEVICE_32)
</UL>
<P><STRONG><a name="[ff]"></a>GUI_USAGE_BM_AddHLine</STRONG> (Thumb, 110 bytes, Stack size unknown bytes, GUIDEV_UsageBM.o(.text.GUI_USAGE_BM_AddHLine))
<BR><BR>[Stack]<UL><LI>Max Depth = 8 + Unknown Stack Size
<LI>Call Chain = GUI_USAGE_BM_AddHLine &rArr; memset
</UL>
<BR>[Calls]<UL><LI><a href="#[5]">&gt;&gt;</a>&nbsp;&nbsp;&nbsp;memset
</UL>
<BR>[Address Reference Count : 1]<UL><LI> GUIDEV_UsageBM.o(.rodata.API)
</UL>
<P><STRONG><a name="[fe]"></a>GUI_USAGE_BM_AddPixel</STRONG> (Thumb, 44 bytes, Stack size unknown bytes, GUIDEV_UsageBM.o(.text.GUI_USAGE_BM_AddPixel))
<BR>[Address Reference Count : 1]<UL><LI> GUIDEV_UsageBM.o(.rodata.API)
</UL>
<P><STRONG><a name="[100]"></a>GUI_USAGE_BM_Clear</STRONG> (Thumb, 22 bytes, Stack size unknown bytes, GUIDEV_UsageBM.o(.text.GUI_USAGE_BM_Clear))
<BR><BR>[Stack]<UL><LI>Max Depth = 8 + Unknown Stack Size
<LI>Call Chain = GUI_USAGE_BM_Clear &rArr; memset
</UL>
<BR>[Calls]<UL><LI><a href="#[5]">&gt;&gt;</a>&nbsp;&nbsp;&nbsp;memset
</UL>
<BR>[Address Reference Count : 1]<UL><LI> GUIDEV_UsageBM.o(.rodata.API)
</UL>
<P><STRONG><a name="[102]"></a>GUI_USAGE_BM_GetNextDirty</STRONG> (Thumb, 234 bytes, Stack size unknown bytes, GUIDEV_UsageBM.o(.text.GUI_USAGE_BM_GetNextDirty))
<BR>[Address Reference Count : 1]<UL><LI> GUIDEV_UsageBM.o(.rodata.API)
</UL>
<P><STRONG><a name="[101]"></a>_GUI_USAGE_BM_Delete</STRONG> (Thumb, 4 bytes, Stack size unknown bytes, GUIDEV_UsageBM.o(.text._GUI_USAGE_BM_Delete))
<BR><BR>[Calls]<UL><LI><a href="#[1aa]">&gt;&gt;</a>&nbsp;&nbsp;&nbsp;GUI_ALLOC_Free
</UL>
<BR>[Address Reference Count : 1]<UL><LI> GUIDEV_UsageBM.o(.rodata.API)
</UL>
<P><STRONG><a name="[14b]"></a>_DrawDown</STRONG> (Thumb, 22 bytes, Stack size unknown bytes, WIDGET_Effect_Simple.o(.text._DrawDown))
<BR><BR>[Stack]<UL><LI>Max Depth = 8 + Unknown Stack Size
<LI>Call Chain = _DrawDown &rArr; _DrawDownRect &rArr; GUI_SaveContext_W &rArr; __aeabi_memcpy4
</UL>
<BR>[Calls]<UL><LI><a href="#[1d8]">&gt;&gt;</a>&nbsp;&nbsp;&nbsp;WM_GetClientRect
<LI><a href="#[14c]">&gt;&gt;</a>&nbsp;&nbsp;&nbsp;_DrawDownRect
</UL>
<BR>[Address Reference Count : 1]<UL><LI> WIDGET_Effect_Simple.o(.rodata.WIDGET_Effect_Simple)
</UL>
<P><STRONG><a name="[14c]"></a>_DrawDownRect</STRONG> (Thumb, 58 bytes, Stack size unknown bytes, WIDGET_Effect_Simple.o(.text._DrawDownRect))
<BR><BR>[Stack]<UL><LI>Max Depth = 8 + Unknown Stack Size
<LI>Call Chain = _DrawDownRect &rArr; GUI_SaveContext_W &rArr; __aeabi_memcpy4
</UL>
<BR>[Calls]<UL><LI><a href="#[18d]">&gt;&gt;</a>&nbsp;&nbsp;&nbsp;LCD_SetColor
<LI><a href="#[225]">&gt;&gt;</a>&nbsp;&nbsp;&nbsp;GUI_SaveContext_W
<LI><a href="#[21d]">&gt;&gt;</a>&nbsp;&nbsp;&nbsp;GUI_RestoreContext
<LI><a href="#[17c]">&gt;&gt;</a>&nbsp;&nbsp;&nbsp;GUI_DrawRect
</UL>
<BR>[Called By]<UL><LI><a href="#[14b]">&gt;&gt;</a>&nbsp;&nbsp;&nbsp;_DrawDown
</UL>
<BR>[Address Reference Count : 1]<UL><LI> WIDGET_Effect_Simple.o(.rodata.WIDGET_Effect_Simple)
</UL>
<P><STRONG><a name="[149]"></a>_DrawUp</STRONG> (Thumb, 22 bytes, Stack size unknown bytes, WIDGET_Effect_Simple.o(.text._DrawUp))
<BR><BR>[Stack]<UL><LI>Max Depth = 8 + Unknown Stack Size
<LI>Call Chain = _DrawUp &rArr; _DrawUpRect &rArr; GUI_SaveContext_W &rArr; __aeabi_memcpy4
</UL>
<BR>[Calls]<UL><LI><a href="#[1d8]">&gt;&gt;</a>&nbsp;&nbsp;&nbsp;WM_GetClientRect
<LI><a href="#[14a]">&gt;&gt;</a>&nbsp;&nbsp;&nbsp;_DrawUpRect
</UL>
<BR>[Address Reference Count : 1]<UL><LI> WIDGET_Effect_Simple.o(.rodata.WIDGET_Effect_Simple)
</UL>
<P><STRONG><a name="[14a]"></a>_DrawUpRect</STRONG> (Thumb, 58 bytes, Stack size unknown bytes, WIDGET_Effect_Simple.o(.text._DrawUpRect))
<BR><BR>[Stack]<UL><LI>Max Depth = 8 + Unknown Stack Size
<LI>Call Chain = _DrawUpRect &rArr; GUI_SaveContext_W &rArr; __aeabi_memcpy4
</UL>
<BR>[Calls]<UL><LI><a href="#[18d]">&gt;&gt;</a>&nbsp;&nbsp;&nbsp;LCD_SetColor
<LI><a href="#[225]">&gt;&gt;</a>&nbsp;&nbsp;&nbsp;GUI_SaveContext_W
<LI><a href="#[21d]">&gt;&gt;</a>&nbsp;&nbsp;&nbsp;GUI_RestoreContext
<LI><a href="#[17c]">&gt;&gt;</a>&nbsp;&nbsp;&nbsp;GUI_DrawRect
</UL>
<BR>[Called By]<UL><LI><a href="#[149]">&gt;&gt;</a>&nbsp;&nbsp;&nbsp;_DrawUp
</UL>
<BR>[Address Reference Count : 1]<UL><LI> WIDGET_Effect_Simple.o(.rodata.WIDGET_Effect_Simple)
</UL>
<P><STRONG><a name="[2fe]"></a>_cbInvalidateOne</STRONG> (Thumb, 4 bytes, Stack size unknown bytes, WM_BringToTop.o(.text._cbInvalidateOne), UNUSED)
<BR><BR>[Calls]<UL><LI><a href="#[183]">&gt;&gt;</a>&nbsp;&nbsp;&nbsp;WM_InvalidateWindow
</UL>

<P><STRONG><a name="[1d0]"></a>_DrawGradient</STRONG> (Thumb, 444 bytes, Stack size unknown bytes, GUI_DrawGradient.o(.text._DrawGradient))
<BR><BR>[Calls]<UL><LI><a href="#[18f]">&gt;&gt;</a>&nbsp;&nbsp;&nbsp;LCD_FillRect
<LI><a href="#[193]">&gt;&gt;</a>&nbsp;&nbsp;&nbsp;GUI_GetColor
<LI><a href="#[18d]">&gt;&gt;</a>&nbsp;&nbsp;&nbsp;LCD_SetColor
</UL>
<BR>[Called By]<UL><LI><a href="#[17d]">&gt;&gt;</a>&nbsp;&nbsp;&nbsp;GUI_DrawGradientV
</UL>

<P><STRONG><a name="[138]"></a>_Color2Index_0</STRONG> (Thumb, 84 bytes, Stack size unknown bytes, GUICC_0.o(.text._Color2Index_0))
<BR><BR>[Calls]<UL><LI><a href="#[2c4]">&gt;&gt;</a>&nbsp;&nbsp;&nbsp;GUI_CalcColorDist
<LI><a href="#[252]">&gt;&gt;</a>&nbsp;&nbsp;&nbsp;LCD_GetPalette
<LI><a href="#[24f]">&gt;&gt;</a>&nbsp;&nbsp;&nbsp;LCD_GetNumColors
</UL>
<BR>[Address Reference Count : 1]<UL><LI> GUICC_0.o(.rodata.LCD_API_ColorConv_0)
</UL>
<P><STRONG><a name="[13a]"></a>_GetIndexMask_0</STRONG> (Thumb, 82 bytes, Stack size unknown bytes, GUICC_0.o(.text._GetIndexMask_0))
<BR><BR>[Calls]<UL><LI><a href="#[24f]">&gt;&gt;</a>&nbsp;&nbsp;&nbsp;LCD_GetNumColors
</UL>
<BR>[Address Reference Count : 1]<UL><LI> GUICC_0.o(.rodata.LCD_API_ColorConv_0)
</UL>
<P><STRONG><a name="[139]"></a>_Index2Color_0</STRONG> (Thumb, 32 bytes, Stack size unknown bytes, GUICC_0.o(.text._Index2Color_0))
<BR><BR>[Calls]<UL><LI><a href="#[252]">&gt;&gt;</a>&nbsp;&nbsp;&nbsp;LCD_GetPalette
<LI><a href="#[24f]">&gt;&gt;</a>&nbsp;&nbsp;&nbsp;LCD_GetNumColors
</UL>
<BR>[Address Reference Count : 1]<UL><LI> GUICC_0.o(.rodata.LCD_API_ColorConv_0)
</UL>
<P><STRONG><a name="[21c]"></a>LCD_ReadRectEx</STRONG> (Thumb, 452 bytes, Stack size unknown bytes, LCD_ReadRect.o(.text.LCD_ReadRectEx), UNUSED)
<BR><BR>[Calls]<UL><LI><a href="#[20d]">&gt;&gt;</a>&nbsp;&nbsp;&nbsp;GUI_GetBitsPerPixelEx
</UL>
<BR>[Called By]<UL><LI><a href="#[21b]">&gt;&gt;</a>&nbsp;&nbsp;&nbsp;GUI_ReadRectEx
</UL>

<P><STRONG><a name="[246]"></a>_GetTwinArcPara</STRONG> (Thumb, 82 bytes, Stack size unknown bytes, GUI__DrawTwinArc.o(.text._GetTwinArcPara))
<BR><BR>[Calls]<UL><LI><a href="#[238]">&gt;&gt;</a>&nbsp;&nbsp;&nbsp;GUI__sqrt32
</UL>
<BR>[Called By]<UL><LI><a href="#[170]">&gt;&gt;</a>&nbsp;&nbsp;&nbsp;GUI__DrawTwinArc4
</UL>

<P><STRONG><a name="[20c]"></a>_WriteToActiveAlpha</STRONG> (Thumb, 404 bytes, Stack size unknown bytes, GUIDEV_WriteToActiveAlpha.o(.text._WriteToActiveAlpha), UNUSED)
<BR><BR>[Calls]<UL><LI><a href="#[166]">&gt;&gt;</a>&nbsp;&nbsp;&nbsp;GUI_ALLOC_UnlockH
<LI><a href="#[163]">&gt;&gt;</a>&nbsp;&nbsp;&nbsp;GUI_ALLOC_LockH
<LI><a href="#[18a]">&gt;&gt;</a>&nbsp;&nbsp;&nbsp;LCD_DrawBitmap
<LI><a href="#[244]">&gt;&gt;</a>&nbsp;&nbsp;&nbsp;GUI__DoAlphaBlending
<LI><a href="#[23e]">&gt;&gt;</a>&nbsp;&nbsp;&nbsp;GUI__CompactPixelIndicesEx
<LI><a href="#[23a]">&gt;&gt;</a>&nbsp;&nbsp;&nbsp;GUI__AllocAlphaBuffer
<LI><a href="#[201]">&gt;&gt;</a>&nbsp;&nbsp;&nbsp;GUI_MEMDEV_GetDataPtr
</UL>
<BR>[Called By]<UL><LI><a href="#[20b]">&gt;&gt;</a>&nbsp;&nbsp;&nbsp;GUI_MEMDEV__WriteToActiveAlpha
</UL>

<P><STRONG><a name="[220]"></a>_CreateBuffer</STRONG> (Thumb, 156 bytes, Stack size unknown bytes, GUI_SPRITE.o(.text._CreateBuffer), UNUSED)
<BR><BR>[Calls]<UL><LI><a href="#[163]">&gt;&gt;</a>&nbsp;&nbsp;&nbsp;GUI_ALLOC_LockH
<LI><a href="#[1af]">&gt;&gt;</a>&nbsp;&nbsp;&nbsp;GUI_ALLOC_GetMaxSize
<LI><a href="#[1a7]">&gt;&gt;</a>&nbsp;&nbsp;&nbsp;GUI_ALLOC_AllocNoInit
<LI><a href="#[1f1]">&gt;&gt;</a>&nbsp;&nbsp;&nbsp;GUI_DEVICE__GetpDriver
</UL>
<BR>[Called By]<UL><LI><a href="#[1b4]">&gt;&gt;</a>&nbsp;&nbsp;&nbsp;GUI_SPRITE_SetPosition
</UL>

<P><STRONG><a name="[2de]"></a>_FlushBuffer</STRONG> (Thumb, 140 bytes, Stack size unknown bytes, GUI_SPRITE.o(.text._FlushBuffer), UNUSED)
<BR><BR>[Calls]<UL><LI><a href="#[2c5]">&gt;&gt;</a>&nbsp;&nbsp;&nbsp;GUI__CompactPixelIndices
</UL>
<BR>[Called By]<UL><LI><a href="#[222]">&gt;&gt;</a>&nbsp;&nbsp;&nbsp;_SetBkIndexBuffered
<LI><a href="#[224]">&gt;&gt;</a>&nbsp;&nbsp;&nbsp;_ReleaseBuffer
</UL>

<P><STRONG><a name="[221]"></a>_GetBkIndex</STRONG> (Thumb, 118 bytes, Stack size unknown bytes, GUI_SPRITE.o(.text._GetBkIndex), UNUSED)
<BR><BR>[Calls]<UL><LI><a href="#[1d5]">&gt;&gt;</a>&nbsp;&nbsp;&nbsp;GUI_GetBitmapPixelIndex
</UL>
<BR>[Called By]<UL><LI><a href="#[1b4]">&gt;&gt;</a>&nbsp;&nbsp;&nbsp;GUI_SPRITE_SetPosition
</UL>

<P><STRONG><a name="[223]"></a>_GetBkIndexAlpha</STRONG> (Thumb, 126 bytes, Stack size unknown bytes, GUI_SPRITE.o(.text._GetBkIndexAlpha), UNUSED)
<BR><BR>[Calls]<UL><LI><a href="#[1d5]">&gt;&gt;</a>&nbsp;&nbsp;&nbsp;GUI_GetBitmapPixelIndex
</UL>
<BR>[Called By]<UL><LI><a href="#[1b4]">&gt;&gt;</a>&nbsp;&nbsp;&nbsp;GUI_SPRITE_SetPosition
</UL>

<P><STRONG><a name="[21f]"></a>_GetDeviceRect</STRONG> (Thumb, 60 bytes, Stack size unknown bytes, GUI_SPRITE.o(.text._GetDeviceRect), UNUSED)
<BR><BR>[Calls]<UL><LI><a href="#[1f7]">&gt;&gt;</a>&nbsp;&nbsp;&nbsp;LCD_GetYSizeEx
<LI><a href="#[1f6]">&gt;&gt;</a>&nbsp;&nbsp;&nbsp;LCD_GetXSizeEx
</UL>
<BR>[Called By]<UL><LI><a href="#[1b4]">&gt;&gt;</a>&nbsp;&nbsp;&nbsp;GUI_SPRITE_SetPosition
</UL>

<P><STRONG><a name="[224]"></a>_ReleaseBuffer</STRONG> (Thumb, 32 bytes, Stack size unknown bytes, GUI_SPRITE.o(.text._ReleaseBuffer), UNUSED)
<BR><BR>[Calls]<UL><LI><a href="#[1aa]">&gt;&gt;</a>&nbsp;&nbsp;&nbsp;GUI_ALLOC_Free
<LI><a href="#[166]">&gt;&gt;</a>&nbsp;&nbsp;&nbsp;GUI_ALLOC_UnlockH
<LI><a href="#[2de]">&gt;&gt;</a>&nbsp;&nbsp;&nbsp;_FlushBuffer
</UL>
<BR>[Called By]<UL><LI><a href="#[1b4]">&gt;&gt;</a>&nbsp;&nbsp;&nbsp;GUI_SPRITE_SetPosition
</UL>

<P><STRONG><a name="[222]"></a>_SetBkIndexBuffered</STRONG> (Thumb, 76 bytes, Stack size unknown bytes, GUI_SPRITE.o(.text._SetBkIndexBuffered), UNUSED)
<BR><BR>[Calls]<UL><LI><a href="#[2de]">&gt;&gt;</a>&nbsp;&nbsp;&nbsp;_FlushBuffer
</UL>
<BR>[Called By]<UL><LI><a href="#[1b4]">&gt;&gt;</a>&nbsp;&nbsp;&nbsp;GUI_SPRITE_SetPosition
</UL>
<P>
<H3>
Undefined Global Symbols
</H3><HR></body></html>
