<html>
<body>
<pre>
<h1>礦ision Build Log</h1>
<h2>Tool Versions:</h2>
IDE-Version: μVision V5.30.0.0
Copyright (C) 2020 ARM Ltd and ARM Germany GmbH. All rights reserved.
License Information: kuver L15119696007@icloud.com, kuver, LIC=X96CK-ZWZXA-45DT5-G5K4R-D6AJC-FBQJD
 
Tool Versions:
Toolchain:       MDK-ARM Plus  Version: 5.30.0.0
Toolchain Path:  D:\Program Files\Keil_v5.30\ARM\ARMCC\Bin
C Compiler:      Armcc.exe V5.06 update 6 (build 750)
Assembler:       Armasm.exe V5.06 update 6 (build 750)
Linker/Locator:  ArmLink.exe V5.06 update 6 (build 750)
Library Manager: ArmAr.exe V5.06 update 6 (build 750)
Hex Converter:   FromElf.exe V5.06 update 6 (build 750)
CPU DLL:         SARMCM3.DLL V5.30.0.0
Dialog DLL:      DCM.DLL V1.17.3.0
Target DLL:      CMSIS_AGDI.dll V1.32.5.0
Dialog DLL:      TCM.DLL V1.42.0.0
 
<h2>Project:</h2>
F:\CDI_Display\RT1052_FreeRTOS_emWin5.50_野火RT1052Pro开发板\project\mdk\YH-RT1052.uvprojx
Project File Date:  09/11/2020

<h2>Output:</h2>
*** Using Compiler 'V5.06 update 6 (build 750)', folder: 'D:\Program Files\Keil_v5.30\ARM\ARMCC\Bin'
Build target 'nor_sdram_txt_sdram'
compiling emwin_support.c...
linking...
Program Size: Code=88148 RO-data=54512 RW-data=884 ZI-data=1578044  
After Build - User command #1: fromelf.exe --bincombined  --output  "F:\CDI_Display\RT1052_FreeRTOS_emWin5.50_野火RT1052Pro开发板\project\mdk\nor_sdram_txt_sdram\Objects\htp.bin"  "F:\CDI_Display\RT1052_FreeRTOS_emWin5.50_野火RT1052Pro开发板\project\mdk\nor_sdram_txt_sdram\Objects\htp.axf"
".\nor_sdram_txt_sdram\Objects\htp.axf" - 0 Error(s), 0 Warning(s).

<h2>Software Packages used:</h2>

Package Vendor: NXP
                http://mcuxpresso.nxp.com/cmsis_pack/repo/NXP.MIMXRT1052_DFP.12.1.0.pack
                NXP.MIMXRT1052_DFP.12.1.0
                Device Family Pack for MIMXRT1052

<h2>Collection of Component include folders:</h2>
  .\RTE\_nor_sdram_txt_sdram
  D:\AppData\Keil_v5.30\Arm\Packs\NXP\MIMXRT1052_DFP\12.1.0

<h2>Collection of Component Files used:</h2>
Build Time Elapsed:  00:00:04
</pre>
</body>
</html>
