<!doctype html public "-//w3c//dtd html 4.0 transitional//en">
<html><head>
<title>Static Call Graph - [.\nor_sdram_txt_sdram\Objects\YH-RT1052.axf]</title></head>
<body><HR>
<H1>Static Call Graph for image .\nor_sdram_txt_sdram\Objects\YH-RT1052.axf</H1><HR>
<BR><P>#&#060CALLGRAPH&#062# ARM Linker, 5060750: Last Updated: Wed Aug 12 11:21:58 2020
<BR><P>
<H3>Maximum Stack Usage =       1056 bytes + Unknown(Functions without stacksize, Cycles, Untraceable Function Pointers)</H3><H3>
Call chain for Maximum Stack Depth:</H3>
main &rArr; BSP_Init &rArr; GTP_Init_Panel &rArr; GTP_Get_Info &rArr; GTP_I2C_Read &rArr; I2C_Transfer &rArr; I2C_WriteBytes &rArr; I2C_Timeout_Callback &rArr; DbgConsole_Printf &rArr; StrFormatPrintf &rArr; ConvertFloatRadixNumToString &rArr; __hardfp_pow &rArr; sqrt
<P>
<H3>
Functions with no stack information
</H3><UL>
 <LI><a href="#[147]">GL_DrawCircle</a>
 <LI><a href="#[184]">GL_FillCircle</a>
 <LI><a href="#[149]">GL_SetDefault</a>
 <LI><a href="#[104]">GUIMONO_DispChar</a>
 <LI><a href="#[105]">GUIMONO_GetCharDistX</a>
 <LI><a href="#[106]">GUIMONO_GetFontInfo</a>
 <LI><a href="#[107]">GUIMONO_IsInFont</a>
 <LI><a href="#[108]">GUIPROP_DispChar</a>
 <LI><a href="#[109]">GUIPROP_GetCharDistX</a>
 <LI><a href="#[10a]">GUIPROP_GetFontInfo</a>
 <LI><a href="#[10b]">GUIPROP_IsInFont</a>
 <LI><a href="#[154]">GUI_ALLOC_AllocNoInit</a>
 <LI><a href="#[156]">GUI_ALLOC_AllocZero</a>
 <LI><a href="#[2b0]">GUI_ALLOC_AssignMemory</a>
 <LI><a href="#[157]">GUI_ALLOC_Free</a>
 <LI><a href="#[176]">GUI_ALLOC_FreeFixedBlock</a>
 <LI><a href="#[159]">GUI_ALLOC_GetFixedBlock</a>
 <LI><a href="#[15d]">GUI_ALLOC_GetMaxSize</a>
 <LI><a href="#[160]">GUI_ALLOC_LockH</a>
 <LI><a href="#[15e]">GUI_ALLOC_RequestSize</a>
 <LI><a href="#[2b1]">GUI_ALLOC_SetAvBlockSize</a>
 <LI><a href="#[161]">GUI_ALLOC_UnlockH</a>
 <LI><a href="#[207]">GUI_ALLOC_h2p</a>
 <LI><a href="#[15f]">GUI_ANIM_AddItem</a>
 <LI><a href="#[162]">GUI_ANIM_Create</a>
 <LI><a href="#[164]">GUI_ANIM_Delete</a>
 <LI><a href="#[165]">GUI_ANIM_Exec</a>
 <LI><a href="#[167]">GUI_ANIM_StartEx</a>
 <LI><a href="#[e6]">GUI_ANIM__Accel</a>
 <LI><a href="#[ea]">GUI_ANIM__AccelDecel</a>
 <LI><a href="#[e8]">GUI_ANIM__Decel</a>
 <LI><a href="#[ec]">GUI_ANIM__Linear</a>
 <LI><a href="#[169]">GUI_CURSOR_SetPositionEx</a>
 <LI><a href="#[24c]">GUI_CalcColorDist</a>
 <LI><a href="#[16d]">GUI_Clear</a>
 <LI><a href="#[16f]">GUI_ClearRect</a>
 <LI><a href="#[1c7]">GUI_DCACHE_Clear</a>
 <LI><a href="#[172]">GUI_DEVICE_Create</a>
 <LI><a href="#[173]">GUI_DEVICE_CreateAndLink</a>
 <LI><a href="#[175]">GUI_DEVICE_Delete</a>
 <LI><a href="#[174]">GUI_DEVICE_Link</a>
 <LI><a href="#[1fb]">GUI_DEVICE_Unlink</a>
 <LI><a href="#[1a2]">GUI_DEVICE__GetpDriver</a>
 <LI><a href="#[177]">GUI_Delay</a>
 <LI><a href="#[17b]">GUI_DrawCircle</a>
 <LI><a href="#[17c]">GUI_DrawHLine</a>
 <LI><a href="#[17d]">GUI_DrawRect</a>
 <LI><a href="#[17f]">GUI_DrawVLine</a>
 <LI><a href="#[179]">GUI_Exec</a>
 <LI><a href="#[181]">GUI_Exec1</a>
 <LI><a href="#[183]">GUI_FillCircle</a>
 <LI><a href="#[185]">GUI_FillRect</a>
 <LI><a href="#[186]">GUI_GetBitmapPixelIndex</a>
 <LI><a href="#[187]">GUI_GetBitmapPixelIndexEx</a>
 <LI><a href="#[1be]">GUI_GetBitsPerPixelEx</a>
 <LI><a href="#[151]">GUI_GetBkColor</a>
 <LI><a href="#[150]">GUI_GetColor</a>
 <LI><a href="#[16a]">GUI_GetCursorLayer</a>
 <LI><a href="#[18b]">GUI_GetLayerPosEx</a>
 <LI><a href="#[1ab]">GUI_GetOrg</a>
 <LI><a href="#[166]">GUI_GetTime</a>
 <LI><a href="#[1c0]">GUI_GetpfColor2IndexEx</a>
 <LI><a href="#[1bf]">GUI_GetpfIndex2ColorEx</a>
 <LI><a href="#[16e]">GUI_GotoXY</a>
 <LI><a href="#[18d]">GUI_Init</a>
 <LI><a href="#[199]">GUI_MEMDEV_Clear</a>
 <LI><a href="#[19a]">GUI_MEMDEV_CopyToLCD</a>
 <LI><a href="#[19b]">GUI_MEMDEV_CopyToLCDAt</a>
 <LI><a href="#[1a1]">GUI_MEMDEV_CreateEx</a>
 <LI><a href="#[1a4]">GUI_MEMDEV_Delete</a>
 <LI><a href="#[1a6]">GUI_MEMDEV_Draw</a>
 <LI><a href="#[1b0]">GUI_MEMDEV_GetBitsPerPixel</a>
 <LI><a href="#[1b2]">GUI_MEMDEV_GetDataPtr</a>
 <LI><a href="#[1ac]">GUI_MEMDEV_GetYSize</a>
 <LI><a href="#[1b3]">GUI_MEMDEV_Paint1Static</a>
 <LI><a href="#[1ae]">GUI_MEMDEV_ReduceYSize</a>
 <LI><a href="#[1a0]">GUI_MEMDEV_Select</a>
 <LI><a href="#[1af]">GUI_MEMDEV_SetOrg</a>
 <LI><a href="#[1b5]">GUI_MEMDEV_Write</a>
 <LI><a href="#[1b9]">GUI_MEMDEV_WriteAt</a>
 <LI><a href="#[1a3]">GUI_MEMDEV__CreateFixed</a>
 <LI><a href="#[1bc]">GUI_MEMDEV__WriteToActiveAlpha</a>
 <LI><a href="#[1ba]">GUI_MEMDEV__WriteToActiveAt</a>
 <LI><a href="#[19f]">GUI_MEMDEV__WriteToActiveOpaque</a>
 <LI><a href="#[2df]">GUI_MULTIBUF_Begin</a>
 <LI><a href="#[1c4]">GUI_MULTIBUF_BeginEx</a>
 <LI><a href="#[2c5]">GUI_MULTIBUF_Config</a>
 <LI><a href="#[1c5]">GUI_MULTIBUF_ConfigEx</a>
 <LI><a href="#[2c1]">GUI_MULTIBUF_Confirm</a>
 <LI><a href="#[2de]">GUI_MULTIBUF_End</a>
 <LI><a href="#[1c6]">GUI_MULTIBUF_EndEx</a>
 <LI><a href="#[234]">GUI_MergeRect</a>
 <LI><a href="#[22a]">GUI_MoveRect</a>
 <LI><a href="#[21e]">GUI_PID_GetState</a>
 <LI><a href="#[21d]">GUI_PID_IsEmpty</a>
 <LI><a href="#[1c8]">GUI_PID_StoreState</a>
 <LI><a href="#[1ca]">GUI_PollKeyMsg</a>
 <LI><a href="#[1cc]">GUI_ReadRectEx</a>
 <LI><a href="#[256]">GUI_RectsIntersect</a>
 <LI><a href="#[1ce]">GUI_RestoreContext</a>
 <LI><a href="#[16c]">GUI_SPRITE_SetPosition</a>
 <LI><a href="#[1d6]">GUI_SaveContext_W</a>
 <LI><a href="#[19d]">GUI_SelectLCD</a>
 <LI><a href="#[1d8]">GUI_SelectLayer</a>
 <LI><a href="#[1d9]">GUI_SetBkColor</a>
 <LI><a href="#[152]">GUI_SetColor</a>
 <LI><a href="#[2b2]">GUI_SetDefaultFont</a>
 <LI><a href="#[19c]">GUI_SetDrawMode</a>
 <LI><a href="#[16b]">GUI_SetLayerPosEx</a>
 <LI><a href="#[197]">GUI_SetOrg</a>
 <LI><a href="#[1c9]">GUI_SignalEvent</a>
 <LI><a href="#[1db]">GUI_StoreKey</a>
 <LI><a href="#[1dc]">GUI_TIMER_Delete</a>
 <LI><a href="#[1de]">GUI_TIMER_GetFlag</a>
 <LI><a href="#[1df]">GUI_TIMER__GetFirstTimer</a>
 <LI><a href="#[1e0]">GUI_TIMER__GetNextTimerLin</a>
 <LI><a href="#[250]">GUI_USAGE_AddRect</a>
 <LI><a href="#[1bb]">GUI_USAGE_BM_Create</a>
 <LI><a href="#[1a5]">GUI_USAGE_DecUseCnt</a>
 <LI><a href="#[1e1]">GUI__AllocAlphaBuffer</a>
 <LI><a href="#[1e3]">GUI__AlphaPreserveTrans</a>
 <LI><a href="#[24d]">GUI__CompactPixelIndices</a>
 <LI><a href="#[1e5]">GUI__CompactPixelIndicesEx</a>
 <LI><a href="#[18e]">GUI__Config</a>
 <LI><a href="#[1e6]">GUI__ConvertColor2Index</a>
 <LI><a href="#[1e9]">GUI__DoAlphaBlending</a>
 <LI><a href="#[14f]">GUI__DrawNonExistingCharacter</a>
 <LI><a href="#[1ea]">GUI__ExpandPixelIndicesEx</a>
 <LI><a href="#[1e2]">GUI__GetAlphaBuffer</a>
 <LI><a href="#[153]">GUI__GetNonExistingCharWidth</a>
 <LI><a href="#[22b]">GUI__IntersectRect</a>
 <LI><a href="#[1fd]">GUI__IntersectRects</a>
 <LI><a href="#[217]">GUI__ManageCache</a>
 <LI><a href="#[1ec]">GUI__ManageCacheEx</a>
 <LI><a href="#[3]">GUI__MixColors</a>
 <LI><a href="#[163]">GUI__RegisterExit</a>
 <LI><a href="#[25b]">GUI__memset</a>
 <LI><a href="#[255]">GUI__memset16</a>
 <LI><a href="#[1e4]">LCD_AA_SetOrMask</a>
 <LI><a href="#[201]">LCD_Color2Index</a>
 <LI><a href="#[14d]">LCD_DrawBitmap</a>
 <LI><a href="#[135]">LCD_DrawHLine</a>
 <LI><a href="#[136]">LCD_DrawPixel</a>
 <LI><a href="#[180]">LCD_DrawVLine</a>
 <LI><a href="#[14e]">LCD_FillRect</a>
 <LI><a href="#[1ed]">LCD_GetBitsPerPixelEx</a>
 <LI><a href="#[188]">LCD_GetBkColorIndex</a>
 <LI><a href="#[18a]">LCD_GetColorIndex</a>
 <LI><a href="#[1ee]">LCD_GetMirrorXEx</a>
 <LI><a href="#[1ef]">LCD_GetMirrorYEx</a>
 <LI><a href="#[1f0]">LCD_GetNumColors</a>
 <LI><a href="#[1f1]">LCD_GetNumColorsEx</a>
 <LI><a href="#[1f2]">LCD_GetNumLayers</a>
 <LI><a href="#[1f3]">LCD_GetPalette</a>
 <LI><a href="#[18c]">LCD_GetPosEx</a>
 <LI><a href="#[1f4]">LCD_GetSwapXYEx</a>
 <LI><a href="#[1a9]">LCD_GetVXSizeEx</a>
 <LI><a href="#[1eb]">LCD_GetVXSizeMax</a>
 <LI><a href="#[1aa]">LCD_GetVYSizeEx</a>
 <LI><a href="#[1f6]">LCD_GetXSize</a>
 <LI><a href="#[192]">LCD_GetXSizeDisplay</a>
 <LI><a href="#[1a7]">LCD_GetXSizeEx</a>
 <LI><a href="#[194]">LCD_GetXSizeMax</a>
 <LI><a href="#[1f7]">LCD_GetYSize</a>
 <LI><a href="#[193]">LCD_GetYSizeDisplay</a>
 <LI><a href="#[1a8]">LCD_GetYSizeEx</a>
 <LI><a href="#[195]">LCD_GetYSizeMax</a>
 <LI><a href="#[189]">LCD_Index2Color</a>
 <LI><a href="#[12c]">LCD_Index2Color_M565</a>
 <LI><a href="#[131]">LCD_Index2Color_M8888I</a>
 <LI><a href="#[191]">LCD_Init</a>
 <LI><a href="#[1f8]">LCD_InitColors</a>
 <LI><a href="#[1f9]">LCD_InitLUT</a>
 <LI><a href="#[1d7]">LCD_SelectLCD</a>
 <LI><a href="#[14a]">LCD_SetBkColor</a>
 <LI><a href="#[203]">LCD_SetBkColorIndex</a>
 <LI><a href="#[1fc]">LCD_SetClipRectEx</a>
 <LI><a href="#[1b8]">LCD_SetClipRectMax</a>
 <LI><a href="#[14b]">LCD_SetColor</a>
 <LI><a href="#[202]">LCD_SetColorIndex</a>
 <LI><a href="#[196]">LCD_SetDisplaySize</a>
 <LI><a href="#[14c]">LCD_SetDrawMode</a>
 <LI><a href="#[1fa]">LCD_SetLUTEntryEx</a>
 <LI><a href="#[1da]">LCD_SetPosEx</a>
 <LI><a href="#[1fe]">LCD_SetSizeEx</a>
 <LI><a href="#[1ff]">LCD_SetVRAMAddrEx</a>
 <LI><a href="#[200]">LCD_SetVSizeEx</a>
 <LI><a href="#[1b7]">LCD_UpdateColorIndices</a>
 <LI><a href="#[1c2]">LCD__DrawBitmap_1bpp</a>
 <LI><a href="#[204]">LCD__GetBPP</a>
 <LI><a href="#[1b1]">LCD__GetBPPDevice</a>
 <LI><a href="#[19e]">WM_Activate</a>
 <LI><a href="#[205]">WM_BringToBottom</a>
 <LI><a href="#[209]">WM_CreateWindowAsChild</a>
 <LI><a href="#[1b6]">WM_Deactivate</a>
 <LI><a href="#[20e]">WM_DefaultProc</a>
 <LI><a href="#[211]">WM_DeleteTimer</a>
 <LI><a href="#[212]">WM_DeleteWindow</a>
 <LI><a href="#[182]">WM_Exec</a>
 <LI><a href="#[190]">WM_GetDesktopWindow</a>
 <LI><a href="#[219]">WM_GetFirstChild</a>
 <LI><a href="#[21a]">WM_GetParent</a>
 <LI><a href="#[21b]">WM_GetWindowOrgX</a>
 <LI><a href="#[21c]">WM_HandlePID</a>
 <LI><a href="#[198]">WM_Init</a>
 <LI><a href="#[20c]">WM_InvalidateRect</a>
 <LI><a href="#[22f]">WM_InvalidateWindowAndDescsEx</a>
 <LI><a href="#[225]">WM_IsWindow</a>
 <LI><a href="#[231]">WM_MoveWindow</a>
 <LI><a href="#[214]">WM_NotifyParent</a>
 <LI><a href="#[1cb]">WM_OnKey</a>
 <LI><a href="#[227]">WM_PID__SetPrevState</a>
 <LI><a href="#[226]">WM_ReleaseCapture</a>
 <LI><a href="#[233]">WM_ResizeWindow</a>
 <LI><a href="#[220]">WM_Screen2hWin</a>
 <LI><a href="#[20b]">WM_SelectWindow</a>
 <LI><a href="#[238]">WM_SendMessageNoPara</a>
 <LI><a href="#[210]">WM_SendToParent</a>
 <LI><a href="#[239]">WM_SetSize</a>
 <LI><a href="#[23a]">WM__ActivateClipRect</a>
 <LI><a href="#[21f]">WM__AddCriticalHandle</a>
 <LI><a href="#[22c]">WM__ClipAtParentBorders</a>
 <LI><a href="#[213]">WM__DeleteAssocTimer</a>
 <LI><a href="#[215]">WM__DetachWindow</a>
 <LI><a href="#[20f]">WM__GetClientRectEx</a>
 <LI><a href="#[23d]">WM__GetClientRectWin</a>
 <LI><a href="#[23e]">WM__GetFirstSibling</a>
 <LI><a href="#[171]">WM__GetNextIVR</a>
 <LI><a href="#[206]">WM__GetPrevSibling</a>
 <LI><a href="#[170]">WM__InitIVRSearch</a>
 <LI><a href="#[20a]">WM__InsertWindowIntoList</a>
 <LI><a href="#[229]">WM__InvalidateDrawAndDescs</a>
 <LI><a href="#[242]">WM__InvalidateParent</a>
 <LI><a href="#[22d]">WM__InvalidateRect</a>
 <LI><a href="#[208]">WM__InvalidateRectEx</a>
 <LI><a href="#[243]">WM__IsAncestor</a>
 <LI><a href="#[222]">WM__IsEnabled</a>
 <LI><a href="#[221]">WM__IsInModalArea</a>
 <LI><a href="#[230]">WM__IsWindow</a>
 <LI><a href="#[232]">WM__MoveWindow</a>
 <LI><a href="#[245]">WM__Paint</a>
 <LI><a href="#[247]">WM__Paint1</a>
 <LI><a href="#[228]">WM__RemoveCriticalHandle</a>
 <LI><a href="#[23c]">WM__RemoveWindowFromList</a>
 <LI><a href="#[20d]">WM__SendMessage</a>
 <LI><a href="#[224]">WM__SendMessageIfEnabled</a>
 <LI><a href="#[1ad]">WM__SendMessageNoPara</a>
 <LI><a href="#[236]">WM__SendMsgNoData</a>
 <LI><a href="#[24a]">WM__SendPIDMessage</a>
 <LI><a href="#[223]">WM__SendTouchMessage</a>
 <LI><a href="#[235]">WM__UpdateChildPositions</a>
 <LI><a href="#[24e]">_CopyBuffer</a>
 <LI><a href="#[f8]">_DrawBitmap</a>
 <LI><a href="#[f9]">_DrawHLine</a>
 <LI><a href="#[fa]">_DrawVLine</a>
 <LI><a href="#[fb]">_FillRect</a>
 <LI><a href="#[102]">_GetDevData</a>
 <LI><a href="#[100]">_GetDevFunc</a>
 <LI><a href="#[101]">_GetDevProp</a>
 <LI><a href="#[fc]">_GetPixelIndex</a>
 <LI><a href="#[258]">_GetPos</a>
 <LI><a href="#[103]">_GetRect</a>
 <LI><a href="#[259]">_Init</a>
 <LI><a href="#[24f]">_InitOnce</a>
 <LI><a href="#[25c]">_Off</a>
 <LI><a href="#[25d]">_On</a>
 <LI><a href="#[261]">_SetAlpha</a>
 <LI><a href="#[262]">_SetAlphaMode</a>
 <LI><a href="#[263]">_SetChroma</a>
 <LI><a href="#[264]">_SetChromaMode</a>
 <LI><a href="#[265]">_SetDevFunc</a>
 <LI><a href="#[ff]">_SetOrg</a>
 <LI><a href="#[fd]">_SetPixelIndex</a>
 <LI><a href="#[266]">_SetPos</a>
 <LI><a href="#[269]">_SetSize</a>
 <LI><a href="#[26a]">_SetVRAMAddr</a>
 <LI><a href="#[26b]">_SetVRAM_BufferPTR</a>
 <LI><a href="#[26c]">_SetVSize</a>
 <LI><a href="#[268]">_SetVis</a>
 <LI><a href="#[26d]">_ShowBuffer</a>
 <LI><a href="#[fe]">_XorPixel</a>
 <LI><a href="#[1f5]">_GetMaxValue</a>
 <LI><a href="#[158]">_AddFreeMemory</a>
 <LI><a href="#[155]">_Alloc</a>
 <LI><a href="#[24b]">_EnlargeBlocks</a>
 <LI><a href="#[15a]">_InitOnce</a>
 <LI><a href="#[15c]">_RemoveFreeBlock</a>
 <LI><a href="#[15b]">_RemoveHoles</a>
 <LI><a href="#[12e]">_Color2IndexBulk</a>
 <LI><a href="#[12b]">_Color2Index_M565</a>
 <LI><a href="#[12d]">_GetIndexMask_M565</a>
 <LI><a href="#[12f]">_Index2ColorBulk</a>
 <LI><a href="#[148]">Draw8Point</a>
 <LI><a href="#[17e]">_DrawRect</a>
 <LI><a href="#[253]">_ExecAnimations</a>
 <LI><a href="#[168]">_Start</a>
 <LI><a href="#[254]">_StopAuto</a>
 <LI><a href="#[10c]">_DrawBitmap</a>
 <LI><a href="#[10d]">_DrawHLine</a>
 <LI><a href="#[10e]">_DrawVLine</a>
 <LI><a href="#[10f]">_FillRect</a>
 <LI><a href="#[116]">_GetDevData</a>
 <LI><a href="#[114]">_GetDevFunc</a>
 <LI><a href="#[115]">_GetDevProp</a>
 <LI><a href="#[110]">_GetPixelIndex</a>
 <LI><a href="#[117]">_GetRect</a>
 <LI><a href="#[113]">_SetOrg</a>
 <LI><a href="#[111]">_SetPixelIndex</a>
 <LI><a href="#[251]">_XY2PTR</a>
 <LI><a href="#[112]">_XorPixel</a>
 <LI><a href="#[1c1]">_Convert16</a>
 <LI><a href="#[1c3]">_Convert8</a>
 <LI><a href="#[f4]">GUI_USAGE_BM_AddHLine</a>
 <LI><a href="#[f3]">GUI_USAGE_BM_AddPixel</a>
 <LI><a href="#[f5]">GUI_USAGE_BM_Clear</a>
 <LI><a href="#[f7]">GUI_USAGE_BM_GetNextDirty</a>
 <LI><a href="#[f6]">_GUI_USAGE_BM_Delete</a>
 <LI><a href="#[246]">WM__PaintWinAndOverlays</a>
 <LI><a href="#[218]">_Exec1Draw</a>
 <LI><a href="#[216]">_Exec1Input</a>
 <LI><a href="#[240]">_Findx0</a>
 <LI><a href="#[241]">_Findx1</a>
 <LI><a href="#[23f]">_Findy1</a>
 <LI><a href="#[22e]">_Invalidate1Abs</a>
 <LI><a href="#[249]">_Paint1Trans</a>
 <LI><a href="#[248]">_PaintTransChildren</a>
 <LI><a href="#[23b]">_SetClipRectUserIntersect</a>
 <LI><a href="#[26e]">_cbBackWin</a>
 <LI><a href="#[26f]">_cbPaintMemDev</a>
 <LI><a href="#[25e]">_OnExit</a>
 <LI><a href="#[13a]">_SetBkColor</a>
 <LI><a href="#[139]">_SetColor</a>
 <LI><a href="#[13b]">_SetDrawMode</a>
 <LI><a href="#[126]">_CalcSizeOfChar</a>
 <LI><a href="#[127]">_Encode</a>
 <LI><a href="#[124]">_GetCharCode</a>
 <LI><a href="#[125]">_GetCharSize</a>
 <LI><a href="#[133]">_Color2IndexBulk_M8888I</a>
 <LI><a href="#[130]">_Color2Index_M8888I</a>
 <LI><a href="#[132]">_GetIndexMask_M8888I</a>
 <LI><a href="#[134]">_Index2ColorBulk_M8888I</a>
 <LI><a href="#[138]">_DrawNonExistingCharacter_Dummy</a>
 <LI><a href="#[137]">_GetNonExistingCharWidth_Dummy</a>
 <LI><a href="#[1b4]">_CreateStaticDevice</a>
 <LI><a href="#[237]">_Screen2hWin</a>
 <LI><a href="#[244]">_MoveDescendants</a>
 <LI><a href="#[1dd]">_Unlink</a>
 <LI><a href="#[128]">_Color2Index_0</a>
 <LI><a href="#[12a]">_GetIndexMask_0</a>
 <LI><a href="#[129]">_Index2Color_0</a>
 <LI><a href="#[25f]">_OnExit</a>
 <LI><a href="#[118]">_DrawBitmap</a>
 <LI><a href="#[119]">_DrawHLine</a>
 <LI><a href="#[11a]">_DrawVLine</a>
 <LI><a href="#[11b]">_FillRect</a>
 <LI><a href="#[122]">_GetDevData</a>
 <LI><a href="#[120]">_GetDevFunc</a>
 <LI><a href="#[121]">_GetDevProp</a>
 <LI><a href="#[11c]">_GetPixelIndex</a>
 <LI><a href="#[123]">_GetRect</a>
 <LI><a href="#[11f]">_SetOrg</a>
 <LI><a href="#[11d]">_SetPixelIndex</a>
 <LI><a href="#[252]">_XY2PTR</a>
 <LI><a href="#[11e]">_XorPixel</a>
 <LI><a href="#[1d1]">_CreateBuffer</a>
 <LI><a href="#[257]">_FlushBuffer</a>
 <LI><a href="#[1d2]">_GetBkIndex</a>
 <LI><a href="#[1d4]">_GetBkIndexAlpha</a>
 <LI><a href="#[1d0]">_GetDeviceRect</a>
 <LI><a href="#[1d5]">_ReleaseBuffer</a>
 <LI><a href="#[1d3]">_SetBkIndexBuffered</a>
 <LI><a href="#[1cd]">LCD_ReadRectEx</a>
 <LI><a href="#[1bd]">_WriteToActiveAlpha</a>
</UL>
</UL>
<P>
<H3>
Mutually Recursive functions
</H3> <LI><a href="#[5]">NMI_Handler</a>&nbsp;&nbsp;&nbsp;&rArr;&nbsp;&nbsp;&nbsp;<a href="#[5]">NMI_Handler</a><BR>
 <LI><a href="#[6]">HardFault_Handler</a>&nbsp;&nbsp;&nbsp;&rArr;&nbsp;&nbsp;&nbsp;<a href="#[6]">HardFault_Handler</a><BR>
 <LI><a href="#[7]">MemManage_Handler</a>&nbsp;&nbsp;&nbsp;&rArr;&nbsp;&nbsp;&nbsp;<a href="#[7]">MemManage_Handler</a><BR>
 <LI><a href="#[8]">BusFault_Handler</a>&nbsp;&nbsp;&nbsp;&rArr;&nbsp;&nbsp;&nbsp;<a href="#[8]">BusFault_Handler</a><BR>
 <LI><a href="#[9]">UsageFault_Handler</a>&nbsp;&nbsp;&nbsp;&rArr;&nbsp;&nbsp;&nbsp;<a href="#[9]">UsageFault_Handler</a><BR>
 <LI><a href="#[b]">DebugMon_Handler</a>&nbsp;&nbsp;&nbsp;&rArr;&nbsp;&nbsp;&nbsp;<a href="#[b]">DebugMon_Handler</a><BR>
 <LI><a href="#[22d]">WM__InvalidateRect</a>&nbsp;&nbsp;&nbsp;&rArr;&nbsp;&nbsp;&nbsp;<a href="#[22d]">WM__InvalidateRect</a><BR>
 <LI><a href="#[22f]">WM_InvalidateWindowAndDescsEx</a>&nbsp;&nbsp;&nbsp;&rArr;&nbsp;&nbsp;&nbsp;<a href="#[22f]">WM_InvalidateWindowAndDescsEx</a><BR>
 <LI><a href="#[229]">WM__InvalidateDrawAndDescs</a>&nbsp;&nbsp;&nbsp;&rArr;&nbsp;&nbsp;&nbsp;<a href="#[229]">WM__InvalidateDrawAndDescs</a><BR>
 <LI><a href="#[24b]">_EnlargeBlocks</a>&nbsp;&nbsp;&nbsp;&rArr;&nbsp;&nbsp;&nbsp;<a href="#[155]">_Alloc</a><BR>
 <LI><a href="#[210]">WM_SendToParent</a>&nbsp;&nbsp;&nbsp;&rArr;&nbsp;&nbsp;&nbsp;<a href="#[20d]">WM__SendMessage</a><BR>
 <LI><a href="#[212]">WM_DeleteWindow</a>&nbsp;&nbsp;&nbsp;&rArr;&nbsp;&nbsp;&nbsp;<a href="#[212]">WM_DeleteWindow</a><BR>
 <LI><a href="#[23f]">_Findy1</a>&nbsp;&nbsp;&nbsp;&rArr;&nbsp;&nbsp;&nbsp;<a href="#[23f]">_Findy1</a><BR>
 <LI><a href="#[241]">_Findx1</a>&nbsp;&nbsp;&nbsp;&rArr;&nbsp;&nbsp;&nbsp;<a href="#[241]">_Findx1</a><BR>
 <LI><a href="#[240]">_Findx0</a>&nbsp;&nbsp;&nbsp;&rArr;&nbsp;&nbsp;&nbsp;<a href="#[240]">_Findx0</a><BR>
 <LI><a href="#[248]">_PaintTransChildren</a>&nbsp;&nbsp;&nbsp;&rArr;&nbsp;&nbsp;&nbsp;<a href="#[248]">_PaintTransChildren</a><BR>
 <LI><a href="#[133]">_Color2IndexBulk_M8888I</a>&nbsp;&nbsp;&nbsp;&rArr;&nbsp;&nbsp;&nbsp;<a href="#[133]">_Color2IndexBulk_M8888I</a><BR>
 <LI><a href="#[134]">_Index2ColorBulk_M8888I</a>&nbsp;&nbsp;&nbsp;&rArr;&nbsp;&nbsp;&nbsp;<a href="#[134]">_Index2ColorBulk_M8888I</a><BR>
</UL>
<P>
<H3>
Function Pointers
</H3><UL>
 <LI><a href="#[89]">ACMP1_IRQHandler</a> from startup_mimxrt1052.o(.text) referenced from startup_mimxrt1052.o(RESET)
 <LI><a href="#[8a]">ACMP2_IRQHandler</a> from startup_mimxrt1052.o(.text) referenced from startup_mimxrt1052.o(RESET)
 <LI><a href="#[8b]">ACMP3_IRQHandler</a> from startup_mimxrt1052.o(.text) referenced from startup_mimxrt1052.o(RESET)
 <LI><a href="#[8c]">ACMP4_IRQHandler</a> from startup_mimxrt1052.o(.text) referenced from startup_mimxrt1052.o(RESET)
 <LI><a href="#[51]">ADC1_IRQHandler</a> from startup_mimxrt1052.o(.text) referenced from startup_mimxrt1052.o(RESET)
 <LI><a href="#[52]">ADC2_IRQHandler</a> from startup_mimxrt1052.o(.text) referenced from startup_mimxrt1052.o(RESET)
 <LI><a href="#[87]">ADC_ETC_ERROR_IRQ_IRQHandler</a> from startup_mimxrt1052.o(.text) referenced from startup_mimxrt1052.o(RESET)
 <LI><a href="#[84]">ADC_ETC_IRQ0_IRQHandler</a> from startup_mimxrt1052.o(.text) referenced from startup_mimxrt1052.o(RESET)
 <LI><a href="#[85]">ADC_ETC_IRQ1_IRQHandler</a> from startup_mimxrt1052.o(.text) referenced from startup_mimxrt1052.o(RESET)
 <LI><a href="#[86]">ADC_ETC_IRQ2_IRQHandler</a> from startup_mimxrt1052.o(.text) referenced from startup_mimxrt1052.o(RESET)
 <LI><a href="#[4b]">ANATOP_EVENT0_IRQHandler</a> from startup_mimxrt1052.o(.text) referenced from startup_mimxrt1052.o(RESET)
 <LI><a href="#[4c]">ANATOP_EVENT1_IRQHandler</a> from startup_mimxrt1052.o(.text) referenced from startup_mimxrt1052.o(RESET)
 <LI><a href="#[4d]">ANATOP_TAMP_LOW_HIGH_IRQHandler</a> from startup_mimxrt1052.o(.text) referenced from startup_mimxrt1052.o(RESET)
 <LI><a href="#[4e]">ANATOP_TEMP_PANIC_IRQHandler</a> from startup_mimxrt1052.o(.text) referenced from startup_mimxrt1052.o(RESET)
 <LI><a href="#[45]">BEE_IRQHandler</a> from startup_mimxrt1052.o(.text) referenced from startup_mimxrt1052.o(RESET)
 <LI><a href="#[8]">BusFault_Handler</a> from startup_mimxrt1052.o(.text) referenced from startup_mimxrt1052.o(RESET)
 <LI><a href="#[d3]">CAN1_DriverIRQHandler</a> from startup_mimxrt1052.o(.text) referenced from startup_mimxrt1052.o(.text)
 <LI><a href="#[32]">CAN1_IRQHandler</a> from startup_mimxrt1052.o(.text) referenced from startup_mimxrt1052.o(RESET)
 <LI><a href="#[d4]">CAN2_DriverIRQHandler</a> from startup_mimxrt1052.o(.text) referenced from startup_mimxrt1052.o(.text)
 <LI><a href="#[33]">CAN2_IRQHandler</a> from startup_mimxrt1052.o(.text) referenced from startup_mimxrt1052.o(RESET)
 <LI><a href="#[6d]">CCM_1_IRQHandler</a> from startup_mimxrt1052.o(.text) referenced from startup_mimxrt1052.o(RESET)
 <LI><a href="#[6e]">CCM_2_IRQHandler</a> from startup_mimxrt1052.o(.text) referenced from startup_mimxrt1052.o(RESET)
 <LI><a href="#[21]">CORE_IRQHandler</a> from startup_mimxrt1052.o(.text) referenced from startup_mimxrt1052.o(RESET)
 <LI><a href="#[39]">CSI_IRQHandler</a> from startup_mimxrt1052.o(.text) referenced from startup_mimxrt1052.o(RESET)
 <LI><a href="#[3f]">CSU_IRQHandler</a> from startup_mimxrt1052.o(.text) referenced from startup_mimxrt1052.o(RESET)
 <LI><a href="#[1f]">CTI0_ERROR_IRQHandler</a> from startup_mimxrt1052.o(.text) referenced from startup_mimxrt1052.o(RESET)
 <LI><a href="#[20]">CTI1_ERROR_IRQHandler</a> from startup_mimxrt1052.o(.text) referenced from startup_mimxrt1052.o(RESET)
 <LI><a href="#[53]">DCDC_IRQHandler</a> from startup_mimxrt1052.o(.text) referenced from startup_mimxrt1052.o(RESET)
 <LI><a href="#[40]">DCP_IRQHandler</a> from startup_mimxrt1052.o(.text) referenced from startup_mimxrt1052.o(RESET)
 <LI><a href="#[41]">DCP_VMI_IRQHandler</a> from startup_mimxrt1052.o(.text) referenced from startup_mimxrt1052.o(RESET)
 <LI><a href="#[b2]">DMA0_DMA16_DriverIRQHandler</a> from startup_mimxrt1052.o(.text) referenced from startup_mimxrt1052.o(.text)
 <LI><a href="#[e]">DMA0_DMA16_IRQHandler</a> from startup_mimxrt1052.o(.text) referenced from startup_mimxrt1052.o(RESET)
 <LI><a href="#[bc]">DMA10_DMA26_DriverIRQHandler</a> from startup_mimxrt1052.o(.text) referenced from startup_mimxrt1052.o(.text)
 <LI><a href="#[18]">DMA10_DMA26_IRQHandler</a> from startup_mimxrt1052.o(.text) referenced from startup_mimxrt1052.o(RESET)
 <LI><a href="#[bd]">DMA11_DMA27_DriverIRQHandler</a> from startup_mimxrt1052.o(.text) referenced from startup_mimxrt1052.o(.text)
 <LI><a href="#[19]">DMA11_DMA27_IRQHandler</a> from startup_mimxrt1052.o(.text) referenced from startup_mimxrt1052.o(RESET)
 <LI><a href="#[be]">DMA12_DMA28_DriverIRQHandler</a> from startup_mimxrt1052.o(.text) referenced from startup_mimxrt1052.o(.text)
 <LI><a href="#[1a]">DMA12_DMA28_IRQHandler</a> from startup_mimxrt1052.o(.text) referenced from startup_mimxrt1052.o(RESET)
 <LI><a href="#[bf]">DMA13_DMA29_DriverIRQHandler</a> from startup_mimxrt1052.o(.text) referenced from startup_mimxrt1052.o(.text)
 <LI><a href="#[1b]">DMA13_DMA29_IRQHandler</a> from startup_mimxrt1052.o(.text) referenced from startup_mimxrt1052.o(RESET)
 <LI><a href="#[c0]">DMA14_DMA30_DriverIRQHandler</a> from startup_mimxrt1052.o(.text) referenced from startup_mimxrt1052.o(.text)
 <LI><a href="#[1c]">DMA14_DMA30_IRQHandler</a> from startup_mimxrt1052.o(.text) referenced from startup_mimxrt1052.o(RESET)
 <LI><a href="#[c1]">DMA15_DMA31_DriverIRQHandler</a> from startup_mimxrt1052.o(.text) referenced from startup_mimxrt1052.o(.text)
 <LI><a href="#[1d]">DMA15_DMA31_IRQHandler</a> from startup_mimxrt1052.o(.text) referenced from startup_mimxrt1052.o(RESET)
 <LI><a href="#[b3]">DMA1_DMA17_DriverIRQHandler</a> from startup_mimxrt1052.o(.text) referenced from startup_mimxrt1052.o(.text)
 <LI><a href="#[f]">DMA1_DMA17_IRQHandler</a> from startup_mimxrt1052.o(.text) referenced from startup_mimxrt1052.o(RESET)
 <LI><a href="#[b4]">DMA2_DMA18_DriverIRQHandler</a> from startup_mimxrt1052.o(.text) referenced from startup_mimxrt1052.o(.text)
 <LI><a href="#[10]">DMA2_DMA18_IRQHandler</a> from startup_mimxrt1052.o(.text) referenced from startup_mimxrt1052.o(RESET)
 <LI><a href="#[b5]">DMA3_DMA19_DriverIRQHandler</a> from startup_mimxrt1052.o(.text) referenced from startup_mimxrt1052.o(.text)
 <LI><a href="#[11]">DMA3_DMA19_IRQHandler</a> from startup_mimxrt1052.o(.text) referenced from startup_mimxrt1052.o(RESET)
 <LI><a href="#[b6]">DMA4_DMA20_DriverIRQHandler</a> from startup_mimxrt1052.o(.text) referenced from startup_mimxrt1052.o(.text)
 <LI><a href="#[12]">DMA4_DMA20_IRQHandler</a> from startup_mimxrt1052.o(.text) referenced from startup_mimxrt1052.o(RESET)
 <LI><a href="#[b7]">DMA5_DMA21_DriverIRQHandler</a> from startup_mimxrt1052.o(.text) referenced from startup_mimxrt1052.o(.text)
 <LI><a href="#[13]">DMA5_DMA21_IRQHandler</a> from startup_mimxrt1052.o(.text) referenced from startup_mimxrt1052.o(RESET)
 <LI><a href="#[b8]">DMA6_DMA22_DriverIRQHandler</a> from startup_mimxrt1052.o(.text) referenced from startup_mimxrt1052.o(.text)
 <LI><a href="#[14]">DMA6_DMA22_IRQHandler</a> from startup_mimxrt1052.o(.text) referenced from startup_mimxrt1052.o(RESET)
 <LI><a href="#[b9]">DMA7_DMA23_DriverIRQHandler</a> from startup_mimxrt1052.o(.text) referenced from startup_mimxrt1052.o(.text)
 <LI><a href="#[15]">DMA7_DMA23_IRQHandler</a> from startup_mimxrt1052.o(.text) referenced from startup_mimxrt1052.o(RESET)
 <LI><a href="#[ba]">DMA8_DMA24_DriverIRQHandler</a> from startup_mimxrt1052.o(.text) referenced from startup_mimxrt1052.o(.text)
 <LI><a href="#[16]">DMA8_DMA24_IRQHandler</a> from startup_mimxrt1052.o(.text) referenced from startup_mimxrt1052.o(RESET)
 <LI><a href="#[bb]">DMA9_DMA25_DriverIRQHandler</a> from startup_mimxrt1052.o(.text) referenced from startup_mimxrt1052.o(.text)
 <LI><a href="#[17]">DMA9_DMA25_IRQHandler</a> from startup_mimxrt1052.o(.text) referenced from startup_mimxrt1052.o(RESET)
 <LI><a href="#[c2]">DMA_ERROR_DriverIRQHandler</a> from startup_mimxrt1052.o(.text) referenced from startup_mimxrt1052.o(.text)
 <LI><a href="#[1e]">DMA_ERROR_IRQHandler</a> from startup_mimxrt1052.o(.text) referenced from startup_mimxrt1052.o(RESET)
 <LI><a href="#[e1]">DbgConsole_RelocateLog</a> from fsl_debug_console.o(i.DbgConsole_RelocateLog) referenced from fsl_debug_console.o(i.DbgConsole_Printf)
 <LI><a href="#[b]">DebugMon_Handler</a> from startup_mimxrt1052.o(.text) referenced from startup_mimxrt1052.o(RESET)
 <LI><a href="#[ae]">DefaultISR</a> from startup_mimxrt1052.o(.text) referenced from startup_mimxrt1052.o(.text)
 <LI><a href="#[ae]">DefaultISR</a> from startup_mimxrt1052.o(.text) referenced 79 times from startup_mimxrt1052.o(RESET)
 <LI><a href="#[8f]">ENC1_IRQHandler</a> from startup_mimxrt1052.o(.text) referenced from startup_mimxrt1052.o(RESET)
 <LI><a href="#[90]">ENC2_IRQHandler</a> from startup_mimxrt1052.o(.text) referenced from startup_mimxrt1052.o(RESET)
 <LI><a href="#[91]">ENC3_IRQHandler</a> from startup_mimxrt1052.o(.text) referenced from startup_mimxrt1052.o(RESET)
 <LI><a href="#[92]">ENC4_IRQHandler</a> from startup_mimxrt1052.o(.text) referenced from startup_mimxrt1052.o(RESET)
 <LI><a href="#[e0]">ENET_1588_Timer_DriverIRQHandler</a> from startup_mimxrt1052.o(.text) referenced from startup_mimxrt1052.o(.text)
 <LI><a href="#[81]">ENET_1588_Timer_IRQHandler</a> from startup_mimxrt1052.o(.text) referenced from startup_mimxrt1052.o(RESET)
 <LI><a href="#[df]">ENET_DriverIRQHandler</a> from startup_mimxrt1052.o(.text) referenced from startup_mimxrt1052.o(.text)
 <LI><a href="#[80]">ENET_IRQHandler</a> from startup_mimxrt1052.o(.text) referenced from startup_mimxrt1052.o(RESET)
 <LI><a href="#[6c]">EWM_IRQHandler</a> from startup_mimxrt1052.o(.text) referenced from startup_mimxrt1052.o(RESET)
 <LI><a href="#[da]">FLEXIO1_DriverIRQHandler</a> from startup_mimxrt1052.o(.text) referenced from startup_mimxrt1052.o(.text)
 <LI><a href="#[68]">FLEXIO1_IRQHandler</a> from startup_mimxrt1052.o(.text) referenced from startup_mimxrt1052.o(RESET)
 <LI><a href="#[db]">FLEXIO2_DriverIRQHandler</a> from startup_mimxrt1052.o(.text) referenced from startup_mimxrt1052.o(.text)
 <LI><a href="#[69]">FLEXIO2_IRQHandler</a> from startup_mimxrt1052.o(.text) referenced from startup_mimxrt1052.o(RESET)
 <LI><a href="#[34]">FLEXRAM_IRQHandler</a> from startup_mimxrt1052.o(.text) referenced from startup_mimxrt1052.o(RESET)
 <LI><a href="#[dc]">FLEXSPI_DriverIRQHandler</a> from startup_mimxrt1052.o(.text) referenced from startup_mimxrt1052.o(.text)
 <LI><a href="#[7a]">FLEXSPI_IRQHandler</a> from startup_mimxrt1052.o(.text) referenced from startup_mimxrt1052.o(RESET)
 <LI><a href="#[6f]">GPC_IRQHandler</a> from startup_mimxrt1052.o(.text) referenced from startup_mimxrt1052.o(RESET)
 <LI><a href="#[5e]">GPIO1_Combined_0_15_IRQHandler</a> from bsp_i2c_touch.o(i.GPIO1_Combined_0_15_IRQHandler) referenced from startup_mimxrt1052.o(RESET)
 <LI><a href="#[5f]">GPIO1_Combined_16_31_IRQHandler</a> from startup_mimxrt1052.o(.text) referenced from startup_mimxrt1052.o(RESET)
 <LI><a href="#[56]">GPIO1_INT0_IRQHandler</a> from startup_mimxrt1052.o(.text) referenced from startup_mimxrt1052.o(RESET)
 <LI><a href="#[57]">GPIO1_INT1_IRQHandler</a> from startup_mimxrt1052.o(.text) referenced from startup_mimxrt1052.o(RESET)
 <LI><a href="#[58]">GPIO1_INT2_IRQHandler</a> from startup_mimxrt1052.o(.text) referenced from startup_mimxrt1052.o(RESET)
 <LI><a href="#[59]">GPIO1_INT3_IRQHandler</a> from startup_mimxrt1052.o(.text) referenced from startup_mimxrt1052.o(RESET)
 <LI><a href="#[5a]">GPIO1_INT4_IRQHandler</a> from startup_mimxrt1052.o(.text) referenced from startup_mimxrt1052.o(RESET)
 <LI><a href="#[5b]">GPIO1_INT5_IRQHandler</a> from startup_mimxrt1052.o(.text) referenced from startup_mimxrt1052.o(RESET)
 <LI><a href="#[5c]">GPIO1_INT6_IRQHandler</a> from startup_mimxrt1052.o(.text) referenced from startup_mimxrt1052.o(RESET)
 <LI><a href="#[5d]">GPIO1_INT7_IRQHandler</a> from startup_mimxrt1052.o(.text) referenced from startup_mimxrt1052.o(RESET)
 <LI><a href="#[60]">GPIO2_Combined_0_15_IRQHandler</a> from startup_mimxrt1052.o(.text) referenced from startup_mimxrt1052.o(RESET)
 <LI><a href="#[61]">GPIO2_Combined_16_31_IRQHandler</a> from startup_mimxrt1052.o(.text) referenced from startup_mimxrt1052.o(RESET)
 <LI><a href="#[62]">GPIO3_Combined_0_15_IRQHandler</a> from startup_mimxrt1052.o(.text) referenced from startup_mimxrt1052.o(RESET)
 <LI><a href="#[63]">GPIO3_Combined_16_31_IRQHandler</a> from startup_mimxrt1052.o(.text) referenced from startup_mimxrt1052.o(RESET)
 <LI><a href="#[64]">GPIO4_Combined_0_15_IRQHandler</a> from startup_mimxrt1052.o(.text) referenced from startup_mimxrt1052.o(RESET)
 <LI><a href="#[65]">GPIO4_Combined_16_31_IRQHandler</a> from startup_mimxrt1052.o(.text) referenced from startup_mimxrt1052.o(RESET)
 <LI><a href="#[66]">GPIO5_Combined_0_15_IRQHandler</a> from startup_mimxrt1052.o(.text) referenced from startup_mimxrt1052.o(RESET)
 <LI><a href="#[67]">GPIO5_Combined_16_31_IRQHandler</a> from startup_mimxrt1052.o(.text) referenced from startup_mimxrt1052.o(RESET)
 <LI><a href="#[37]">GPR_IRQ_IRQHandler</a> from startup_mimxrt1052.o(.text) referenced from startup_mimxrt1052.o(RESET)
 <LI><a href="#[72]">GPT1_IRQHandler</a> from startup_mimxrt1052.o(.text) referenced from startup_mimxrt1052.o(RESET)
 <LI><a href="#[73]">GPT2_IRQHandler</a> from startup_mimxrt1052.o(.text) referenced from startup_mimxrt1052.o(RESET)
 <LI><a href="#[104]">GUIMONO_DispChar</a> from GUI_CharM.o(.text.GUIMONO_DispChar) referenced from F6x8.o(.rodata.GUI_Font6x8)
 <LI><a href="#[105]">GUIMONO_GetCharDistX</a> from GUI_CharM.o(.text.GUIMONO_GetCharDistX) referenced from F6x8.o(.rodata.GUI_Font6x8)
 <LI><a href="#[106]">GUIMONO_GetFontInfo</a> from GUI_CharM.o(.text.GUIMONO_GetFontInfo) referenced from F6x8.o(.rodata.GUI_Font6x8)
 <LI><a href="#[107]">GUIMONO_IsInFont</a> from GUI_CharM.o(.text.GUIMONO_IsInFont) referenced from F6x8.o(.rodata.GUI_Font6x8)
 <LI><a href="#[108]">GUIPROP_DispChar</a> from GUI_CharP.o(.text.GUIPROP_DispChar) referenced from F8x16_ASCII.o(.rodata.GUI_Font8x16_ASCII)
 <LI><a href="#[109]">GUIPROP_GetCharDistX</a> from GUI_CharP.o(.text.GUIPROP_GetCharDistX) referenced from F8x16_ASCII.o(.rodata.GUI_Font8x16_ASCII)
 <LI><a href="#[10a]">GUIPROP_GetFontInfo</a> from GUI_CharP.o(.text.GUIPROP_GetFontInfo) referenced from F8x16_ASCII.o(.rodata.GUI_Font8x16_ASCII)
 <LI><a href="#[10b]">GUIPROP_IsInFont</a> from GUI_CharP.o(.text.GUIPROP_IsInFont) referenced from F8x16_ASCII.o(.rodata.GUI_Font8x16_ASCII)
 <LI><a href="#[e6]">GUI_ANIM__Accel</a> from GUI_ANIM.o(.text.GUI_ANIM__Accel) referenced from animation_basics.o(i._AnimCreate)
 <LI><a href="#[ea]">GUI_ANIM__AccelDecel</a> from GUI_ANIM.o(.text.GUI_ANIM__AccelDecel) referenced from animation_basics.o(i._AnimCreate)
 <LI><a href="#[e8]">GUI_ANIM__Decel</a> from GUI_ANIM.o(.text.GUI_ANIM__Decel) referenced from animation_basics.o(i._AnimCreate)
 <LI><a href="#[ec]">GUI_ANIM__Linear</a> from GUI_ANIM.o(.text.GUI_ANIM__Linear) referenced from animation_basics.o(i._AnimCreate)
 <LI><a href="#[f4]">GUI_USAGE_BM_AddHLine</a> from GUIDEV_UsageBM.o(.text.GUI_USAGE_BM_AddHLine) referenced from GUIDEV_UsageBM.o(.rodata.API)
 <LI><a href="#[f3]">GUI_USAGE_BM_AddPixel</a> from GUIDEV_UsageBM.o(.text.GUI_USAGE_BM_AddPixel) referenced from GUIDEV_UsageBM.o(.rodata.API)
 <LI><a href="#[f5]">GUI_USAGE_BM_Clear</a> from GUIDEV_UsageBM.o(.text.GUI_USAGE_BM_Clear) referenced from GUIDEV_UsageBM.o(.rodata.API)
 <LI><a href="#[f7]">GUI_USAGE_BM_GetNextDirty</a> from GUIDEV_UsageBM.o(.text.GUI_USAGE_BM_GetNextDirty) referenced from GUIDEV_UsageBM.o(.rodata.API)
 <LI><a href="#[3]">GUI__MixColors</a> from GUI__Alpha.o(.text.GUI__MixColors) referenced 2 times from GUI__Alpha.o(.data.GUI__pfMixColors)
 <LI><a href="#[6]">HardFault_Handler</a> from startup_mimxrt1052.o(.text) referenced from startup_mimxrt1052.o(RESET)
 <LI><a href="#[e2]">I2C_Master_Callback</a> from bsp_i2c_touch.o(i.I2C_Master_Callback) referenced from bsp_i2c_touch.o(i.GTP_I2C_ModeInit)
 <LI><a href="#[35]">KPP_IRQHandler</a> from startup_mimxrt1052.o(.text) referenced from startup_mimxrt1052.o(RESET)
 <LI><a href="#[38]">LCDIF_IRQHandler</a> from emwin_support.o(i.LCDIF_IRQHandler) referenced from startup_mimxrt1052.o(RESET)
 <LI><a href="#[135]">LCD_DrawHLine</a> from LCD.o(.text.LCD_DrawHLine) referenced from GUI_Core.o(.rodata._HL_APIList)
 <LI><a href="#[136]">LCD_DrawPixel</a> from LCD.o(.text.LCD_DrawPixel) referenced from GUI_Core.o(.rodata._HL_APIList)
 <LI><a href="#[12c]">LCD_Index2Color_M565</a> from GUICC_M565.o(.text.LCD_Index2Color_M565) referenced from GUICC_M565.o(.rodata.LCD_API_ColorConv_M565)
 <LI><a href="#[131]">LCD_Index2Color_M8888I</a> from GUICC_M8888I_Index2Color.o(.text.LCD_Index2Color_M8888I) referenced from GUICC_M8888I.o(.rodata.LCD_API_ColorConv_M8888I)
 <LI><a href="#[cb]">LPI2C1_DriverIRQHandler</a> from fsl_lpi2c.o(i.LPI2C1_DriverIRQHandler) referenced from startup_mimxrt1052.o(.text)
 <LI><a href="#[2a]">LPI2C1_IRQHandler</a> from startup_mimxrt1052.o(.text) referenced from startup_mimxrt1052.o(RESET)
 <LI><a href="#[cc]">LPI2C2_DriverIRQHandler</a> from fsl_lpi2c.o(i.LPI2C2_DriverIRQHandler) referenced from startup_mimxrt1052.o(.text)
 <LI><a href="#[2b]">LPI2C2_IRQHandler</a> from startup_mimxrt1052.o(.text) referenced from startup_mimxrt1052.o(RESET)
 <LI><a href="#[cd]">LPI2C3_DriverIRQHandler</a> from fsl_lpi2c.o(i.LPI2C3_DriverIRQHandler) referenced from startup_mimxrt1052.o(.text)
 <LI><a href="#[2c]">LPI2C3_IRQHandler</a> from startup_mimxrt1052.o(.text) referenced from startup_mimxrt1052.o(RESET)
 <LI><a href="#[ce]">LPI2C4_DriverIRQHandler</a> from startup_mimxrt1052.o(.text) referenced from startup_mimxrt1052.o(.text)
 <LI><a href="#[2d]">LPI2C4_IRQHandler</a> from startup_mimxrt1052.o(.text) referenced from startup_mimxrt1052.o(RESET)
 <LI><a href="#[e3]">LPI2C_MasterTransferHandleIRQ</a> from fsl_lpi2c.o(i.LPI2C_MasterTransferHandleIRQ) referenced from fsl_lpi2c.o(i.LPI2C_MasterTransferCreateHandle)
 <LI><a href="#[cf]">LPSPI1_DriverIRQHandler</a> from startup_mimxrt1052.o(.text) referenced from startup_mimxrt1052.o(.text)
 <LI><a href="#[2e]">LPSPI1_IRQHandler</a> from startup_mimxrt1052.o(.text) referenced from startup_mimxrt1052.o(RESET)
 <LI><a href="#[d0]">LPSPI2_DriverIRQHandler</a> from startup_mimxrt1052.o(.text) referenced from startup_mimxrt1052.o(.text)
 <LI><a href="#[2f]">LPSPI2_IRQHandler</a> from startup_mimxrt1052.o(.text) referenced from startup_mimxrt1052.o(RESET)
 <LI><a href="#[d1]">LPSPI3_DriverIRQHandler</a> from startup_mimxrt1052.o(.text) referenced from startup_mimxrt1052.o(.text)
 <LI><a href="#[30]">LPSPI3_IRQHandler</a> from startup_mimxrt1052.o(.text) referenced from startup_mimxrt1052.o(RESET)
 <LI><a href="#[d2]">LPSPI4_DriverIRQHandler</a> from startup_mimxrt1052.o(.text) referenced from startup_mimxrt1052.o(.text)
 <LI><a href="#[31]">LPSPI4_IRQHandler</a> from startup_mimxrt1052.o(.text) referenced from startup_mimxrt1052.o(RESET)
 <LI><a href="#[c3]">LPUART1_DriverIRQHandler</a> from fsl_lpuart.o(i.LPUART1_DriverIRQHandler) referenced from startup_mimxrt1052.o(.text)
 <LI><a href="#[22]">LPUART1_IRQHandler</a> from startup_mimxrt1052.o(.text) referenced from startup_mimxrt1052.o(RESET)
 <LI><a href="#[c4]">LPUART2_DriverIRQHandler</a> from fsl_lpuart.o(i.LPUART2_DriverIRQHandler) referenced from startup_mimxrt1052.o(.text)
 <LI><a href="#[23]">LPUART2_IRQHandler</a> from startup_mimxrt1052.o(.text) referenced from startup_mimxrt1052.o(RESET)
 <LI><a href="#[c5]">LPUART3_DriverIRQHandler</a> from fsl_lpuart.o(i.LPUART3_DriverIRQHandler) referenced from startup_mimxrt1052.o(.text)
 <LI><a href="#[24]">LPUART3_IRQHandler</a> from startup_mimxrt1052.o(.text) referenced from startup_mimxrt1052.o(RESET)
 <LI><a href="#[c6]">LPUART4_DriverIRQHandler</a> from fsl_lpuart.o(i.LPUART4_DriverIRQHandler) referenced from startup_mimxrt1052.o(.text)
 <LI><a href="#[25]">LPUART4_IRQHandler</a> from startup_mimxrt1052.o(.text) referenced from startup_mimxrt1052.o(RESET)
 <LI><a href="#[c7]">LPUART5_DriverIRQHandler</a> from fsl_lpuart.o(i.LPUART5_DriverIRQHandler) referenced from startup_mimxrt1052.o(.text)
 <LI><a href="#[26]">LPUART5_IRQHandler</a> from startup_mimxrt1052.o(.text) referenced from startup_mimxrt1052.o(RESET)
 <LI><a href="#[c8]">LPUART6_DriverIRQHandler</a> from fsl_lpuart.o(i.LPUART6_DriverIRQHandler) referenced from startup_mimxrt1052.o(.text)
 <LI><a href="#[27]">LPUART6_IRQHandler</a> from startup_mimxrt1052.o(.text) referenced from startup_mimxrt1052.o(RESET)
 <LI><a href="#[c9]">LPUART7_DriverIRQHandler</a> from fsl_lpuart.o(i.LPUART7_DriverIRQHandler) referenced from startup_mimxrt1052.o(.text)
 <LI><a href="#[28]">LPUART7_IRQHandler</a> from startup_mimxrt1052.o(.text) referenced from startup_mimxrt1052.o(RESET)
 <LI><a href="#[ca]">LPUART8_DriverIRQHandler</a> from fsl_lpuart.o(i.LPUART8_DriverIRQHandler) referenced from startup_mimxrt1052.o(.text)
 <LI><a href="#[29]">LPUART8_IRQHandler</a> from startup_mimxrt1052.o(.text) referenced from startup_mimxrt1052.o(RESET)
 <LI><a href="#[7]">MemManage_Handler</a> from startup_mimxrt1052.o(.text) referenced from startup_mimxrt1052.o(RESET)
 <LI><a href="#[5]">NMI_Handler</a> from startup_mimxrt1052.o(.text) referenced from startup_mimxrt1052.o(RESET)
 <LI><a href="#[ad]">NMI_WAKEUP_IRQHandler</a> from startup_mimxrt1052.o(.text) referenced from startup_mimxrt1052.o(RESET)
 <LI><a href="#[88]">PIT_IRQHandler</a> from startup_mimxrt1052.o(.text) referenced from startup_mimxrt1052.o(RESET)
 <LI><a href="#[74]">PWM1_0_IRQHandler</a> from startup_mimxrt1052.o(.text) referenced from startup_mimxrt1052.o(RESET)
 <LI><a href="#[75]">PWM1_1_IRQHandler</a> from startup_mimxrt1052.o(.text) referenced from startup_mimxrt1052.o(RESET)
 <LI><a href="#[76]">PWM1_2_IRQHandler</a> from startup_mimxrt1052.o(.text) referenced from startup_mimxrt1052.o(RESET)
 <LI><a href="#[77]">PWM1_3_IRQHandler</a> from startup_mimxrt1052.o(.text) referenced from startup_mimxrt1052.o(RESET)
 <LI><a href="#[78]">PWM1_FAULT_IRQHandler</a> from startup_mimxrt1052.o(.text) referenced from startup_mimxrt1052.o(RESET)
 <LI><a href="#[97]">PWM2_0_IRQHandler</a> from startup_mimxrt1052.o(.text) referenced from startup_mimxrt1052.o(RESET)
 <LI><a href="#[98]">PWM2_1_IRQHandler</a> from startup_mimxrt1052.o(.text) referenced from startup_mimxrt1052.o(RESET)
 <LI><a href="#[99]">PWM2_2_IRQHandler</a> from startup_mimxrt1052.o(.text) referenced from startup_mimxrt1052.o(RESET)
 <LI><a href="#[9a]">PWM2_3_IRQHandler</a> from startup_mimxrt1052.o(.text) referenced from startup_mimxrt1052.o(RESET)
 <LI><a href="#[9b]">PWM2_FAULT_IRQHandler</a> from startup_mimxrt1052.o(.text) referenced from startup_mimxrt1052.o(RESET)
 <LI><a href="#[9c]">PWM3_0_IRQHandler</a> from startup_mimxrt1052.o(.text) referenced from startup_mimxrt1052.o(RESET)
 <LI><a href="#[9d]">PWM3_1_IRQHandler</a> from startup_mimxrt1052.o(.text) referenced from startup_mimxrt1052.o(RESET)
 <LI><a href="#[9e]">PWM3_2_IRQHandler</a> from startup_mimxrt1052.o(.text) referenced from startup_mimxrt1052.o(RESET)
 <LI><a href="#[9f]">PWM3_3_IRQHandler</a> from startup_mimxrt1052.o(.text) referenced from startup_mimxrt1052.o(RESET)
 <LI><a href="#[a0]">PWM3_FAULT_IRQHandler</a> from startup_mimxrt1052.o(.text) referenced from startup_mimxrt1052.o(RESET)
 <LI><a href="#[a1]">PWM4_0_IRQHandler</a> from startup_mimxrt1052.o(.text) referenced from startup_mimxrt1052.o(RESET)
 <LI><a href="#[a2]">PWM4_1_IRQHandler</a> from startup_mimxrt1052.o(.text) referenced from startup_mimxrt1052.o(RESET)
 <LI><a href="#[a3]">PWM4_2_IRQHandler</a> from startup_mimxrt1052.o(.text) referenced from startup_mimxrt1052.o(RESET)
 <LI><a href="#[a4]">PWM4_3_IRQHandler</a> from startup_mimxrt1052.o(.text) referenced from startup_mimxrt1052.o(RESET)
 <LI><a href="#[a5]">PWM4_FAULT_IRQHandler</a> from startup_mimxrt1052.o(.text) referenced from startup_mimxrt1052.o(RESET)
 <LI><a href="#[3a]">PXP_IRQHandler</a> from startup_mimxrt1052.o(.text) referenced from startup_mimxrt1052.o(RESET)
 <LI><a href="#[c]">PendSV_Handler</a> from port.o(.emb_text) referenced from startup_mimxrt1052.o(RESET)
 <LI><a href="#[6b]">RTWDOG_IRQHandler</a> from startup_mimxrt1052.o(.text) referenced from startup_mimxrt1052.o(RESET)
 <LI><a href="#[71]">Reserved115_IRQHandler</a> from startup_mimxrt1052.o(.text) referenced from startup_mimxrt1052.o(RESET)
 <LI><a href="#[79]">Reserved123_IRQHandler</a> from startup_mimxrt1052.o(.text) referenced from startup_mimxrt1052.o(RESET)
 <LI><a href="#[8d]">Reserved143_IRQHandler</a> from startup_mimxrt1052.o(.text) referenced from startup_mimxrt1052.o(RESET)
 <LI><a href="#[8e]">Reserved144_IRQHandler</a> from startup_mimxrt1052.o(.text) referenced from startup_mimxrt1052.o(RESET)
 <LI><a href="#[a6]">Reserved168_IRQHandler</a> from startup_mimxrt1052.o(.text) referenced from startup_mimxrt1052.o(RESET)
 <LI><a href="#[a7]">Reserved169_IRQHandler</a> from startup_mimxrt1052.o(.text) referenced from startup_mimxrt1052.o(RESET)
 <LI><a href="#[a8]">Reserved170_IRQHandler</a> from startup_mimxrt1052.o(.text) referenced from startup_mimxrt1052.o(RESET)
 <LI><a href="#[a9]">Reserved171_IRQHandler</a> from startup_mimxrt1052.o(.text) referenced from startup_mimxrt1052.o(RESET)
 <LI><a href="#[aa]">Reserved172_IRQHandler</a> from startup_mimxrt1052.o(.text) referenced from startup_mimxrt1052.o(RESET)
 <LI><a href="#[ab]">Reserved173_IRQHandler</a> from startup_mimxrt1052.o(.text) referenced from startup_mimxrt1052.o(RESET)
 <LI><a href="#[42]">Reserved68_IRQHandler</a> from startup_mimxrt1052.o(.text) referenced from startup_mimxrt1052.o(RESET)
 <LI><a href="#[54]">Reserved86_IRQHandler</a> from startup_mimxrt1052.o(.text) referenced from startup_mimxrt1052.o(RESET)
 <LI><a href="#[55]">Reserved87_IRQHandler</a> from startup_mimxrt1052.o(.text) referenced from startup_mimxrt1052.o(RESET)
 <LI><a href="#[4]">Reset_Handler</a> from startup_mimxrt1052.o(.text) referenced from startup_mimxrt1052.o(RESET)
 <LI><a href="#[d5]">SAI1_DriverIRQHandler</a> from startup_mimxrt1052.o(.text) referenced from startup_mimxrt1052.o(.text)
 <LI><a href="#[46]">SAI1_IRQHandler</a> from startup_mimxrt1052.o(.text) referenced from startup_mimxrt1052.o(RESET)
 <LI><a href="#[d6]">SAI2_DriverIRQHandler</a> from startup_mimxrt1052.o(.text) referenced from startup_mimxrt1052.o(.text)
 <LI><a href="#[47]">SAI2_IRQHandler</a> from startup_mimxrt1052.o(.text) referenced from startup_mimxrt1052.o(RESET)
 <LI><a href="#[d7]">SAI3_RX_DriverIRQHandler</a> from startup_mimxrt1052.o(.text) referenced from startup_mimxrt1052.o(.text)
 <LI><a href="#[48]">SAI3_RX_IRQHandler</a> from startup_mimxrt1052.o(.text) referenced from startup_mimxrt1052.o(RESET)
 <LI><a href="#[d8]">SAI3_TX_DriverIRQHandler</a> from startup_mimxrt1052.o(.text) referenced from startup_mimxrt1052.o(.text)
 <LI><a href="#[49]">SAI3_TX_IRQHandler</a> from startup_mimxrt1052.o(.text) referenced from startup_mimxrt1052.o(RESET)
 <LI><a href="#[7b]">SEMC_IRQHandler</a> from startup_mimxrt1052.o(.text) referenced from startup_mimxrt1052.o(RESET)
 <LI><a href="#[ac]">SJC_ARM_DEBUG_IRQHandler</a> from startup_mimxrt1052.o(.text) referenced from startup_mimxrt1052.o(RESET)
 <LI><a href="#[44]">SJC_IRQHandler</a> from startup_mimxrt1052.o(.text) referenced from startup_mimxrt1052.o(RESET)
 <LI><a href="#[3c]">SNVS_HP_WRAPPER_IRQHandler</a> from startup_mimxrt1052.o(.text) referenced from startup_mimxrt1052.o(RESET)
 <LI><a href="#[3d]">SNVS_HP_WRAPPER_TZ_IRQHandler</a> from startup_mimxrt1052.o(.text) referenced from startup_mimxrt1052.o(RESET)
 <LI><a href="#[3e]">SNVS_LP_WRAPPER_IRQHandler</a> from startup_mimxrt1052.o(.text) referenced from startup_mimxrt1052.o(RESET)
 <LI><a href="#[d9]">SPDIF_DriverIRQHandler</a> from startup_mimxrt1052.o(.text) referenced from startup_mimxrt1052.o(.text)
 <LI><a href="#[4a]">SPDIF_IRQHandler</a> from startup_mimxrt1052.o(.text) referenced from startup_mimxrt1052.o(RESET)
 <LI><a href="#[70]">SRC_IRQHandler</a> from startup_mimxrt1052.o(.text) referenced from startup_mimxrt1052.o(RESET)
 <LI><a href="#[a]">SVC_Handler</a> from port.o(.emb_text) referenced from startup_mimxrt1052.o(RESET)
 <LI><a href="#[d]">SysTick_Handler</a> from bsp_systick.o(i.SysTick_Handler) referenced from startup_mimxrt1052.o(RESET)
 <LI><a href="#[b0]">SystemInit</a> from system_mimxrt1052.o(i.SystemInit) referenced from startup_mimxrt1052.o(.text)
 <LI><a href="#[93]">TMR1_IRQHandler</a> from startup_mimxrt1052.o(.text) referenced from startup_mimxrt1052.o(RESET)
 <LI><a href="#[94]">TMR2_IRQHandler</a> from startup_mimxrt1052.o(.text) referenced from startup_mimxrt1052.o(RESET)
 <LI><a href="#[95]">TMR3_IRQHandler</a> from startup_mimxrt1052.o(.text) referenced from startup_mimxrt1052.o(RESET)
 <LI><a href="#[96]">TMR4_IRQHandler</a> from startup_mimxrt1052.o(.text) referenced from startup_mimxrt1052.o(RESET)
 <LI><a href="#[43]">TRNG_IRQHandler</a> from startup_mimxrt1052.o(.text) referenced from startup_mimxrt1052.o(RESET)
 <LI><a href="#[36]">TSC_DIG_IRQHandler</a> from startup_mimxrt1052.o(.text) referenced from startup_mimxrt1052.o(RESET)
 <LI><a href="#[7f]">USB_OTG1_IRQHandler</a> from startup_mimxrt1052.o(.text) referenced from startup_mimxrt1052.o(RESET)
 <LI><a href="#[7e]">USB_OTG2_IRQHandler</a> from startup_mimxrt1052.o(.text) referenced from startup_mimxrt1052.o(RESET)
 <LI><a href="#[4f]">USB_PHY1_IRQHandler</a> from startup_mimxrt1052.o(.text) referenced from startup_mimxrt1052.o(RESET)
 <LI><a href="#[50]">USB_PHY2_IRQHandler</a> from startup_mimxrt1052.o(.text) referenced from startup_mimxrt1052.o(RESET)
 <LI><a href="#[dd]">USDHC1_DriverIRQHandler</a> from startup_mimxrt1052.o(.text) referenced from startup_mimxrt1052.o(.text)
 <LI><a href="#[7c]">USDHC1_IRQHandler</a> from startup_mimxrt1052.o(.text) referenced from startup_mimxrt1052.o(RESET)
 <LI><a href="#[de]">USDHC2_DriverIRQHandler</a> from startup_mimxrt1052.o(.text) referenced from startup_mimxrt1052.o(.text)
 <LI><a href="#[7d]">USDHC2_IRQHandler</a> from startup_mimxrt1052.o(.text) referenced from startup_mimxrt1052.o(RESET)
 <LI><a href="#[9]">UsageFault_Handler</a> from startup_mimxrt1052.o(.text) referenced from startup_mimxrt1052.o(RESET)
 <LI><a href="#[6a]">WDOG1_IRQHandler</a> from startup_mimxrt1052.o(.text) referenced from startup_mimxrt1052.o(RESET)
 <LI><a href="#[3b]">WDOG2_IRQHandler</a> from startup_mimxrt1052.o(.text) referenced from startup_mimxrt1052.o(RESET)
 <LI><a href="#[82]">XBAR1_IRQ_0_1_IRQHandler</a> from startup_mimxrt1052.o(.text) referenced from startup_mimxrt1052.o(RESET)
 <LI><a href="#[83]">XBAR1_IRQ_2_3_IRQHandler</a> from startup_mimxrt1052.o(.text) referenced from startup_mimxrt1052.o(RESET)
 <LI><a href="#[e5]">_AnimDrawCircle</a> from animation_basics.o(i._AnimDrawCircle) referenced from animation_basics.o(i._AnimCreate)
 <LI><a href="#[ed]">_AnimDrawCross</a> from animation_basics.o(i._AnimDrawCross) referenced from animation_basics.o(i._AnimCreate)
 <LI><a href="#[e7]">_AnimDrawRect</a> from animation_basics.o(i._AnimDrawRect) referenced from animation_basics.o(i._AnimCreate)
 <LI><a href="#[e9]">_AnimFillCircle</a> from animation_basics.o(i._AnimFillCircle) referenced from animation_basics.o(i._AnimCreate)
 <LI><a href="#[eb]">_AnimFillRect</a> from animation_basics.o(i._AnimFillRect) referenced from animation_basics.o(i._AnimCreate)
 <LI><a href="#[ee]">_CalcPosition</a> from animation_basics.o(i._CalcPosition) referenced from animation_basics.o(i._AnimCreate)
 <LI><a href="#[126]">_CalcSizeOfChar</a> from GUI_UC_EncodeNone.o(.text._CalcSizeOfChar) referenced from GUI_UC_EncodeNone.o(.rodata.GUI_UC_None)
 <LI><a href="#[12e]">_Color2IndexBulk</a> from GUICC_M565.o(.text._Color2IndexBulk) referenced from GUICC_M565.o(.rodata.LCD_API_ColorConv_M565)
 <LI><a href="#[133]">_Color2IndexBulk_M8888I</a> from GUICC_M8888I.o(.text._Color2IndexBulk_M8888I) referenced from GUICC_M8888I.o(.rodata.LCD_API_ColorConv_M8888I)
 <LI><a href="#[128]">_Color2Index_0</a> from GUICC_0.o(.text._Color2Index_0) referenced from GUICC_0.o(.rodata.LCD_API_ColorConv_0)
 <LI><a href="#[12b]">_Color2Index_M565</a> from GUICC_M565.o(.text._Color2Index_M565) referenced from GUICC_M565.o(.rodata.LCD_API_ColorConv_M565)
 <LI><a href="#[130]">_Color2Index_M8888I</a> from GUICC_M8888I.o(.text._Color2Index_M8888I) referenced from GUICC_M8888I.o(.rodata.LCD_API_ColorConv_M8888I)
 <LI><a href="#[f8]">_DrawBitmap</a> from GUIDRV_Lin_16.o(.text._DrawBitmap) referenced from GUIDRV_Lin_16.o(.rodata.GUIDRV_Lin_16_API)
 <LI><a href="#[10c]">_DrawBitmap</a> from GUIDEV_16.o(.text._DrawBitmap) referenced from GUIDEV_16.o(.rodata.GUI_MEMDEV_DEVICE_16)
 <LI><a href="#[118]">_DrawBitmap</a> from GUIDEV_32.o(.text._DrawBitmap) referenced from GUIDEV_32.o(.rodata.GUI_MEMDEV_DEVICE_32)
 <LI><a href="#[f9]">_DrawHLine</a> from GUIDRV_Lin_16.o(.text._DrawHLine) referenced from GUIDRV_Lin_16.o(.rodata.GUIDRV_Lin_16_API)
 <LI><a href="#[10d]">_DrawHLine</a> from GUIDEV_16.o(.text._DrawHLine) referenced from GUIDEV_16.o(.rodata.GUI_MEMDEV_DEVICE_16)
 <LI><a href="#[119]">_DrawHLine</a> from GUIDEV_32.o(.text._DrawHLine) referenced from GUIDEV_32.o(.rodata.GUI_MEMDEV_DEVICE_32)
 <LI><a href="#[138]">_DrawNonExistingCharacter_Dummy</a> from GUI_Char.o(.text._DrawNonExistingCharacter_Dummy) referenced from GUI_Char.o(.rodata._NonExistingCharacter_Dummy)
 <LI><a href="#[fa]">_DrawVLine</a> from GUIDRV_Lin_16.o(.text._DrawVLine) referenced from GUIDRV_Lin_16.o(.rodata.GUIDRV_Lin_16_API)
 <LI><a href="#[10e]">_DrawVLine</a> from GUIDEV_16.o(.text._DrawVLine) referenced from GUIDEV_16.o(.rodata.GUI_MEMDEV_DEVICE_16)
 <LI><a href="#[11a]">_DrawVLine</a> from GUIDEV_32.o(.text._DrawVLine) referenced from GUIDEV_32.o(.rodata.GUI_MEMDEV_DEVICE_32)
 <LI><a href="#[127]">_Encode</a> from GUI_UC_EncodeNone.o(.text._Encode) referenced from GUI_UC_EncodeNone.o(.rodata.GUI_UC_None)
 <LI><a href="#[fb]">_FillRect</a> from GUIDRV_Lin_16.o(.text._FillRect) referenced from GUIDRV_Lin_16.o(.rodata.GUIDRV_Lin_16_API)
 <LI><a href="#[10f]">_FillRect</a> from GUIDEV_16.o(.text._FillRect) referenced from GUIDEV_16.o(.rodata.GUI_MEMDEV_DEVICE_16)
 <LI><a href="#[11b]">_FillRect</a> from GUIDEV_32.o(.text._FillRect) referenced from GUIDEV_32.o(.rodata.GUI_MEMDEV_DEVICE_32)
 <LI><a href="#[f6]">_GUI_USAGE_BM_Delete</a> from GUIDEV_UsageBM.o(.text._GUI_USAGE_BM_Delete) referenced from GUIDEV_UsageBM.o(.rodata.API)
 <LI><a href="#[124]">_GetCharCode</a> from GUI_UC_EncodeNone.o(.text._GetCharCode) referenced from GUI_UC_EncodeNone.o(.rodata.GUI_UC_None)
 <LI><a href="#[125]">_GetCharSize</a> from GUI_UC_EncodeNone.o(.text._GetCharSize) referenced from GUI_UC_EncodeNone.o(.rodata.GUI_UC_None)
 <LI><a href="#[102]">_GetDevData</a> from GUIDRV_Lin_16.o(.text._GetDevData) referenced from GUIDRV_Lin_16.o(.rodata.GUIDRV_Lin_16_API)
 <LI><a href="#[116]">_GetDevData</a> from GUIDEV_16.o(.text._GetDevData) referenced from GUIDEV_16.o(.rodata.GUI_MEMDEV_DEVICE_16)
 <LI><a href="#[122]">_GetDevData</a> from GUIDEV_32.o(.text._GetDevData) referenced from GUIDEV_32.o(.rodata.GUI_MEMDEV_DEVICE_32)
 <LI><a href="#[100]">_GetDevFunc</a> from GUIDRV_Lin_16.o(.text._GetDevFunc) referenced from GUIDRV_Lin_16.o(.rodata.GUIDRV_Lin_16_API)
 <LI><a href="#[114]">_GetDevFunc</a> from GUIDEV_16.o(.text._GetDevFunc) referenced from GUIDEV_16.o(.rodata.GUI_MEMDEV_DEVICE_16)
 <LI><a href="#[120]">_GetDevFunc</a> from GUIDEV_32.o(.text._GetDevFunc) referenced from GUIDEV_32.o(.rodata.GUI_MEMDEV_DEVICE_32)
 <LI><a href="#[101]">_GetDevProp</a> from GUIDRV_Lin_16.o(.text._GetDevProp) referenced from GUIDRV_Lin_16.o(.rodata.GUIDRV_Lin_16_API)
 <LI><a href="#[115]">_GetDevProp</a> from GUIDEV_16.o(.text._GetDevProp) referenced from GUIDEV_16.o(.rodata.GUI_MEMDEV_DEVICE_16)
 <LI><a href="#[121]">_GetDevProp</a> from GUIDEV_32.o(.text._GetDevProp) referenced from GUIDEV_32.o(.rodata.GUI_MEMDEV_DEVICE_32)
 <LI><a href="#[12a]">_GetIndexMask_0</a> from GUICC_0.o(.text._GetIndexMask_0) referenced from GUICC_0.o(.rodata.LCD_API_ColorConv_0)
 <LI><a href="#[12d]">_GetIndexMask_M565</a> from GUICC_M565.o(.text._GetIndexMask_M565) referenced from GUICC_M565.o(.rodata.LCD_API_ColorConv_M565)
 <LI><a href="#[132]">_GetIndexMask_M8888I</a> from GUICC_M8888I.o(.text._GetIndexMask_M8888I) referenced from GUICC_M8888I.o(.rodata.LCD_API_ColorConv_M8888I)
 <LI><a href="#[137]">_GetNonExistingCharWidth_Dummy</a> from GUI_Char.o(.text._GetNonExistingCharWidth_Dummy) referenced from GUI_Char.o(.rodata._NonExistingCharacter_Dummy)
 <LI><a href="#[fc]">_GetPixelIndex</a> from GUIDRV_Lin_16.o(.text._GetPixelIndex) referenced from GUIDRV_Lin_16.o(.rodata.GUIDRV_Lin_16_API)
 <LI><a href="#[110]">_GetPixelIndex</a> from GUIDEV_16.o(.text._GetPixelIndex) referenced from GUIDEV_16.o(.rodata.GUI_MEMDEV_DEVICE_16)
 <LI><a href="#[11c]">_GetPixelIndex</a> from GUIDEV_32.o(.text._GetPixelIndex) referenced from GUIDEV_32.o(.rodata.GUI_MEMDEV_DEVICE_32)
 <LI><a href="#[103]">_GetRect</a> from GUIDRV_Lin_16.o(.text._GetRect) referenced from GUIDRV_Lin_16.o(.rodata.GUIDRV_Lin_16_API)
 <LI><a href="#[117]">_GetRect</a> from GUIDEV_16.o(.text._GetRect) referenced from GUIDEV_16.o(.rodata.GUI_MEMDEV_DEVICE_16)
 <LI><a href="#[123]">_GetRect</a> from GUIDEV_32.o(.text._GetRect) referenced from GUIDEV_32.o(.rodata.GUI_MEMDEV_DEVICE_32)
 <LI><a href="#[12f]">_Index2ColorBulk</a> from GUICC_M565.o(.text._Index2ColorBulk) referenced from GUICC_M565.o(.rodata.LCD_API_ColorConv_M565)
 <LI><a href="#[134]">_Index2ColorBulk_M8888I</a> from GUICC_M8888I.o(.text._Index2ColorBulk_M8888I) referenced from GUICC_M8888I.o(.rodata.LCD_API_ColorConv_M8888I)
 <LI><a href="#[129]">_Index2Color_0</a> from GUICC_0.o(.text._Index2Color_0) referenced from GUICC_0.o(.rodata.LCD_API_ColorConv_0)
 <LI><a href="#[13a]">_SetBkColor</a> from LCD.o(.text._SetBkColor) referenced from LCD.o(.rodata._SetColorAPI)
 <LI><a href="#[139]">_SetColor</a> from LCD.o(.text._SetColor) referenced from LCD.o(.rodata._SetColorAPI)
 <LI><a href="#[13b]">_SetDrawMode</a> from LCD.o(.text._SetDrawMode) referenced from LCD.o(.rodata._SetColorAPI)
 <LI><a href="#[ff]">_SetOrg</a> from GUIDRV_Lin_16.o(.text._SetOrg) referenced from GUIDRV_Lin_16.o(.rodata.GUIDRV_Lin_16_API)
 <LI><a href="#[113]">_SetOrg</a> from GUIDEV_16.o(.text._SetOrg) referenced from GUIDEV_16.o(.rodata.GUI_MEMDEV_DEVICE_16)
 <LI><a href="#[11f]">_SetOrg</a> from GUIDEV_32.o(.text._SetOrg) referenced from GUIDEV_32.o(.rodata.GUI_MEMDEV_DEVICE_32)
 <LI><a href="#[fd]">_SetPixelIndex</a> from GUIDRV_Lin_16.o(.text._SetPixelIndex) referenced from GUIDRV_Lin_16.o(.rodata.GUIDRV_Lin_16_API)
 <LI><a href="#[111]">_SetPixelIndex</a> from GUIDEV_16.o(.text._SetPixelIndex) referenced from GUIDEV_16.o(.rodata.GUI_MEMDEV_DEVICE_16)
 <LI><a href="#[11d]">_SetPixelIndex</a> from GUIDEV_32.o(.text._SetPixelIndex) referenced from GUIDEV_32.o(.rodata.GUI_MEMDEV_DEVICE_32)
 <LI><a href="#[e4]">_SliceInfo</a> from animation_basics.o(i._SliceInfo) referenced from animation_basics.o(i._AnimCreate)
 <LI><a href="#[fe]">_XorPixel</a> from GUIDRV_Lin_16.o(.text._XorPixel) referenced from GUIDRV_Lin_16.o(.rodata.GUIDRV_Lin_16_API)
 <LI><a href="#[112]">_XorPixel</a> from GUIDEV_16.o(.text._XorPixel) referenced from GUIDEV_16.o(.rodata.GUI_MEMDEV_DEVICE_16)
 <LI><a href="#[11e]">_XorPixel</a> from GUIDEV_32.o(.text._XorPixel) referenced from GUIDEV_32.o(.rodata.GUI_MEMDEV_DEVICE_32)
 <LI><a href="#[b1]">__main</a> from entry.o(.ARM.Collect$$$$00000000) referenced from startup_mimxrt1052.o(.text)
 <LI><a href="#[af]">main</a> from main.o(i.main) referenced from entry9a.o(.ARM.Collect$$$$0000000B)
 <LI><a href="#[1]">memcpy</a> from memmove.o(.text) referenced 2 times from GUI__Private.o(.data.GUI__pfMemcpy)
 <LI><a href="#[2]">memset</a> from memseta.o(.text) referenced 2 times from GUI__Private.o(.data.GUI__pfMemset)
 <LI><a href="#[f2]">prvIdleTask</a> from tasks.o(i.prvIdleTask) referenced from tasks.o(i.vTaskStartScheduler)
 <LI><a href="#[f1]">prvTaskExitError</a> from port.o(i.prvTaskExitError) referenced from port.o(i.pxPortInitialiseStack)
 <LI><a href="#[ef]">vTaskGUI</a> from main.o(i.vTaskGUI) referenced from main.o(i.main)
 <LI><a href="#[f0]">vTaskStart</a> from main.o(i.vTaskStart) referenced from main.o(i.main)
</UL>
<P>
<H3>
Global Symbols
</H3>
<P><STRONG><a name="[b1]"></a>__main</STRONG> (Thumb, 0 bytes, Stack size unknown bytes, entry.o(.ARM.Collect$$$$00000000))
<BR>[Address Reference Count : 1]<UL><LI> startup_mimxrt1052.o(.text)
</UL>
<P><STRONG><a name="[30a]"></a>_main_stk</STRONG> (Thumb, 0 bytes, Stack size unknown bytes, entry4.o(.ARM.Collect$$$$00000003))

<P><STRONG><a name="[306]"></a>_main_scatterload</STRONG> (Thumb, 0 bytes, Stack size unknown bytes, entry5.o(.ARM.Collect$$$$00000004))
<BR><BR>[Calls]<UL><LI><a href="#[307]">&gt;&gt;</a>&nbsp;&nbsp;&nbsp;__scatterload
</UL>

<P><STRONG><a name="[308]"></a>__main_after_scatterload</STRONG> (Thumb, 0 bytes, Stack size unknown bytes, entry5.o(.ARM.Collect$$$$00000004))
<BR><BR>[Called By]<UL><LI><a href="#[307]">&gt;&gt;</a>&nbsp;&nbsp;&nbsp;__scatterload
</UL>

<P><STRONG><a name="[30b]"></a>_main_clock</STRONG> (Thumb, 0 bytes, Stack size unknown bytes, entry7b.o(.ARM.Collect$$$$00000008))

<P><STRONG><a name="[30c]"></a>_main_cpp_init</STRONG> (Thumb, 0 bytes, Stack size unknown bytes, entry8b.o(.ARM.Collect$$$$0000000A))

<P><STRONG><a name="[30d]"></a>_main_init</STRONG> (Thumb, 0 bytes, Stack size unknown bytes, entry9a.o(.ARM.Collect$$$$0000000B))

<P><STRONG><a name="[30e]"></a>__rt_final_cpp</STRONG> (Thumb, 0 bytes, Stack size unknown bytes, entry10a.o(.ARM.Collect$$$$0000000D))

<P><STRONG><a name="[30f]"></a>__rt_final_exit</STRONG> (Thumb, 0 bytes, Stack size unknown bytes, entry11a.o(.ARM.Collect$$$$0000000F))

<P><STRONG><a name="[4]"></a>Reset_Handler</STRONG> (Thumb, 24 bytes, Stack size 0 bytes, startup_mimxrt1052.o(.text))
<BR>[Address Reference Count : 1]<UL><LI> startup_mimxrt1052.o(RESET)
</UL>
<P><STRONG><a name="[5]"></a>NMI_Handler</STRONG> (Thumb, 2 bytes, Stack size 0 bytes, startup_mimxrt1052.o(.text))
<BR><BR>[Calls]<UL><LI><a href="#[5]">&gt;&gt;</a>&nbsp;&nbsp;&nbsp;NMI_Handler
</UL>
<BR>[Called By]<UL><LI><a href="#[5]">&gt;&gt;</a>&nbsp;&nbsp;&nbsp;NMI_Handler
</UL>
<BR>[Address Reference Count : 1]<UL><LI> startup_mimxrt1052.o(RESET)
</UL>
<P><STRONG><a name="[6]"></a>HardFault_Handler</STRONG> (Thumb, 2 bytes, Stack size 0 bytes, startup_mimxrt1052.o(.text))
<BR><BR>[Calls]<UL><LI><a href="#[6]">&gt;&gt;</a>&nbsp;&nbsp;&nbsp;HardFault_Handler
</UL>
<BR>[Called By]<UL><LI><a href="#[6]">&gt;&gt;</a>&nbsp;&nbsp;&nbsp;HardFault_Handler
</UL>
<BR>[Address Reference Count : 1]<UL><LI> startup_mimxrt1052.o(RESET)
</UL>
<P><STRONG><a name="[7]"></a>MemManage_Handler</STRONG> (Thumb, 2 bytes, Stack size 0 bytes, startup_mimxrt1052.o(.text))
<BR><BR>[Calls]<UL><LI><a href="#[7]">&gt;&gt;</a>&nbsp;&nbsp;&nbsp;MemManage_Handler
</UL>
<BR>[Called By]<UL><LI><a href="#[7]">&gt;&gt;</a>&nbsp;&nbsp;&nbsp;MemManage_Handler
</UL>
<BR>[Address Reference Count : 1]<UL><LI> startup_mimxrt1052.o(RESET)
</UL>
<P><STRONG><a name="[8]"></a>BusFault_Handler</STRONG> (Thumb, 2 bytes, Stack size 0 bytes, startup_mimxrt1052.o(.text))
<BR><BR>[Calls]<UL><LI><a href="#[8]">&gt;&gt;</a>&nbsp;&nbsp;&nbsp;BusFault_Handler
</UL>
<BR>[Called By]<UL><LI><a href="#[8]">&gt;&gt;</a>&nbsp;&nbsp;&nbsp;BusFault_Handler
</UL>
<BR>[Address Reference Count : 1]<UL><LI> startup_mimxrt1052.o(RESET)
</UL>
<P><STRONG><a name="[9]"></a>UsageFault_Handler</STRONG> (Thumb, 2 bytes, Stack size 0 bytes, startup_mimxrt1052.o(.text))
<BR><BR>[Calls]<UL><LI><a href="#[9]">&gt;&gt;</a>&nbsp;&nbsp;&nbsp;UsageFault_Handler
</UL>
<BR>[Called By]<UL><LI><a href="#[9]">&gt;&gt;</a>&nbsp;&nbsp;&nbsp;UsageFault_Handler
</UL>
<BR>[Address Reference Count : 1]<UL><LI> startup_mimxrt1052.o(RESET)
</UL>
<P><STRONG><a name="[b]"></a>DebugMon_Handler</STRONG> (Thumb, 2 bytes, Stack size 0 bytes, startup_mimxrt1052.o(.text))
<BR><BR>[Calls]<UL><LI><a href="#[b]">&gt;&gt;</a>&nbsp;&nbsp;&nbsp;DebugMon_Handler
</UL>
<BR>[Called By]<UL><LI><a href="#[b]">&gt;&gt;</a>&nbsp;&nbsp;&nbsp;DebugMon_Handler
</UL>
<BR>[Address Reference Count : 1]<UL><LI> startup_mimxrt1052.o(RESET)
</UL>
<P><STRONG><a name="[e]"></a>DMA0_DMA16_IRQHandler</STRONG> (Thumb, 4 bytes, Stack size 0 bytes, startup_mimxrt1052.o(.text))
<BR>[Address Reference Count : 1]<UL><LI> startup_mimxrt1052.o(RESET)
</UL>
<P><STRONG><a name="[f]"></a>DMA1_DMA17_IRQHandler</STRONG> (Thumb, 4 bytes, Stack size 0 bytes, startup_mimxrt1052.o(.text))
<BR>[Address Reference Count : 1]<UL><LI> startup_mimxrt1052.o(RESET)
</UL>
<P><STRONG><a name="[10]"></a>DMA2_DMA18_IRQHandler</STRONG> (Thumb, 4 bytes, Stack size 0 bytes, startup_mimxrt1052.o(.text))
<BR>[Address Reference Count : 1]<UL><LI> startup_mimxrt1052.o(RESET)
</UL>
<P><STRONG><a name="[11]"></a>DMA3_DMA19_IRQHandler</STRONG> (Thumb, 4 bytes, Stack size 0 bytes, startup_mimxrt1052.o(.text))
<BR>[Address Reference Count : 1]<UL><LI> startup_mimxrt1052.o(RESET)
</UL>
<P><STRONG><a name="[12]"></a>DMA4_DMA20_IRQHandler</STRONG> (Thumb, 4 bytes, Stack size 0 bytes, startup_mimxrt1052.o(.text))
<BR>[Address Reference Count : 1]<UL><LI> startup_mimxrt1052.o(RESET)
</UL>
<P><STRONG><a name="[13]"></a>DMA5_DMA21_IRQHandler</STRONG> (Thumb, 4 bytes, Stack size 0 bytes, startup_mimxrt1052.o(.text))
<BR>[Address Reference Count : 1]<UL><LI> startup_mimxrt1052.o(RESET)
</UL>
<P><STRONG><a name="[14]"></a>DMA6_DMA22_IRQHandler</STRONG> (Thumb, 4 bytes, Stack size 0 bytes, startup_mimxrt1052.o(.text))
<BR>[Address Reference Count : 1]<UL><LI> startup_mimxrt1052.o(RESET)
</UL>
<P><STRONG><a name="[15]"></a>DMA7_DMA23_IRQHandler</STRONG> (Thumb, 4 bytes, Stack size 0 bytes, startup_mimxrt1052.o(.text))
<BR>[Address Reference Count : 1]<UL><LI> startup_mimxrt1052.o(RESET)
</UL>
<P><STRONG><a name="[16]"></a>DMA8_DMA24_IRQHandler</STRONG> (Thumb, 4 bytes, Stack size 0 bytes, startup_mimxrt1052.o(.text))
<BR>[Address Reference Count : 1]<UL><LI> startup_mimxrt1052.o(RESET)
</UL>
<P><STRONG><a name="[17]"></a>DMA9_DMA25_IRQHandler</STRONG> (Thumb, 4 bytes, Stack size 0 bytes, startup_mimxrt1052.o(.text))
<BR>[Address Reference Count : 1]<UL><LI> startup_mimxrt1052.o(RESET)
</UL>
<P><STRONG><a name="[18]"></a>DMA10_DMA26_IRQHandler</STRONG> (Thumb, 4 bytes, Stack size 0 bytes, startup_mimxrt1052.o(.text))
<BR>[Address Reference Count : 1]<UL><LI> startup_mimxrt1052.o(RESET)
</UL>
<P><STRONG><a name="[19]"></a>DMA11_DMA27_IRQHandler</STRONG> (Thumb, 4 bytes, Stack size 0 bytes, startup_mimxrt1052.o(.text))
<BR>[Address Reference Count : 1]<UL><LI> startup_mimxrt1052.o(RESET)
</UL>
<P><STRONG><a name="[1a]"></a>DMA12_DMA28_IRQHandler</STRONG> (Thumb, 4 bytes, Stack size 0 bytes, startup_mimxrt1052.o(.text))
<BR>[Address Reference Count : 1]<UL><LI> startup_mimxrt1052.o(RESET)
</UL>
<P><STRONG><a name="[1b]"></a>DMA13_DMA29_IRQHandler</STRONG> (Thumb, 4 bytes, Stack size 0 bytes, startup_mimxrt1052.o(.text))
<BR>[Address Reference Count : 1]<UL><LI> startup_mimxrt1052.o(RESET)
</UL>
<P><STRONG><a name="[1c]"></a>DMA14_DMA30_IRQHandler</STRONG> (Thumb, 4 bytes, Stack size 0 bytes, startup_mimxrt1052.o(.text))
<BR>[Address Reference Count : 1]<UL><LI> startup_mimxrt1052.o(RESET)
</UL>
<P><STRONG><a name="[1d]"></a>DMA15_DMA31_IRQHandler</STRONG> (Thumb, 4 bytes, Stack size 0 bytes, startup_mimxrt1052.o(.text))
<BR>[Address Reference Count : 1]<UL><LI> startup_mimxrt1052.o(RESET)
</UL>
<P><STRONG><a name="[1e]"></a>DMA_ERROR_IRQHandler</STRONG> (Thumb, 4 bytes, Stack size 0 bytes, startup_mimxrt1052.o(.text))
<BR>[Address Reference Count : 1]<UL><LI> startup_mimxrt1052.o(RESET)
</UL>
<P><STRONG><a name="[22]"></a>LPUART1_IRQHandler</STRONG> (Thumb, 4 bytes, Stack size 0 bytes, startup_mimxrt1052.o(.text))
<BR>[Address Reference Count : 1]<UL><LI> startup_mimxrt1052.o(RESET)
</UL>
<P><STRONG><a name="[23]"></a>LPUART2_IRQHandler</STRONG> (Thumb, 4 bytes, Stack size 0 bytes, startup_mimxrt1052.o(.text))
<BR>[Address Reference Count : 1]<UL><LI> startup_mimxrt1052.o(RESET)
</UL>
<P><STRONG><a name="[24]"></a>LPUART3_IRQHandler</STRONG> (Thumb, 4 bytes, Stack size 0 bytes, startup_mimxrt1052.o(.text))
<BR>[Address Reference Count : 1]<UL><LI> startup_mimxrt1052.o(RESET)
</UL>
<P><STRONG><a name="[25]"></a>LPUART4_IRQHandler</STRONG> (Thumb, 4 bytes, Stack size 0 bytes, startup_mimxrt1052.o(.text))
<BR>[Address Reference Count : 1]<UL><LI> startup_mimxrt1052.o(RESET)
</UL>
<P><STRONG><a name="[26]"></a>LPUART5_IRQHandler</STRONG> (Thumb, 4 bytes, Stack size 0 bytes, startup_mimxrt1052.o(.text))
<BR>[Address Reference Count : 1]<UL><LI> startup_mimxrt1052.o(RESET)
</UL>
<P><STRONG><a name="[27]"></a>LPUART6_IRQHandler</STRONG> (Thumb, 4 bytes, Stack size 0 bytes, startup_mimxrt1052.o(.text))
<BR>[Address Reference Count : 1]<UL><LI> startup_mimxrt1052.o(RESET)
</UL>
<P><STRONG><a name="[28]"></a>LPUART7_IRQHandler</STRONG> (Thumb, 4 bytes, Stack size 0 bytes, startup_mimxrt1052.o(.text))
<BR>[Address Reference Count : 1]<UL><LI> startup_mimxrt1052.o(RESET)
</UL>
<P><STRONG><a name="[29]"></a>LPUART8_IRQHandler</STRONG> (Thumb, 4 bytes, Stack size 0 bytes, startup_mimxrt1052.o(.text))
<BR>[Address Reference Count : 1]<UL><LI> startup_mimxrt1052.o(RESET)
</UL>
<P><STRONG><a name="[2a]"></a>LPI2C1_IRQHandler</STRONG> (Thumb, 4 bytes, Stack size 0 bytes, startup_mimxrt1052.o(.text))
<BR>[Address Reference Count : 1]<UL><LI> startup_mimxrt1052.o(RESET)
</UL>
<P><STRONG><a name="[2b]"></a>LPI2C2_IRQHandler</STRONG> (Thumb, 4 bytes, Stack size 0 bytes, startup_mimxrt1052.o(.text))
<BR>[Address Reference Count : 1]<UL><LI> startup_mimxrt1052.o(RESET)
</UL>
<P><STRONG><a name="[2c]"></a>LPI2C3_IRQHandler</STRONG> (Thumb, 4 bytes, Stack size 0 bytes, startup_mimxrt1052.o(.text))
<BR>[Address Reference Count : 1]<UL><LI> startup_mimxrt1052.o(RESET)
</UL>
<P><STRONG><a name="[2d]"></a>LPI2C4_IRQHandler</STRONG> (Thumb, 4 bytes, Stack size 0 bytes, startup_mimxrt1052.o(.text))
<BR>[Address Reference Count : 1]<UL><LI> startup_mimxrt1052.o(RESET)
</UL>
<P><STRONG><a name="[2e]"></a>LPSPI1_IRQHandler</STRONG> (Thumb, 4 bytes, Stack size 0 bytes, startup_mimxrt1052.o(.text))
<BR>[Address Reference Count : 1]<UL><LI> startup_mimxrt1052.o(RESET)
</UL>
<P><STRONG><a name="[2f]"></a>LPSPI2_IRQHandler</STRONG> (Thumb, 4 bytes, Stack size 0 bytes, startup_mimxrt1052.o(.text))
<BR>[Address Reference Count : 1]<UL><LI> startup_mimxrt1052.o(RESET)
</UL>
<P><STRONG><a name="[30]"></a>LPSPI3_IRQHandler</STRONG> (Thumb, 4 bytes, Stack size 0 bytes, startup_mimxrt1052.o(.text))
<BR>[Address Reference Count : 1]<UL><LI> startup_mimxrt1052.o(RESET)
</UL>
<P><STRONG><a name="[31]"></a>LPSPI4_IRQHandler</STRONG> (Thumb, 4 bytes, Stack size 0 bytes, startup_mimxrt1052.o(.text))
<BR>[Address Reference Count : 1]<UL><LI> startup_mimxrt1052.o(RESET)
</UL>
<P><STRONG><a name="[32]"></a>CAN1_IRQHandler</STRONG> (Thumb, 4 bytes, Stack size 0 bytes, startup_mimxrt1052.o(.text))
<BR>[Address Reference Count : 1]<UL><LI> startup_mimxrt1052.o(RESET)
</UL>
<P><STRONG><a name="[33]"></a>CAN2_IRQHandler</STRONG> (Thumb, 4 bytes, Stack size 0 bytes, startup_mimxrt1052.o(.text))
<BR>[Address Reference Count : 1]<UL><LI> startup_mimxrt1052.o(RESET)
</UL>
<P><STRONG><a name="[46]"></a>SAI1_IRQHandler</STRONG> (Thumb, 4 bytes, Stack size 0 bytes, startup_mimxrt1052.o(.text))
<BR>[Address Reference Count : 1]<UL><LI> startup_mimxrt1052.o(RESET)
</UL>
<P><STRONG><a name="[47]"></a>SAI2_IRQHandler</STRONG> (Thumb, 4 bytes, Stack size 0 bytes, startup_mimxrt1052.o(.text))
<BR>[Address Reference Count : 1]<UL><LI> startup_mimxrt1052.o(RESET)
</UL>
<P><STRONG><a name="[48]"></a>SAI3_RX_IRQHandler</STRONG> (Thumb, 4 bytes, Stack size 0 bytes, startup_mimxrt1052.o(.text))
<BR>[Address Reference Count : 1]<UL><LI> startup_mimxrt1052.o(RESET)
</UL>
<P><STRONG><a name="[49]"></a>SAI3_TX_IRQHandler</STRONG> (Thumb, 4 bytes, Stack size 0 bytes, startup_mimxrt1052.o(.text))
<BR>[Address Reference Count : 1]<UL><LI> startup_mimxrt1052.o(RESET)
</UL>
<P><STRONG><a name="[4a]"></a>SPDIF_IRQHandler</STRONG> (Thumb, 4 bytes, Stack size 0 bytes, startup_mimxrt1052.o(.text))
<BR>[Address Reference Count : 1]<UL><LI> startup_mimxrt1052.o(RESET)
</UL>
<P><STRONG><a name="[68]"></a>FLEXIO1_IRQHandler</STRONG> (Thumb, 4 bytes, Stack size 0 bytes, startup_mimxrt1052.o(.text))
<BR>[Address Reference Count : 1]<UL><LI> startup_mimxrt1052.o(RESET)
</UL>
<P><STRONG><a name="[69]"></a>FLEXIO2_IRQHandler</STRONG> (Thumb, 4 bytes, Stack size 0 bytes, startup_mimxrt1052.o(.text))
<BR>[Address Reference Count : 1]<UL><LI> startup_mimxrt1052.o(RESET)
</UL>
<P><STRONG><a name="[7a]"></a>FLEXSPI_IRQHandler</STRONG> (Thumb, 4 bytes, Stack size 0 bytes, startup_mimxrt1052.o(.text))
<BR>[Address Reference Count : 1]<UL><LI> startup_mimxrt1052.o(RESET)
</UL>
<P><STRONG><a name="[7c]"></a>USDHC1_IRQHandler</STRONG> (Thumb, 4 bytes, Stack size 0 bytes, startup_mimxrt1052.o(.text))
<BR>[Address Reference Count : 1]<UL><LI> startup_mimxrt1052.o(RESET)
</UL>
<P><STRONG><a name="[7d]"></a>USDHC2_IRQHandler</STRONG> (Thumb, 4 bytes, Stack size 0 bytes, startup_mimxrt1052.o(.text))
<BR>[Address Reference Count : 1]<UL><LI> startup_mimxrt1052.o(RESET)
</UL>
<P><STRONG><a name="[80]"></a>ENET_IRQHandler</STRONG> (Thumb, 4 bytes, Stack size 0 bytes, startup_mimxrt1052.o(.text))
<BR>[Address Reference Count : 1]<UL><LI> startup_mimxrt1052.o(RESET)
</UL>
<P><STRONG><a name="[81]"></a>ENET_1588_Timer_IRQHandler</STRONG> (Thumb, 4 bytes, Stack size 0 bytes, startup_mimxrt1052.o(.text))
<BR>[Address Reference Count : 1]<UL><LI> startup_mimxrt1052.o(RESET)
</UL>
<P><STRONG><a name="[89]"></a>ACMP1_IRQHandler</STRONG> (Thumb, 0 bytes, Stack size 0 bytes, startup_mimxrt1052.o(.text))
<BR>[Address Reference Count : 1]<UL><LI> startup_mimxrt1052.o(RESET)
</UL>
<P><STRONG><a name="[8a]"></a>ACMP2_IRQHandler</STRONG> (Thumb, 0 bytes, Stack size 0 bytes, startup_mimxrt1052.o(.text))
<BR>[Address Reference Count : 1]<UL><LI> startup_mimxrt1052.o(RESET)
</UL>
<P><STRONG><a name="[8b]"></a>ACMP3_IRQHandler</STRONG> (Thumb, 0 bytes, Stack size 0 bytes, startup_mimxrt1052.o(.text))
<BR>[Address Reference Count : 1]<UL><LI> startup_mimxrt1052.o(RESET)
</UL>
<P><STRONG><a name="[8c]"></a>ACMP4_IRQHandler</STRONG> (Thumb, 0 bytes, Stack size 0 bytes, startup_mimxrt1052.o(.text))
<BR>[Address Reference Count : 1]<UL><LI> startup_mimxrt1052.o(RESET)
</UL>
<P><STRONG><a name="[51]"></a>ADC1_IRQHandler</STRONG> (Thumb, 0 bytes, Stack size 0 bytes, startup_mimxrt1052.o(.text))
<BR>[Address Reference Count : 1]<UL><LI> startup_mimxrt1052.o(RESET)
</UL>
<P><STRONG><a name="[52]"></a>ADC2_IRQHandler</STRONG> (Thumb, 0 bytes, Stack size 0 bytes, startup_mimxrt1052.o(.text))
<BR>[Address Reference Count : 1]<UL><LI> startup_mimxrt1052.o(RESET)
</UL>
<P><STRONG><a name="[87]"></a>ADC_ETC_ERROR_IRQ_IRQHandler</STRONG> (Thumb, 0 bytes, Stack size 0 bytes, startup_mimxrt1052.o(.text))
<BR>[Address Reference Count : 1]<UL><LI> startup_mimxrt1052.o(RESET)
</UL>
<P><STRONG><a name="[84]"></a>ADC_ETC_IRQ0_IRQHandler</STRONG> (Thumb, 0 bytes, Stack size 0 bytes, startup_mimxrt1052.o(.text))
<BR>[Address Reference Count : 1]<UL><LI> startup_mimxrt1052.o(RESET)
</UL>
<P><STRONG><a name="[85]"></a>ADC_ETC_IRQ1_IRQHandler</STRONG> (Thumb, 0 bytes, Stack size 0 bytes, startup_mimxrt1052.o(.text))
<BR>[Address Reference Count : 1]<UL><LI> startup_mimxrt1052.o(RESET)
</UL>
<P><STRONG><a name="[86]"></a>ADC_ETC_IRQ2_IRQHandler</STRONG> (Thumb, 0 bytes, Stack size 0 bytes, startup_mimxrt1052.o(.text))
<BR>[Address Reference Count : 1]<UL><LI> startup_mimxrt1052.o(RESET)
</UL>
<P><STRONG><a name="[4b]"></a>ANATOP_EVENT0_IRQHandler</STRONG> (Thumb, 0 bytes, Stack size 0 bytes, startup_mimxrt1052.o(.text))
<BR>[Address Reference Count : 1]<UL><LI> startup_mimxrt1052.o(RESET)
</UL>
<P><STRONG><a name="[4c]"></a>ANATOP_EVENT1_IRQHandler</STRONG> (Thumb, 0 bytes, Stack size 0 bytes, startup_mimxrt1052.o(.text))
<BR>[Address Reference Count : 1]<UL><LI> startup_mimxrt1052.o(RESET)
</UL>
<P><STRONG><a name="[4d]"></a>ANATOP_TAMP_LOW_HIGH_IRQHandler</STRONG> (Thumb, 0 bytes, Stack size 0 bytes, startup_mimxrt1052.o(.text))
<BR>[Address Reference Count : 1]<UL><LI> startup_mimxrt1052.o(RESET)
</UL>
<P><STRONG><a name="[4e]"></a>ANATOP_TEMP_PANIC_IRQHandler</STRONG> (Thumb, 0 bytes, Stack size 0 bytes, startup_mimxrt1052.o(.text))
<BR>[Address Reference Count : 1]<UL><LI> startup_mimxrt1052.o(RESET)
</UL>
<P><STRONG><a name="[45]"></a>BEE_IRQHandler</STRONG> (Thumb, 0 bytes, Stack size 0 bytes, startup_mimxrt1052.o(.text))
<BR>[Address Reference Count : 1]<UL><LI> startup_mimxrt1052.o(RESET)
</UL>
<P><STRONG><a name="[d3]"></a>CAN1_DriverIRQHandler</STRONG> (Thumb, 0 bytes, Stack size 0 bytes, startup_mimxrt1052.o(.text))
<BR>[Address Reference Count : 1]<UL><LI> startup_mimxrt1052.o(.text)
</UL>
<P><STRONG><a name="[d4]"></a>CAN2_DriverIRQHandler</STRONG> (Thumb, 0 bytes, Stack size 0 bytes, startup_mimxrt1052.o(.text))
<BR>[Address Reference Count : 1]<UL><LI> startup_mimxrt1052.o(.text)
</UL>
<P><STRONG><a name="[6d]"></a>CCM_1_IRQHandler</STRONG> (Thumb, 0 bytes, Stack size 0 bytes, startup_mimxrt1052.o(.text))
<BR>[Address Reference Count : 1]<UL><LI> startup_mimxrt1052.o(RESET)
</UL>
<P><STRONG><a name="[6e]"></a>CCM_2_IRQHandler</STRONG> (Thumb, 0 bytes, Stack size 0 bytes, startup_mimxrt1052.o(.text))
<BR>[Address Reference Count : 1]<UL><LI> startup_mimxrt1052.o(RESET)
</UL>
<P><STRONG><a name="[21]"></a>CORE_IRQHandler</STRONG> (Thumb, 0 bytes, Stack size 0 bytes, startup_mimxrt1052.o(.text))
<BR>[Address Reference Count : 1]<UL><LI> startup_mimxrt1052.o(RESET)
</UL>
<P><STRONG><a name="[39]"></a>CSI_IRQHandler</STRONG> (Thumb, 0 bytes, Stack size 0 bytes, startup_mimxrt1052.o(.text))
<BR>[Address Reference Count : 1]<UL><LI> startup_mimxrt1052.o(RESET)
</UL>
<P><STRONG><a name="[3f]"></a>CSU_IRQHandler</STRONG> (Thumb, 0 bytes, Stack size 0 bytes, startup_mimxrt1052.o(.text))
<BR>[Address Reference Count : 1]<UL><LI> startup_mimxrt1052.o(RESET)
</UL>
<P><STRONG><a name="[1f]"></a>CTI0_ERROR_IRQHandler</STRONG> (Thumb, 0 bytes, Stack size 0 bytes, startup_mimxrt1052.o(.text))
<BR>[Address Reference Count : 1]<UL><LI> startup_mimxrt1052.o(RESET)
</UL>
<P><STRONG><a name="[20]"></a>CTI1_ERROR_IRQHandler</STRONG> (Thumb, 0 bytes, Stack size 0 bytes, startup_mimxrt1052.o(.text))
<BR>[Address Reference Count : 1]<UL><LI> startup_mimxrt1052.o(RESET)
</UL>
<P><STRONG><a name="[53]"></a>DCDC_IRQHandler</STRONG> (Thumb, 0 bytes, Stack size 0 bytes, startup_mimxrt1052.o(.text))
<BR>[Address Reference Count : 1]<UL><LI> startup_mimxrt1052.o(RESET)
</UL>
<P><STRONG><a name="[40]"></a>DCP_IRQHandler</STRONG> (Thumb, 0 bytes, Stack size 0 bytes, startup_mimxrt1052.o(.text))
<BR>[Address Reference Count : 1]<UL><LI> startup_mimxrt1052.o(RESET)
</UL>
<P><STRONG><a name="[41]"></a>DCP_VMI_IRQHandler</STRONG> (Thumb, 0 bytes, Stack size 0 bytes, startup_mimxrt1052.o(.text))
<BR>[Address Reference Count : 1]<UL><LI> startup_mimxrt1052.o(RESET)
</UL>
<P><STRONG><a name="[b2]"></a>DMA0_DMA16_DriverIRQHandler</STRONG> (Thumb, 0 bytes, Stack size 0 bytes, startup_mimxrt1052.o(.text))
<BR>[Address Reference Count : 1]<UL><LI> startup_mimxrt1052.o(.text)
</UL>
<P><STRONG><a name="[bc]"></a>DMA10_DMA26_DriverIRQHandler</STRONG> (Thumb, 0 bytes, Stack size 0 bytes, startup_mimxrt1052.o(.text))
<BR>[Address Reference Count : 1]<UL><LI> startup_mimxrt1052.o(.text)
</UL>
<P><STRONG><a name="[bd]"></a>DMA11_DMA27_DriverIRQHandler</STRONG> (Thumb, 0 bytes, Stack size 0 bytes, startup_mimxrt1052.o(.text))
<BR>[Address Reference Count : 1]<UL><LI> startup_mimxrt1052.o(.text)
</UL>
<P><STRONG><a name="[be]"></a>DMA12_DMA28_DriverIRQHandler</STRONG> (Thumb, 0 bytes, Stack size 0 bytes, startup_mimxrt1052.o(.text))
<BR>[Address Reference Count : 1]<UL><LI> startup_mimxrt1052.o(.text)
</UL>
<P><STRONG><a name="[bf]"></a>DMA13_DMA29_DriverIRQHandler</STRONG> (Thumb, 0 bytes, Stack size 0 bytes, startup_mimxrt1052.o(.text))
<BR>[Address Reference Count : 1]<UL><LI> startup_mimxrt1052.o(.text)
</UL>
<P><STRONG><a name="[c0]"></a>DMA14_DMA30_DriverIRQHandler</STRONG> (Thumb, 0 bytes, Stack size 0 bytes, startup_mimxrt1052.o(.text))
<BR>[Address Reference Count : 1]<UL><LI> startup_mimxrt1052.o(.text)
</UL>
<P><STRONG><a name="[c1]"></a>DMA15_DMA31_DriverIRQHandler</STRONG> (Thumb, 0 bytes, Stack size 0 bytes, startup_mimxrt1052.o(.text))
<BR>[Address Reference Count : 1]<UL><LI> startup_mimxrt1052.o(.text)
</UL>
<P><STRONG><a name="[b3]"></a>DMA1_DMA17_DriverIRQHandler</STRONG> (Thumb, 0 bytes, Stack size 0 bytes, startup_mimxrt1052.o(.text))
<BR>[Address Reference Count : 1]<UL><LI> startup_mimxrt1052.o(.text)
</UL>
<P><STRONG><a name="[b4]"></a>DMA2_DMA18_DriverIRQHandler</STRONG> (Thumb, 0 bytes, Stack size 0 bytes, startup_mimxrt1052.o(.text))
<BR>[Address Reference Count : 1]<UL><LI> startup_mimxrt1052.o(.text)
</UL>
[...]
<LI><a href="#[234]">&gt;&gt;</a>&nbsp;&nbsp;&nbsp;GUI_MergeRect
</UL>
<BR>[Called By]<UL><LI><a href="#[22d]">&gt;&gt;</a>&nbsp;&nbsp;&nbsp;WM__InvalidateRect
<LI><a href="#[22f]">&gt;&gt;</a>&nbsp;&nbsp;&nbsp;WM_InvalidateWindowAndDescsEx
<LI><a href="#[20c]">&gt;&gt;</a>&nbsp;&nbsp;&nbsp;WM_InvalidateRect
</UL>

<P><STRONG><a name="[249]"></a>_Paint1Trans</STRONG> (Thumb, 174 bytes, Stack size unknown bytes, WM.o(.text._Paint1Trans))
<BR><BR>[Calls]<UL><LI><a href="#[207]">&gt;&gt;</a>&nbsp;&nbsp;&nbsp;GUI_ALLOC_h2p
<LI><a href="#[161]">&gt;&gt;</a>&nbsp;&nbsp;&nbsp;GUI_ALLOC_UnlockH
<LI><a href="#[160]">&gt;&gt;</a>&nbsp;&nbsp;&nbsp;GUI_ALLOC_LockH
<LI><a href="#[1fd]">&gt;&gt;</a>&nbsp;&nbsp;&nbsp;GUI__IntersectRects
<LI><a href="#[256]">&gt;&gt;</a>&nbsp;&nbsp;&nbsp;GUI_RectsIntersect
</UL>
<BR>[Called By]<UL><LI><a href="#[248]">&gt;&gt;</a>&nbsp;&nbsp;&nbsp;_PaintTransChildren
<LI><a href="#[246]">&gt;&gt;</a>&nbsp;&nbsp;&nbsp;WM__PaintWinAndOverlays
</UL>

<P><STRONG><a name="[248]"></a>_PaintTransChildren</STRONG> (Thumb, 172 bytes, Stack size unknown bytes, WM.o(.text._PaintTransChildren))
<BR><BR>[Calls]<UL><LI><a href="#[207]">&gt;&gt;</a>&nbsp;&nbsp;&nbsp;GUI_ALLOC_h2p
<LI><a href="#[161]">&gt;&gt;</a>&nbsp;&nbsp;&nbsp;GUI_ALLOC_UnlockH
<LI><a href="#[160]">&gt;&gt;</a>&nbsp;&nbsp;&nbsp;GUI_ALLOC_LockH
<LI><a href="#[248]">&gt;&gt;</a>&nbsp;&nbsp;&nbsp;_PaintTransChildren
<LI><a href="#[249]">&gt;&gt;</a>&nbsp;&nbsp;&nbsp;_Paint1Trans
<LI><a href="#[256]">&gt;&gt;</a>&nbsp;&nbsp;&nbsp;GUI_RectsIntersect
</UL>
<BR>[Called By]<UL><LI><a href="#[248]">&gt;&gt;</a>&nbsp;&nbsp;&nbsp;_PaintTransChildren
<LI><a href="#[246]">&gt;&gt;</a>&nbsp;&nbsp;&nbsp;WM__PaintWinAndOverlays
</UL>

<P><STRONG><a name="[23b]"></a>_SetClipRectUserIntersect</STRONG> (Thumb, 94 bytes, Stack size unknown bytes, WM.o(.text._SetClipRectUserIntersect))
<BR><BR>[Calls]<UL><LI><a href="#[161]">&gt;&gt;</a>&nbsp;&nbsp;&nbsp;GUI_ALLOC_UnlockH
<LI><a href="#[160]">&gt;&gt;</a>&nbsp;&nbsp;&nbsp;GUI_ALLOC_LockH
<LI><a href="#[1fc]">&gt;&gt;</a>&nbsp;&nbsp;&nbsp;LCD_SetClipRectEx
<LI><a href="#[22b]">&gt;&gt;</a>&nbsp;&nbsp;&nbsp;GUI__IntersectRect
<LI><a href="#[22a]">&gt;&gt;</a>&nbsp;&nbsp;&nbsp;GUI_MoveRect
</UL>
<BR>[Called By]<UL><LI><a href="#[23a]">&gt;&gt;</a>&nbsp;&nbsp;&nbsp;WM__ActivateClipRect
</UL>

<P><STRONG><a name="[26e]"></a>_cbBackWin</STRONG> (Thumb, 74 bytes, Stack size unknown bytes, WM.o(.text._cbBackWin), UNUSED)
<BR><BR>[Calls]<UL><LI><a href="#[16d]">&gt;&gt;</a>&nbsp;&nbsp;&nbsp;GUI_Clear
<LI><a href="#[20e]">&gt;&gt;</a>&nbsp;&nbsp;&nbsp;WM_DefaultProc
<LI><a href="#[1db]">&gt;&gt;</a>&nbsp;&nbsp;&nbsp;GUI_StoreKey
<LI><a href="#[1d9]">&gt;&gt;</a>&nbsp;&nbsp;&nbsp;GUI_SetBkColor
</UL>

<P><STRONG><a name="[26f]"></a>_cbPaintMemDev</STRONG> (Thumb, 82 bytes, Stack size unknown bytes, WM.o(.text._cbPaintMemDev), UNUSED)
<BR><BR>[Calls]<UL><LI><a href="#[161]">&gt;&gt;</a>&nbsp;&nbsp;&nbsp;GUI_ALLOC_UnlockH
<LI><a href="#[160]">&gt;&gt;</a>&nbsp;&nbsp;&nbsp;GUI_ALLOC_LockH
<LI><a href="#[246]">&gt;&gt;</a>&nbsp;&nbsp;&nbsp;WM__PaintWinAndOverlays
</UL>

<P><STRONG><a name="[25e]"></a>_OnExit</STRONG> (Thumb, 32 bytes, Stack size unknown bytes, LCD_Color.o(.text._OnExit), UNUSED)
<BR><BR>[Calls]<UL><LI><a href="#[176]">&gt;&gt;</a>&nbsp;&nbsp;&nbsp;GUI_ALLOC_FreeFixedBlock
</UL>

<P><STRONG><a name="[13a]"></a>_SetBkColor</STRONG> (Thumb, 60 bytes, Stack size unknown bytes, LCD.o(.text._SetBkColor))
<BR>[Address Reference Count : 1]<UL><LI> LCD.o(.rodata._SetColorAPI)
</UL>
<P><STRONG><a name="[139]"></a>_SetColor</STRONG> (Thumb, 60 bytes, Stack size unknown bytes, LCD.o(.text._SetColor))
<BR>[Address Reference Count : 1]<UL><LI> LCD.o(.rodata._SetColorAPI)
</UL>
<P><STRONG><a name="[13b]"></a>_SetDrawMode</STRONG> (Thumb, 50 bytes, Stack size unknown bytes, LCD.o(.text._SetDrawMode))
<BR>[Address Reference Count : 1]<UL><LI> LCD.o(.rodata._SetColorAPI)
</UL>
<P><STRONG><a name="[126]"></a>_CalcSizeOfChar</STRONG> (Thumb, 4 bytes, Stack size unknown bytes, GUI_UC_EncodeNone.o(.text._CalcSizeOfChar))
<BR>[Address Reference Count : 1]<UL><LI> GUI_UC_EncodeNone.o(.rodata.GUI_UC_None)
</UL>
<P><STRONG><a name="[127]"></a>_Encode</STRONG> (Thumb, 8 bytes, Stack size unknown bytes, GUI_UC_EncodeNone.o(.text._Encode))
<BR>[Address Reference Count : 1]<UL><LI> GUI_UC_EncodeNone.o(.rodata.GUI_UC_None)
</UL>
<P><STRONG><a name="[124]"></a>_GetCharCode</STRONG> (Thumb, 4 bytes, Stack size unknown bytes, GUI_UC_EncodeNone.o(.text._GetCharCode))
<BR>[Address Reference Count : 1]<UL><LI> GUI_UC_EncodeNone.o(.rodata.GUI_UC_None)
</UL>
<P><STRONG><a name="[125]"></a>_GetCharSize</STRONG> (Thumb, 4 bytes, Stack size unknown bytes, GUI_UC_EncodeNone.o(.text._GetCharSize))
<BR>[Address Reference Count : 1]<UL><LI> GUI_UC_EncodeNone.o(.rodata.GUI_UC_None)
</UL>
<P><STRONG><a name="[133]"></a>_Color2IndexBulk_M8888I</STRONG> (Thumb, 16 bytes, Stack size unknown bytes, GUICC_M8888I.o(.text._Color2IndexBulk_M8888I))
<BR><BR>[Calls]<UL><LI><a href="#[133]">&gt;&gt;</a>&nbsp;&nbsp;&nbsp;_Color2IndexBulk_M8888I
</UL>
<BR>[Called By]<UL><LI><a href="#[133]">&gt;&gt;</a>&nbsp;&nbsp;&nbsp;_Color2IndexBulk_M8888I
</UL>
<BR>[Address Reference Count : 1]<UL><LI> GUICC_M8888I.o(.rodata.LCD_API_ColorConv_M8888I)
</UL>
<P><STRONG><a name="[130]"></a>_Color2Index_M8888I</STRONG> (Thumb, 2 bytes, Stack size unknown bytes, GUICC_M8888I.o(.text._Color2Index_M8888I))
<BR>[Address Reference Count : 1]<UL><LI> GUICC_M8888I.o(.rodata.LCD_API_ColorConv_M8888I)
</UL>
<P><STRONG><a name="[132]"></a>_GetIndexMask_M8888I</STRONG> (Thumb, 6 bytes, Stack size unknown bytes, GUICC_M8888I.o(.text._GetIndexMask_M8888I))
<BR>[Address Reference Count : 1]<UL><LI> GUICC_M8888I.o(.rodata.LCD_API_ColorConv_M8888I)
</UL>
<P><STRONG><a name="[134]"></a>_Index2ColorBulk_M8888I</STRONG> (Thumb, 16 bytes, Stack size unknown bytes, GUICC_M8888I.o(.text._Index2ColorBulk_M8888I))
<BR><BR>[Calls]<UL><LI><a href="#[134]">&gt;&gt;</a>&nbsp;&nbsp;&nbsp;_Index2ColorBulk_M8888I
</UL>
<BR>[Called By]<UL><LI><a href="#[134]">&gt;&gt;</a>&nbsp;&nbsp;&nbsp;_Index2ColorBulk_M8888I
</UL>
<BR>[Address Reference Count : 1]<UL><LI> GUICC_M8888I.o(.rodata.LCD_API_ColorConv_M8888I)
</UL>
<P><STRONG><a name="[138]"></a>_DrawNonExistingCharacter_Dummy</STRONG> (Thumb, 2 bytes, Stack size unknown bytes, GUI_Char.o(.text._DrawNonExistingCharacter_Dummy))
<BR>[Address Reference Count : 1]<UL><LI> GUI_Char.o(.rodata._NonExistingCharacter_Dummy)
</UL>
<P><STRONG><a name="[137]"></a>_GetNonExistingCharWidth_Dummy</STRONG> (Thumb, 4 bytes, Stack size unknown bytes, GUI_Char.o(.text._GetNonExistingCharWidth_Dummy))
<BR>[Address Reference Count : 1]<UL><LI> GUI_Char.o(.rodata._NonExistingCharacter_Dummy)
</UL>
<P><STRONG><a name="[1b4]"></a>_CreateStaticDevice</STRONG> (Thumb, 352 bytes, Stack size unknown bytes, GUIDEV_StaticDevices.o(.text._CreateStaticDevice), UNUSED)
<BR><BR>[Calls]<UL><LI><a href="#[1b2]">&gt;&gt;</a>&nbsp;&nbsp;&nbsp;GUI_MEMDEV_GetDataPtr
<LI><a href="#[1f7]">&gt;&gt;</a>&nbsp;&nbsp;&nbsp;LCD_GetYSize
<LI><a href="#[1f6]">&gt;&gt;</a>&nbsp;&nbsp;&nbsp;LCD_GetXSize
<LI><a href="#[190]">&gt;&gt;</a>&nbsp;&nbsp;&nbsp;WM_GetDesktopWindow
<LI><a href="#[207]">&gt;&gt;</a>&nbsp;&nbsp;&nbsp;GUI_ALLOC_h2p
<LI><a href="#[1a3]">&gt;&gt;</a>&nbsp;&nbsp;&nbsp;GUI_MEMDEV__CreateFixed
<LI><a href="#[1a0]">&gt;&gt;</a>&nbsp;&nbsp;&nbsp;GUI_MEMDEV_Select
<LI><a href="#[161]">&gt;&gt;</a>&nbsp;&nbsp;&nbsp;GUI_ALLOC_UnlockH
<LI><a href="#[160]">&gt;&gt;</a>&nbsp;&nbsp;&nbsp;GUI_ALLOC_LockH
<LI><a href="#[239]">&gt;&gt;</a>&nbsp;&nbsp;&nbsp;WM_SetSize
<LI><a href="#[21b]">&gt;&gt;</a>&nbsp;&nbsp;&nbsp;WM_GetWindowOrgX
<LI><a href="#[247]">&gt;&gt;</a>&nbsp;&nbsp;&nbsp;WM__Paint1
<LI><a href="#[1e3]">&gt;&gt;</a>&nbsp;&nbsp;&nbsp;GUI__AlphaPreserveTrans
<LI><a href="#[1af]">&gt;&gt;</a>&nbsp;&nbsp;&nbsp;GUI_MEMDEV_SetOrg
</UL>
<BR>[Called By]<UL><LI><a href="#[1b3]">&gt;&gt;</a>&nbsp;&nbsp;&nbsp;GUI_MEMDEV_Paint1Static
</UL>

<P><STRONG><a name="[237]"></a>_Screen2hWin</STRONG> (Thumb, 126 bytes, Stack size unknown bytes, WM_Screen2Win.o(.text._Screen2hWin), UNUSED)
<BR><BR>[Calls]<UL><LI><a href="#[207]">&gt;&gt;</a>&nbsp;&nbsp;&nbsp;GUI_ALLOC_h2p
<LI><a href="#[161]">&gt;&gt;</a>&nbsp;&nbsp;&nbsp;GUI_ALLOC_UnlockH
<LI><a href="#[160]">&gt;&gt;</a>&nbsp;&nbsp;&nbsp;GUI_ALLOC_LockH
<LI><a href="#[237]">&gt;&gt;</a>&nbsp;&nbsp;&nbsp;_Screen2hWin
</UL>
<BR>[Called By]<UL><LI><a href="#[220]">&gt;&gt;</a>&nbsp;&nbsp;&nbsp;WM_Screen2hWin
<LI><a href="#[237]">&gt;&gt;</a>&nbsp;&nbsp;&nbsp;_Screen2hWin
</UL>

<P><STRONG><a name="[244]"></a>_MoveDescendants</STRONG> (Thumb, 116 bytes, Stack size unknown bytes, WM_Move.o(.text._MoveDescendants), UNUSED)
<BR><BR>[Calls]<UL><LI><a href="#[161]">&gt;&gt;</a>&nbsp;&nbsp;&nbsp;GUI_ALLOC_UnlockH
<LI><a href="#[160]">&gt;&gt;</a>&nbsp;&nbsp;&nbsp;GUI_ALLOC_LockH
<LI><a href="#[20d]">&gt;&gt;</a>&nbsp;&nbsp;&nbsp;WM__SendMessage
<LI><a href="#[22a]">&gt;&gt;</a>&nbsp;&nbsp;&nbsp;GUI_MoveRect
<LI><a href="#[244]">&gt;&gt;</a>&nbsp;&nbsp;&nbsp;_MoveDescendants
</UL>
<BR>[Called By]<UL><LI><a href="#[232]">&gt;&gt;</a>&nbsp;&nbsp;&nbsp;WM__MoveWindow
<LI><a href="#[244]">&gt;&gt;</a>&nbsp;&nbsp;&nbsp;_MoveDescendants
</UL>

<P><STRONG><a name="[1dd]"></a>_Unlink</STRONG> (Thumb, 88 bytes, Stack size unknown bytes, GUI_Timer.o(.text._Unlink))
<BR><BR>[Calls]<UL><LI><a href="#[161]">&gt;&gt;</a>&nbsp;&nbsp;&nbsp;GUI_ALLOC_UnlockH
<LI><a href="#[160]">&gt;&gt;</a>&nbsp;&nbsp;&nbsp;GUI_ALLOC_LockH
</UL>
<BR>[Called By]<UL><LI><a href="#[1dc]">&gt;&gt;</a>&nbsp;&nbsp;&nbsp;GUI_TIMER_Delete
</UL>

<P><STRONG><a name="[128]"></a>_Color2Index_0</STRONG> (Thumb, 84 bytes, Stack size unknown bytes, GUICC_0.o(.text._Color2Index_0))
<BR><BR>[Calls]<UL><LI><a href="#[1f3]">&gt;&gt;</a>&nbsp;&nbsp;&nbsp;LCD_GetPalette
<LI><a href="#[1f0]">&gt;&gt;</a>&nbsp;&nbsp;&nbsp;LCD_GetNumColors
<LI><a href="#[24c]">&gt;&gt;</a>&nbsp;&nbsp;&nbsp;GUI_CalcColorDist
</UL>
<BR>[Address Reference Count : 1]<UL><LI> GUICC_0.o(.rodata.LCD_API_ColorConv_0)
</UL>
<P><STRONG><a name="[12a]"></a>_GetIndexMask_0</STRONG> (Thumb, 82 bytes, Stack size unknown bytes, GUICC_0.o(.text._GetIndexMask_0))
<BR><BR>[Calls]<UL><LI><a href="#[1f0]">&gt;&gt;</a>&nbsp;&nbsp;&nbsp;LCD_GetNumColors
</UL>
<BR>[Address Reference Count : 1]<UL><LI> GUICC_0.o(.rodata.LCD_API_ColorConv_0)
</UL>
<P><STRONG><a name="[129]"></a>_Index2Color_0</STRONG> (Thumb, 32 bytes, Stack size unknown bytes, GUICC_0.o(.text._Index2Color_0))
<BR><BR>[Calls]<UL><LI><a href="#[1f3]">&gt;&gt;</a>&nbsp;&nbsp;&nbsp;LCD_GetPalette
<LI><a href="#[1f0]">&gt;&gt;</a>&nbsp;&nbsp;&nbsp;LCD_GetNumColors
</UL>
<BR>[Address Reference Count : 1]<UL><LI> GUICC_0.o(.rodata.LCD_API_ColorConv_0)
</UL>
<P><STRONG><a name="[25f]"></a>_OnExit</STRONG> (Thumb, 74 bytes, Stack size unknown bytes, GUI__Alpha.o(.text._OnExit), UNUSED)
<BR><BR>[Calls]<UL><LI><a href="#[176]">&gt;&gt;</a>&nbsp;&nbsp;&nbsp;GUI_ALLOC_FreeFixedBlock
</UL>

<P><STRONG><a name="[118]"></a>_DrawBitmap</STRONG> (Thumb, 2068 bytes, Stack size unknown bytes, GUIDEV_32.o(.text._DrawBitmap))
<BR><BR>[Calls]<UL><LI><a href="#[250]">&gt;&gt;</a>&nbsp;&nbsp;&nbsp;GUI_USAGE_AddRect
<LI><a href="#[161]">&gt;&gt;</a>&nbsp;&nbsp;&nbsp;GUI_ALLOC_UnlockH
<LI><a href="#[160]">&gt;&gt;</a>&nbsp;&nbsp;&nbsp;GUI_ALLOC_LockH
<LI><a href="#[252]">&gt;&gt;</a>&nbsp;&nbsp;&nbsp;_XY2PTR
</UL>
<BR>[Address Reference Count : 1]<UL><LI> GUIDEV_32.o(.rodata.GUI_MEMDEV_DEVICE_32)
</UL>
<P><STRONG><a name="[119]"></a>_DrawHLine</STRONG> (Thumb, 14 bytes, Stack size unknown bytes, GUIDEV_32.o(.text._DrawHLine))
<BR><BR>[Calls]<UL><LI><a href="#[11b]">&gt;&gt;</a>&nbsp;&nbsp;&nbsp;_FillRect
</UL>
<BR>[Address Reference Count : 1]<UL><LI> GUIDEV_32.o(.rodata.GUI_MEMDEV_DEVICE_32)
</UL>
<P><STRONG><a name="[11a]"></a>_DrawVLine</STRONG> (Thumb, 204 bytes, Stack size unknown bytes, GUIDEV_32.o(.text._DrawVLine))
<BR><BR>[Calls]<UL><LI><a href="#[161]">&gt;&gt;</a>&nbsp;&nbsp;&nbsp;GUI_ALLOC_UnlockH
<LI><a href="#[160]">&gt;&gt;</a>&nbsp;&nbsp;&nbsp;GUI_ALLOC_LockH
<LI><a href="#[252]">&gt;&gt;</a>&nbsp;&nbsp;&nbsp;_XY2PTR
</UL>
<BR>[Address Reference Count : 1]<UL><LI> GUIDEV_32.o(.rodata.GUI_MEMDEV_DEVICE_32)
</UL>
<P><STRONG><a name="[11b]"></a>_FillRect</STRONG> (Thumb, 210 bytes, Stack size unknown bytes, GUIDEV_32.o(.text._FillRect))
<BR><BR>[Calls]<UL><LI><a href="#[250]">&gt;&gt;</a>&nbsp;&nbsp;&nbsp;GUI_USAGE_AddRect
<LI><a href="#[161]">&gt;&gt;</a>&nbsp;&nbsp;&nbsp;GUI_ALLOC_UnlockH
<LI><a href="#[160]">&gt;&gt;</a>&nbsp;&nbsp;&nbsp;GUI_ALLOC_LockH
<LI><a href="#[252]">&gt;&gt;</a>&nbsp;&nbsp;&nbsp;_XY2PTR
</UL>
<BR>[Called By]<UL><LI><a href="#[119]">&gt;&gt;</a>&nbsp;&nbsp;&nbsp;_DrawHLine
</UL>
<BR>[Address Reference Count : 1]<UL><LI> GUIDEV_32.o(.rodata.GUI_MEMDEV_DEVICE_32)
</UL>
<P><STRONG><a name="[122]"></a>_GetDevData</STRONG> (Thumb, 16 bytes, Stack size unknown bytes, GUIDEV_32.o(.text._GetDevData))
<BR>[Address Reference Count : 1]<UL><LI> GUIDEV_32.o(.rodata.GUI_MEMDEV_DEVICE_32)
</UL>
<P><STRONG><a name="[120]"></a>_GetDevFunc</STRONG> (Thumb, 16 bytes, Stack size unknown bytes, GUIDEV_32.o(.text._GetDevFunc))
<BR>[Address Reference Count : 1]<UL><LI> GUIDEV_32.o(.rodata.GUI_MEMDEV_DEVICE_32)
</UL>
<P><STRONG><a name="[121]"></a>_GetDevProp</STRONG> (Thumb, 14 bytes, Stack size unknown bytes, GUIDEV_32.o(.text._GetDevProp))
<BR>[Address Reference Count : 1]<UL><LI> GUIDEV_32.o(.rodata.GUI_MEMDEV_DEVICE_32)
</UL>
<P><STRONG><a name="[11c]"></a>_GetPixelIndex</STRONG> (Thumb, 14 bytes, Stack size unknown bytes, GUIDEV_32.o(.text._GetPixelIndex))
<BR><BR>[Calls]<UL><LI><a href="#[252]">&gt;&gt;</a>&nbsp;&nbsp;&nbsp;_XY2PTR
</UL>
<BR>[Address Reference Count : 1]<UL><LI> GUIDEV_32.o(.rodata.GUI_MEMDEV_DEVICE_32)
</UL>
<P><STRONG><a name="[123]"></a>_GetRect</STRONG> (Thumb, 48 bytes, Stack size unknown bytes, GUIDEV_32.o(.text._GetRect))
<BR><BR>[Calls]<UL><LI><a href="#[161]">&gt;&gt;</a>&nbsp;&nbsp;&nbsp;GUI_ALLOC_UnlockH
<LI><a href="#[160]">&gt;&gt;</a>&nbsp;&nbsp;&nbsp;GUI_ALLOC_LockH
</UL>
<BR>[Address Reference Count : 1]<UL><LI> GUIDEV_32.o(.rodata.GUI_MEMDEV_DEVICE_32)
</UL>
<P><STRONG><a name="[11f]"></a>_SetOrg</STRONG> (Thumb, 8 bytes, Stack size unknown bytes, GUIDEV_32.o(.text._SetOrg))
<BR>[Address Reference Count : 1]<UL><LI> GUIDEV_32.o(.rodata.GUI_MEMDEV_DEVICE_32)
</UL>
<P><STRONG><a name="[11d]"></a>_SetPixelIndex</STRONG> (Thumb, 76 bytes, Stack size unknown bytes, GUIDEV_32.o(.text._SetPixelIndex))
<BR><BR>[Calls]<UL><LI><a href="#[161]">&gt;&gt;</a>&nbsp;&nbsp;&nbsp;GUI_ALLOC_UnlockH
<LI><a href="#[160]">&gt;&gt;</a>&nbsp;&nbsp;&nbsp;GUI_ALLOC_LockH
<LI><a href="#[252]">&gt;&gt;</a>&nbsp;&nbsp;&nbsp;_XY2PTR
</UL>
<BR>[Address Reference Count : 1]<UL><LI> GUIDEV_32.o(.rodata.GUI_MEMDEV_DEVICE_32)
</UL>
<P><STRONG><a name="[252]"></a>_XY2PTR</STRONG> (Thumb, 64 bytes, Stack size unknown bytes, GUIDEV_32.o(.text._XY2PTR))
<BR><BR>[Calls]<UL><LI><a href="#[161]">&gt;&gt;</a>&nbsp;&nbsp;&nbsp;GUI_ALLOC_UnlockH
<LI><a href="#[160]">&gt;&gt;</a>&nbsp;&nbsp;&nbsp;GUI_ALLOC_LockH
</UL>
<BR>[Called By]<UL><LI><a href="#[11e]">&gt;&gt;</a>&nbsp;&nbsp;&nbsp;_XorPixel
<LI><a href="#[11d]">&gt;&gt;</a>&nbsp;&nbsp;&nbsp;_SetPixelIndex
<LI><a href="#[11c]">&gt;&gt;</a>&nbsp;&nbsp;&nbsp;_GetPixelIndex
<LI><a href="#[11b]">&gt;&gt;</a>&nbsp;&nbsp;&nbsp;_FillRect
<LI><a href="#[11a]">&gt;&gt;</a>&nbsp;&nbsp;&nbsp;_DrawVLine
<LI><a href="#[118]">&gt;&gt;</a>&nbsp;&nbsp;&nbsp;_DrawBitmap
</UL>

<P><STRONG><a name="[11e]"></a>_XorPixel</STRONG> (Thumb, 92 bytes, Stack size unknown bytes, GUIDEV_32.o(.text._XorPixel))
<BR><BR>[Calls]<UL><LI><a href="#[161]">&gt;&gt;</a>&nbsp;&nbsp;&nbsp;GUI_ALLOC_UnlockH
<LI><a href="#[160]">&gt;&gt;</a>&nbsp;&nbsp;&nbsp;GUI_ALLOC_LockH
<LI><a href="#[252]">&gt;&gt;</a>&nbsp;&nbsp;&nbsp;_XY2PTR
</UL>
<BR>[Address Reference Count : 1]<UL><LI> GUIDEV_32.o(.rodata.GUI_MEMDEV_DEVICE_32)
</UL>
<P><STRONG><a name="[1d1]"></a>_CreateBuffer</STRONG> (Thumb, 156 bytes, Stack size unknown bytes, GUI_SPRITE.o(.text._CreateBuffer), UNUSED)
<BR><BR>[Calls]<UL><LI><a href="#[15d]">&gt;&gt;</a>&nbsp;&nbsp;&nbsp;GUI_ALLOC_GetMaxSize
<LI><a href="#[1a2]">&gt;&gt;</a>&nbsp;&nbsp;&nbsp;GUI_DEVICE__GetpDriver
<LI><a href="#[160]">&gt;&gt;</a>&nbsp;&nbsp;&nbsp;GUI_ALLOC_LockH
<LI><a href="#[154]">&gt;&gt;</a>&nbsp;&nbsp;&nbsp;GUI_ALLOC_AllocNoInit
</UL>
<BR>[Called By]<UL><LI><a href="#[16c]">&gt;&gt;</a>&nbsp;&nbsp;&nbsp;GUI_SPRITE_SetPosition
</UL>

<P><STRONG><a name="[257]"></a>_FlushBuffer</STRONG> (Thumb, 140 bytes, Stack size unknown bytes, GUI_SPRITE.o(.text._FlushBuffer), UNUSED)
<BR><BR>[Calls]<UL><LI><a href="#[24d]">&gt;&gt;</a>&nbsp;&nbsp;&nbsp;GUI__CompactPixelIndices
</UL>
<BR>[Called By]<UL><LI><a href="#[1d3]">&gt;&gt;</a>&nbsp;&nbsp;&nbsp;_SetBkIndexBuffered
<LI><a href="#[1d5]">&gt;&gt;</a>&nbsp;&nbsp;&nbsp;_ReleaseBuffer
</UL>

<P><STRONG><a name="[1d2]"></a>_GetBkIndex</STRONG> (Thumb, 118 bytes, Stack size unknown bytes, GUI_SPRITE.o(.text._GetBkIndex), UNUSED)
<BR><BR>[Calls]<UL><LI><a href="#[186]">&gt;&gt;</a>&nbsp;&nbsp;&nbsp;GUI_GetBitmapPixelIndex
</UL>
<BR>[Called By]<UL><LI><a href="#[16c]">&gt;&gt;</a>&nbsp;&nbsp;&nbsp;GUI_SPRITE_SetPosition
</UL>

<P><STRONG><a name="[1d4]"></a>_GetBkIndexAlpha</STRONG> (Thumb, 126 bytes, Stack size unknown bytes, GUI_SPRITE.o(.text._GetBkIndexAlpha), UNUSED)
<BR><BR>[Calls]<UL><LI><a href="#[186]">&gt;&gt;</a>&nbsp;&nbsp;&nbsp;GUI_GetBitmapPixelIndex
</UL>
<BR>[Called By]<UL><LI><a href="#[16c]">&gt;&gt;</a>&nbsp;&nbsp;&nbsp;GUI_SPRITE_SetPosition
</UL>

<P><STRONG><a name="[1d0]"></a>_GetDeviceRect</STRONG> (Thumb, 60 bytes, Stack size unknown bytes, GUI_SPRITE.o(.text._GetDeviceRect), UNUSED)
<BR><BR>[Calls]<UL><LI><a href="#[1a8]">&gt;&gt;</a>&nbsp;&nbsp;&nbsp;LCD_GetYSizeEx
<LI><a href="#[1a7]">&gt;&gt;</a>&nbsp;&nbsp;&nbsp;LCD_GetXSizeEx
</UL>
<BR>[Called By]<UL><LI><a href="#[16c]">&gt;&gt;</a>&nbsp;&nbsp;&nbsp;GUI_SPRITE_SetPosition
</UL>

<P><STRONG><a name="[1d5]"></a>_ReleaseBuffer</STRONG> (Thumb, 32 bytes, Stack size unknown bytes, GUI_SPRITE.o(.text._ReleaseBuffer), UNUSED)
<BR><BR>[Calls]<UL><LI><a href="#[161]">&gt;&gt;</a>&nbsp;&nbsp;&nbsp;GUI_ALLOC_UnlockH
<LI><a href="#[157]">&gt;&gt;</a>&nbsp;&nbsp;&nbsp;GUI_ALLOC_Free
<LI><a href="#[257]">&gt;&gt;</a>&nbsp;&nbsp;&nbsp;_FlushBuffer
</UL>
<BR>[Called By]<UL><LI><a href="#[16c]">&gt;&gt;</a>&nbsp;&nbsp;&nbsp;GUI_SPRITE_SetPosition
</UL>

<P><STRONG><a name="[1d3]"></a>_SetBkIndexBuffered</STRONG> (Thumb, 76 bytes, Stack size unknown bytes, GUI_SPRITE.o(.text._SetBkIndexBuffered), UNUSED)
<BR><BR>[Calls]<UL><LI><a href="#[257]">&gt;&gt;</a>&nbsp;&nbsp;&nbsp;_FlushBuffer
</UL>
<BR>[Called By]<UL><LI><a href="#[16c]">&gt;&gt;</a>&nbsp;&nbsp;&nbsp;GUI_SPRITE_SetPosition
</UL>

<P><STRONG><a name="[1cd]"></a>LCD_ReadRectEx</STRONG> (Thumb, 452 bytes, Stack size unknown bytes, LCD_ReadRect.o(.text.LCD_ReadRectEx), UNUSED)
<BR><BR>[Calls]<UL><LI><a href="#[1be]">&gt;&gt;</a>&nbsp;&nbsp;&nbsp;GUI_GetBitsPerPixelEx
</UL>
<BR>[Called By]<UL><LI><a href="#[1cc]">&gt;&gt;</a>&nbsp;&nbsp;&nbsp;GUI_ReadRectEx
</UL>

<P><STRONG><a name="[1bd]"></a>_WriteToActiveAlpha</STRONG> (Thumb, 404 bytes, Stack size unknown bytes, GUIDEV_WriteToActiveAlpha.o(.text._WriteToActiveAlpha), UNUSED)
<BR><BR>[Calls]<UL><LI><a href="#[1b2]">&gt;&gt;</a>&nbsp;&nbsp;&nbsp;GUI_MEMDEV_GetDataPtr
<LI><a href="#[161]">&gt;&gt;</a>&nbsp;&nbsp;&nbsp;GUI_ALLOC_UnlockH
<LI><a href="#[160]">&gt;&gt;</a>&nbsp;&nbsp;&nbsp;GUI_ALLOC_LockH
<LI><a href="#[14d]">&gt;&gt;</a>&nbsp;&nbsp;&nbsp;LCD_DrawBitmap
<LI><a href="#[1e9]">&gt;&gt;</a>&nbsp;&nbsp;&nbsp;GUI__DoAlphaBlending
<LI><a href="#[1e1]">&gt;&gt;</a>&nbsp;&nbsp;&nbsp;GUI__AllocAlphaBuffer
<LI><a href="#[1e5]">&gt;&gt;</a>&nbsp;&nbsp;&nbsp;GUI__CompactPixelIndicesEx
</UL>
<BR>[Called By]<UL><LI><a href="#[1bc]">&gt;&gt;</a>&nbsp;&nbsp;&nbsp;GUI_MEMDEV__WriteToActiveAlpha
</UL>
<P>
<H3>
Undefined Global Symbols
</H3><HR></body></html>
