<html>
<body>
<pre>
<h1>µVision Build Log</h1>
<h2>Tool Versions:</h2>
IDE-Version: ¦ÌVision V5.30.0.0
Copyright (C) 2020 ARM Ltd and ARM Germany GmbH. All rights reserved.
License Information: kuver L15119696007@icloud.com, kuver, LIC=X96CK-ZWZXA-45DT5-G5K4R-D6AJC-FBQJD
 
Tool Versions:
Toolchain:       MDK-ARM Plus  Version: 5.30.0.0
Toolchain Path:  D:\Program Files\Keil_v5.30\ARM\ARMCC\Bin
C Compiler:      Armcc.exe V5.06 update 6 (build 750)
Assembler:       Armasm.exe V5.06 update 6 (build 750)
Linker/Locator:  ArmLink.exe V5.06 update 6 (build 750)
Library Manager: ArmAr.exe V5.06 update 6 (build 750)
Hex Converter:   FromElf.exe V5.06 update 6 (build 750)
CPU DLL:         SARMCM3.DLL V5.30.0.0
Dialog DLL:      DCM.DLL V1.17.3.0
Target DLL:      CMSIS_AGDI.dll V1.32.5.0
Dialog DLL:      TCM.DLL V1.42.0.0
 
<h2>Project:</h2>
F:\CDI_Display\RT1052_emWin5.50_1\project\mdk\YH-RT1052.uvprojx
Project File Date:  08/26/2020

<h2>Output:</h2>
*** Using Compiler 'V5.06 update 6 (build 750)', folder: 'D:\Program Files\Keil_v5.30\ARM\ARMCC\Bin'
Build target 'itcm_txt_sdram_debug'
compiling main.c...
..\..\user\main.c(101): warning:  #177-D: function "AppTaskCreate"  was declared but never referenced
  static void AppTaskCreate (void)
..\..\user\main.c: 1 warning, 0 errors
linking...
Program Size: Code=22676 RO-data=23840 RW-data=420 ZI-data=1539044  
".\ictm_txt_sdram\Objects\YH-RT1052.axf" - 0 Error(s), 1 Warning(s).

<h2>Software Packages used:</h2>

Package Vendor: NXP
                http://mcuxpresso.nxp.com/cmsis_pack/repo/NXP.MIMXRT1052_DFP.12.1.0.pack
                NXP.MIMXRT1052_DFP.12.1.0
                Device Family Pack for MIMXRT1052

<h2>Collection of Component include folders:</h2>
  .\RTE\_itcm_txt_sdram_debug
  D:\AppData\Keil_v5.30\Arm\Packs\NXP\MIMXRT1052_DFP\12.1.0

<h2>Collection of Component Files used:</h2>
Build Time Elapsed:  00:00:01
</pre>
</body>
</html>
