Component: ARM Compiler 5.06 update 6 (build 750) Tool: armlink [4d35ed]

==============================================================================

Section Cross References

    system_mimxrt1052.o(i.SystemCoreClockUpdate) refers to uldiv.o(.text) for __aeabi_uldivmod
    system_mimxrt1052.o(i.SystemCoreClockUpdate) refers to system_mimxrt1052.o(.data) for SystemCoreClock
    system_mimxrt1052.o(i.SystemInit) refers to system_mimxrt1052.o(i.SCB_EnableICache) for SCB_EnableICache
    system_mimxrt1052.o(i.SystemInit) refers to system_mimxrt1052.o(i.SCB_EnableDCache) for SCB_EnableDCache
    system_mimxrt1052.o(i.SystemInit) refers to system_mimxrt1052.o(i.SystemInitHook) for SystemInitHook
    startup_mimxrt1052.o(RESET) refers to startup_mimxrt1052.o(.text) for Reset_Handler
    startup_mimxrt1052.o(RESET) refers to port.o(.emb_text) for SVC_Handler
    startup_mimxrt1052.o(RESET) refers to bsp_systick.o(i.SysTick_Handler) for SysTick_Handler
    startup_mimxrt1052.o(RESET) refers to emwin_support.o(i.LCDIF_IRQHandler) for LCDIF_IRQHandler
    startup_mimxrt1052.o(RESET) refers to bsp_i2c_touch.o(i.GPIO1_Combined_0_15_IRQHandler) for GPIO1_Combined_0_15_IRQHandler
    startup_mimxrt1052.o(.text) refers to startup_mimxrt1052.o(RESET) for __Vectors
    startup_mimxrt1052.o(.text) refers to system_mimxrt1052.o(i.SystemInit) for SystemInit
    startup_mimxrt1052.o(.text) refers to entry.o(.ARM.Collect$$$$00000000) for __main
    startup_mimxrt1052.o(.text) refers to fsl_lpuart.o(i.LPUART1_DriverIRQHandler) for LPUART1_DriverIRQHandler
    startup_mimxrt1052.o(.text) refers to fsl_lpuart.o(i.LPUART2_DriverIRQHandler) for LPUART2_DriverIRQHandler
    startup_mimxrt1052.o(.text) refers to fsl_lpuart.o(i.LPUART3_DriverIRQHandler) for LPUART3_DriverIRQHandler
    startup_mimxrt1052.o(.text) refers to fsl_lpuart.o(i.LPUART4_DriverIRQHandler) for LPUART4_DriverIRQHandler
    startup_mimxrt1052.o(.text) refers to fsl_lpuart.o(i.LPUART5_DriverIRQHandler) for LPUART5_DriverIRQHandler
    startup_mimxrt1052.o(.text) refers to fsl_lpuart.o(i.LPUART6_DriverIRQHandler) for LPUART6_DriverIRQHandler
    startup_mimxrt1052.o(.text) refers to fsl_lpuart.o(i.LPUART7_DriverIRQHandler) for LPUART7_DriverIRQHandler
    startup_mimxrt1052.o(.text) refers to fsl_lpuart.o(i.LPUART8_DriverIRQHandler) for LPUART8_DriverIRQHandler
    startup_mimxrt1052.o(.text) refers to fsl_lpi2c.o(i.LPI2C1_DriverIRQHandler) for LPI2C1_DriverIRQHandler
    startup_mimxrt1052.o(.text) refers to fsl_lpi2c.o(i.LPI2C2_DriverIRQHandler) for LPI2C2_DriverIRQHandler
    startup_mimxrt1052.o(.text) refers to fsl_lpi2c.o(i.LPI2C3_DriverIRQHandler) for LPI2C3_DriverIRQHandler
    fsl_clock.o(i.CLOCK_DisableUsbhs0PhyPllClock) refers to fsl_clock.o(i.CLOCK_DeinitUsb1Pll) for CLOCK_DeinitUsb1Pll
    fsl_clock.o(i.CLOCK_DisableUsbhs1PhyPllClock) refers to fsl_clock.o(i.CLOCK_DeinitUsb2Pll) for CLOCK_DeinitUsb2Pll
    fsl_clock.o(i.CLOCK_EnableUsbhs0PhyPllClock) refers to fsl_clock.o(i.CLOCK_InitUsb1Pll) for CLOCK_InitUsb1Pll
    fsl_clock.o(i.CLOCK_EnableUsbhs1PhyPllClock) refers to fsl_clock.o(i.CLOCK_InitUsb2Pll) for CLOCK_InitUsb2Pll
    fsl_clock.o(i.CLOCK_GetFreq) refers to fsl_clock.o(i.CLOCK_GetPeriphClkFreq) for CLOCK_GetPeriphClkFreq
    fsl_clock.o(i.CLOCK_GetFreq) refers to fsl_clock.o(i.CLOCK_GetUsb1PfdFreq) for CLOCK_GetUsb1PfdFreq
    fsl_clock.o(i.CLOCK_GetFreq) refers to fsl_clock.o(i.CLOCK_GetSysPfdFreq) for CLOCK_GetSysPfdFreq
    fsl_clock.o(i.CLOCK_GetFreq) refers to fsl_clock.o(i.CLOCK_GetOscFreq) for CLOCK_GetOscFreq
    fsl_clock.o(i.CLOCK_GetFreq) refers to fsl_clock.o(i.CLOCK_GetPllFreq) for CLOCK_GetPllFreq
    fsl_clock.o(i.CLOCK_GetOscFreq) refers to fsl_clock.o(.data) for g_xtalFreq
    fsl_clock.o(i.CLOCK_GetPeriphClkFreq) refers to fsl_clock.o(i.CLOCK_GetPllFreq) for CLOCK_GetPllFreq
    fsl_clock.o(i.CLOCK_GetPeriphClkFreq) refers to fsl_clock.o(i.CLOCK_GetOscFreq) for CLOCK_GetOscFreq
    fsl_clock.o(i.CLOCK_GetPeriphClkFreq) refers to fsl_clock.o(i.CLOCK_GetSysPfdFreq) for CLOCK_GetSysPfdFreq
    fsl_clock.o(i.CLOCK_GetPllFreq) refers to fsl_clock.o(i.CLOCK_GetOscFreq) for CLOCK_GetOscFreq
    fsl_clock.o(i.CLOCK_GetPllFreq) refers to uldiv.o(.text) for __aeabi_uldivmod
    fsl_clock.o(i.CLOCK_GetPllFreq) refers to fsl_clock.o(.constdata) for .constdata
    fsl_clock.o(i.CLOCK_GetSysPfdFreq) refers to fsl_clock.o(i.CLOCK_GetPllFreq) for CLOCK_GetPllFreq
    fsl_clock.o(i.CLOCK_GetUsb1PfdFreq) refers to fsl_clock.o(i.CLOCK_GetPllFreq) for CLOCK_GetPllFreq
    fsl_clock.o(i.CLOCK_InitExternalClk) refers to fsl_assert.o(i.__aeabi_assert) for __aeabi_assert
    fsl_gpio.o(i.CLOCK_EnableClock) refers to fsl_assert.o(i.__aeabi_assert) for __aeabi_assert
    fsl_gpio.o(i.GPIO_GetInstance) refers to fsl_assert.o(i.__aeabi_assert) for __aeabi_assert
    fsl_gpio.o(i.GPIO_GetInstance) refers to fsl_gpio.o(.constdata) for s_gpioBases
    fsl_gpio.o(i.GPIO_PinInit) refers to fsl_gpio.o(i.GPIO_GetInstance) for GPIO_GetInstance
[...]
    Removing GUI_DrawLib.o(.ARM.exidx.text.GUI_FillRectEx), (8 bytes).
    Removing GUI_DrawLib.o(.text.GUI_InvertRect), (100 bytes).
    Removing GUI_DrawLib.o(.ARM.exidx.text.GUI_InvertRect), (8 bytes).
    Removing GUI_DrawLib.o(.text.GUI_DrawBitmapExp), (194 bytes).
    Removing GUI_DrawLib.o(.ARM.exidx.text.GUI_DrawBitmapExp), (8 bytes).
    Removing GUI_DrawLib.o(.text.GUI_DrawBitmapHWAlpha), (110 bytes).
    Removing GUI_DrawLib.o(.ARM.exidx.text.GUI_DrawBitmapHWAlpha), (8 bytes).
    Removing GUI_DrawLib.o(.text.GUI_DrawBitmapMag), (236 bytes).
    Removing GUI_DrawLib.o(.ARM.exidx.text.GUI_DrawBitmapMag), (8 bytes).
    Removing GUI_DrawLib.o(.text.GUI_DrawFocusRect), (178 bytes).
    Removing GUI_DrawLib.o(.ARM.exidx.text.GUI_DrawFocusRect), (8 bytes).
    Removing GUI_DispString.o(.text), (0 bytes).
    Removing GUI_DispString.o(.text.GUI_SetClearTextRectMode), (22 bytes).
    Removing GUI_DispString.o(.ARM.exidx.text.GUI_SetClearTextRectMode), (8 bytes).
    Removing GUI_DispString.o(.ARM.exidx.text.GUI_DispString), (8 bytes).
    Removing GUI_DispString.o(.text.GUI_DispStringAt), (18 bytes).
    Removing GUI_DispString.o(.ARM.exidx.text.GUI_DispStringAt), (8 bytes).
    Removing GUI_DispString.o(.text.GUI_DispStringAtCEOL), (28 bytes).
    Removing GUI_DispString.o(.ARM.exidx.text.GUI_DispStringAtCEOL), (8 bytes).
    Removing GUI_DispString.o(.ARM.exidx.text.GUI_DispStringHCenterAt), (8 bytes).
    Removing GUI_DispString.o(.text.GUI_DispStringLen), (52 bytes).
    Removing GUI_DispString.o(.ARM.exidx.text.GUI_DispStringLen), (8 bytes).
    Removing GUI_DispString.o(.text.GUI__DispStringInRect), (522 bytes).
    Removing GUI_DispString.o(.ARM.exidx.text.GUI__DispStringInRect), (8 bytes).
    Removing GUI_DispString.o(.text.GUI_DispStringInRectMax), (78 bytes).
    Removing GUI_DispString.o(.ARM.exidx.text.GUI_DispStringInRectMax), (8 bytes).
    Removing GUI_DispString.o(.text.GUI_DispStringInRect), (8 bytes).
    Removing GUI_DispString.o(.ARM.exidx.text.GUI_DispStringInRect), (8 bytes).
    Removing GUI_DispString.o(.text.GUI_WrapGetNumLines), (44 bytes).
    Removing GUI_DispString.o(.ARM.exidx.text.GUI_WrapGetNumLines), (8 bytes).
    Removing GUI_DispString.o(.text.GUI_DispStringInRectWrap), (548 bytes).
    Removing GUI_DispString.o(.ARM.exidx.text.GUI_DispStringInRectWrap), (8 bytes).
    Removing GUI_DispString.o(.text.GUI_DispStringInRectWrapEx), (824 bytes).
    Removing GUI_DispString.o(.ARM.exidx.text.GUI_DispStringInRectWrapEx), (8 bytes).
    Removing GUI_DispString.o(.text.GUI_GetStringDistX), (20 bytes).
    Removing GUI_DispString.o(.ARM.exidx.text.GUI_GetStringDistX), (8 bytes).
    Removing GUI_DispString.o(.bss.ClearRectMode), (1 bytes).
    Removing GUI_CharPExt.o(.text), (0 bytes).
    Removing GUI_CharPExt.o(.text.GUIPROP_EXT__FindChar), (26 bytes).
    Removing GUI_CharPExt.o(.ARM.exidx.text.GUIPROP_EXT__FindChar), (8 bytes).
    Removing GUI_CharPExt.o(.text.GUIPROP_EXT_DispChar), (216 bytes).
    Removing GUI_CharPExt.o(.ARM.exidx.text.GUIPROP_EXT_DispChar), (8 bytes).
    Removing GUI_CharPExt.o(.text.GUIPROP_EXT_GetCharDistX), (92 bytes).
    Removing GUI_CharPExt.o(.ARM.exidx.text.GUIPROP_EXT_GetCharDistX), (8 bytes).
    Removing GUI_CharPExt.o(.text.GUIPROP_EXT_GetFontInfo), (6 bytes).
    Removing GUI_CharPExt.o(.ARM.exidx.text.GUIPROP_EXT_GetFontInfo), (8 bytes).
    Removing GUI_CharPExt.o(.text.GUIPROP_EXT_IsInFont), (32 bytes).
    Removing GUI_CharPExt.o(.ARM.exidx.text.GUIPROP_EXT_IsInFont), (8 bytes).
    Removing GUI_CharPExt.o(.text.GUIPROP_EXT_GetCharInfo), (68 bytes).
    Removing GUI_CharPExt.o(.ARM.exidx.text.GUIPROP_EXT_GetCharInfo), (8 bytes).
    Removing GUIAA_Char4Ext.o(.text), (0 bytes).
    Removing GUIAA_Char4Ext.o(.text.GUIPROP_AA4_EXT_DispChar), (210 bytes).
    Removing GUIAA_Char4Ext.o(.ARM.exidx.text.GUIPROP_AA4_EXT_DispChar), (8 bytes).
    Removing GUIAA_Char2Ext.o(.text), (0 bytes).
    Removing GUIAA_Char2Ext.o(.text.GUIPROP_AA2_EXT_DispChar), (210 bytes).
    Removing GUIAA_Char2Ext.o(.ARM.exidx.text.GUIPROP_AA2_EXT_DispChar), (8 bytes).
    Removing GUIDEV_16.o(.text), (0 bytes).
    Removing GUIDEV_16.o(.ARM.exidx.text._DrawBitmap), (8 bytes).
    Removing GUIDEV_16.o(.ARM.exidx.text._DrawHLine), (8 bytes).
    Removing GUIDEV_16.o(.ARM.exidx.text._DrawVLine), (8 bytes).
    Removing GUIDEV_16.o(.ARM.exidx.text._FillRect), (8 bytes).
    Removing GUIDEV_16.o(.ARM.exidx.text._GetPixelIndex), (8 bytes).
    Removing GUIDEV_16.o(.ARM.exidx.text._SetPixelIndex), (8 bytes).
    Removing GUIDEV_16.o(.ARM.exidx.text._XorPixel), (8 bytes).
    Removing GUIDEV_16.o(.ARM.exidx.text._SetOrg), (8 bytes).
    Removing GUIDEV_16.o(.ARM.exidx.text._GetDevFunc), (8 bytes).
    Removing GUIDEV_16.o(.ARM.exidx.text._GetDevProp), (8 bytes).
    Removing GUIDEV_16.o(.ARM.exidx.text._GetDevData), (8 bytes).
    Removing GUIDEV_16.o(.ARM.exidx.text._GetRect), (8 bytes).
    Removing GUIDEV_16.o(.ARM.exidx.text._XY2PTR), (8 bytes).
    Removing GUIDEV.o(.text), (0 bytes).
    Removing GUIDEV.o(.text.GUI_MEMDEV__WriteToActiveAt), (50 bytes).
    Removing GUIDEV.o(.ARM.exidx.text.GUI_MEMDEV__WriteToActiveAt), (8 bytes).
    Removing GUIDEV.o(.ARM.exidx.text.GUI_MEMDEV__CreateFixed), (8 bytes).
    Removing GUIDEV.o(.ARM.exidx.text.GUI_MEMDEV_GetBitsPerPixel), (8 bytes).
    Removing GUIDEV.o(.ARM.exidx.text.GUI_MEMDEV_Delete), (8 bytes).
    Removing GUIDEV.o(.ARM.exidx.text.GUI_MEMDEV_CreateEx), (8 bytes).
    Removing GUIDEV.o(.text.GUI_MEMDEV_Create), (20 bytes).
    Removing GUIDEV.o(.ARM.exidx.text.GUI_MEMDEV_Create), (8 bytes).
    Removing GUIDEV.o(.ARM.exidx.text.GUI_MEMDEV_Select), (8 bytes).
    Removing GUIDEV.o(.ARM.exidx.text.GUI_MEMDEV_CopyToLCDAt), (8 bytes).
    Removing GUIDEV.o(.ARM.exidx.text.GUI_MEMDEV_CopyToLCD), (8 bytes).
    Removing GUIDEV.o(.text.GUI_MEMDEV_MarkDirty), (76 bytes).
    Removing GUIDEV.o(.ARM.exidx.text.GUI_MEMDEV_MarkDirty), (8 bytes).
    Removing GUIDEV.o(.text.GUI_MEMDEV_CreateCopy), (278 bytes).
    Removing GUIDEV.o(.ARM.exidx.text.GUI_MEMDEV_CreateCopy), (8 bytes).
    Removing GUIDEV_SetOrg.o(.text), (0 bytes).
    Removing GUIDEV_SetOrg.o(.ARM.exidx.text.GUI_MEMDEV_SetOrg), (8 bytes).
    Removing GUIDEV_GetYSize.o(.text), (0 bytes).
    Removing GUIDEV_GetYSize.o(.ARM.exidx.text.GUI_MEMDEV_GetYSize), (8 bytes).
    Removing GUIDEV_ReduceYSize.o(.text), (0 bytes).
    Removing GUIDEV_ReduceYSize.o(.ARM.exidx.text.GUI_MEMDEV_ReduceYSize), (8 bytes).
    Removing GUIDEV_Clear.o(.text), (0 bytes).
    Removing GUIDEV_Clear.o(.ARM.exidx.text.GUI_MEMDEV_Clear), (8 bytes).
    Removing WM.o(.text), (0 bytes).
    Removing WM.o(.text.WM__InvalidateParent), (40 bytes).
    Removing WM.o(.ARM.exidx.text.WM__InvalidateParent), (8 bytes).
    Removing WM.o(.ARM.exidx.text.WM__InvalidateRect), (8 bytes).
    Removing WM.o(.text.WM__Invalidate1Abs), (6 bytes).
    Removing WM.o(.ARM.exidx.text.WM__Invalidate1Abs), (8 bytes).
    Removing WM.o(.ARM.exidx.text._Invalidate1Abs), (8 bytes).
    Removing WM.o(.ARM.exidx.text.WM__ClipAtParentBorders), (8 bytes).
    Removing WM.o(.ARM.exidx.text.WM__ActivateClipRect), (8 bytes).
    Removing WM.o(.ARM.exidx.text._SetClipRectUserIntersect), (8 bytes).
    Removing WM.o(.ARM.exidx.text.WM__InsertWindowIntoList), (8 bytes).
    Removing WM.o(.text.WM__RemoveWindowFromList), (60 bytes).
    Removing WM.o(.ARM.exidx.text.WM__RemoveWindowFromList), (8 bytes).
    Removing WM.o(.text.WM__DetachWindow), (48 bytes).
    Removing WM.o(.ARM.exidx.text.WM__DetachWindow), (8 bytes).
    Removing WM.o(.ARM.exidx.text.WM__InvalidateRectEx), (8 bytes).
    Removing WM.o(.text.WM__Client2Screen), (16 bytes).
    Removing WM.o(.ARM.exidx.text.WM__Client2Screen), (8 bytes).
    Removing WM.o(.ARM.exidx.text.WM__IsWindow), (8 bytes).
    Removing WM.o(.ARM.exidx.text.WM__InvalidateDrawAndDescs), (8 bytes).
    Removing WM.o(.ARM.exidx.text.WM_InvalidateWindowAndDescsEx), (8 bytes).
    Removing WM.o(.text.WM__RectIsNZ), (34 bytes).
    Removing WM.o(.ARM.exidx.text.WM__RectIsNZ), (8 bytes).
    Removing WM.o(.text.WM_SendMessage), (8 bytes).
    Removing WM.o(.ARM.exidx.text.WM_SendMessage), (8 bytes).
    Removing WM.o(.text.WM__SendMsgNoData), (18 bytes).
    Removing WM.o(.ARM.exidx.text.WM__SendMsgNoData), (8 bytes).
    Removing WM.o(.ARM.exidx.text.WM__GetClientRectWin), (8 bytes).
    Removing WM.o(.ARM.exidx.text.WM_InvalidateRect), (8 bytes).
    Removing WM.o(.text.WM_InvalidateWindow), (6 bytes).
    Removing WM.o(.ARM.exidx.text.WM_InvalidateWindow), (8 bytes).
    Removing WM.o(.ARM.exidx.text.WM_CreateWindowAsChild), (8 bytes).
    Removing WM.o(.ARM.exidx.text.WM_SelectWindow), (8 bytes).
    Removing WM.o(.text.WM_CreateWindow), (26 bytes).
    Removing WM.o(.ARM.exidx.text.WM_CreateWindow), (8 bytes).
    Removing WM.o(.text.WM_DeleteWindow), (296 bytes).
    Removing WM.o(.ARM.exidx.text.WM_DeleteWindow), (8 bytes).
    Removing WM.o(.text.WM_GetActiveWindow), (14 bytes).
    Removing WM.o(.ARM.exidx.text.WM_GetActiveWindow), (8 bytes).
    Removing WM.o(.ARM.exidx.text.WM__GetNextIVR), (8 bytes).
    Removing WM.o(.ARM.exidx.text.WM__InitIVRSearch), (8 bytes).
    Removing WM.o(.text.WM_SetDefault), (22 bytes).
    Removing WM.o(.ARM.exidx.text.WM_SetDefault), (8 bytes).
    Removing WM.o(.text.WM__Paint1), (198 bytes).
    Removing WM.o(.ARM.exidx.text.WM__Paint1), (8 bytes).
    Removing WM.o(.text.WM__Paint), (170 bytes).
    Removing WM.o(.ARM.exidx.text.WM__Paint), (8 bytes).
    Removing WM.o(.text._cbPaintMemDev), (82 bytes).
    Removing WM.o(.ARM.exidx.text._cbPaintMemDev), (8 bytes).
    Removing WM.o(.text.WM__PaintWinAndOverlays), (140 bytes).
    Removing WM.o(.ARM.exidx.text.WM__PaintWinAndOverlays), (8 bytes).
    Removing WM.o(.text.WM__DeleteSecure), (28 bytes).
    Removing WM.o(.ARM.exidx.text.WM__DeleteSecure), (8 bytes).
    Removing WM.o(.text.WM_Exec1), (18 bytes).
    Removing WM.o(.ARM.exidx.text.WM_Exec1), (8 bytes).
    Removing WM.o(.text._Exec1Input), (140 bytes).
    Removing WM.o(.ARM.exidx.text._Exec1Input), (8 bytes).
    Removing WM.o(.text._Exec1Draw), (156 bytes).
    Removing WM.o(.ARM.exidx.text._Exec1Draw), (8 bytes).
    Removing WM.o(.text.WM_Exec), (148 bytes).
    Removing WM.o(.ARM.exidx.text.WM_Exec), (8 bytes).
    Removing WM.o(.ARM.exidx.text.WM_Activate), (8 bytes).
    Removing WM.o(.ARM.exidx.text.WM_Deactivate), (8 bytes).
    Removing WM.o(.ARM.exidx.text.WM_DefaultProc), (8 bytes).
    Removing WM.o(.ARM.exidx.text.WM_Init), (8 bytes).
    Removing WM.o(.ARM.exidx.text._cbBackWin), (8 bytes).
    Removing WM.o(.ARM.exidx.text._OnExit), (8 bytes).
    Removing WM.o(.text.WM_GetWindowInfo), (138 bytes).
    Removing WM.o(.ARM.exidx.text.WM_GetWindowInfo), (8 bytes).
    Removing WM.o(.text.WM_SetUntouchable), (52 bytes).
    Removing WM.o(.ARM.exidx.text.WM_SetUntouchable), (8 bytes).
    Removing WM.o(.ARM.exidx.text._Findy1), (8 bytes).
    Removing WM.o(.ARM.exidx.text._Findx0), (8 bytes).
    Removing WM.o(.ARM.exidx.text._Findx1), (8 bytes).
    Removing WM.o(.text._PaintTransChildren), (172 bytes).
    Removing WM.o(.ARM.exidx.text._PaintTransChildren), (8 bytes).
    Removing WM.o(.text._Paint1Trans), (174 bytes).
    Removing WM.o(.ARM.exidx.text._Paint1Trans), (8 bytes).
    Removing WM.o(.bss.WM_GetWindowInfo.iWin), (4 bytes).
    Removing WM.o(.rodata.cst16), (16 bytes).
    Removing WM.o(.bss.WM_pfPollPID), (4 bytes).
    Removing WM_Touch.o(.text), (0 bytes).
    Removing WM_Touch.o(.ARM.exidx.text.WM__IsInModalArea), (8 bytes).
    Removing WM_Touch.o(.ARM.exidx.text.WM__SendPIDMessage), (8 bytes).
    Removing WM_Touch.o(.ARM.exidx.text.WM__SendTouchMessage), (8 bytes).
    Removing WM_Touch.o(.text.WM__SetLastTouched), (22 bytes).
    Removing WM_Touch.o(.ARM.exidx.text.WM__SetLastTouched), (8 bytes).
    Removing WM_Touch.o(.text.WM__SetMotionCallback), (44 bytes).
    Removing WM_Touch.o(.ARM.exidx.text.WM__SetMotionCallback), (8 bytes).
    Removing WM_Touch.o(.text.WM__SetToolTipCallback), (44 bytes).
    Removing WM_Touch.o(.ARM.exidx.text.WM__SetToolTipCallback), (8 bytes).
    Removing WM_Touch.o(.ARM.exidx.text.WM_HandlePID), (8 bytes).
    Removing WM_Touch.o(.text._OnExit), (24 bytes).
    Removing WM_Touch.o(.ARM.exidx.text._OnExit), (8 bytes).
    Removing WM_Touch.o(.bss._RegisterExit.RegisterExit), (8 bytes).
    Removing WM__Private.o(.text), (0 bytes).
    Removing WM__Private.o(.text.WM__ForEachDesc), (46 bytes).
    Removing WM__Private.o(.ARM.exidx.text.WM__ForEachDesc), (8 bytes).
    Removing WM__Private.o(.ARM.exidx.text.WM__GetFirstSibling), (8 bytes).
    Removing WM__Private.o(.text.WM__GetFocusedChild), (28 bytes).
    Removing WM__Private.o(.ARM.exidx.text.WM__GetFocusedChild), (8 bytes).
    Removing WM__Private.o(.text.WM__IsChild), (48 bytes).
    Removing WM__Private.o(.ARM.exidx.text.WM__IsChild), (8 bytes).
    Removing WM__Private.o(.text.WM__GetLastSibling), (24 bytes).
    Removing WM__Private.o(.ARM.exidx.text.WM__GetLastSibling), (8 bytes).
    Removing WM__Private.o(.text.WM__GetOrgX_AA), (30 bytes).
    Removing WM__Private.o(.ARM.exidx.text.WM__GetOrgX_AA), (8 bytes).
    Removing WM__Private.o(.text.WM__GetOrgY_AA), (30 bytes).
    Removing WM__Private.o(.ARM.exidx.text.WM__GetOrgY_AA), (8 bytes).
    Removing WM__Private.o(.ARM.exidx.text.WM__GetPrevSibling), (8 bytes).
    Removing WM__Private.o(.ARM.exidx.text.WM__IsAncestor), (8 bytes).
    Removing WM__Private.o(.text.WM__IsAncestorOrSelf), (46 bytes).
    Removing WM__Private.o(.ARM.exidx.text.WM__IsAncestorOrSelf), (8 bytes).
    Removing WM__Private.o(.ARM.exidx.text.WM__IsEnabled), (8 bytes).
    Removing WM__Private.o(.text.WM__NotifyVisChanged), (24 bytes).
    Removing WM__Private.o(.ARM.exidx.text.WM__NotifyVisChanged), (8 bytes).
    Removing WM__Private.o(.text._NotifyVisChanged), (74 bytes).
    Removing WM__Private.o(.ARM.exidx.text._NotifyVisChanged), (8 bytes).
    Removing WM__Private.o(.text.WM__Screen2Client), (20 bytes).
    Removing WM__Private.o(.ARM.exidx.text.WM__Screen2Client), (8 bytes).
    Removing WM__Private.o(.ARM.exidx.text.WM__SendMessage), (8 bytes).
    Removing WM__Private.o(.ARM.exidx.text.WM__SendMessageIfEnabled), (8 bytes).
    Removing WM__Private.o(.ARM.exidx.text.WM__SendMessageNoPara), (8 bytes).
    Removing WM__Private.o(.text.WM__UpdateChildPositions), (212 bytes).
    Removing WM__Private.o(.ARM.exidx.text.WM__UpdateChildPositions), (8 bytes).
    Removing WM__Private.o(.ARM.exidx.text.WM__AddCriticalHandle), (8 bytes).
    Removing WM__Private.o(.ARM.exidx.text.WM__RemoveCriticalHandle), (8 bytes).
    Removing WM__Private.o(.ARM.exidx.text.WM__GetClientRectEx), (8 bytes).
    Removing WM_Lib.o(.text), (0 bytes).
    Removing WM_Lib.o(.text.WM_BroadcastMessage), (66 bytes).
    Removing WM_Lib.o(.ARM.exidx.text.WM_BroadcastMessage), (8 bytes).
    Removing WM_Lib.o(.text.WM_DetachWindow), (66 bytes).
    Removing WM_Lib.o(.ARM.exidx.text.WM_DetachWindow), (8 bytes).
    Removing WM_Lib.o(.text.WM_AttachWindow), (90 bytes).
    Removing WM_Lib.o(.ARM.exidx.text.WM_AttachWindow), (8 bytes).
    Removing WM_Lib.o(.text.WM_AttachWindowAt), (40 bytes).
    Removing WM_Lib.o(.ARM.exidx.text.WM_AttachWindowAt), (8 bytes).
    Removing WM_Lib.o(.text.WM_SetEnableState), (68 bytes).
    Removing WM_Lib.o(.ARM.exidx.text.WM_SetEnableState), (8 bytes).
    Removing WM_Lib.o(.text.WM_EnableWindow), (6 bytes).
    Removing WM_Lib.o(.ARM.exidx.text.WM_EnableWindow), (8 bytes).
    Removing WM_Lib.o(.text.WM_DisableWindow), (6 bytes).
    Removing WM_Lib.o(.ARM.exidx.text.WM_DisableWindow), (8 bytes).
    Removing WM_Lib.o(.text.WM_ForEachDesc), (4 bytes).
    Removing WM_Lib.o(.ARM.exidx.text.WM_ForEachDesc), (8 bytes).
    Removing WM_Lib.o(.text.WM_GetBkColor), (32 bytes).
    Removing WM_Lib.o(.ARM.exidx.text.WM_GetBkColor), (8 bytes).
    Removing WM_Lib.o(.text.WM_GetCallback), (30 bytes).
    Removing WM_Lib.o(.ARM.exidx.text.WM_GetCallback), (8 bytes).
    Removing WM_Lib.o(.text.WM_GetClientRectEx), (4 bytes).
    Removing WM_Lib.o(.ARM.exidx.text.WM_GetClientRectEx), (8 bytes).
    Removing WM_Lib.o(.text.WM_GetClientRect), (32 bytes).
    Removing WM_Lib.o(.ARM.exidx.text.WM_GetClientRect), (8 bytes).
    Removing WM_Lib.o(.text.WM_GetClientWindow), (24 bytes).
    Removing WM_Lib.o(.ARM.exidx.text.WM_GetClientWindow), (8 bytes).
    Removing WM_Lib.o(.ARM.exidx.text.WM_GetDesktopWindow), (8 bytes).
    Removing WM_Lib.o(.text.WM_GetDesktopWindowEx), (20 bytes).
    Removing WM_Lib.o(.ARM.exidx.text.WM_GetDesktopWindowEx), (8 bytes).
    Removing WM_Lib.o(.text.WM_GetNumWindows), (12 bytes).
    Removing WM_Lib.o(.ARM.exidx.text.WM_GetNumWindows), (8 bytes).
    Removing WM_Lib.o(.text.WM_GetNumInvalidWindows), (12 bytes).
    Removing WM_Lib.o(.ARM.exidx.text.WM_GetNumInvalidWindows), (8 bytes).
    Removing WM_Lib.o(.ARM.exidx.text.WM_BringToBottom), (8 bytes).
    Removing WM_Lib.o(.ARM.exidx.text.WM_GetParent), (8 bytes).
    Removing WM_Lib.o(.text.WM_CheckScrollBounds), (30 bytes).
    Removing WM_Lib.o(.ARM.exidx.text.WM_CheckScrollBounds), (8 bytes).
    Removing WM_Lib.o(.text.WM_CheckScrollPos), (72 bytes).
    Removing WM_Lib.o(.ARM.exidx.text.WM_CheckScrollPos), (8 bytes).
    Removing WM_Lib.o(.text.WM_SetScrollValue), (36 bytes).
    Removing WM_Lib.o(.ARM.exidx.text.WM_SetScrollValue), (8 bytes).
    Removing WM_Lib.o(.text.WM_GetDialogItem), (104 bytes).
    Removing WM_Lib.o(.ARM.exidx.text.WM_GetDialogItem), (8 bytes).
    Removing WM_Lib.o(.ARM.exidx.text.WM_GetFirstChild), (8 bytes).
    Removing WM_Lib.o(.text.WM_GetFlags), (22 bytes).
    Removing WM_Lib.o(.ARM.exidx.text.WM_GetFlags), (8 bytes).
    Removing WM_Lib.o(.text.WM_GetFocusedWindow), (12 bytes).
    Removing WM_Lib.o(.ARM.exidx.text.WM_GetFocusedWindow), (8 bytes).
    Removing WM_Lib.o(.text.WM_GetId), (28 bytes).
    Removing WM_Lib.o(.ARM.exidx.text.WM_GetId), (8 bytes).
    Removing WM_Lib.o(.text.WM_GetInsideRectEx), (20 bytes).
    Removing WM_Lib.o(.ARM.exidx.text.WM_GetInsideRectEx), (8 bytes).
    Removing WM_Lib.o(.text.WM_GetInsideRect), (34 bytes).
    Removing WM_Lib.o(.ARM.exidx.text.WM_GetInsideRect), (8 bytes).
    Removing WM_Lib.o(.text.WM_GetInsideRectExScrollbar), (204 bytes).
    Removing WM_Lib.o(.ARM.exidx.text.WM_GetInsideRectExScrollbar), (8 bytes).
    Removing WM_Lib.o(.text.WM_GetWindowRectEx), (22 bytes).
    Removing WM_Lib.o(.ARM.exidx.text.WM_GetWindowRectEx), (8 bytes).
    Removing WM_Lib.o(.text.WM_GetInvalidRect), (34 bytes).
    Removing WM_Lib.o(.ARM.exidx.text.WM_GetInvalidRect), (8 bytes).
    Removing WM_Lib.o(.text.WM_GetNextSibling), (16 bytes).
    Removing WM_Lib.o(.ARM.exidx.text.WM_GetNextSibling), (8 bytes).
    Removing WM_Lib.o(.text.WM_GetWindowOrgX), (18 bytes).
    Removing WM_Lib.o(.ARM.exidx.text.WM_GetWindowOrgX), (8 bytes).
    Removing WM_Lib.o(.text.WM_GetWindowOrgY), (18 bytes).
    Removing WM_Lib.o(.ARM.exidx.text.WM_GetWindowOrgY), (8 bytes).
    Removing WM_Lib.o(.text.WM_GetOrgX), (30 bytes).
    Removing WM_Lib.o(.ARM.exidx.text.WM_GetOrgX), (8 bytes).
    Removing WM_Lib.o(.text.WM_GetOrgY), (30 bytes).
    Removing WM_Lib.o(.ARM.exidx.text.WM_GetOrgY), (8 bytes).
    Removing WM_Lib.o(.text.WM_GetPrevSibling), (10 bytes).
    Removing WM_Lib.o(.ARM.exidx.text.WM_GetPrevSibling), (8 bytes).
    Removing WM_Lib.o(.text.WM_GetScrollbarH), (12 bytes).
    Removing WM_Lib.o(.ARM.exidx.text.WM_GetScrollbarH), (8 bytes).
    Removing WM_Lib.o(.text._GetDialogItem), (116 bytes).
    Removing WM_Lib.o(.ARM.exidx.text._GetDialogItem), (8 bytes).
    Removing WM_Lib.o(.text.WM_GetScrollbarV), (12 bytes).
    Removing WM_Lib.o(.ARM.exidx.text.WM_GetScrollbarV), (8 bytes).
    Removing WM_Lib.o(.text.WM_GetScrollPartner), (64 bytes).
    Removing WM_Lib.o(.ARM.exidx.text.WM_GetScrollPartner), (8 bytes).
    Removing WM_Lib.o(.text.WM_GetScrollState), (20 bytes).
    Removing WM_Lib.o(.ARM.exidx.text.WM_GetScrollState), (8 bytes).
    Removing WM_Lib.o(.text.WM_GetWindowRect), (48 bytes).
    Removing WM_Lib.o(.ARM.exidx.text.WM_GetWindowRect), (8 bytes).
    Removing WM_Lib.o(.text.WM_HasCaptured), (20 bytes).
    Removing WM_Lib.o(.ARM.exidx.text.WM_HasCaptured), (8 bytes).
    Removing WM_Lib.o(.text.WM_HasFocus), (20 bytes).
    Removing WM_Lib.o(.ARM.exidx.text.WM_HasFocus), (8 bytes).
    Removing WM_Lib.o(.text.WM_InvalidateArea), (38 bytes).
    Removing WM_Lib.o(.ARM.exidx.text.WM_InvalidateArea), (8 bytes).
    Removing WM_Lib.o(.text.WM_IsEnabled), (10 bytes).
    Removing WM_Lib.o(.ARM.exidx.text.WM_IsEnabled), (8 bytes).
    Removing WM_Lib.o(.text.WM_IsFocusable), (50 bytes).
    Removing WM_Lib.o(.ARM.exidx.text.WM_IsFocusable), (8 bytes).
    Removing WM_Lib.o(.text.WM_IsVisible), (20 bytes).
    Removing WM_Lib.o(.ARM.exidx.text.WM_IsVisible), (8 bytes).
    Removing WM_Lib.o(.ARM.exidx.text.WM_IsWindow), (8 bytes).
    Removing WM_Lib.o(.text.WM_MoveChildTo), (86 bytes).
    Removing WM_Lib.o(.ARM.exidx.text.WM_MoveChildTo), (8 bytes).
    Removing WM_Lib.o(.text.WM_NotifyParent), (20 bytes).
    Removing WM_Lib.o(.ARM.exidx.text.WM_NotifyParent), (8 bytes).
    Removing WM_Lib.o(.ARM.exidx.text.WM_SendToParent), (8 bytes).
    Removing WM_Lib.o(.text.WM_OnKey), (46 bytes).
    Removing WM_Lib.o(.ARM.exidx.text.WM_OnKey), (8 bytes).
    Removing WM_Lib.o(.text.WM_Update), (48 bytes).
    Removing WM_Lib.o(.ARM.exidx.text.WM_Update), (8 bytes).
    Removing WM_Lib.o(.text.WM_Paint), (18 bytes).
    Removing WM_Lib.o(.ARM.exidx.text.WM_Paint), (8 bytes).
    Removing WM_Lib.o(.text.WM_ResizeWindow), (238 bytes).
    Removing WM_Lib.o(.ARM.exidx.text.WM_ResizeWindow), (8 bytes).
    Removing WM_Lib.o(.text.WM_SendMessageNoPara), (4 bytes).
    Removing WM_Lib.o(.ARM.exidx.text.WM_SendMessageNoPara), (8 bytes).
    Removing WM_Lib.o(.text.WM_SetAnchor), (38 bytes).
    Removing WM_Lib.o(.ARM.exidx.text.WM_SetAnchor), (8 bytes).
    Removing WM_Lib.o(.text.WM_SetCallback), (50 bytes).
    Removing WM_Lib.o(.ARM.exidx.text.WM_SetCallback), (8 bytes).
    Removing WM_Lib.o(.text.WM_SetCreateFlags), (16 bytes).
    Removing WM_Lib.o(.ARM.exidx.text.WM_SetCreateFlags), (8 bytes).
    Removing WM_Lib.o(.text.WM_SetDesktopColorEx), (44 bytes).
    Removing WM_Lib.o(.ARM.exidx.text.WM_SetDesktopColorEx), (8 bytes).
    Removing WM_Lib.o(.text.WM_SetDesktopColor), (56 bytes).
    Removing WM_Lib.o(.ARM.exidx.text.WM_SetDesktopColor), (8 bytes).
    Removing WM_Lib.o(.text.WM_SetDesktopColors), (26 bytes).
    Removing WM_Lib.o(.ARM.exidx.text.WM_SetDesktopColors), (8 bytes).
    Removing WM_Lib.o(.text.WM_SetFocus), (198 bytes).
    Removing WM_Lib.o(.ARM.exidx.text.WM_SetFocus), (8 bytes).
    Removing WM_Lib.o(.text.WM_SetId), (20 bytes).
    Removing WM_Lib.o(.ARM.exidx.text.WM_SetId), (8 bytes).
    Removing WM_Lib.o(.text.WM_SetpfPollPID), (16 bytes).
    Removing WM_Lib.o(.ARM.exidx.text.WM_SetpfPollPID), (8 bytes).
    Removing WM_Lib.o(.text.WM_SetScrollState), (28 bytes).
    Removing WM_Lib.o(.ARM.exidx.text.WM_SetScrollState), (8 bytes).
    Removing WM_Lib.o(.text.WM_SetSize), (70 bytes).
    Removing WM_Lib.o(.ARM.exidx.text.WM_SetSize), (8 bytes).
    Removing WM_Lib.o(.text.WM_SetUserClipRect), (24 bytes).
    Removing WM_Lib.o(.ARM.exidx.text.WM_SetUserClipRect), (8 bytes).
    Removing WM_Lib.o(.text.WM_SetWindowPos), (30 bytes).
    Removing WM_Lib.o(.ARM.exidx.text.WM_SetWindowPos), (8 bytes).
    Removing WM_Lib.o(.text.WM_SetXSize), (68 bytes).
    Removing WM_Lib.o(.ARM.exidx.text.WM_SetXSize), (8 bytes).
    Removing WM_Lib.o(.text.WM_SetYSize), (68 bytes).
    Removing WM_Lib.o(.ARM.exidx.text.WM_SetYSize), (8 bytes).
    Removing WM_Lib.o(.text.WM_InvalidateWindowAndDescs), (40 bytes).
    Removing WM_Lib.o(.ARM.exidx.text.WM_InvalidateWindowAndDescs), (8 bytes).
    Removing WM_Lib.o(.text.WM_Rect2Screen), (32 bytes).
    Removing WM_Lib.o(.ARM.exidx.text.WM_Rect2Screen), (8 bytes).
    Removing WM_Lib.o(.text.WM_Rect2Client), (32 bytes).
    Removing WM_Lib.o(.ARM.exidx.text.WM_Rect2Client), (8 bytes).
    Removing WM_Lib.o(.text.WM_ShowWindow), (46 bytes).
    Removing WM_Lib.o(.ARM.exidx.text.WM_ShowWindow), (8 bytes).
    Removing WM_Lib.o(.text.WM_SetStayOnTop), (74 bytes).
    Removing WM_Lib.o(.ARM.exidx.text.WM_SetStayOnTop), (8 bytes).
    Removing WM_Lib.o(.text.WM_GetStayOnTop), (34 bytes).
    Removing WM_Lib.o(.ARM.exidx.text.WM_GetStayOnTop), (8 bytes).
    Removing WM_Lib.o(.text.WM_ValidateWindow), (52 bytes).
    Removing WM_Lib.o(.ARM.exidx.text.WM_ValidateWindow), (8 bytes).
    Removing WM_Lib.o(.text.WM_XY2Client), (56 bytes).
    Removing WM_Lib.o(.ARM.exidx.text.WM_XY2Client), (8 bytes).
    Removing WM_Lib.o(.text.WM_XY2Screen), (56 bytes).
    Removing WM_Lib.o(.ARM.exidx.text.WM_XY2Screen), (8 bytes).
    Removing F6x8.o(.text), (0 bytes).
    Removing F6x8.o(.rodata.GUI_Font6x9), (36 bytes).
    Removing GUI_Arc.o(.text), (0 bytes).
    Removing GUI_Arc.o(.text.GL_DrawArc), (270 bytes).
    Removing GUI_Arc.o(.ARM.exidx.text.GL_DrawArc), (8 bytes).
    Removing GUI_Arc.o(.text._DrawArc), (754 bytes).
    Removing GUI_Arc.o(.ARM.exidx.text._DrawArc), (8 bytes).
    Removing GUI_Arc.o(.text.GUI_DrawArc), (72 bytes).
    Removing GUI_Arc.o(.ARM.exidx.text.GUI_DrawArc), (8 bytes).
    Removing GUI__Private.o(.text), (0 bytes).
    Removing GUI__Private.o(.text.GUI__AddSpaceHex), (36 bytes).
    Removing GUI__Private.o(.ARM.exidx.text.GUI__AddSpaceHex), (8 bytes).
    Removing GUI__Private.o(.text.GUI__CalcTextRect), (166 bytes).
    Removing GUI__Private.o(.ARM.exidx.text.GUI__CalcTextRect), (8 bytes).
    Removing GUI__Private.o(.text.GUI__DivideRound), (20 bytes).
    Removing GUI__Private.o(.ARM.exidx.text.GUI__DivideRound), (8 bytes).
    Removing GUI__Private.o(.text.GUI__DivideRound32), (30 bytes).
    Removing GUI__Private.o(.ARM.exidx.text.GUI__DivideRound32), (8 bytes).
    Removing GUI__Private.o(.text.GUI__HandleEOLine), (36 bytes).
    Removing GUI__Private.o(.ARM.exidx.text.GUI__HandleEOLine), (8 bytes).
    Removing GUI__Private.o(.ARM.exidx.text.GUI__IntersectRect), (8 bytes).
    Removing GUI__Private.o(.ARM.exidx.text.GUI__IntersectRects), (8 bytes).
    Removing GUI__Private.o(.text.GUI__memcpy), (288 bytes).
    Removing GUI__Private.o(.ARM.exidx.text.GUI__memcpy), (8 bytes).
    Removing GUI__Private.o(.ARM.exidx.text.GUI__memset), (8 bytes).
    Removing GUI__Private.o(.ARM.exidx.text.GUI__memset16), (8 bytes).
    Removing GUI__Private.o(.text.GUI__Read16), (12 bytes).
    Removing GUI__Private.o(.ARM.exidx.text.GUI__Read16), (8 bytes).
    Removing GUI__Private.o(.text.GUI__Read32), (12 bytes).
    Removing GUI__Private.o(.ARM.exidx.text.GUI__Read32), (8 bytes).
    Removing GUI__Private.o(.text.GUI__ReduceRect), (30 bytes).
    Removing GUI__Private.o(.ARM.exidx.text.GUI__ReduceRect), (8 bytes).
    Removing GUI__Private.o(.text.GUI__SetPixelAlpha), (134 bytes).
    Removing GUI__Private.o(.ARM.exidx.text.GUI__SetPixelAlpha), (8 bytes).
    Removing GUI__Private.o(.text.GUI__SetText), (138 bytes).
    Removing GUI__Private.o(.ARM.exidx.text.GUI__SetText), (8 bytes).
    Removing GUI__Private.o(.text.GUI__strcmp_hp), (66 bytes).
    Removing GUI__Private.o(.ARM.exidx.text.GUI__strcmp_hp), (8 bytes).
    Removing GUI__Private.o(.text.GUI__strlen), (20 bytes).
    Removing GUI__Private.o(.ARM.exidx.text.GUI__strlen), (8 bytes).
    Removing GUI__Private.o(.text.GUI__sqrt32), (46 bytes).
    Removing GUI__Private.o(.ARM.exidx.text.GUI__sqrt32), (8 bytes).
    Removing GUI__Private.o(.text.GUI__strcmp), (32 bytes).
    Removing GUI__Private.o(.ARM.exidx.text.GUI__strcmp), (8 bytes).
    Removing GUI__Private.o(.data.GUI__pfStrcmp), (4 bytes).
    Removing GUI__Private.o(.data.GUI__pfStrlen), (4 bytes).
    Removing GUI__Private.o(.data.GUI__pfStrcpy), (4 bytes).
    Removing GUI__Private.o(.rodata.str1.1), (1 bytes).
    Removing GUI_OnKey.o(.text), (0 bytes).
    Removing GUI_OnKey.o(.text.GUI_GetKey), (16 bytes).
    Removing GUI_OnKey.o(.ARM.exidx.text.GUI_GetKey), (8 bytes).
    Removing GUI_OnKey.o(.ARM.exidx.text.GUI_StoreKey), (8 bytes).
    Removing GUI_OnKey.o(.text.GUI_ClearKeyBuffer), (70 bytes).
    Removing GUI_OnKey.o(.ARM.exidx.text.GUI_ClearKeyBuffer), (8 bytes).
    Removing GUI_OnKey.o(.text.GUI_StoreKeyMsg), (106 bytes).
    Removing GUI_OnKey.o(.ARM.exidx.text.GUI_StoreKeyMsg), (8 bytes).
    Removing GUI_OnKey.o(.text.GUI_PollKeyMsg), (68 bytes).
    Removing GUI_OnKey.o(.ARM.exidx.text.GUI_PollKeyMsg), (8 bytes).
    Removing GUI_OnKey.o(.text.GUI_SendKeyMsg), (26 bytes).
    Removing GUI_OnKey.o(.ARM.exidx.text.GUI_SendKeyMsg), (8 bytes).
    Removing GUI_OnKey.o(.text.GUI_GetKeyState), (22 bytes).
    Removing GUI_OnKey.o(.ARM.exidx.text.GUI_GetKeyState), (8 bytes).
    Removing GUI_OnKey.o(.text.GUI_KEY__SetHook), (12 bytes).
    Removing GUI_OnKey.o(.ARM.exidx.text.GUI_KEY__SetHook), (8 bytes).
    Removing GUI_OnKey.o(.data._pReadKey), (4 bytes).
    Removing GUI_OnKey.o(.data._pWriteKey), (4 bytes).
    Removing GUI_OnKey.o(.bss._pfHook), (4 bytes).
    Removing GUI_OnKey.o(.bss._aState), (88 bytes).
    Removing LCD_Color.o(.text), (0 bytes).
    Removing LCD_Color.o(.text.LCD__SetPaletteConversionHook), (12 bytes).
    Removing LCD_Color.o(.ARM.exidx.text.LCD__SetPaletteConversionHook), (8 bytes).
    Removing LCD_Color.o(.ARM.exidx.text.LCD_InitColors), (8 bytes).
    Removing LCD_Color.o(.ARM.exidx.text._OnExit), (8 bytes).
    Removing LCD_Color.o(.text.LCD_GetpPalConvTableUncached), (114 bytes).
    Removing LCD_Color.o(.ARM.exidx.text.LCD_GetpPalConvTableUncached), (8 bytes).
    Removing LCD_Color.o(.text.LCD_GetpPalConvTable), (4 bytes).
    Removing LCD_Color.o(.ARM.exidx.text.LCD_GetpPalConvTable), (8 bytes).
    Removing LCD_Color.o(.text.LCD_GetpPalConvTableBM), (4 bytes).
    Removing LCD_Color.o(.ARM.exidx.text.LCD_GetpPalConvTableBM), (8 bytes).
    Removing LCD_Color.o(.ARM.exidx.text.LCD_InitLUT), (8 bytes).
    Removing LCD_Color.o(.text.LCD_SetMaxNumColors), (24 bytes).
    Removing LCD_Color.o(.ARM.exidx.text.LCD_SetMaxNumColors), (8 bytes).
    Removing LCD_Color.o(.text.LCD_GetMaxNumColors), (12 bytes).
    Removing LCD_Color.o(.ARM.exidx.text.LCD_GetMaxNumColors), (8 bytes).
    Removing LCD_Mirror.o(.text), (0 bytes).
    Removing LCD_SelectLCD.o(.text), (0 bytes).
    Removing LCD_SelectLCD.o(.ARM.exidx.text.LCD_SelectLCD), (8 bytes).
    Removing LCD.o(.text), (0 bytes).
    Removing LCD.o(.ARM.exidx.text.LCD_SetDrawMode), (8 bytes).
    Removing LCD.o(.ARM.exidx.text.LCD_DrawPixel), (8 bytes).
    Removing LCD.o(.ARM.exidx.text.LCD_DrawHLine), (8 bytes).
    Removing LCD.o(.text.LCD_DrawVLine), (90 bytes).
    Removing LCD.o(.ARM.exidx.text.LCD_DrawVLine), (8 bytes).
    Removing LCD.o(.ARM.exidx.text.LCD_FillRect), (8 bytes).
    Removing LCD.o(.ARM.exidx.text.LCD__DrawBitmap_1bpp), (8 bytes).
    Removing LCD.o(.ARM.exidx.text.LCD_DrawBitmap), (8 bytes).
    Removing LCD.o(.ARM.exidx.text.LCD_SetClipRectMax), (8 bytes).
    Removing LCD.o(.text.LCD_InitEx), (164 bytes).
    Removing LCD.o(.ARM.exidx.text.LCD_InitEx), (8 bytes).
    Removing LCD.o(.ARM.exidx.text.LCD_Init), (8 bytes).
    Removing LCD.o(.text.LCD_ExitEx), (42 bytes).
    Removing LCD.o(.ARM.exidx.text.LCD_ExitEx), (8 bytes).
    Removing LCD.o(.ARM.exidx.text.LCD_Color2Index), (8 bytes).
    Removing LCD.o(.ARM.exidx.text.LCD_Index2Color), (8 bytes).
    Removing LCD.o(.ARM.exidx.text.LCD_SetColorIndex), (8 bytes).
    Removing LCD.o(.ARM.exidx.text.LCD_SetBkColorIndex), (8 bytes).
    Removing LCD.o(.ARM.exidx.text.LCD_SetBkColor), (8 bytes).
    Removing LCD.o(.ARM.exidx.text.LCD_SetColor), (8 bytes).
    Removing LCD.o(.text.LCD_SetPixelIndex), (82 bytes).
    Removing LCD.o(.ARM.exidx.text.LCD_SetPixelIndex), (8 bytes).
    Removing LCD.o(.ARM.exidx.text._SetColor), (8 bytes).
    Removing LCD.o(.ARM.exidx.text._SetBkColor), (8 bytes).
    Removing LCD.o(.ARM.exidx.text._SetDrawMode), (8 bytes).
    Removing GUI_DispChar.o(.text), (0 bytes).
    Removing GUI_DispChar.o(.text.GUI_DispChar), (4 bytes).
    Removing GUI_DispChar.o(.ARM.exidx.text.GUI_DispChar), (8 bytes).
    Removing GUI_DispChar.o(.text.CL_DispChar), (144 bytes).
    Removing GUI_DispChar.o(.ARM.exidx.text.CL_DispChar), (8 bytes).
    Removing GUI_DispChar.o(.text.GUI_DispCharAt), (18 bytes).
    Removing GUI_DispChar.o(.ARM.exidx.text.GUI_DispCharAt), (8 bytes).
    Removing GUI_DispChar.o(.text.GUI_DispChars), (26 bytes).
    Removing GUI_DispChar.o(.ARM.exidx.text.GUI_DispChars), (8 bytes).
    Removing LCD_Rotate180.o(.text), (0 bytes).
    Removing LCD_Rotate180.o(.text._DrawBitmap180), (1144 bytes).
    Removing LCD_Rotate180.o(.ARM.exidx.text._DrawBitmap180), (8 bytes).
    Removing LCD_Rotate180.o(.text._Rect2TextRect), (2 bytes).
    Removing LCD_Rotate180.o(.ARM.exidx.text._Rect2TextRect), (8 bytes).
    Removing LCD_Rotate180.o(.text._TransformPoint), (114 bytes).
    Removing LCD_Rotate180.o(.ARM.exidx.text._TransformPoint), (8 bytes).
    Removing LCD_Rotate180.o(.data.LCD_APIList180), (12 bytes).
    Removing GUI_UC.o(.text), (0 bytes).
    Removing GUI_UC.o(.text.GUI_UC_GetCharSize), (14 bytes).
    Removing GUI_UC.o(.ARM.exidx.text.GUI_UC_GetCharSize), (8 bytes).
    Removing GUI_UC.o(.text.GUI_UC_GetCharCode), (14 bytes).
    Removing GUI_UC.o(.ARM.exidx.text.GUI_UC_GetCharCode), (8 bytes).
    Removing GUI_UC.o(.text.GUI_UC_Encode), (14 bytes).
    Removing GUI_UC.o(.ARM.exidx.text.GUI_UC_Encode), (8 bytes).
    Removing GUI_UC.o(.text.GUI_UC__CalcSizeOfChar), (14 bytes).
    Removing GUI_UC.o(.ARM.exidx.text.GUI_UC__CalcSizeOfChar), (8 bytes).
    Removing GUI_UC.o(.ARM.exidx.text.GUI_UC__GetCharCodeInc), (8 bytes).
    Removing GUI_UC.o(.ARM.exidx.text.GUI_UC__NumChars2NumBytes), (8 bytes).
    Removing GUI_UC.o(.text.GUI_UC__NumBytes2NumChars), (54 bytes).
    Removing GUI_UC.o(.ARM.exidx.text.GUI_UC__NumBytes2NumChars), (8 bytes).
    Removing GUI_UC.o(.text.GUI__GetNumChars), (76 bytes).
    Removing GUI_UC.o(.ARM.exidx.text.GUI__GetNumChars), (8 bytes).
    Removing LCD_GetEx.o(.text), (0 bytes).
    Removing LCD_GetEx.o(.ARM.exidx.text.LCD_GetXSizeEx), (8 bytes).
    Removing LCD_GetEx.o(.ARM.exidx.text.LCD_GetYSizeEx), (8 bytes).
    Removing LCD_GetEx.o(.ARM.exidx.text.LCD_GetVXSizeEx), (8 bytes).
    Removing LCD_GetEx.o(.ARM.exidx.text.LCD_GetVYSizeEx), (8 bytes).
    Removing LCD_GetEx.o(.ARM.exidx.text.LCD_GetBitsPerPixelEx), (8 bytes).
    Removing LCD_GetEx.o(.ARM.exidx.text.LCD_GetNumColorsEx), (8 bytes).
    Removing LCD_GetEx.o(.text.LCD_GetXMagEx), (30 bytes).
    Removing LCD_GetEx.o(.ARM.exidx.text.LCD_GetXMagEx), (8 bytes).
    Removing LCD_GetEx.o(.text.LCD_GetYMagEx), (30 bytes).
    Removing LCD_GetEx.o(.ARM.exidx.text.LCD_GetYMagEx), (8 bytes).
    Removing LCD_GetEx.o(.ARM.exidx.text.LCD_GetMirrorXEx), (8 bytes).
    Removing LCD_GetEx.o(.ARM.exidx.text.LCD_GetMirrorYEx), (8 bytes).
    Removing LCD_GetEx.o(.ARM.exidx.text.LCD_GetSwapXYEx), (8 bytes).
    Removing LCD_GetEx.o(.text.LCD_GetXSize), (42 bytes).
    Removing LCD_GetEx.o(.ARM.exidx.text.LCD_GetXSize), (8 bytes).
    Removing LCD_GetEx.o(.text.LCD_GetYSize), (42 bytes).
    Removing LCD_GetEx.o(.ARM.exidx.text.LCD_GetYSize), (8 bytes).
    Removing LCD_GetEx.o(.text.LCD_GetVXSize), (42 bytes).
    Removing LCD_GetEx.o(.ARM.exidx.text.LCD_GetVXSize), (8 bytes).
    Removing LCD_GetEx.o(.text.LCD_GetVYSize), (42 bytes).
    Removing LCD_GetEx.o(.ARM.exidx.text.LCD_GetVYSize), (8 bytes).
    Removing LCD_GetEx.o(.text.LCD_GetBitsPerPixel), (42 bytes).
    Removing LCD_GetEx.o(.ARM.exidx.text.LCD_GetBitsPerPixel), (8 bytes).
    Removing LCD_GetEx.o(.ARM.exidx.text.LCD_GetNumColors), (8 bytes).
    Removing LCD_GetEx.o(.text.LCD_GetXMag), (42 bytes).
    Removing LCD_GetEx.o(.ARM.exidx.text.LCD_GetXMag), (8 bytes).
    Removing LCD_GetEx.o(.text.LCD_GetYMag), (42 bytes).
    Removing LCD_GetEx.o(.ARM.exidx.text.LCD_GetYMag), (8 bytes).
    Removing LCD_GetEx.o(.text.LCD_GetMirrorX), (42 bytes).
    Removing LCD_GetEx.o(.ARM.exidx.text.LCD_GetMirrorX), (8 bytes).
    Removing LCD_GetEx.o(.text.LCD_GetMirrorY), (42 bytes).
    Removing LCD_GetEx.o(.ARM.exidx.text.LCD_GetMirrorY), (8 bytes).
    Removing LCD_GetEx.o(.text.LCD_GetSwapXY), (42 bytes).
    Removing LCD_GetEx.o(.ARM.exidx.text.LCD_GetSwapXY), (8 bytes).
    Removing LCD_GetEx.o(.ARM.exidx.text.GUI_GetBitsPerPixelEx), (8 bytes).
    Removing LCD_GetEx.o(.text.LCD_GetDevFunc), (22 bytes).
    Removing LCD_GetEx.o(.ARM.exidx.text.LCD_GetDevFunc), (8 bytes).
    Removing LCD_GetEx.o(.text.LCD_GetPaletteEx), (22 bytes).
    Removing LCD_GetEx.o(.ARM.exidx.text.LCD_GetPaletteEx), (8 bytes).
    Removing LCD_GetEx.o(.ARM.exidx.text.LCD_GetPalette), (8 bytes).
    Removing LCD_GetEx.o(.text.LCD_GetVRAMAddrEx), (24 bytes).
    Removing LCD_GetEx.o(.ARM.exidx.text.LCD_GetVRAMAddrEx), (8 bytes).
    Removing LCD_GetEx.o(.text.LCD_GetVRAMAddr), (36 bytes).
    Removing LCD_GetEx.o(.ARM.exidx.text.LCD_GetVRAMAddr), (8 bytes).
    Removing LCD_GetEx.o(.text.LCD_GetpfIndex2ColorEx), (18 bytes).
    Removing LCD_GetEx.o(.ARM.exidx.text.LCD_GetpfIndex2ColorEx), (8 bytes).
    Removing LCD_GetEx.o(.ARM.exidx.text.GUI_GetpfIndex2ColorEx), (8 bytes).
    Removing LCD_GetEx.o(.text.LCD_GetpfColor2IndexEx), (18 bytes).
    Removing LCD_GetEx.o(.ARM.exidx.text.LCD_GetpfColor2IndexEx), (8 bytes).
    Removing LCD_GetEx.o(.ARM.exidx.text.GUI_GetpfColor2IndexEx), (8 bytes).
    Removing LCD_GetEx.o(.ARM.exidx.text.LCD_GetXSizeMax), (8 bytes).
    Removing LCD_GetEx.o(.ARM.exidx.text._GetMaxValue), (8 bytes).
    Removing LCD_GetEx.o(.ARM.exidx.text.LCD_GetYSizeMax), (8 bytes).
    Removing LCD_GetEx.o(.text.LCD_GetVXSizeMax), (6 bytes).
    Removing LCD_GetEx.o(.ARM.exidx.text.LCD_GetVXSizeMax), (8 bytes).
    Removing LCD_GetEx.o(.text.LCD_GetVYSizeMax), (6 bytes).
    Removing LCD_GetEx.o(.ARM.exidx.text.LCD_GetVYSizeMax), (8 bytes).
    Removing LCD_GetEx.o(.text.LCD_GetBitsPerPixelMax), (6 bytes).
    Removing LCD_GetEx.o(.ARM.exidx.text.LCD_GetBitsPerPixelMax), (8 bytes).
    Removing LCD_GetEx.o(.ARM.exidx.text.LCD_SetDisplaySize), (8 bytes).
    Removing LCD_GetEx.o(.ARM.exidx.text.LCD_GetXSizeDisplay), (8 bytes).
    Removing LCD_GetEx.o(.ARM.exidx.text.LCD_GetYSizeDisplay), (8 bytes).
    Removing LCD_GetEx.o(.ARM.exidx.text.LCD__GetBPP), (8 bytes).
    Removing LCD_GetEx.o(.ARM.exidx.text.LCD__GetBPPDevice), (8 bytes).
    Removing GUICC_565.o(.text), (0 bytes).
    Removing GUICC_565.o(.text.LCD_Index2Color_565), (50 bytes).
    Removing GUICC_565.o(.ARM.exidx.text.LCD_Index2Color_565), (8 bytes).
    Removing GUICC_565.o(.text._Color2Index_565), (44 bytes).
    Removing GUICC_565.o(.ARM.exidx.text._Color2Index_565), (8 bytes).
    Removing GUICC_565.o(.text._GetIndexMask_565), (6 bytes).
    Removing GUICC_565.o(.ARM.exidx.text._GetIndexMask_565), (8 bytes).
    Removing GUICC_565.o(.text._Color2IndexBulk), (64 bytes).
    Removing GUICC_565.o(.ARM.exidx.text._Color2IndexBulk), (8 bytes).
    Removing GUICC_565.o(.text._Index2ColorBulk), (76 bytes).
    Removing GUICC_565.o(.ARM.exidx.text._Index2ColorBulk), (8 bytes).
    Removing GUICC_565.o(.rodata.LCD_API_ColorConv_565), (24 bytes).
    Removing LCD_RotateCCW.o(.text), (0 bytes).
    Removing LCD_RotateCCW.o(.text._DrawBitmapCCW), (1152 bytes).
    Removing LCD_RotateCCW.o(.ARM.exidx.text._DrawBitmapCCW), (8 bytes).
    Removing LCD_RotateCCW.o(.text._Rect2TextRect), (26 bytes).
    Removing LCD_RotateCCW.o(.ARM.exidx.text._Rect2TextRect), (8 bytes).
    Removing LCD_RotateCCW.o(.text._TransformRect), (66 bytes).
    Removing LCD_RotateCCW.o(.ARM.exidx.text._TransformRect), (8 bytes).
    Removing LCD_RotateCCW.o(.text._TransformPoint), (124 bytes).
    Removing LCD_RotateCCW.o(.ARM.exidx.text._TransformPoint), (8 bytes).
    Removing LCD_RotateCCW.o(.data.LCD_APIListCCW), (12 bytes).
    Removing GUI__DivTbl.o(.text), (0 bytes).
    Removing GUI__DivTbl.o(.rodata.GUI__aConvert_15_255), (16 bytes).
    Removing GUI__DivTbl.o(.rodata.GUI__aConvert_255_15), (256 bytes).
    Removing LCD_GetColorIndex.o(.text), (0 bytes).
    Removing LCD_GetColorIndex.o(.ARM.exidx.text.LCD_GetBkColorIndex), (8 bytes).
    Removing LCD_GetColorIndex.o(.ARM.exidx.text.LCD_GetColorIndex), (8 bytes).
    Removing LCD_RotateCW.o(.text), (0 bytes).
    Removing LCD_RotateCW.o(.text._DrawBitmapCW), (1164 bytes).
    Removing LCD_RotateCW.o(.ARM.exidx.text._DrawBitmapCW), (8 bytes).
    Removing LCD_RotateCW.o(.text._Rect2TextRect), (26 bytes).
    Removing LCD_RotateCW.o(.ARM.exidx.text._Rect2TextRect), (8 bytes).
    Removing LCD_RotateCW.o(.text._TransformRect), (66 bytes).
    Removing LCD_RotateCW.o(.ARM.exidx.text._TransformRect), (8 bytes).
    Removing LCD_RotateCW.o(.text._TransformPoint), (118 bytes).
    Removing LCD_RotateCW.o(.ARM.exidx.text._TransformPoint), (8 bytes).
    Removing LCD_RotateCW.o(.data.LCD_APIListCW), (12 bytes).
    Removing GUI_CharP.o(.text), (0 bytes).
    Removing GUI_CharP.o(.text.GUIPROP__FindChar), (26 bytes).
    Removing GUI_CharP.o(.ARM.exidx.text.GUIPROP__FindChar), (8 bytes).
    Removing GUI_CharP.o(.ARM.exidx.text.GUIPROP_DispChar), (8 bytes).
    Removing GUI_CharP.o(.ARM.exidx.text.GUIPROP_GetCharDistX), (8 bytes).
    Removing GUI_CharP.o(.ARM.exidx.text.GUIPROP_GetFontInfo), (8 bytes).
    Removing GUI_CharP.o(.ARM.exidx.text.GUIPROP_IsInFont), (8 bytes).
    Removing GUI_UC_EncodeNone.o(.text), (0 bytes).
    Removing GUI_UC_EncodeNone.o(.ARM.exidx.text._GetCharCode), (8 bytes).
    Removing GUI_UC_EncodeNone.o(.ARM.exidx.text._GetCharSize), (8 bytes).
    Removing GUI_UC_EncodeNone.o(.ARM.exidx.text._CalcSizeOfChar), (8 bytes).
    Removing GUI_UC_EncodeNone.o(.ARM.exidx.text._Encode), (8 bytes).
    Removing GUI_UC_EncodeNone.o(.text.GUI_UC_SetEncodeNone), (20 bytes).
    Removing GUI_UC_EncodeNone.o(.ARM.exidx.text.GUI_UC_SetEncodeNone), (8 bytes).
    Removing LCD_GetP.o(.text), (0 bytes).
    Removing LCD_GetP.o(.text.LCD_GetPixelIndex), (100 bytes).
    Removing LCD_GetP.o(.ARM.exidx.text.LCD_GetPixelIndex), (8 bytes).
    Removing LCD_GetP.o(.text.GUI_GetPixelIndex), (4 bytes).
    Removing LCD_GetP.o(.ARM.exidx.text.GUI_GetPixelIndex), (8 bytes).
    Removing GUI__DrawBitmap16bpp.o(.text), (0 bytes).
    Removing GUI__DrawBitmap16bpp.o(.text.GUI__DrawBitmap16bpp), (824 bytes).
    Removing GUI__DrawBitmap16bpp.o(.ARM.exidx.text.GUI__DrawBitmap16bpp), (8 bytes).
    Removing LCD_UpdateColorIndices.o(.text), (0 bytes).
    Removing LCD_UpdateColorIndices.o(.ARM.exidx.text.LCD_UpdateColorIndices), (8 bytes).
    Removing GUI_DispStringInRectEx.o(.text), (0 bytes).
    Removing GUI_DispStringInRectEx.o(.text.GUI__ClearTextBackground), (122 bytes).
    Removing GUI_DispStringInRectEx.o(.ARM.exidx.text.GUI__ClearTextBackground), (8 bytes).
    Removing GUI_DispStringInRectEx.o(.text.GUI_DispStringInRectEx), (186 bytes).
    Removing GUI_DispStringInRectEx.o(.ARM.exidx.text.GUI_DispStringInRectEx), (8 bytes).
    Removing GUI_DispStringInRectEx.o(.bss.GUI_RectDispString), (8 bytes).
    Removing GUI__SinHQ.o(.text), (0 bytes).
    Removing GUI__SinHQ.o(.text.GUI__ATan2), (90 bytes).
    Removing GUI__SinHQ.o(.ARM.exidx.text.GUI__ATan2), (8 bytes).
    Removing GUI__SinHQ.o(.text.GUI__ASinHQ), (96 bytes).
    Removing GUI__SinHQ.o(.ARM.exidx.text.GUI__ASinHQ), (8 bytes).
    Removing GUI__SinHQ.o(.ARM.exidx.text.GUI__SinHQ), (8 bytes).
    Removing GUI__SinHQ.o(.ARM.exidx.text.GUI__CosHQ), (8 bytes).
    Removing GUI_CharLine.o(.text), (0 bytes).
    Removing GUI_CharLine.o(.ARM.exidx.text.GUI__NOBIDI_Log2VisBuffered), (8 bytes).
    Removing GUI_CharLine.o(.ARM.exidx.text.GUI__GetLineNumChars), (8 bytes).
    Removing GUI_CharLine.o(.text.GUI__GetOverlap), (26 bytes).
    Removing GUI_CharLine.o(.ARM.exidx.text.GUI__GetOverlap), (8 bytes).
    Removing GUI_CharLine.o(.ARM.exidx.text.GUI__GetLineDistX), (8 bytes).
    Removing GUI_CharLine.o(.ARM.exidx.text.GUI__DispLine), (8 bytes).
    Removing GUI_CharLine.o(.ARM.exidx.text._DispLine), (8 bytes).
    Removing GUI_WaitEvent.o(.text), (0 bytes).
    Removing GUI_WaitEvent.o(.text.GUI_SetSignalEventFunc), (12 bytes).
    Removing GUI_WaitEvent.o(.ARM.exidx.text.GUI_SetSignalEventFunc), (8 bytes).
    Removing GUI_WaitEvent.o(.text.GUI_SetWaitEventFunc), (12 bytes).
    Removing GUI_WaitEvent.o(.ARM.exidx.text.GUI_SetWaitEventFunc), (8 bytes).
    Removing GUI_WaitEvent.o(.text.GUI_SetWaitEventTimedFunc), (12 bytes).
    Removing GUI_WaitEvent.o(.ARM.exidx.text.GUI_SetWaitEventTimedFunc), (8 bytes).
    Removing GUI_WaitEvent.o(.ARM.exidx.text.GUI_SignalEvent), (8 bytes).
    Removing GUI_WaitEvent.o(.text.GUI_WaitEvent), (58 bytes).
    Removing GUI_WaitEvent.o(.ARM.exidx.text.GUI_WaitEvent), (8 bytes).
    Removing GUI_WaitEvent.o(.data._pfWaitEvent), (4 bytes).
    Removing GUI_WaitEvent.o(.bss._pfWaitEventTimed), (4 bytes).
    Removing GUI__Wrap.o(.text), (0 bytes).
    Removing GUI__Wrap.o(.text.GUI__NOBIDI_GetWordWrap), (160 bytes).
    Removing GUI__Wrap.o(.ARM.exidx.text.GUI__NOBIDI_GetWordWrap), (8 bytes).
    Removing GUI__Wrap.o(.text.GUI__NOBIDI_GetCharWrap), (88 bytes).
    Removing GUI__Wrap.o(.ARM.exidx.text.GUI__NOBIDI_GetCharWrap), (8 bytes).
    Removing GUI__Wrap.o(.text.GUI__WrapGetNumCharsDisp), (6 bytes).
    Removing GUI__Wrap.o(.ARM.exidx.text.GUI__WrapGetNumCharsDisp), (8 bytes).
    Removing GUI__Wrap.o(.text._WrapGetNumCharsDisp), (44 bytes).
    Removing GUI__Wrap.o(.ARM.exidx.text._WrapGetNumCharsDisp), (8 bytes).
    Removing GUI__Wrap.o(.text.GUI__WrapGetNumCharsToNextLine), (92 bytes).
    Removing GUI__Wrap.o(.ARM.exidx.text.GUI__WrapGetNumCharsToNextLine), (8 bytes).
    Removing GUI__Wrap.o(.text.GUI__WrapGetNumBytesToNextLine), (20 bytes).
    Removing GUI__Wrap.o(.ARM.exidx.text.GUI__WrapGetNumBytesToNextLine), (8 bytes).
    Removing GUI__Wrap.o(.text.GUI_WrapSetSeparators), (22 bytes).
    Removing GUI__Wrap.o(.ARM.exidx.text.GUI_WrapSetSeparators), (8 bytes).
    Removing GUI__Wrap.o(.text.GUI_WrapGetPositions), (88 bytes).
    Removing GUI__Wrap.o(.ARM.exidx.text.GUI_WrapGetPositions), (8 bytes).
    Removing GUI__Wrap.o(.bss._pSep), (4 bytes).
    Removing GUI__Wrap.o(.bss._NumSeps), (4 bytes).
    Removing GUI__Wrap.o(.data.GUI__Wrap_pfGetWordWrap), (4 bytes).
    Removing GUI__Wrap.o(.data.GUI__Wrap_pfGetCharWrap), (4 bytes).
    Removing GUI_DrawLine.o(.text), (0 bytes).
    Removing GUI_DrawLine.o(.text.GUI_sin), (90 bytes).
    Removing GUI_DrawLine.o(.ARM.exidx.text.GUI_sin), (8 bytes).
    Removing GUI_DrawLine.o(.text.GUI_cos), (8 bytes).
    Removing GUI_DrawLine.o(.ARM.exidx.text.GUI_cos), (8 bytes).
    Removing GUI_DrawLine.o(.text.GL_DrawLine1), (54 bytes).
    Removing GUI_DrawLine.o(.ARM.exidx.text.GL_DrawLine1), (8 bytes).
    Removing GUI_DrawLine.o(.text._DrawLine1Ex), (510 bytes).
    Removing GUI_DrawLine.o(.ARM.exidx.text._DrawLine1Ex), (8 bytes).
    Removing GUI_DrawLine.o(.text.GL_DrawLineEx), (458 bytes).
    Removing GUI_DrawLine.o(.ARM.exidx.text.GL_DrawLineEx), (8 bytes).
    Removing GUI_DrawLine.o(.text.GL_DrawLine), (28 bytes).
    Removing GUI_DrawLine.o(.ARM.exidx.text.GL_DrawLine), (8 bytes).
    Removing GUI_DrawLine.o(.text.GUI_DrawLine), (94 bytes).
    Removing GUI_DrawLine.o(.ARM.exidx.text.GUI_DrawLine), (8 bytes).
    Removing GUI_DrawLine.o(.text.GUI_DrawLineRel), (76 bytes).
    Removing GUI_DrawLine.o(.ARM.exidx.text.GUI_DrawLineRel), (8 bytes).
    Removing GUI_DrawLine.o(.text.GL_DrawLineToEx), (50 bytes).
    Removing GUI_DrawLine.o(.ARM.exidx.text.GL_DrawLineToEx), (8 bytes).
    Removing GUI_DrawLine.o(.text.GL_DrawLineTo), (60 bytes).
    Removing GUI_DrawLine.o(.ARM.exidx.text.GL_DrawLineTo), (8 bytes).
    Removing GUI_DrawLine.o(.text.GUI_DrawLineTo), (86 bytes).
    Removing GUI_DrawLine.o(.ARM.exidx.text.GUI_DrawLineTo), (8 bytes).
    Removing GUI_DrawLine.o(.text._SetLineColor), (188 bytes).
    Removing GUI_DrawLine.o(.ARM.exidx.text._SetLineColor), (8 bytes).
    Removing GUI_DrawLine.o(.rodata.aSin), (34 bytes).
    Removing GUI_DrawLine.o(.rodata.aTan), (34 bytes).
    Removing GUI_Circ.o(.text), (0 bytes).
    Removing GUI_Circ.o(.text.GL_DrawCircle), (114 bytes).
    Removing GUI_Circ.o(.ARM.exidx.text.GL_DrawCircle), (8 bytes).
    Removing GUI_Circ.o(.text.Draw8Point), (174 bytes).
    Removing GUI_Circ.o(.ARM.exidx.text.Draw8Point), (8 bytes).
    Removing GUI_Circ.o(.text.GUI_DrawCircle), (78 bytes).
    Removing GUI_Circ.o(.ARM.exidx.text.GUI_DrawCircle), (8 bytes).
    Removing GUI_Circ.o(.text.GL_FillCircle), (226 bytes).
    Removing GUI_Circ.o(.ARM.exidx.text.GL_FillCircle), (8 bytes).
    Removing GUI_Circ.o(.text.GUI_FillCircle), (58 bytes).
    Removing GUI_Circ.o(.ARM.exidx.text.GUI_FillCircle), (8 bytes).
    Removing GUI_Circ.o(.text.GL_FillEllipse), (158 bytes).
    Removing GUI_Circ.o(.ARM.exidx.text.GL_FillEllipse), (8 bytes).
    Removing GUI_Circ.o(.text.GUI_FillEllipse), (100 bytes).
    Removing GUI_Circ.o(.ARM.exidx.text.GUI_FillEllipse), (8 bytes).
    Removing GUI_Circ.o(.text.GL_DrawEllipse), (232 bytes).
    Removing GUI_Circ.o(.ARM.exidx.text.GL_DrawEllipse), (8 bytes).
    Removing GUI_Circ.o(.text.GUI_DrawEllipse), (162 bytes).
    Removing GUI_Circ.o(.ARM.exidx.text.GUI_DrawEllipse), (8 bytes).
    Removing GUI_Char.o(.text), (0 bytes).
    Removing GUI_Char.o(.ARM.exidx.text.GUI__GetNonExistingCharWidth), (8 bytes).
    Removing GUI_Char.o(.ARM.exidx.text.GUI__DrawNonExistingCharacter), (8 bytes).
    Removing GUI_Char.o(.text.GUI_ShowMissingCharacters), (34 bytes).
    Removing GUI_Char.o(.ARM.exidx.text.GUI_ShowMissingCharacters), (8 bytes).
    Removing GUI_Char.o(.text.GUI_DispNextLine), (26 bytes).
    Removing GUI_Char.o(.ARM.exidx.text.GUI_DispNextLine), (8 bytes).
    Removing GUI_Char.o(.ARM.exidx.text.GUI_GetFontDistY), (8 bytes).
    Removing GUI_Char.o(.text.GL_DispChar), (70 bytes).
    Removing GUI_Char.o(.ARM.exidx.text.GL_DispChar), (8 bytes).
    Removing GUI_Char.o(.ARM.exidx.text.GUI_GetYAdjust), (8 bytes).
    Removing GUI_Char.o(.ARM.exidx.text.GUI_GetCharDistX), (8 bytes).
    Removing GUI_Char.o(.ARM.exidx.text.GUI_GetCharDistXEx), (8 bytes).
    Removing GUI_Char.o(.text._GetNonExistingCharWidth), (18 bytes).
    Removing GUI_Char.o(.ARM.exidx.text._GetNonExistingCharWidth), (8 bytes).
    Removing GUI_Char.o(.text._DrawNonExistingCharacter), (192 bytes).
    Removing GUI_Char.o(.ARM.exidx.text._DrawNonExistingCharacter), (8 bytes).
    Removing GUI_Char.o(.ARM.exidx.text._GetNonExistingCharWidth_Dummy), (8 bytes).
    Removing GUI_Char.o(.ARM.exidx.text._DrawNonExistingCharacter_Dummy), (8 bytes).
    Removing GUI_Char.o(.rodata._NonExistingCharacter), (8 bytes).
    Removing GUI_2DLib.o(.text), (0 bytes).
    Removing GUI_2DLib.o(.text.GUI_MoveRel), (26 bytes).
    Removing GUI_2DLib.o(.ARM.exidx.text.GUI_MoveRel), (8 bytes).
    Removing GUI_2DLib.o(.text.GL_MoveTo), (16 bytes).
    Removing GUI_2DLib.o(.ARM.exidx.text.GL_MoveTo), (8 bytes).
    Removing GUI_2DLib.o(.text.GUI_MoveTo), (24 bytes).
    Removing GUI_2DLib.o(.ARM.exidx.text.GUI_MoveTo), (8 bytes).
    Removing GUI_2DLib.o(.text.GUI_DrawRect), (182 bytes).
    Removing GUI_2DLib.o(.ARM.exidx.text.GUI_DrawRect), (8 bytes).
    Removing GUI_2DLib.o(.text._DrawRect), (56 bytes).
    Removing GUI_2DLib.o(.ARM.exidx.text._DrawRect), (8 bytes).
    Removing GUI_2DLib.o(.text.GUI_DrawRectEx), (22 bytes).
    Removing GUI_2DLib.o(.ARM.exidx.text.GUI_DrawRectEx), (8 bytes).
    Removing GUI_CharM.o(.text), (0 bytes).
    Removing GUI_CharM.o(.ARM.exidx.text.GUIMONO_DispChar), (8 bytes).
    Removing GUI_CharM.o(.ARM.exidx.text.GUIMONO_GetCharDistX), (8 bytes).
    Removing GUI_CharM.o(.ARM.exidx.text.GUIMONO_GetFontInfo), (8 bytes).
    Removing GUI_CharM.o(.ARM.exidx.text.GUIMONO_IsInFont), (8 bytes).
    Removing GUIAA_Char4.o(.text), (0 bytes).
    Removing GUIAA_Char4.o(.text.GUI_AA_SetpfDrawCharAA4), (52 bytes).
    Removing GUIAA_Char4.o(.ARM.exidx.text.GUI_AA_SetpfDrawCharAA4), (8 bytes).
    Removing GUIAA_Char4.o(.text._DrawCharAA4_TransCust), (102 bytes).
    Removing GUIAA_Char4.o(.ARM.exidx.text._DrawCharAA4_TransCust), (8 bytes).
    Removing GUIAA_Char4.o(.text._DrawCharAA4_Trans), (158 bytes).
    Removing GUIAA_Char4.o(.ARM.exidx.text._DrawCharAA4_Trans), (8 bytes).
    Removing GUIAA_Char4.o(.text.GUI_AA__DrawCharAA4), (276 bytes).
    Removing GUIAA_Char4.o(.ARM.exidx.text.GUI_AA__DrawCharAA4), (8 bytes).
    Removing GUIAA_Char4.o(.text.GUIPROP_AA4_DispChar), (188 bytes).
    Removing GUIAA_Char4.o(.ARM.exidx.text.GUIPROP_AA4_DispChar), (8 bytes).
    Removing GUIAA_Char4.o(.text.GUIPROP_AA4_GetCharDistX), (62 bytes).
    Removing GUIAA_Char4.o(.ARM.exidx.text.GUIPROP_AA4_GetCharDistX), (8 bytes).
    Removing GUIAA_Char4.o(.text.GUIPROP_AA4_GetFontInfo), (6 bytes).
    Removing GUIAA_Char4.o(.ARM.exidx.text.GUIPROP_AA4_GetFontInfo), (8 bytes).
    Removing GUIAA_Char4.o(.text.GUIPROP_AA4_IsInFont), (16 bytes).
    Removing GUIAA_Char4.o(.ARM.exidx.text.GUIPROP_AA4_IsInFont), (8 bytes).
    Removing GUIAA_Char4.o(.data._pfDrawCharAA4_Trans), (4 bytes).
    Removing GUIAA_Char4.o(.bss._pfDrawCharAA4_TransCust), (4 bytes).
    Removing GUIAA_Char4.o(.bss._DrawCharAA4_NoTrans._aColor), (64 bytes).
    Removing GUIAA_Char4.o(.bss._DrawCharAA4_NoTrans._OldColorIndex), (4 bytes).
    Removing GUIAA_Char4.o(.bss._DrawCharAA4_NoTrans._OldBkColorIndex), (4 bytes).
    Removing GUIAA_Char4.o(.data._DrawCharAA4_NoTrans._Palette), (12 bytes).
    Removing GUIAA_Char4.o(.data._DrawCharAA4_NoTrans._Bitmap), (20 bytes).
    Removing GUIAA_Char2.o(.text), (0 bytes).
    Removing GUIAA_Char2.o(.text.GUI_AA__DrawCharAA2), (414 bytes).
    Removing GUIAA_Char2.o(.ARM.exidx.text.GUI_AA__DrawCharAA2), (8 bytes).
    Removing GUIAA_Char2.o(.text.GUIPROP_AA2_DispChar), (188 bytes).
    Removing GUIAA_Char2.o(.ARM.exidx.text.GUIPROP_AA2_DispChar), (8 bytes).
    Removing GUIAA_Char2.o(.text.GUIPROP_AA2_GetCharDistX), (62 bytes).
    Removing GUIAA_Char2.o(.ARM.exidx.text.GUIPROP_AA2_GetCharDistX), (8 bytes).
    Removing GUIAA_Char2.o(.text.GUIPROP_AA2_GetFontInfo), (6 bytes).
    Removing GUIAA_Char2.o(.ARM.exidx.text.GUIPROP_AA2_GetFontInfo), (8 bytes).
    Removing GUIAA_Char2.o(.text.GUIPROP_AA2_IsInFont), (16 bytes).
    Removing GUIAA_Char2.o(.ARM.exidx.text.GUIPROP_AA2_IsInFont), (8 bytes).
    Removing GUIAA_Char2.o(.bss._DrawCharAA2_NoTrans._aColor), (16 bytes).
    Removing GUIAA_Char2.o(.bss._DrawCharAA2_NoTrans._OldColorIndex), (4 bytes).
    Removing GUIAA_Char2.o(.bss._DrawCharAA2_NoTrans._OldBkColorIndex), (4 bytes).
    Removing GUIAA_Char2.o(.data._DrawCharAA2_NoTrans._Palette), (12 bytes).
    Removing GUIAA_Char2.o(.data._DrawCharAA2_NoTrans._Bitmap), (20 bytes).
    Removing GUIAA_Char2.o(.rodata.cst4), (4 bytes).
    Removing GUIDEV_WriteToActiveOpaque.o(.text), (0 bytes).
    Removing GUIDEV_WriteToActiveOpaque.o(.ARM.exidx.text.GUI_MEMDEV__WriteToActiveOpaque), (8 bytes).
    Removing GUIDEV_WriteToActiveOpaque.o(.ARM.exidx.text._Convert16), (8 bytes).
    Removing GUIDEV_WriteToActiveOpaque.o(.ARM.exidx.text._Convert8), (8 bytes).
    Removing GUIDEV_Usage.o(.text), (0 bytes).
    Removing GUIDEV_Usage.o(.text.GUI_USAGE_Select), (36 bytes).
    Removing GUIDEV_Usage.o(.ARM.exidx.text.GUI_USAGE_Select), (8 bytes).
    Removing GUIDEV_Usage.o(.ARM.exidx.text.GUI_USAGE_DecUseCnt), (8 bytes).
    Removing GUIDEV_Usage.o(.ARM.exidx.text.GUI_USAGE_AddRect), (8 bytes).
    Removing GUIDEV_StaticDevices.o(.text), (0 bytes).
    Removing GUIDEV_StaticDevices.o(.text.GUI_MEMDEV_Paint1Static), (36 bytes).
    Removing GUIDEV_StaticDevices.o(.ARM.exidx.text.GUI_MEMDEV_Paint1Static), (8 bytes).
    Removing GUIDEV_StaticDevices.o(.text._CreateStaticDevice), (352 bytes).
    Removing GUIDEV_StaticDevices.o(.ARM.exidx.text._CreateStaticDevice), (8 bytes).
    Removing GUIDEV_StaticDevices.o(.text.GUI_MEMDEV__CreateStatic), (4 bytes).
    Removing GUIDEV_StaticDevices.o(.ARM.exidx.text.GUI_MEMDEV__CreateStatic), (8 bytes).
    Removing GUIDEV_StaticDevices.o(.text._CreateStatic), (106 bytes).
    Removing GUIDEV_StaticDevices.o(.ARM.exidx.text._CreateStatic), (8 bytes).
    Removing GUIDEV_StaticDevices.o(.text.GUI_MEMDEV_CreateStatic), (4 bytes).
    Removing GUIDEV_StaticDevices.o(.ARM.exidx.text.GUI_MEMDEV_CreateStatic), (8 bytes).
    Removing GUIDEV_StaticDevices.o(.text.GUI_MEMDEV_GetWindowDevice), (20 bytes).
    Removing GUIDEV_StaticDevices.o(.ARM.exidx.text.GUI_MEMDEV_GetWindowDevice), (8 bytes).
    Removing GUIDEV_StaticDevices.o(.text._GetWindowDevice), (682 bytes).
    Removing GUIDEV_StaticDevices.o(.ARM.exidx.text._GetWindowDevice), (8 bytes).
    Removing GUIDEV_StaticDevices.o(.text.GUI_MEMDEV_GetStaticDevice), (30 bytes).
    Removing GUIDEV_StaticDevices.o(.ARM.exidx.text.GUI_MEMDEV_GetStaticDevice), (8 bytes).
    Removing GUIDEV_StaticDevices.o(.text.GUI_MEMDEV_CreateWindowDevice), (104 bytes).
    Removing GUIDEV_StaticDevices.o(.ARM.exidx.text.GUI_MEMDEV_CreateWindowDevice), (8 bytes).
    Removing GUIDEV_UsageBM.o(.text), (0 bytes).
    Removing GUIDEV_UsageBM.o(.ARM.exidx.text.GUI_USAGE_BM_Create), (8 bytes).
    Removing GUIDEV_UsageBM.o(.ARM.exidx.text.GUI_USAGE_BM_AddPixel), (8 bytes).
    Removing GUIDEV_UsageBM.o(.ARM.exidx.text.GUI_USAGE_BM_AddHLine), (8 bytes).
    Removing GUIDEV_UsageBM.o(.ARM.exidx.text.GUI_USAGE_BM_Clear), (8 bytes).
    Removing GUIDEV_UsageBM.o(.ARM.exidx.text._GUI_USAGE_BM_Delete), (8 bytes).
    Removing GUIDEV_UsageBM.o(.ARM.exidx.text.GUI_USAGE_BM_GetNextDirty), (8 bytes).
    Removing WM_Screen2Win.o(.text), (0 bytes).
    Removing WM_Screen2Win.o(.text.WM__IsInWindow), (48 bytes).
    Removing WM_Screen2Win.o(.ARM.exidx.text.WM__IsInWindow), (8 bytes).
    Removing WM_Screen2Win.o(.ARM.exidx.text.WM_Screen2hWin), (8 bytes).
    Removing WM_Screen2Win.o(.text.WM_Screen2hWinEx), (24 bytes).
    Removing WM_Screen2Win.o(.ARM.exidx.text.WM_Screen2hWinEx), (8 bytes).
    Removing WM_Screen2Win.o(.ARM.exidx.text._Screen2hWin), (8 bytes).
    Removing WM_SetCapture.o(.text), (0 bytes).
    Removing WM_SetCapture.o(.text.WM_SetCapture), (58 bytes).
    Removing WM_SetCapture.o(.ARM.exidx.text.WM_SetCapture), (8 bytes).
    Removing WM_SetCapture.o(.ARM.exidx.text.WM_ReleaseCapture), (8 bytes).
    Removing WM_Timer.o(.text), (0 bytes).
    Removing WM_Timer.o(.text.WM__DeleteAssocTimer), (82 bytes).
    Removing WM_Timer.o(.ARM.exidx.text.WM__DeleteAssocTimer), (8 bytes).
    Removing WM_Timer.o(.text.WM_DeleteTimer), (40 bytes).
    Removing WM_Timer.o(.ARM.exidx.text.WM_DeleteTimer), (8 bytes).
    Removing WM_Timer.o(.text.WM_CreateTimer), (92 bytes).
    Removing WM_Timer.o(.ARM.exidx.text.WM_CreateTimer), (8 bytes).
    Removing WM_Timer.o(.text._cbTimer), (48 bytes).
    Removing WM_Timer.o(.ARM.exidx.text._cbTimer), (8 bytes).
    Removing WM_Timer.o(.text.WM_RestartTimer), (48 bytes).
    Removing WM_Timer.o(.ARM.exidx.text.WM_RestartTimer), (8 bytes).
    Removing WM_Timer.o(.text.WM_GetTimerId), (30 bytes).
    Removing WM_Timer.o(.ARM.exidx.text.WM_GetTimerId), (8 bytes).
    Removing WM_Move.o(.text), (0 bytes).
    Removing WM_Move.o(.text.WM__MoveWindow), (156 bytes).
    Removing WM_Move.o(.ARM.exidx.text.WM__MoveWindow), (8 bytes).
    Removing WM_Move.o(.text._MoveDescendants), (116 bytes).
    Removing WM_Move.o(.ARM.exidx.text._MoveDescendants), (8 bytes).
    Removing WM_Move.o(.text.WM__MoveTo), (54 bytes).
    Removing WM_Move.o(.ARM.exidx.text.WM__MoveTo), (8 bytes).
    Removing WM_Move.o(.text.WM_MoveWindow), (4 bytes).
    Removing WM_Move.o(.ARM.exidx.text.WM_MoveWindow), (8 bytes).
    Removing WM_Move.o(.text.WM_MoveTo), (4 bytes).
    Removing WM_Move.o(.ARM.exidx.text.WM_MoveTo), (8 bytes).
    Removing WM_PID__GetPrevState.o(.text), (0 bytes).
    Removing WM_PID__GetPrevState.o(.text.WM_PID__GetPrevState), (28 bytes).
    Removing WM_PID__GetPrevState.o(.ARM.exidx.text.WM_PID__GetPrevState), (8 bytes).
    Removing WM_PID__GetPrevState.o(.ARM.exidx.text.WM_PID__SetPrevState), (8 bytes).
    Removing LCD_AA.o(.text), (0 bytes).
    Removing LCD_AA.o(.text.LCD_AA_MixColors16), (96 bytes).
    Removing LCD_AA.o(.ARM.exidx.text.LCD_AA_MixColors16), (8 bytes).
    Removing LCD_AA.o(.text.LCD_AA_SetOrMask), (16 bytes).
    Removing LCD_AA.o(.ARM.exidx.text.LCD_AA_SetOrMask), (8 bytes).
    Removing LCD_AA.o(.text.LCD_AA_MixColors256), (28 bytes).
    Removing LCD_AA.o(.ARM.exidx.text.LCD_AA_MixColors256), (8 bytes).
    Removing LCD_AA.o(.text.LCD_SetPixelAA4_Trans), (162 bytes).
    Removing LCD_AA.o(.ARM.exidx.text.LCD_SetPixelAA4_Trans), (8 bytes).
    Removing LCD_AA.o(.text.LCD_SetPixelAA4_NoTrans), (202 bytes).
    Removing LCD_AA.o(.ARM.exidx.text.LCD_SetPixelAA4_NoTrans), (8 bytes).
    Removing LCD_AA.o(.text.LCD_SetPixelAA8_Trans), (174 bytes).
    Removing LCD_AA.o(.ARM.exidx.text.LCD_SetPixelAA8_Trans), (8 bytes).
    Removing LCD_AA.o(.text.LCD_SetPixelAA8_NoTrans), (214 bytes).
    Removing LCD_AA.o(.ARM.exidx.text.LCD_SetPixelAA8_NoTrans), (8 bytes).
    Removing LCD_AA.o(.text.LCD_AA_SetGamma), (24 bytes).
    Removing LCD_AA.o(.ARM.exidx.text.LCD_AA_SetGamma), (8 bytes).
    Removing LCD_AA.o(.text.LCD_AA_GetGamma), (24 bytes).
    Removing LCD_AA.o(.ARM.exidx.text.LCD_AA_GetGamma), (8 bytes).
    Removing LCD_AA.o(.text.LCD_AA_EnableGamma), (36 bytes).
    Removing LCD_AA.o(.ARM.exidx.text.LCD_AA_EnableGamma), (8 bytes).
    Removing LCD_AA.o(.text._MixColorsGamma16), (132 bytes).
    Removing LCD_AA.o(.ARM.exidx.text._MixColorsGamma16), (8 bytes).
    Removing LCD_AA.o(.text.LCD__GetPfSetPixel), (88 bytes).
    Removing LCD_AA.o(.ARM.exidx.text.LCD__GetPfSetPixel), (8 bytes).
    Removing LCD_AA.o(.data.LCD_AA_pfMixColors16), (4 bytes).
    Removing LCD_AA.o(.data._OrMask), (4 bytes).
    Removing LCD_AA.o(.data._aGamma), (16 bytes).
    Removing LCD_NextPixelAPI.o(.text), (0 bytes).
    Removing LCD_NextPixelAPI.o(.text.LCD_GetNextPixelAPI), (58 bytes).
    Removing LCD_NextPixelAPI.o(.ARM.exidx.text.LCD_GetNextPixelAPI), (8 bytes).
    Removing LCD_NextPixelAPI.o(.text._NextPixel_Start), (164 bytes).
    Removing LCD_NextPixelAPI.o(.ARM.exidx.text._NextPixel_Start), (8 bytes).
    Removing LCD_NextPixelAPI.o(.text._NextPixel_SetPixel), (296 bytes).
    Removing LCD_NextPixelAPI.o(.ARM.exidx.text._NextPixel_SetPixel), (8 bytes).
    Removing LCD_NextPixelAPI.o(.text._NextPixel_NextLine), (30 bytes).
    Removing LCD_NextPixelAPI.o(.ARM.exidx.text._NextPixel_NextLine), (8 bytes).
    Removing LCD_NextPixelAPI.o(.text._NextPixel_End), (36 bytes).
    Removing LCD_NextPixelAPI.o(.ARM.exidx.text._NextPixel_End), (8 bytes).
    Removing LCD_NextPixelAPI.o(.text._NextPixel_FlushBuffer), (92 bytes).
    Removing LCD_NextPixelAPI.o(.ARM.exidx.text._NextPixel_FlushBuffer), (8 bytes).
    Removing LCD_NextPixelAPI.o(.data._NextPixel_API), (16 bytes).
    Removing LCD_NextPixelAPI.o(.bss._Context), (48 bytes).
    Removing LCD_GetNumDisplays.o(.text), (0 bytes).
    Removing LCD_GetNumDisplays.o(.ARM.exidx.text.LCD_GetNumLayers), (8 bytes).
    Removing GUI_SelectLayer.o(.text), (0 bytes).
    Removing GUI_SelectLayer.o(.text.GUI_AssignCursorLayer), (46 bytes).
    Removing GUI_SelectLayer.o(.ARM.exidx.text.GUI_AssignCursorLayer), (8 bytes).
    Removing GUI_SelectLayer.o(.ARM.exidx.text.GUI_GetCursorLayer), (8 bytes).
    Removing GUI_SelectLayer.o(.ARM.exidx.text.GUI_GetLayerPosEx), (8 bytes).
    Removing GUI_SelectLayer.o(.text.GUI_GetSelLayer), (14 bytes).
    Removing GUI_SelectLayer.o(.ARM.exidx.text.GUI_GetSelLayer), (8 bytes).
    Removing GUI_SelectLayer.o(.ARM.exidx.text.GUI_SelectLayer), (8 bytes).
    Removing GUI_SelectLayer.o(.text.GUI_SetLayerAlphaEx), (4 bytes).
    Removing GUI_SelectLayer.o(.ARM.exidx.text.GUI_SetLayerAlphaEx), (8 bytes).
    Removing GUI_SelectLayer.o(.ARM.exidx.text.GUI_SetLayerPosEx), (8 bytes).
    Removing GUI_SelectLayer.o(.text.GUI_SetLayerSizeEx), (4 bytes).
    Removing GUI_SelectLayer.o(.ARM.exidx.text.GUI_SetLayerSizeEx), (8 bytes).
    Removing GUI_SelectLayer.o(.text.GUI_SetLayerVisEx), (4 bytes).
    Removing GUI_SelectLayer.o(.ARM.exidx.text.GUI_SetLayerVisEx), (8 bytes).
    Removing LCD_SetClipRectEx.o(.text), (0 bytes).
    Removing LCD_SetClipRectEx.o(.ARM.exidx.text.LCD_SetClipRectEx), (8 bytes).
    Removing GUI_Timer.o(.text), (0 bytes).
    Removing GUI_Timer.o(.text.GUI_TIMER__IsActive), (18 bytes).
    Removing GUI_Timer.o(.ARM.exidx.text.GUI_TIMER__IsActive), (8 bytes).
    Removing GUI_Timer.o(.text.GUI_TIMER__GetPeriod), (52 bytes).
    Removing GUI_Timer.o(.ARM.exidx.text.GUI_TIMER__GetPeriod), (8 bytes).
    Removing GUI_Timer.o(.text.GUI_TIMER__GetFirstTimer), (46 bytes).
    Removing GUI_Timer.o(.ARM.exidx.text.GUI_TIMER__GetFirstTimer), (8 bytes).
    Removing GUI_Timer.o(.text.GUI_TIMER__GetNextTimerLin), (56 bytes).
    Removing GUI_Timer.o(.ARM.exidx.text.GUI_TIMER__GetNextTimerLin), (8 bytes).
    Removing GUI_Timer.o(.text.GUI_TIMER_Exec), (104 bytes).
    Removing GUI_Timer.o(.ARM.exidx.text.GUI_TIMER_Exec), (8 bytes).
    Removing GUI_Timer.o(.text.GUI_TIMER_Create), (174 bytes).
    Removing GUI_Timer.o(.ARM.exidx.text.GUI_TIMER_Create), (8 bytes).
    Removing GUI_Timer.o(.text._Link), (168 bytes).
    Removing GUI_Timer.o(.ARM.exidx.text._Link), (8 bytes).
    Removing GUI_Timer.o(.text._OnExit), (34 bytes).
    Removing GUI_Timer.o(.ARM.exidx.text._OnExit), (8 bytes).
    Removing GUI_Timer.o(.text.GUI_TIMER_Delete), (116 bytes).
    Removing GUI_Timer.o(.ARM.exidx.text.GUI_TIMER_Delete), (8 bytes).
    Removing GUI_Timer.o(.text._Unlink), (88 bytes).
    Removing GUI_Timer.o(.ARM.exidx.text._Unlink), (8 bytes).
    Removing GUI_Timer.o(.text.GUI_TIMER_SetPeriod), (30 bytes).
    Removing GUI_Timer.o(.ARM.exidx.text.GUI_TIMER_SetPeriod), (8 bytes).
    Removing GUI_Timer.o(.text.GUI_TIMER_GetPeriod), (30 bytes).
    Removing GUI_Timer.o(.ARM.exidx.text.GUI_TIMER_GetPeriod), (8 bytes).
    Removing GUI_Timer.o(.text.GUI_TIMER_SetTime), (30 bytes).
    Removing GUI_Timer.o(.ARM.exidx.text.GUI_TIMER_SetTime), (8 bytes).
    Removing GUI_Timer.o(.text.GUI_TIMER_SetDelay), (44 bytes).
    Removing GUI_Timer.o(.ARM.exidx.text.GUI_TIMER_SetDelay), (8 bytes).
    Removing GUI_Timer.o(.text.GUI_TIMER_Restart), (52 bytes).
    Removing GUI_Timer.o(.ARM.exidx.text.GUI_TIMER_Restart), (8 bytes).
    Removing GUI_Timer.o(.text.GUI_TIMER_GetFlag), (38 bytes).
    Removing GUI_Timer.o(.ARM.exidx.text.GUI_TIMER_GetFlag), (8 bytes).
    Removing GUI_Timer.o(.bss._hActiveTimer), (4 bytes).
    Removing GUI_Timer.o(.bss._hFirstTimer), (4 bytes).
    Removing GUI_Timer.o(.bss.GUI_TIMER_Create.RegisterExit), (8 bytes).
    Removing GUI_Timer.o(.bss._IsInitialized), (1 bytes).
    Removing GUICC_0.o(.text), (0 bytes).
    Removing GUICC_0.o(.ARM.exidx.text._Color2Index_0), (8 bytes).
    Removing GUICC_0.o(.ARM.exidx.text._Index2Color_0), (8 bytes).
    Removing GUICC_0.o(.ARM.exidx.text._GetIndexMask_0), (8 bytes).
    Removing GUICC_0.o(.text.LCD_SetLUTEx), (40 bytes).
    Removing GUICC_0.o(.ARM.exidx.text.LCD_SetLUTEx), (8 bytes).
    Removing GUICC_0.o(.text.LCD_SetLUT), (22 bytes).
    Removing GUICC_0.o(.ARM.exidx.text.LCD_SetLUT), (8 bytes).
    Removing GUI_Cursor.o(.text), (0 bytes).
    Removing GUI_Cursor.o(.text.GUI_CURSOR__SetSpriteEx), (24 bytes).
    Removing GUI_Cursor.o(.ARM.exidx.text.GUI_CURSOR__SetSpriteEx), (8 bytes).
    Removing GUI_Cursor.o(.text.GUI_CURSOR__GetSpriteEx), (32 bytes).
    Removing GUI_Cursor.o(.ARM.exidx.text.GUI_CURSOR__GetSpriteEx), (8 bytes).
    Removing GUI_Cursor.o(.text.GUI_CURSOR_SelectEx), (202 bytes).
    Removing GUI_Cursor.o(.ARM.exidx.text.GUI_CURSOR_SelectEx), (8 bytes).
    Removing GUI_Cursor.o(.text._OnExit), (48 bytes).
    Removing GUI_Cursor.o(.ARM.exidx.text._OnExit), (8 bytes).
    Removing GUI_Cursor.o(.text._Show), (52 bytes).
    Removing GUI_Cursor.o(.ARM.exidx.text._Show), (8 bytes).
    Removing GUI_Cursor.o(.text.GUI_CURSOR_SetBitmapEx), (78 bytes).
    Removing GUI_Cursor.o(.ARM.exidx.text.GUI_CURSOR_SetBitmapEx), (8 bytes).
    Removing GUI_Cursor.o(.text.GUI_CURSOR_SetBitmap), (16 bytes).
    Removing GUI_Cursor.o(.ARM.exidx.text.GUI_CURSOR_SetBitmap), (8 bytes).
    Removing GUI_Cursor.o(.text.GUI_CURSOR_HideEx), (90 bytes).
    Removing GUI_Cursor.o(.ARM.exidx.text.GUI_CURSOR_HideEx), (8 bytes).
    Removing GUI_Cursor.o(.text.GUI_CURSOR_ShowEx), (52 bytes).
    Removing GUI_Cursor.o(.ARM.exidx.text.GUI_CURSOR_ShowEx), (8 bytes).
    Removing GUI_Cursor.o(.text.GUI_CURSOR_GetStateEx), (22 bytes).
    Removing GUI_Cursor.o(.ARM.exidx.text.GUI_CURSOR_GetStateEx), (8 bytes).
    Removing GUI_Cursor.o(.ARM.exidx.text.GUI_CURSOR_SetPositionEx), (8 bytes).
    Removing GUI_Cursor.o(.text.GUI_CURSOR_Select), (16 bytes).
    Removing GUI_Cursor.o(.ARM.exidx.text.GUI_CURSOR_Select), (8 bytes).
    Removing GUI_Cursor.o(.text.GUI_CURSOR_Hide), (16 bytes).
    Removing GUI_Cursor.o(.ARM.exidx.text.GUI_CURSOR_Hide), (8 bytes).
    Removing GUI_Cursor.o(.text.GUI_CURSOR_Show), (16 bytes).
    Removing GUI_Cursor.o(.ARM.exidx.text.GUI_CURSOR_Show), (8 bytes).
    Removing GUI_Cursor.o(.text.GUI_CURSOR_GetState), (34 bytes).
    Removing GUI_Cursor.o(.ARM.exidx.text.GUI_CURSOR_GetState), (8 bytes).
    Removing GUI_Cursor.o(.text.GUI_CURSOR_SetPosition), (16 bytes).
    Removing GUI_Cursor.o(.ARM.exidx.text.GUI_CURSOR_SetPosition), (8 bytes).
    Removing GUI_Cursor.o(.text.GUI_CURSOR_SelectAnimEx), (130 bytes).
    Removing GUI_Cursor.o(.ARM.exidx.text.GUI_CURSOR_SelectAnimEx), (8 bytes).
    Removing GUI_Cursor.o(.text.GUI_CURSOR_SelectAnim), (22 bytes).
    Removing GUI_Cursor.o(.ARM.exidx.text.GUI_CURSOR_SelectAnim), (8 bytes).
    Removing GUI_Cursor.o(.bss.GUI_CURSOR_SelectEx.RegisterExit), (8 bytes).
    Removing GUI_Cursor.o(.bss._IsInitialized), (1 bytes).
    Removing GUI_Cursor.o(.bss._aCursor), (12 bytes).
    Removing LCD_GetPixelColor.o(.text), (0 bytes).
    Removing LCD_GetPixelColor.o(.text.LCD_GetPixelColor), (14 bytes).
    Removing LCD_GetPixelColor.o(.ARM.exidx.text.LCD_GetPixelColor), (8 bytes).
    Removing GUI_DrawBitmap.o(.text), (0 bytes).
    Removing GUI_DrawBitmap.o(.text.GL_DrawBitmap), (170 bytes).
    Removing GUI_DrawBitmap.o(.ARM.exidx.text.GL_DrawBitmap), (8 bytes).
    Removing GUI_DrawBitmap.o(.text.GUI_PreserveTrans), (38 bytes).
    Removing GUI_DrawBitmap.o(.ARM.exidx.text.GUI_PreserveTrans), (8 bytes).
    Removing GUI_DrawBitmap.o(.text.GUI_DrawBitmap), (82 bytes).
    Removing GUI_DrawBitmap.o(.ARM.exidx.text.GUI_DrawBitmap), (8 bytes).
    Removing GUI__ManageCache.o(.text), (0 bytes).
    Removing GUI__ManageCache.o(.ARM.exidx.text.GUI__ManageCacheEx), (8 bytes).
    Removing GUI__ManageCache.o(.ARM.exidx.text.GUI__ManageCache), (8 bytes).
    Removing GUI__ManageCache.o(.text.GUI_SetControlHook), (44 bytes).
    Removing GUI__ManageCache.o(.ARM.exidx.text.GUI_SetControlHook), (8 bytes).
    Removing GUI__ManageCache.o(.text.GUI_SetRefreshHook), (44 bytes).
    Removing GUI__ManageCache.o(.ARM.exidx.text.GUI_SetRefreshHook), (8 bytes).
    Removing GUI__ManageCache.o(.text._OnExit), (24 bytes).
    Removing GUI__ManageCache.o(.ARM.exidx.text._OnExit), (8 bytes).
    Removing GUI__ManageCache.o(.bss._RegisterExit.RegisterExit), (8 bytes).
    Removing GUICC_M8888I.o(.text), (0 bytes).
    Removing GUICC_M8888I.o(.text.GUICC_M8888I_SetCustColorConv), (2 bytes).
    Removing GUICC_M8888I.o(.ARM.exidx.text.GUICC_M8888I_SetCustColorConv), (8 bytes).
    Removing GUICC_M8888I.o(.ARM.exidx.text._Color2Index_M8888I), (8 bytes).
    Removing GUICC_M8888I.o(.ARM.exidx.text._GetIndexMask_M8888I), (8 bytes).
    Removing GUICC_M8888I.o(.ARM.exidx.text._Color2IndexBulk_M8888I), (8 bytes).
    Removing GUICC_M8888I.o(.ARM.exidx.text._Index2ColorBulk_M8888I), (8 bytes).
    Removing GUI__Alpha.o(.text), (0 bytes).
    Removing GUI__Alpha.o(.ARM.exidx.text.GUI__MixColors), (8 bytes).
    Removing GUI__Alpha.o(.text.GUI__MixColorsBulk), (112 bytes).
    Removing GUI__Alpha.o(.ARM.exidx.text.GUI__MixColorsBulk), (8 bytes).
    Removing GUI__Alpha.o(.text.GUI__DoAlphaBlending), (502 bytes).
    Removing GUI__Alpha.o(.ARM.exidx.text.GUI__DoAlphaBlending), (8 bytes).
    Removing GUI__Alpha.o(.text.GUI__GetAlphaBuffer), (220 bytes).
    Removing GUI__Alpha.o(.ARM.exidx.text.GUI__GetAlphaBuffer), (8 bytes).
    Removing GUI__Alpha.o(.text._OnExit), (74 bytes).
    Removing GUI__Alpha.o(.ARM.exidx.text._OnExit), (8 bytes).
    Removing GUI__Alpha.o(.text.GUI__AllocAlphaBuffer), (26 bytes).
    Removing GUI__Alpha.o(.ARM.exidx.text.GUI__AllocAlphaBuffer), (8 bytes).
    Removing GUI__Alpha.o(.text.GUI__SetAlphaBufferSize), (16 bytes).
    Removing GUI__Alpha.o(.ARM.exidx.text.GUI__SetAlphaBufferSize), (8 bytes).
    Removing GUI__Alpha.o(.text.GUI_SetFuncAlphaBlending), (16 bytes).
    Removing GUI__Alpha.o(.ARM.exidx.text.GUI_SetFuncAlphaBlending), (8 bytes).
    Removing GUI__Alpha.o(.text.GUI_SetFuncMixColors), (16 bytes).
    Removing GUI__Alpha.o(.ARM.exidx.text.GUI_SetFuncMixColors), (8 bytes).
    Removing GUI__Alpha.o(.text.GUI_SetFuncMixColorsBulk), (16 bytes).
    Removing GUI__Alpha.o(.ARM.exidx.text.GUI_SetFuncMixColorsBulk), (8 bytes).
    Removing GUI__Alpha.o(.text.GUI_SetFuncDrawAlpha), (52 bytes).
    Removing GUI__Alpha.o(.ARM.exidx.text.GUI_SetFuncDrawAlpha), (8 bytes).
    Removing GUI__Alpha.o(.data.GUI__pfMixColorsBulk), (4 bytes).
    Removing GUI__Alpha.o(.bss._pfAlphaBlending), (4 bytes).
    Removing GUI__Alpha.o(.bss.GUI__GetAlphaBuffer.RegisterExit), (8 bytes).
    Removing GUI__Alpha.o(.bss._IsInitialized), (1 bytes).
    Removing GUI__Alpha.o(.bss._VXSizeMax), (4 bytes).
    Removing GUI__Alpha.o(.bss._pCurrent), (4 bytes).
    Removing GUI__Alpha.o(.bss._pConvert), (4 bytes).
    Removing GUI__Alpha.o(.bss._pData), (4 bytes).
    Removing GUI__Alpha.o(.bss.GUI__pfDrawAlphaMemdevFunc), (4 bytes).
    Removing GUI__Alpha.o(.bss.GUI__pfDrawAlphaBitmapFunc), (4 bytes).
    Removing GUIDEV_CreateFixed.o(.text), (0 bytes).
    Removing GUIDEV_CreateFixed.o(.text.GUI_MEMDEV_CreateFixed), (18 bytes).
    Removing GUIDEV_CreateFixed.o(.ARM.exidx.text.GUI_MEMDEV_CreateFixed), (8 bytes).
    Removing GUIDEV_CreateFixed.o(.text.GUI_MEMDEV_CreateFixed32), (40 bytes).
    Removing GUIDEV_CreateFixed.o(.ARM.exidx.text.GUI_MEMDEV_CreateFixed32), (8 bytes).
    Removing GUIDEV_GetPos.o(.text), (0 bytes).
    Removing GUIDEV_GetPos.o(.text.GUI_MEMDEV_GetXPos), (46 bytes).
    Removing GUIDEV_GetPos.o(.ARM.exidx.text.GUI_MEMDEV_GetXPos), (8 bytes).
    Removing GUIDEV_GetPos.o(.text.GUI_MEMDEV_GetYPos), (46 bytes).
    Removing GUIDEV_GetPos.o(.ARM.exidx.text.GUI_MEMDEV_GetYPos), (8 bytes).
    Removing GUIDEV_GetDataPtr.o(.text), (0 bytes).
    Removing GUIDEV_GetDataPtr.o(.ARM.exidx.text.GUI_MEMDEV_GetDataPtr), (8 bytes).
    Removing GUIDEV_Write.o(.text), (0 bytes).
    Removing GUIDEV_Write.o(.text.GUI_MEMDEV_WriteAt), (102 bytes).
    Removing GUIDEV_Write.o(.ARM.exidx.text.GUI_MEMDEV_WriteAt), (8 bytes).
    Removing GUIDEV_Write.o(.text.GUI_MEMDEV_Write), (14 bytes).
    Removing GUIDEV_Write.o(.ARM.exidx.text.GUI_MEMDEV_Write), (8 bytes).
    Removing GUIDEV_Write.o(.text.GUI_MEMDEV_WriteOpaqueAt), (102 bytes).
    Removing GUIDEV_Write.o(.ARM.exidx.text.GUI_MEMDEV_WriteOpaqueAt), (8 bytes).
    Removing GUIDEV_Write.o(.text.GUI_MEMDEV_WriteOpaque), (14 bytes).
    Removing GUIDEV_Write.o(.ARM.exidx.text.GUI_MEMDEV_WriteOpaque), (8 bytes).
    Removing GUIDEV_GetXSize.o(.text), (0 bytes).
    Removing GUIDEV_GetXSize.o(.text.GUI_MEMDEV_GetXSize), (46 bytes).
    Removing GUIDEV_GetXSize.o(.ARM.exidx.text.GUI_MEMDEV_GetXSize), (8 bytes).
    Removing GUIDEV_32.o(.text), (0 bytes).
    Removing GUIDEV_32.o(.text._DrawBitmap), (2068 bytes).
    Removing GUIDEV_32.o(.ARM.exidx.text._DrawBitmap), (8 bytes).
    Removing GUIDEV_32.o(.text._DrawHLine), (14 bytes).
    Removing GUIDEV_32.o(.ARM.exidx.text._DrawHLine), (8 bytes).
    Removing GUIDEV_32.o(.text._DrawVLine), (204 bytes).
    Removing GUIDEV_32.o(.ARM.exidx.text._DrawVLine), (8 bytes).
    Removing GUIDEV_32.o(.text._FillRect), (210 bytes).
    Removing GUIDEV_32.o(.ARM.exidx.text._FillRect), (8 bytes).
    Removing GUIDEV_32.o(.text._GetPixelIndex), (14 bytes).
    Removing GUIDEV_32.o(.ARM.exidx.text._GetPixelIndex), (8 bytes).
    Removing GUIDEV_32.o(.text._SetPixelIndex), (76 bytes).
    Removing GUIDEV_32.o(.ARM.exidx.text._SetPixelIndex), (8 bytes).
    Removing GUIDEV_32.o(.text._XorPixel), (92 bytes).
    Removing GUIDEV_32.o(.ARM.exidx.text._XorPixel), (8 bytes).
    Removing GUIDEV_32.o(.text._SetOrg), (8 bytes).
    Removing GUIDEV_32.o(.ARM.exidx.text._SetOrg), (8 bytes).
    Removing GUIDEV_32.o(.text._GetDevFunc), (16 bytes).
    Removing GUIDEV_32.o(.ARM.exidx.text._GetDevFunc), (8 bytes).
    Removing GUIDEV_32.o(.text._GetDevProp), (14 bytes).
    Removing GUIDEV_32.o(.ARM.exidx.text._GetDevProp), (8 bytes).
    Removing GUIDEV_32.o(.text._GetDevData), (16 bytes).
    Removing GUIDEV_32.o(.ARM.exidx.text._GetDevData), (8 bytes).
    Removing GUIDEV_32.o(.text._GetRect), (48 bytes).
    Removing GUIDEV_32.o(.ARM.exidx.text._GetRect), (8 bytes).
    Removing GUIDEV_32.o(.text._XY2PTR), (64 bytes).
    Removing GUIDEV_32.o(.ARM.exidx.text._XY2PTR), (8 bytes).
    Removing GUIDEV_32.o(.rodata.GUI_MEMDEV_DEVICE_32), (52 bytes).
    Removing GUI__CompactPixelIndices.o(.text), (0 bytes).
    Removing GUI__CompactPixelIndices.o(.ARM.exidx.text.GUI__CompactPixelIndices), (8 bytes).
    Removing GUI__CompactPixelIndices.o(.text.GUI__ConvertColor2Index), (412 bytes).
    Removing GUI__CompactPixelIndices.o(.ARM.exidx.text.GUI__ConvertColor2Index), (8 bytes).
    Removing GUI__CompactPixelIndices.o(.text.GUI__CompactPixelIndicesEx), (20 bytes).
    Removing GUI__CompactPixelIndices.o(.ARM.exidx.text.GUI__CompactPixelIndicesEx), (8 bytes).
    Removing GUI_Time.o(.text), (0 bytes).
    Removing GUI_Time.o(.text.GUI_GetTime), (4 bytes).
    Removing GUI_Time.o(.ARM.exidx.text.GUI_GetTime), (8 bytes).
    Removing GUI_Time.o(.text.GUI_SetTimeSlice), (12 bytes).
    Removing GUI_Time.o(.ARM.exidx.text.GUI_SetTimeSlice), (8 bytes).
    Removing GUI_Time.o(.text.GUI_GetTimeSlice), (12 bytes).
    Removing GUI_Time.o(.ARM.exidx.text.GUI_GetTimeSlice), (8 bytes).
    Removing GUI_Time.o(.text.GUI_Delay), (58 bytes).
    Removing GUI_Time.o(.ARM.exidx.text.GUI_Delay), (8 bytes).
    Removing GUI_Time.o(.data._TimeSlice), (4 bytes).
    Removing GUI_SPRITE.o(.text), (0 bytes).
    Removing GUI_SPRITE.o(.text.GUI_SPRITE__CreateEx), (184 bytes).
    Removing GUI_SPRITE.o(.ARM.exidx.text.GUI_SPRITE__CreateEx), (8 bytes).
    Removing GUI_SPRITE.o(.text._DoColorConversion), (142 bytes).
    Removing GUI_SPRITE.o(.ARM.exidx.text._DoColorConversion), (8 bytes).
    Removing GUI_SPRITE.o(.text._Link), (26 bytes).
    Removing GUI_SPRITE.o(.ARM.exidx.text._Link), (8 bytes).
    Removing GUI_SPRITE.o(.text._SpriteDraw), (586 bytes).
    Removing GUI_SPRITE.o(.ARM.exidx.text._SpriteDraw), (8 bytes).
    Removing GUI_SPRITE.o(.text.GUI_SPRITE__SetCallback), (34 bytes).
    Removing GUI_SPRITE.o(.ARM.exidx.text.GUI_SPRITE__SetCallback), (8 bytes).
    Removing GUI_SPRITE.o(.text.GUI_SPRITE_CreateEx), (20 bytes).
    Removing GUI_SPRITE.o(.ARM.exidx.text.GUI_SPRITE_CreateEx), (8 bytes).
    Removing GUI_SPRITE.o(.text.GUI_SPRITE_Create), (32 bytes).
    Removing GUI_SPRITE.o(.ARM.exidx.text.GUI_SPRITE_Create), (8 bytes).
    Removing GUI_SPRITE.o(.text.GUI_SPRITE_CreateHiddenEx), (20 bytes).
    Removing GUI_SPRITE.o(.ARM.exidx.text.GUI_SPRITE_CreateHiddenEx), (8 bytes).
    Removing GUI_SPRITE.o(.text.GUI_SPRITE_CreateHidden), (32 bytes).
    Removing GUI_SPRITE.o(.ARM.exidx.text.GUI_SPRITE_CreateHidden), (8 bytes).
    Removing GUI_SPRITE.o(.text.GUI_SPRITE_Delete), (66 bytes).
    Removing GUI_SPRITE.o(.ARM.exidx.text.GUI_SPRITE_Delete), (8 bytes).
    Removing GUI_SPRITE.o(.text._Undraw), (288 bytes).
    Removing GUI_SPRITE.o(.ARM.exidx.text._Undraw), (8 bytes).
    Removing GUI_SPRITE.o(.text._Unlink), (26 bytes).
    Removing GUI_SPRITE.o(.ARM.exidx.text._Unlink), (8 bytes).
    Removing GUI_SPRITE.o(.ARM.exidx.text.GUI_SPRITE_SetPosition), (8 bytes).
    Removing GUI_SPRITE.o(.text.GUI_SPRITE_SetBitmap), (698 bytes).
    Removing GUI_SPRITE.o(.ARM.exidx.text.GUI_SPRITE_SetBitmap), (8 bytes).
    Removing GUI_SPRITE.o(.text.GUI_SPRITE_SetBitmapAndPosition), (1194 bytes).
    Removing GUI_SPRITE.o(.ARM.exidx.text.GUI_SPRITE_SetBitmapAndPosition), (8 bytes).
    Removing GUI_SPRITE.o(.text.GUI_SPRITE_Hide), (56 bytes).
    Removing GUI_SPRITE.o(.ARM.exidx.text.GUI_SPRITE_Hide), (8 bytes).
    Removing GUI_SPRITE.o(.text.GUI_SPRITE_Show), (68 bytes).
    Removing GUI_SPRITE.o(.ARM.exidx.text.GUI_SPRITE_Show), (8 bytes).
    Removing GUI_SPRITE.o(.text.GUI_SPRITE_GetState), (34 bytes).
    Removing GUI_SPRITE.o(.ARM.exidx.text.GUI_SPRITE_GetState), (8 bytes).
    Removing GUI_SPRITE.o(.text._DrawBitmap), (1122 bytes).
    Removing GUI_SPRITE.o(.ARM.exidx.text._DrawBitmap), (8 bytes).
    Removing GUI_SPRITE.o(.text._DrawHLine), (528 bytes).
    Removing GUI_SPRITE.o(.ARM.exidx.text._DrawHLine), (8 bytes).
    Removing GUI_SPRITE.o(.text._DrawVLine), (496 bytes).
    Removing GUI_SPRITE.o(.ARM.exidx.text._DrawVLine), (8 bytes).
    Removing GUI_SPRITE.o(.text._FillRect), (592 bytes).
    Removing GUI_SPRITE.o(.ARM.exidx.text._FillRect), (8 bytes).
    Removing GUI_SPRITE.o(.text._GetPixelIndex), (104 bytes).
    Removing GUI_SPRITE.o(.ARM.exidx.text._GetPixelIndex), (8 bytes).
    Removing GUI_SPRITE.o(.text._SetPixelIndex), (214 bytes).
    Removing GUI_SPRITE.o(.ARM.exidx.text._SetPixelIndex), (8 bytes).
    Removing GUI_SPRITE.o(.text._XorPixel), (232 bytes).
    Removing GUI_SPRITE.o(.ARM.exidx.text._XorPixel), (8 bytes).
    Removing GUI_SPRITE.o(.text._SetOrg), (12 bytes).
    Removing GUI_SPRITE.o(.ARM.exidx.text._SetOrg), (8 bytes).
    Removing GUI_SPRITE.o(.text._GetDevFunc), (76 bytes).
    Removing GUI_SPRITE.o(.ARM.exidx.text._GetDevFunc), (8 bytes).
    Removing GUI_SPRITE.o(.text._GetDevProp), (14 bytes).
    Removing GUI_SPRITE.o(.ARM.exidx.text._GetDevProp), (8 bytes).
    Removing GUI_SPRITE.o(.text._GetDevData), (4 bytes).
    Removing GUI_SPRITE.o(.ARM.exidx.text._GetDevData), (8 bytes).
    Removing GUI_SPRITE.o(.text._GetRect), (12 bytes).
    Removing GUI_SPRITE.o(.ARM.exidx.text._GetRect), (8 bytes).
    Removing GUI_SPRITE.o(.text._GetClipRect), (238 bytes).
    Removing GUI_SPRITE.o(.ARM.exidx.text._GetClipRect), (8 bytes).
    Removing GUI_SPRITE.o(.text._GetClipParam), (318 bytes).
    Removing GUI_SPRITE.o(.ARM.exidx.text._GetClipParam), (8 bytes).
    Removing GUI_SPRITE.o(.text._PixelExists), (72 bytes).
    Removing GUI_SPRITE.o(.ARM.exidx.text._PixelExists), (8 bytes).
    Removing GUI_SPRITE.o(.text._ReadRect), (328 bytes).
    Removing GUI_SPRITE.o(.ARM.exidx.text._ReadRect), (8 bytes).
    Removing GUI_SPRITE.o(.ARM.exidx.text._GetBkIndex), (8 bytes).
    Removing GUI_SPRITE.o(.ARM.exidx.text._CreateBuffer), (8 bytes).
    Removing GUI_SPRITE.o(.ARM.exidx.text._SetBkIndexBuffered), (8 bytes).
    Removing GUI_SPRITE.o(.ARM.exidx.text._GetBkIndexAlpha), (8 bytes).
    Removing GUI_SPRITE.o(.ARM.exidx.text._ReleaseBuffer), (8 bytes).
    Removing GUI_SPRITE.o(.ARM.exidx.text._GetDeviceRect), (8 bytes).
    Removing GUI_SPRITE.o(.ARM.exidx.text._FlushBuffer), (8 bytes).
    Removing GUI_SPRITE.o(.rodata._Sprite_API), (52 bytes).
    Removing GUI_CursorResource.o(.text), (0 bytes).
    Removing GUI_CursorResource.o(.rodata._BitmapArrowL), (20 bytes).
    Removing GUI_CursorResource.o(.rodata.GUI_CursorArrowL), (12 bytes).
    Removing GUI_CursorResource.o(.rodata._BitmapArrowLI), (20 bytes).
    Removing GUI_CursorResource.o(.rodata.GUI_CursorArrowLI), (12 bytes).
    Removing GUI_CursorResource.o(.rodata._BitmapArrowM), (20 bytes).
    Removing GUI_CursorResource.o(.rodata.GUI_CursorArrowM), (12 bytes).
    Removing GUI_CursorResource.o(.rodata._BitmapArrowMI), (20 bytes).
    Removing GUI_CursorResource.o(.rodata.GUI_CursorArrowMI), (12 bytes).
    Removing GUI_CursorResource.o(.rodata._BitmapArrowS), (20 bytes).
    Removing GUI_CursorResource.o(.rodata.GUI_CursorArrowS), (12 bytes).
    Removing GUI_CursorResource.o(.rodata._BitmapArrowSI), (20 bytes).
    Removing GUI_CursorResource.o(.rodata.GUI_CursorArrowSI), (12 bytes).
    Removing GUI_CursorResource.o(.rodata._BitmapCrossL), (20 bytes).
    Removing GUI_CursorResource.o(.rodata.GUI_CursorCrossL), (12 bytes).
    Removing GUI_CursorResource.o(.rodata._BitmapCrossLI), (20 bytes).
    Removing GUI_CursorResource.o(.rodata.GUI_CursorCrossLI), (12 bytes).
    Removing GUI_CursorResource.o(.rodata._BitmapCrossM), (20 bytes).
    Removing GUI_CursorResource.o(.rodata.GUI_CursorCrossM), (12 bytes).
    Removing GUI_CursorResource.o(.rodata._BitmapCrossMI), (20 bytes).
    Removing GUI_CursorResource.o(.rodata.GUI_CursorCrossMI), (12 bytes).
    Removing GUI_CursorResource.o(.rodata._BitmapCrossS), (20 bytes).
    Removing GUI_CursorResource.o(.rodata.GUI_CursorCrossS), (12 bytes).
    Removing GUI_CursorResource.o(.rodata._BitmapCrossSI), (20 bytes).
    Removing GUI_CursorResource.o(.rodata.GUI_CursorCrossSI), (12 bytes).
    Removing GUI_CursorResource.o(.rodata._BitmapHeaderM), (20 bytes).
    Removing GUI_CursorResource.o(.rodata.GUI_CursorHeaderM), (12 bytes).
    Removing GUI_CursorResource.o(.rodata._BitmapHeaderMI), (20 bytes).
    Removing GUI_CursorResource.o(.rodata.GUI_CursorHeaderMI), (12 bytes).
    Removing GUI_CursorResource.o(.data._apbmHourGlassM), (60 bytes).
    Removing GUI_CursorResource.o(.rodata.GUI_CursorAnimHourglassM), (24 bytes).
    Removing GUI_CursorResource.o(.rodata._Pixels_ArrowL), (150 bytes).
    Removing GUI_CursorResource.o(.rodata._CursorPal), (12 bytes).
    Removing GUI_CursorResource.o(.rodata._aColorCursorPal), (12 bytes).
    Removing GUI_CursorResource.o(.rodata._CursorPalI), (12 bytes).
    Removing GUI_CursorResource.o(.rodata._aColorCursorPalI), (12 bytes).
    Removing GUI_CursorResource.o(.rodata._Pixels_ArrowM), (60 bytes).
    Removing GUI_CursorResource.o(.rodata._Pixels_ArrowS), (45 bytes).
    Removing GUI_CursorResource.o(.rodata._Pixels_CrossL), (248 bytes).
    Removing GUI_CursorResource.o(.rodata._Pixels_CrossM), (126 bytes).
    Removing GUI_CursorResource.o(.rodata._Pixels_CrossS), (33 bytes).
    Removing GUI_CursorResource.o(.rodata._PixelsHeaderM), (85 bytes).
    Removing GUI_CursorResource.o(.rodata._abmHourGlassM), (300 bytes).
    Removing GUI_CursorResource.o(.rodata._acHourGlassM_00), (242 bytes).
    Removing GUI_CursorResource.o(.rodata._PalHourGlassM), (12 bytes).
    Removing GUI_CursorResource.o(.rodata._acHourGlassM_01), (242 bytes).
    Removing GUI_CursorResource.o(.rodata._acHourGlassM_02), (242 bytes).
    Removing GUI_CursorResource.o(.rodata._acHourGlassM_03), (242 bytes).
    Removing GUI_CursorResource.o(.rodata._acHourGlassM_04), (242 bytes).
    Removing GUI_CursorResource.o(.rodata._acHourGlassM_05), (242 bytes).
    Removing GUI_CursorResource.o(.rodata._acHourGlassM_06), (242 bytes).
    Removing GUI_CursorResource.o(.rodata._acHourGlassM_07), (242 bytes).
    Removing GUI_CursorResource.o(.rodata._acHourGlassM_08), (242 bytes).
    Removing GUI_CursorResource.o(.rodata._acHourGlassM_09), (242 bytes).
    Removing GUI_CursorResource.o(.rodata._acHourGlassM_10), (242 bytes).
    Removing GUI_CursorResource.o(.rodata._acHourGlassM_11), (242 bytes).
    Removing GUI_CursorResource.o(.rodata._acHourGlassM_12), (242 bytes).
    Removing GUI_CursorResource.o(.rodata._acHourGlassM_14), (242 bytes).
    Removing GUI_CursorResource.o(.rodata._ColorsHourGlassM), (28 bytes).
    Removing GUI_CursorResource.o(.rodata._acHourGlassM_13), (242 bytes).
    Removing GUI_SetAlpha.o(.text), (0 bytes).
    Removing GUI_SetAlpha.o(.text.GUI__AlphaPreserveTrans), (38 bytes).
    Removing GUI_SetAlpha.o(.ARM.exidx.text.GUI__AlphaPreserveTrans), (8 bytes).
    Removing GUI_SetAlpha.o(.text.GUI_SetAlpha), (308 bytes).
    Removing GUI_SetAlpha.o(.ARM.exidx.text.GUI_SetAlpha), (8 bytes).
    Removing GUI_SetAlpha.o(.text.GUI_GetAlphaEx), (12 bytes).
    Removing GUI_SetAlpha.o(.ARM.exidx.text.GUI_GetAlphaEx), (8 bytes).
    Removing GUI_SetAlpha.o(.text.GUI_GetAlpha), (24 bytes).
    Removing GUI_SetAlpha.o(.ARM.exidx.text.GUI_GetAlpha), (8 bytes).
    Removing GUI_SetAlpha.o(.text._OnExit), (56 bytes).
    Removing GUI_SetAlpha.o(.ARM.exidx.text._OnExit), (8 bytes).
    Removing GUI_SetAlpha.o(.text._DrawBitmap), (1652 bytes).
    Removing GUI_SetAlpha.o(.ARM.exidx.text._DrawBitmap), (8 bytes).
    Removing GUI_SetAlpha.o(.text._DrawHLine), (298 bytes).
    Removing GUI_SetAlpha.o(.ARM.exidx.text._DrawHLine), (8 bytes).
    Removing GUI_SetAlpha.o(.text._DrawVLine), (122 bytes).
    Removing GUI_SetAlpha.o(.ARM.exidx.text._DrawVLine), (8 bytes).
    Removing GUI_SetAlpha.o(.text._FillRect), (44 bytes).
    Removing GUI_SetAlpha.o(.ARM.exidx.text._FillRect), (8 bytes).
    Removing GUI_SetAlpha.o(.text._GetPixelIndex), (8 bytes).
    Removing GUI_SetAlpha.o(.ARM.exidx.text._GetPixelIndex), (8 bytes).
    Removing GUI_SetAlpha.o(.text._SetPixelIndex), (68 bytes).
    Removing GUI_SetAlpha.o(.ARM.exidx.text._SetPixelIndex), (8 bytes).
    Removing GUI_SetAlpha.o(.text._XorPixel), (48 bytes).
    Removing GUI_SetAlpha.o(.ARM.exidx.text._XorPixel), (8 bytes).
    Removing GUI_SetAlpha.o(.text._SetOrg), (12 bytes).
    Removing GUI_SetAlpha.o(.ARM.exidx.text._SetOrg), (8 bytes).
    Removing GUI_SetAlpha.o(.text._GetDevFunc), (44 bytes).
    Removing GUI_SetAlpha.o(.ARM.exidx.text._GetDevFunc), (8 bytes).
    Removing GUI_SetAlpha.o(.text._GetDevProp), (16 bytes).
    Removing GUI_SetAlpha.o(.ARM.exidx.text._GetDevProp), (8 bytes).
    Removing GUI_SetAlpha.o(.text._GetDevData), (4 bytes).
    Removing GUI_SetAlpha.o(.ARM.exidx.text._GetDevData), (8 bytes).
    Removing GUI_SetAlpha.o(.text._GetRect), (12 bytes).
    Removing GUI_SetAlpha.o(.ARM.exidx.text._GetRect), (8 bytes).
    Removing GUI_SetAlpha.o(.text._GetLine), (172 bytes).
    Removing GUI_SetAlpha.o(.ARM.exidx.text._GetLine), (8 bytes).
    Removing GUI_SetAlpha.o(.text._MixColors), (114 bytes).
    Removing GUI_SetAlpha.o(.ARM.exidx.text._MixColors), (8 bytes).
    Removing GUI_SetAlpha.o(.text._DrawBitmapLine), (96 bytes).
    Removing GUI_SetAlpha.o(.ARM.exidx.text._DrawBitmapLine), (8 bytes).
    Removing GUI_SetAlpha.o(.text._ReadRectFromMemdev), (174 bytes).
    Removing GUI_SetAlpha.o(.ARM.exidx.text._ReadRectFromMemdev), (8 bytes).
    Removing GUI_SetAlpha.o(.text._Color2Index), (32 bytes).
    Removing GUI_SetAlpha.o(.ARM.exidx.text._Color2Index), (8 bytes).
    Removing GUI_SetAlpha.o(.text._Index2Color), (32 bytes).
    Removing GUI_SetAlpha.o(.ARM.exidx.text._Index2Color), (8 bytes).
    Removing GUI_SetAlpha.o(.text._GetIndexMask), (32 bytes).
    Removing GUI_SetAlpha.o(.ARM.exidx.text._GetIndexMask), (8 bytes).
    Removing GUI_SetAlpha.o(.text._Color2IndexBulk), (240 bytes).
    Removing GUI_SetAlpha.o(.ARM.exidx.text._Color2IndexBulk), (8 bytes).
    Removing GUI_SetAlpha.o(.text._Index2ColorBulk), (240 bytes).
    Removing GUI_SetAlpha.o(.ARM.exidx.text._Index2ColorBulk), (8 bytes).
    Removing GUI_SetAlpha.o(.data._aAlpha), (1 bytes).
    Removing GUI_SetAlpha.o(.bss._apDevice), (4 bytes).
    Removing GUI_SetAlpha.o(.bss._InitAlpha.RegisterExit), (8 bytes).
    Removing GUI_SetAlpha.o(.bss._pIndex), (4 bytes).
    Removing GUI_SetAlpha.o(.bss._pColor), (4 bytes).
    Removing GUI_SetAlpha.o(.rodata._GUI_SetAlpha_API), (52 bytes).
    Removing GUI_SetAlpha.o(.rodata._API_ColorConv_SetAlpha), (24 bytes).
    Removing GUICC_M8888I_Index2Color.o(.text), (0 bytes).
    Removing GUICC_M8888I_Index2Color.o(.ARM.exidx.text.LCD_Index2Color_M8888I), (8 bytes).
    Removing LCD_ReadRect.o(.text), (0 bytes).
    Removing LCD_ReadRect.o(.text.GUI_ReadRectEx), (102 bytes).
    Removing LCD_ReadRect.o(.ARM.exidx.text.GUI_ReadRectEx), (8 bytes).
    Removing LCD_ReadRect.o(.text.LCD_ReadRectEx), (452 bytes).
    Removing LCD_ReadRect.o(.ARM.exidx.text.LCD_ReadRectEx), (8 bytes).
    Removing LCD_ReadRect.o(.text.LCD_ReadRect), (94 bytes).
    Removing LCD_ReadRect.o(.ARM.exidx.text.LCD_ReadRect), (8 bytes).
    Removing LCD_ReadRect.o(.text.LCD_ReadRectNoClip), (36 bytes).
    Removing LCD_ReadRect.o(.ARM.exidx.text.LCD_ReadRectNoClip), (8 bytes).
    Removing LCD_ReadRect.o(.text.GUI_ReadRect), (66 bytes).
    Removing LCD_ReadRect.o(.ARM.exidx.text.GUI_ReadRect), (8 bytes).
    Removing GUI_SPRITE_Anim.o(.text), (0 bytes).
    Removing GUI_SPRITE_Anim.o(.text.GUI_SPRITE_CreateExAnim), (120 bytes).
    Removing GUI_SPRITE_Anim.o(.ARM.exidx.text.GUI_SPRITE_CreateExAnim), (8 bytes).
    Removing GUI_SPRITE_Anim.o(.text._cbSprite), (96 bytes).
    Removing GUI_SPRITE_Anim.o(.ARM.exidx.text._cbSprite), (8 bytes).
    Removing GUI_SPRITE_Anim.o(.text._CreateTimer), (100 bytes).
    Removing GUI_SPRITE_Anim.o(.ARM.exidx.text._CreateTimer), (8 bytes).
    Removing GUI_SPRITE_Anim.o(.text.GUI_SPRITE_CreateAnim), (42 bytes).
    Removing GUI_SPRITE_Anim.o(.ARM.exidx.text.GUI_SPRITE_CreateAnim), (8 bytes).
    Removing GUI_SPRITE_Anim.o(.text.GUI_SPRITE_StopAnim), (68 bytes).
    Removing GUI_SPRITE_Anim.o(.ARM.exidx.text.GUI_SPRITE_StopAnim), (8 bytes).
    Removing GUI_SPRITE_Anim.o(.text.GUI_SPRITE_StartAnim), (60 bytes).
    Removing GUI_SPRITE_Anim.o(.ARM.exidx.text.GUI_SPRITE_StartAnim), (8 bytes).
    Removing GUI_SPRITE_Anim.o(.text.GUI_SPRITE_SetLoop), (70 bytes).
    Removing GUI_SPRITE_Anim.o(.ARM.exidx.text.GUI_SPRITE_SetLoop), (8 bytes).
    Removing GUI_SPRITE_Anim.o(.text._cbTimer), (144 bytes).
    Removing GUI_SPRITE_Anim.o(.ARM.exidx.text._cbTimer), (8 bytes).
    Removing GUI__ExpandPixelIndices.o(.text), (0 bytes).
    Removing GUI__ExpandPixelIndices.o(.text.GUI__ExpandPixelIndices), (234 bytes).
    Removing GUI__ExpandPixelIndices.o(.ARM.exidx.text.GUI__ExpandPixelIndices), (8 bytes).
    Removing GUI__ExpandPixelIndices.o(.text.GUI__ExpandPixelIndicesEx), (352 bytes).
    Removing GUI__ExpandPixelIndices.o(.ARM.exidx.text.GUI__ExpandPixelIndicesEx), (8 bytes).
    Removing GUIDEV_WriteToActiveAlpha.o(.text), (0 bytes).
    Removing GUIDEV_WriteToActiveAlpha.o(.text.GUI_MEMDEV__WriteToActiveAlpha), (360 bytes).
    Removing GUIDEV_WriteToActiveAlpha.o(.ARM.exidx.text.GUI_MEMDEV__WriteToActiveAlpha), (8 bytes).
    Removing GUIDEV_WriteToActiveAlpha.o(.text._WriteToActiveAlpha), (404 bytes).
    Removing GUIDEV_WriteToActiveAlpha.o(.ARM.exidx.text._WriteToActiveAlpha), (8 bytes).
    Removing dmul.o(.text), (228 bytes).
    Removing ddiv.o(.text), (222 bytes).
    Removing dfltul.o(.text), (24 bytes).
    Removing d2f.o(.text), (56 bytes).
    Removing fepilogue.o(.text), (110 bytes).

2279 unused section(s) (total 178136 bytes) removed from the image.
