Component: ARM Compiler 5.06 update 6 (build 750) Tool: armlink [4d35ed]

==============================================================================

Section Cross References

    system_mimxrt1052.o(i.SystemCoreClockUpdate) refers to uldiv.o(.text) for __aeabi_uldivmod
    system_mimxrt1052.o(i.SystemCoreClockUpdate) refers to system_mimxrt1052.o(.data) for SystemCoreClock
    system_mimxrt1052.o(i.SystemInit) refers to system_mimxrt1052.o(i.SCB_EnableICache) for SCB_EnableICache
    system_mimxrt1052.o(i.SystemInit) refers to system_mimxrt1052.o(i.SCB_EnableDCache) for SCB_EnableDCache
    system_mimxrt1052.o(i.SystemInit) refers to system_mimxrt1052.o(i.SystemInitHook) for SystemInitHook
    startup_mimxrt1052.o(RESET) refers to startup_mimxrt1052.o(.text) for Reset_Handler
    startup_mimxrt1052.o(RESET) refers to port.o(.emb_text) for SVC_Handler
    startup_mimxrt1052.o(RESET) refers to bsp_systick.o(i.SysTick_Handler) for SysTick_Handler
    startup_mimxrt1052.o(RESET) refers to emwin_support.o(i.LCDIF_IRQHandler) for LCDIF_IRQHandler
    startup_mimxrt1052.o(RESET) refers to bsp_i2c_touch.o(i.GPIO1_Combined_0_15_IRQHandler) for GPIO1_Combined_0_15_IRQHandler
    startup_mimxrt1052.o(.text) refers to startup_mimxrt1052.o(RESET) for __Vectors
    startup_mimxrt1052.o(.text) refers to system_mimxrt1052.o(i.SystemInit) for SystemInit
    startup_mimxrt1052.o(.text) refers to entry.o(.ARM.Collect$$$$00000000) for __main
    startup_mimxrt1052.o(.text) refers to fsl_lpuart.o(i.LPUART1_DriverIRQHandler) for LPUART1_DriverIRQHandler
    startup_mimxrt1052.o(.text) refers to fsl_lpuart.o(i.LPUART2_DriverIRQHandler) for LPUART2_DriverIRQHandler
    startup_mimxrt1052.o(.text) refers to fsl_lpuart.o(i.LPUART3_DriverIRQHandler) for LPUART3_DriverIRQHandler
    startup_mimxrt1052.o(.text) refers to fsl_lpuart.o(i.LPUART4_DriverIRQHandler) for LPUART4_DriverIRQHandler
    startup_mimxrt1052.o(.text) refers to fsl_lpuart.o(i.LPUART5_DriverIRQHandler) for LPUART5_DriverIRQHandler
    startup_mimxrt1052.o(.text) refers to fsl_lpuart.o(i.LPUART6_DriverIRQHandler) for LPUART6_DriverIRQHandler
    startup_mimxrt1052.o(.text) refers to fsl_lpuart.o(i.LPUART7_DriverIRQHandler) for LPUART7_DriverIRQHandler
    startup_mimxrt1052.o(.text) refers to fsl_lpuart.o(i.LPUART8_DriverIRQHandler) for LPUART8_DriverIRQHandler
    startup_mimxrt1052.o(.text) refers to fsl_lpi2c.o(i.LPI2C1_DriverIRQHandler) for LPI2C1_DriverIRQHandler
    startup_mimxrt1052.o(.text) refers to fsl_lpi2c.o(i.LPI2C2_DriverIRQHandler) for LPI2C2_DriverIRQHandler
    startup_mimxrt1052.o(.text) refers to fsl_lpi2c.o(i.LPI2C3_DriverIRQHandler) for LPI2C3_DriverIRQHandler
    fsl_clock.o(i.CLOCK_DisableUsbhs0PhyPllClock) refers to fsl_clock.o(i.CLOCK_DeinitUsb1Pll) for CLOCK_DeinitUsb1Pll
    fsl_clock.o(i.CLOCK_DisableUsbhs1PhyPllClock) refers to fsl_clock.o(i.CLOCK_DeinitUsb2Pll) for CLOCK_DeinitUsb2Pll
    fsl_clock.o(i.CLOCK_EnableUsbhs0PhyPllClock) refers to fsl_clock.o(i.CLOCK_InitUsb1Pll) for CLOCK_InitUsb1Pll
    fsl_clock.o(i.CLOCK_EnableUsbhs1PhyPllClock) refers to fsl_clock.o(i.CLOCK_InitUsb2Pll) for CLOCK_InitUsb2Pll
    fsl_clock.o(i.CLOCK_GetFreq) refers to fsl_clock.o(i.CLOCK_GetPeriphClkFreq) for CLOCK_GetPeriphClkFreq
    fsl_clock.o(i.CLOCK_GetFreq) refers to fsl_clock.o(i.CLOCK_GetUsb1PfdFreq) for CLOCK_GetUsb1PfdFreq
    fsl_clock.o(i.CLOCK_GetFreq) refers to fsl_clock.o(i.CLOCK_GetSysPfdFreq) for CLOCK_GetSysPfdFreq
    fsl_clock.o(i.CLOCK_GetFreq) refers to fsl_clock.o(i.CLOCK_GetOscFreq) for CLOCK_GetOscFreq
    fsl_clock.o(i.CLOCK_GetFreq) refers to fsl_clock.o(i.CLOCK_GetPllFreq) for CLOCK_GetPllFreq
    fsl_clock.o(i.CLOCK_GetOscFreq) refers to fsl_clock.o(.data) for g_xtalFreq
    fsl_clock.o(i.CLOCK_GetPeriphClkFreq) refers to fsl_clock.o(i.CLOCK_GetPllFreq) for CLOCK_GetPllFreq
    fsl_clock.o(i.CLOCK_GetPeriphClkFreq) refers to fsl_clock.o(i.CLOCK_GetOscFreq) for CLOCK_GetOscFreq
    fsl_clock.o(i.CLOCK_GetPeriphClkFreq) refers to fsl_clock.o(i.CLOCK_GetSysPfdFreq) for CLOCK_GetSysPfdFreq
    fsl_clock.o(i.CLOCK_GetPllFreq) refers to fsl_clock.o(i.CLOCK_GetOscFreq) for CLOCK_GetOscFreq
    fsl_clock.o(i.CLOCK_GetPllFreq) refers to uldiv.o(.text) for __aeabi_uldivmod
    fsl_clock.o(i.CLOCK_GetPllFreq) refers to fsl_clock.o(.constdata) for .constdata
    fsl_clock.o(i.CLOCK_GetSysPfdFreq) refers to fsl_clock.o(i.CLOCK_GetPllFreq) for CLOCK_GetPllFreq
    fsl_clock.o(i.CLOCK_GetUsb1PfdFreq) refers to fsl_clock.o(i.CLOCK_GetPllFreq) for CLOCK_GetPllFreq
    fsl_clock.o(i.CLOCK_InitExternalClk) refers to fsl_assert.o(i.__aeabi_assert) for __aeabi_assert
    fsl_gpio.o(i.CLOCK_EnableClock) refers to fsl_assert.o(i.__aeabi_assert) for __aeabi_assert
    fsl_gpio.o(i.GPIO_GetInstance) refers to fsl_assert.o(i.__aeabi_assert) for __aeabi_assert
    fsl_gpio.o(i.GPIO_GetInstance) refers to fsl_gpio.o(.constdata) for s_gpioBases
    fsl_gpio.o(i.GPIO_PinInit) refers to fsl_gpio.o(i.GPIO_GetInstance) for GPIO_GetInstance
[...]
    i.LED_GPIO_Config                        0x000031b4   Section        0  bsp_led.o(i.LED_GPIO_Config)
    i.LED_GPIO_Mode_Config                   0x000031c4   Section        0  bsp_led.o(i.LED_GPIO_Mode_Config)
    LED_GPIO_Mode_Config                     0x000031c5   Thumb Code    60  bsp_led.o(i.LED_GPIO_Mode_Config)
    i.LED_IOMUXC_MUX_Config                  0x00003204   Section        0  bsp_led.o(i.LED_IOMUXC_MUX_Config)
    LED_IOMUXC_MUX_Config                    0x00003205   Thumb Code    96  bsp_led.o(i.LED_IOMUXC_MUX_Config)
    i.LED_IOMUXC_PAD_Config                  0x0000326c   Section        0  bsp_led.o(i.LED_IOMUXC_PAD_Config)
    LED_IOMUXC_PAD_Config                    0x0000326d   Thumb Code    96  bsp_led.o(i.LED_IOMUXC_PAD_Config)
    i.LOG_Init                               0x000032d4   Section        0  fsl_log.o(i.LOG_Init)
    i.LOG_Pop                                0x000032f8   Section        0  fsl_log.o(i.LOG_Pop)
    i.LOG_Push                               0x0000331c   Section        0  fsl_log.o(i.LOG_Push)
    i.LPI2C1_DriverIRQHandler                0x00003370   Section        0  fsl_lpi2c.o(i.LPI2C1_DriverIRQHandler)
    i.LPI2C2_DriverIRQHandler                0x00003380   Section        0  fsl_lpi2c.o(i.LPI2C2_DriverIRQHandler)
    i.LPI2C3_DriverIRQHandler                0x00003390   Section        0  fsl_lpi2c.o(i.LPI2C3_DriverIRQHandler)
    i.LPI2C_CheckForBusyBus                  0x000033a0   Section        0  fsl_lpi2c.o(i.LPI2C_CheckForBusyBus)
    i.LPI2C_CommonIRQHandler                 0x000033c4   Section        0  fsl_lpi2c.o(i.LPI2C_CommonIRQHandler)
    LPI2C_CommonIRQHandler                   0x000033c5   Thumb Code    66  fsl_lpi2c.o(i.LPI2C_CommonIRQHandler)
    i.LPI2C_GetCyclesForWidth                0x00003418   Section        0  fsl_lpi2c.o(i.LPI2C_GetCyclesForWidth)
    LPI2C_GetCyclesForWidth                  0x00003419   Thumb Code    58  fsl_lpi2c.o(i.LPI2C_GetCyclesForWidth)
    i.LPI2C_GetInstance                      0x00003458   Section        0  fsl_lpi2c.o(i.LPI2C_GetInstance)
    i.LPI2C_InitTransferStateMachine         0x000034b0   Section        0  fsl_lpi2c.o(i.LPI2C_InitTransferStateMachine)
    LPI2C_InitTransferStateMachine           0x000034b1   Thumb Code   194  fsl_lpi2c.o(i.LPI2C_InitTransferStateMachine)
    i.LPI2C_MasterCheckAndClearError         0x00003574   Section        0  fsl_lpi2c.o(i.LPI2C_MasterCheckAndClearError)
    i.LPI2C_MasterClearStatusFlags           0x00003604   Section        0  fsl_lpi2c.o(i.LPI2C_MasterClearStatusFlags)
    LPI2C_MasterClearStatusFlags             0x00003605   Thumb Code     4  fsl_lpi2c.o(i.LPI2C_MasterClearStatusFlags)
    i.LPI2C_MasterDisableInterrupts          0x00003608   Section        0  fsl_lpi2c.o(i.LPI2C_MasterDisableInterrupts)
    LPI2C_MasterDisableInterrupts            0x00003609   Thumb Code     8  fsl_lpi2c.o(i.LPI2C_MasterDisableInterrupts)
    i.LPI2C_MasterEnable                     0x00003610   Section        0  fsl_lpi2c.o(i.LPI2C_MasterEnable)
    LPI2C_MasterEnable                       0x00003611   Thumb Code    10  fsl_lpi2c.o(i.LPI2C_MasterEnable)
    i.LPI2C_MasterEnableInterrupts           0x0000361a   Section        0  fsl_lpi2c.o(i.LPI2C_MasterEnableInterrupts)
    LPI2C_MasterEnableInterrupts             0x0000361b   Thumb Code     8  fsl_lpi2c.o(i.LPI2C_MasterEnableInterrupts)
    i.LPI2C_MasterGetDefaultConfig           0x00003624   Section        0  fsl_lpi2c.o(i.LPI2C_MasterGetDefaultConfig)
    i.LPI2C_MasterGetFifoCounts              0x00003654   Section        0  fsl_lpi2c.o(i.LPI2C_MasterGetFifoCounts)
    LPI2C_MasterGetFifoCounts                0x00003655   Thumb Code    22  fsl_lpi2c.o(i.LPI2C_MasterGetFifoCounts)
    i.LPI2C_MasterGetStatusFlags             0x0000366a   Section        0  fsl_lpi2c.o(i.LPI2C_MasterGetStatusFlags)
    LPI2C_MasterGetStatusFlags               0x0000366b   Thumb Code     6  fsl_lpi2c.o(i.LPI2C_MasterGetStatusFlags)
    i.LPI2C_MasterInit                       0x00003670   Section        0  fsl_lpi2c.o(i.LPI2C_MasterInit)
    i.LPI2C_MasterReset                      0x000037a8   Section        0  fsl_lpi2c.o(i.LPI2C_MasterReset)
    LPI2C_MasterReset                        0x000037a9   Thumb Code    10  fsl_lpi2c.o(i.LPI2C_MasterReset)
    i.LPI2C_MasterSetBaudRate                0x000037b4   Section        0  fsl_lpi2c.o(i.LPI2C_MasterSetBaudRate)
    i.LPI2C_MasterTransferCreateHandle       0x000038d8   Section        0  fsl_lpi2c.o(i.LPI2C_MasterTransferCreateHandle)
    i.LPI2C_MasterTransferHandleIRQ          0x00003968   Section        0  fsl_lpi2c.o(i.LPI2C_MasterTransferHandleIRQ)
    i.LPI2C_MasterTransferNonBlocking        0x000039b0   Section        0  fsl_lpi2c.o(i.LPI2C_MasterTransferNonBlocking)
    i.LPI2C_RunTransferStateMachine          0x00003ab8   Section        0  fsl_lpi2c.o(i.LPI2C_RunTransferStateMachine)
    LPI2C_RunTransferStateMachine            0x00003ab9   Thumb Code   374  fsl_lpi2c.o(i.LPI2C_RunTransferStateMachine)
    i.LPUART1_DriverIRQHandler               0x00003c5c   Section        0  fsl_lpuart.o(i.LPUART1_DriverIRQHandler)
    i.LPUART2_DriverIRQHandler               0x00003c78   Section        0  fsl_lpuart.o(i.LPUART2_DriverIRQHandler)
    i.LPUART3_DriverIRQHandler               0x00003c94   Section        0  fsl_lpuart.o(i.LPUART3_DriverIRQHandler)
    i.LPUART4_DriverIRQHandler               0x00003cb0   Section        0  fsl_lpuart.o(i.LPUART4_DriverIRQHandler)
    i.LPUART5_DriverIRQHandler               0x00003ccc   Section        0  fsl_lpuart.o(i.LPUART5_DriverIRQHandler)
    i.LPUART6_DriverIRQHandler               0x00003ce8   Section        0  fsl_lpuart.o(i.LPUART6_DriverIRQHandler)
    i.LPUART7_DriverIRQHandler               0x00003d04   Section        0  fsl_lpuart.o(i.LPUART7_DriverIRQHandler)
    i.LPUART8_DriverIRQHandler               0x00003d20   Section        0  fsl_lpuart.o(i.LPUART8_DriverIRQHandler)
    i.LPUART_ClearStatusFlags                0x00003d3c   Section        0  fsl_lpuart.o(i.LPUART_ClearStatusFlags)
    i.LPUART_GetDefaultConfig                0x00003d94   Section        0  fsl_lpuart.o(i.LPUART_GetDefaultConfig)
    i.LPUART_GetInstance                     0x00003e00   Section        0  fsl_lpuart.o(i.LPUART_GetInstance)
    i.LPUART_GetStatusFlags                  0x00003e84   Section        0  fsl_lpuart.o(i.LPUART_GetStatusFlags)
    i.LPUART_Init                            0x00003e94   Section        0  fsl_lpuart.o(i.LPUART_Init)
    i.LPUART_ReadBlocking                    0x00004188   Section        0  fsl_lpuart.o(i.LPUART_ReadBlocking)
    i.LPUART_WriteBlocking                   0x0000428c   Section        0  fsl_lpuart.o(i.LPUART_WriteBlocking)
    i.SCB_DisableDCache                      0x000042f4   Section        0  board.o(i.SCB_DisableDCache)
    SCB_DisableDCache                        0x000042f5   Thumb Code   150  board.o(i.SCB_DisableDCache)
    i.SCB_EnableDCache                       0x00004394   Section        0  system_mimxrt1052.o(i.SCB_EnableDCache)
    SCB_EnableDCache                         0x00004395   Thumb Code   148  system_mimxrt1052.o(i.SCB_EnableDCache)
    i.SCB_EnableDCache                       0x00004430   Section        0  board.o(i.SCB_EnableDCache)
    SCB_EnableDCache                         0x00004431   Thumb Code   148  board.o(i.SCB_EnableDCache)
    i.SCB_EnableICache                       0x000044cc   Section        0  system_mimxrt1052.o(i.SCB_EnableICache)
    SCB_EnableICache                         0x000044cd   Thumb Code   116  system_mimxrt1052.o(i.SCB_EnableICache)
    i.SCB_EnableICache                       0x00004548   Section        0  board.o(i.SCB_EnableICache)
    SCB_EnableICache                         0x00004549   Thumb Code   116  board.o(i.SCB_EnableICache)
    i.StrFormatPrintf                        0x000045c4   Section        0  fsl_str.o(i.StrFormatPrintf)
    i.SysTick_Config                         0x00004bec   Section        0  bsp_systick.o(i.SysTick_Config)
    SysTick_Config                           0x00004bed   Thumb Code    74  bsp_systick.o(i.SysTick_Config)
    i.SysTick_Handler                        0x00004c40   Section        0  bsp_systick.o(i.SysTick_Handler)
    i.SysTick_Init                           0x00004c50   Section        0  bsp_systick.o(i.SysTick_Init)
    i.SystemInit                             0x00004c70   Section        0  system_mimxrt1052.o(i.SystemInit)
    i.SystemInitHook                         0x00004d24   Section        0  system_mimxrt1052.o(i.SystemInitHook)
    i.__ARM_fpclassify                       0x00004d26   Section        0  fpclassify.o(i.__ARM_fpclassify)
    i.__aeabi_assert                         0x00004d58   Section        0  fsl_assert.o(i.__aeabi_assert)
    i.__free$2region                         0x00004d9c   Section        0  malloc2.o(i.__free$2region)
    i.__hardfp_modf                          0x00004dec   Section        0  modf.o(i.__hardfp_modf)
    i.__hardfp_pow                           0x00004eb0   Section        0  pow.o(i.__hardfp_pow)
    i.__kernel_poly                          0x000057a8   Section        0  poly.o(i.__kernel_poly)
    i.__malloc$2region                       0x00005818   Section        0  malloc2.o(i.__malloc$2region)
    i.__mathlib_dbl_divzero                  0x00005888   Section        0  dunder.o(i.__mathlib_dbl_divzero)
    i.__mathlib_dbl_infnan2                  0x000058a8   Section        0  dunder.o(i.__mathlib_dbl_infnan2)
    i.__mathlib_dbl_invalid                  0x000058b0   Section        0  dunder.o(i.__mathlib_dbl_invalid)
    i.__mathlib_dbl_overflow                 0x000058c8   Section        0  dunder.o(i.__mathlib_dbl_overflow)
    i.__mathlib_dbl_underflow                0x000058e0   Section        0  dunder.o(i.__mathlib_dbl_underflow)
    i.__scatterload_copy                     0x000058f8   Section       14  handlers.o(i.__scatterload_copy)
    i.__scatterload_null                     0x00005906   Section        2  handlers.o(i.__scatterload_null)
    i.__scatterload_zeroinit                 0x00005908   Section       14  handlers.o(i.__scatterload_zeroinit)
    i.__set_errno                            0x00005918   Section        0  errno.o(i.__set_errno)
    i.fabs                                   0x00005924   Section        0  fabs.o(i.fabs)
    i.main                                   0x0000593c   Section        0  main.o(i.main)
    i.prvResetNextTaskUnblockTime            0x00005944   Section        0  tasks.o(i.prvResetNextTaskUnblockTime)
    prvResetNextTaskUnblockTime              0x00005945   Thumb Code    42  tasks.o(i.prvResetNextTaskUnblockTime)
    i.sqrt                                   0x00005978   Section        0  sqrt.o(i.sqrt)
    i.uxListRemove                           0x000059e2   Section        0  list.o(i.uxListRemove)
    i.vListInsertEnd                         0x00005a0a   Section        0  list.o(i.vListInsertEnd)
    i.vTaskSwitchContext                     0x00005a24   Section        0  tasks.o(i.vTaskSwitchContext)
    i.xPortSysTickHandler                    0x00005ad4   Section        0  port.o(i.xPortSysTickHandler)
    i.xTaskGetSchedulerState                 0x00005b0c   Section        0  tasks.o(i.xTaskGetSchedulerState)
    i.xTaskIncrementTick                     0x00005b2c   Section        0  tasks.o(i.xTaskIncrementTick)
    .constdata                               0x00005c94   Section       16  fsl_clock.o(.constdata)
    .constdata                               0x00005ca4   Section       36  fsl_gpio.o(.constdata)
    s_gpioBases                              0x00005ca4   Data          24  fsl_gpio.o(.constdata)
    s_gpioClock                              0x00005cbc   Data          12  fsl_gpio.o(.constdata)
    .constdata                               0x00005cc8   Section       72  fsl_lpuart.o(.constdata)
    s_lpuartBases                            0x00005cc8   Data          36  fsl_lpuart.o(.constdata)
    s_lpuartIRQ                              0x00005cec   Data          18  fsl_lpuart.o(.constdata)
    s_lpuartClock                            0x00005cfe   Data          18  fsl_lpuart.o(.constdata)
    .constdata                               0x00005d10   Section       40  fsl_lpi2c.o(.constdata)
    kLpi2cBases                              0x00005d10   Data          20  fsl_lpi2c.o(.constdata)
    kLpi2cIrqs                               0x00005d24   Data          10  fsl_lpi2c.o(.constdata)
    kLpi2cClocks                             0x00005d2e   Data          10  fsl_lpi2c.o(.constdata)
    .constdata                               0x00005d38   Section       17  clock_config.o(.constdata)
    .constdata                               0x00005d4c   Section       87  bsp_lcd.o(.constdata)
    .constdata                               0x00005da3   Section    21280  fonts.o(.constdata)
    .constdata                               0x0000b0c4   Section      904  bsp_touch_gtxx.o(.constdata)
    __func__                                 0x0000b340   Data          13  bsp_touch_gtxx.o(.constdata)
    __func__                                 0x0000b34d   Data          13  bsp_touch_gtxx.o(.constdata)
    __func__                                 0x0000b35a   Data          14  bsp_touch_gtxx.o(.constdata)
    __func__                                 0x0000b368   Data          23  bsp_touch_gtxx.o(.constdata)
    __func__                                 0x0000b37f   Data          16  bsp_touch_gtxx.o(.constdata)
    __func__                                 0x0000b38f   Data          15  bsp_touch_gtxx.o(.constdata)
    __func__                                 0x0000b39e   Data          15  bsp_touch_gtxx.o(.constdata)
    __func__                                 0x0000b3ad   Data          20  bsp_touch_gtxx.o(.constdata)
    __func__                                 0x0000b3cc   Data          17  bsp_touch_gtxx.o(.constdata)
    __func__                                 0x0000b3dd   Data          17  bsp_touch_gtxx.o(.constdata)
    __func__                                 0x0000b3ee   Data          17  bsp_touch_gtxx.o(.constdata)
    __func__                                 0x0000b3ff   Data          15  bsp_touch_gtxx.o(.constdata)
    __func__                                 0x0000b40e   Data          17  bsp_touch_gtxx.o(.constdata)
    __func__                                 0x0000b428   Data          13  bsp_touch_gtxx.o(.constdata)
    __func__                                 0x0000b435   Data          10  bsp_touch_gtxx.o(.constdata)
    .constdata                               0x0000b44c   Section        3  bsp_i2c_touch.o(.constdata)
    .constdata                               0x0000b450   Section      136  pow.o(.constdata)
    bp                                       0x0000b450   Data          16  pow.o(.constdata)
    dp_h                                     0x0000b460   Data          16  pow.o(.constdata)
    dp_l                                     0x0000b470   Data          16  pow.o(.constdata)
    L                                        0x0000b480   Data          48  pow.o(.constdata)
    P                                        0x0000b4b0   Data          40  pow.o(.constdata)
    .constdata                               0x0000b4d8   Section        8  qnan.o(.constdata)
    .conststring                             0x0000b4e0   Section      161  bsp_touch_gtxx.o(.conststring)
    .data                                    0x80000000   Section        4  system_mimxrt1052.o(.data)
    .data                                    0x80000004   Section        8  fsl_clock.o(.data)
    .data                                    0x8000000c   Section        4  fsl_lpuart.o(.data)
    s_lpuartIsr                              0x8000000c   Data           4  fsl_lpuart.o(.data)
    .data                                    0x80000010   Section        8  fsl_lpi2c.o(.data)
    s_lpi2cMasterIsr                         0x80000010   Data           4  fsl_lpi2c.o(.data)
    s_lpi2cSlaveIsr                          0x80000014   Data           4  fsl_lpi2c.o(.data)
    .data                                    0x80000018   Section        8  fsl_io.o(.data)
    s_debugConsoleIO                         0x80000018   Data           8  fsl_io.o(.data)
    .data                                    0x80000020   Section       20  bsp_lcd.o(.data)
    LCD_Currentfonts                         0x80000028   Data           4  bsp_lcd.o(.data)
    CurrentTextColor                         0x8000002c   Data           2  bsp_lcd.o(.data)
    CurrentBackColor                         0x8000002e   Data           2  bsp_lcd.o(.data)
    CurrentFrameBuffer                       0x80000030   Data           4  bsp_lcd.o(.data)
    .data                                    0x80000034   Section       24  fonts.o(.data)
    .data                                    0x8000004c   Section      247  bsp_touch_gtxx.o(.data)
    pre_touch                                0x8000013c   Data           2  bsp_touch_gtxx.o(.data)
    pre_id                                   0x8000013e   Data           5  bsp_touch_gtxx.o(.data)
    .data                                    0x80000143   Section        2  bsp_i2c_touch.o(.data)
    .data                                    0x80000148   Section       16  emwin_support.o(.data)
    s_LCDpendingBuffer                       0x8000014c   Data           4  emwin_support.o(.data)
    xQueueMutex                              0x80000150   Data           4  emwin_support.o(.data)
    xSemaTxDone                              0x80000154   Data           4  emwin_support.o(.data)
    .data                                    0x80000158   Section       60  tasks.o(.data)
    pxDelayedTaskList                        0x8000015c   Data           4  tasks.o(.data)
    pxOverflowDelayedTaskList                0x80000160   Data           4  tasks.o(.data)
    uxDeletedTasksWaitingCleanUp             0x80000164   Data           4  tasks.o(.data)
    uxCurrentNumberOfTasks                   0x80000168   Data           4  tasks.o(.data)
    xTickCount                               0x8000016c   Data           4  tasks.o(.data)
    uxTopReadyPriority                       0x80000170   Data           4  tasks.o(.data)
    xSchedulerRunning                        0x80000174   Data           4  tasks.o(.data)
    uxPendedTicks                            0x80000178   Data           4  tasks.o(.data)
    xYieldPending                            0x8000017c   Data           4  tasks.o(.data)
    xNumOfOverflows                          0x80000180   Data           4  tasks.o(.data)
    uxTaskNumber                             0x80000184   Data           4  tasks.o(.data)
    xNextTaskUnblockTime                     0x80000188   Data           4  tasks.o(.data)
    xIdleTaskHandle                          0x8000018c   Data           4  tasks.o(.data)
    uxSchedulerSuspended                     0x80000190   Data           4  tasks.o(.data)
    .data                                    0x80000194   Section        4  mvars.o(.data)
    .data                                    0x80000198   Section        4  mvars.o(.data)
    .data                                    0x8000019c   Section        4  errno.o(.data)
    _errno                                   0x8000019c   Data           4  errno.o(.data)
    .bss                                     0x800001a4   Section       36  fsl_lpuart.o(.bss)
    s_lpuartHandle                           0x800001a4   Data          36  fsl_lpuart.o(.bss)
    .bss                                     0x800001c8   Section       32  fsl_lpi2c.o(.bss)
    s_lpi2cMasterHandle                      0x800001c8   Data          16  fsl_lpi2c.o(.bss)
    s_lpi2cSlaveHandle                       0x800001d8   Data          16  fsl_lpi2c.o(.bss)
    .bss                                     0x800001e8   Section       12  bsp_touch_gtxx.o(.bss)
    .bss                                     0x800001f4   Section       56  bsp_i2c_touch.o(.bss)
    .bss                                     0x8000022c   Section      740  tasks.o(.bss)
    pxReadyTasksLists                        0x8000022c   Data         640  tasks.o(.bss)
    xDelayedTaskList1                        0x800004ac   Data          20  tasks.o(.bss)
    xDelayedTaskList2                        0x800004c0   Data          20  tasks.o(.bss)
    xPendingReadyList                        0x800004d4   Data          20  tasks.o(.bss)
    xTasksWaitingTermination                 0x800004e8   Data          20  tasks.o(.bss)
    xSuspendedTaskList                       0x800004fc   Data          20  tasks.o(.bss)
    [Anonymous Symbol]                       0x80000510   Section        0  GUI_Core.o(.bss.GUI__Context)
    GUI__Context                             0x80000510   Data         108  GUI_Core.o(.bss.GUI__Context)
    _UseSingleFrame                          0x8000057c   Data           1  GUI_MULTIBUF.o(.bss._UseSingleFrame)
    _aPend                                   0x80000580   Data           4  GUI_MULTIBUF.o(.bss._aPend)
    _aView                                   0x80000584   Data           4  GUI_MULTIBUF.o(.bss._aView)
    NonCacheable                             0x81c00000   Section    1536000  bsp_lcd.o(NonCacheable)

    Global Symbols

    Symbol Name                              Value     Ov Type        Size  Object(Section)

    BuildAttributes$$THM_ISAv4$E$P$D$K$B$S$7EM$VFPv5_D16$PE$PLD8$A:L22UL41UL21$X:L11$S22US41US21$IEEE1$IW$USESV6$~STKCKD$USESV7$~SHL$OTIME$ROPI$IEEEX$EBA8$MICROLIB$REQ8$PRES8$EABIv2 0x00000000   Number         0  anon$$obj.o ABSOLUTE
    __ARM_use_no_argv                        0x00000000   Number         0  main.o ABSOLUTE
    __Vectors                                0x00000000   Data           4  startup_mimxrt1052.o(RESET)
    __cpp_initialize__aeabi_                  - Undefined Weak Reference
    __cxa_finalize                            - Undefined Weak Reference
    _clock_init                               - Undefined Weak Reference
    _microlib_exit                            - Undefined Weak Reference
    __Vectors_End                            0x00000400   Data           0  startup_mimxrt1052.o(RESET)
    __Vectors_Size                           0x00000400   Number         0  startup_mimxrt1052.o ABSOLUTE
    __main                                   0x00000401   Thumb Code     0  entry.o(.ARM.Collect$$$$00000000)
    _main_stk                                0x00000401   Thumb Code     0  entry4.o(.ARM.Collect$$$$00000003)
    _main_scatterload                        0x00000405   Thumb Code     0  entry5.o(.ARM.Collect$$$$00000004)
    __main_after_scatterload                 0x00000409   Thumb Code     0  entry5.o(.ARM.Collect$$$$00000004)
    _main_clock                              0x00000409   Thumb Code     0  entry7b.o(.ARM.Collect$$$$00000008)
    _main_cpp_init                           0x00000409   Thumb Code     0  entry8b.o(.ARM.Collect$$$$0000000A)
    _main_init                               0x00000409   Thumb Code     0  entry9a.o(.ARM.Collect$$$$0000000B)
    __rt_final_cpp                           0x00000411   Thumb Code     0  entry10a.o(.ARM.Collect$$$$0000000D)
    __rt_final_exit                          0x00000411   Thumb Code     0  entry11a.o(.ARM.Collect$$$$0000000F)
    SVC_Handler                              0x00000415   Thumb Code    28  port.o(.emb_text)
    __asm___6_port_c_39a90d8d__prvStartFirstTask 0x00000435   Thumb Code    28  port.o(.emb_text)
    __asm___6_port_c_39a90d8d__prvEnableVFP  0x00000455   Thumb Code    16  port.o(.emb_text)
    PendSV_Handler                           0x00000469   Thumb Code    92  port.o(.emb_text)
    vPortGetIPSR                             0x000004c9   Thumb Code     6  port.o(.emb_text)
    Reset_Handler                            0x000004d1   Thumb Code    24  startup_mimxrt1052.o(.text)
    NMI_Handler                              0x000004e9   Thumb Code     2  startup_mimxrt1052.o(.text)
    HardFault_Handler                        0x000004eb   Thumb Code     2  startup_mimxrt1052.o(.text)
    MemManage_Handler                        0x000004ed   Thumb Code     2  startup_mimxrt1052.o(.text)
    BusFault_Handler                         0x000004ef   Thumb Code     2  startup_mimxrt1052.o(.text)
    UsageFault_Handler                       0x000004f1   Thumb Code     2  startup_mimxrt1052.o(.text)
    DebugMon_Handler                         0x000004f5   Thumb Code     2  startup_mimxrt1052.o(.text)
    DMA0_DMA16_IRQHandler                    0x000004fb   Thumb Code     4  startup_mimxrt1052.o(.text)
    DMA1_DMA17_IRQHandler                    0x000004ff   Thumb Code     4  startup_mimxrt1052.o(.text)
    DMA2_DMA18_IRQHandler                    0x00000503   Thumb Code     4  startup_mimxrt1052.o(.text)
    DMA3_DMA19_IRQHandler                    0x00000507   Thumb Code     4  startup_mimxrt1052.o(.text)
    DMA4_DMA20_IRQHandler                    0x0000050b   Thumb Code     4  startup_mimxrt1052.o(.text)
    DMA5_DMA21_IRQHandler                    0x0000050f   Thumb Code     4  startup_mimxrt1052.o(.text)
    DMA6_DMA22_IRQHandler                    0x00000513   Thumb Code     4  startup_mimxrt1052.o(.text)
    DMA7_DMA23_IRQHandler                    0x00000517   Thumb Code     4  startup_mimxrt1052.o(.text)
    DMA8_DMA24_IRQHandler                    0x0000051b   Thumb Code     4  startup_mimxrt1052.o(.text)
    DMA9_DMA25_IRQHandler                    0x0000051f   Thumb Code     4  startup_mimxrt1052.o(.text)
    DMA10_DMA26_IRQHandler                   0x00000523   Thumb Code     4  startup_mimxrt1052.o(.text)
    DMA11_DMA27_IRQHandler                   0x00000527   Thumb Code     4  startup_mimxrt1052.o(.text)
    DMA12_DMA28_IRQHandler                   0x0000052b   Thumb Code     4  startup_mimxrt1052.o(.text)
    DMA13_DMA29_IRQHandler                   0x0000052f   Thumb Code     4  startup_mimxrt1052.o(.text)
    DMA14_DMA30_IRQHandler                   0x00000533   Thumb Code     4  startup_mimxrt1052.o(.text)
    DMA15_DMA31_IRQHandler                   0x00000537   Thumb Code     4  startup_mimxrt1052.o(.text)
    DMA_ERROR_IRQHandler                     0x0000053b   Thumb Code     4  startup_mimxrt1052.o(.text)
    LPUART1_IRQHandler                       0x0000053f   Thumb Code     4  startup_mimxrt1052.o(.text)
    LPUART2_IRQHandler                       0x00000543   Thumb Code     4  startup_mimxrt1052.o(.text)
    LPUART3_IRQHandler                       0x00000547   Thumb Code     4  startup_mimxrt1052.o(.text)
    LPUART4_IRQHandler                       0x0000054b   Thumb Code     4  startup_mimxrt1052.o(.text)
    LPUART5_IRQHandler                       0x0000054f   Thumb Code     4  startup_mimxrt1052.o(.text)
    LPUART6_IRQHandler                       0x00000553   Thumb Code     4  startup_mimxrt1052.o(.text)
    LPUART7_IRQHandler                       0x00000557   Thumb Code     4  startup_mimxrt1052.o(.text)
    LPUART8_IRQHandler                       0x0000055b   Thumb Code     4  startup_mimxrt1052.o(.text)
    LPI2C1_IRQHandler                        0x0000055f   Thumb Code     4  startup_mimxrt1052.o(.text)
    LPI2C2_IRQHandler                        0x00000563   Thumb Code     4  startup_mimxrt1052.o(.text)
    LPI2C3_IRQHandler                        0x00000567   Thumb Code     4  startup_mimxrt1052.o(.text)
    LPI2C4_IRQHandler                        0x0000056b   Thumb Code     4  startup_mimxrt1052.o(.text)
    LPSPI1_IRQHandler                        0x0000056f   Thumb Code     4  startup_mimxrt1052.o(.text)
    LPSPI2_IRQHandler                        0x00000573   Thumb Code     4  startup_mimxrt1052.o(.text)
    LPSPI3_IRQHandler                        0x00000577   Thumb Code     4  startup_mimxrt1052.o(.text)
    LPSPI4_IRQHandler                        0x0000057b   Thumb Code     4  startup_mimxrt1052.o(.text)
    CAN1_IRQHandler                          0x0000057f   Thumb Code     4  startup_mimxrt1052.o(.text)
    CAN2_IRQHandler                          0x00000583   Thumb Code     4  startup_mimxrt1052.o(.text)
    SAI1_IRQHandler                          0x00000587   Thumb Code     4  startup_mimxrt1052.o(.text)
    SAI2_IRQHandler                          0x0000058b   Thumb Code     4  startup_mimxrt1052.o(.text)
    SAI3_RX_IRQHandler                       0x0000058f   Thumb Code     4  startup_mimxrt1052.o(.text)
    SAI3_TX_IRQHandler                       0x00000593   Thumb Code     4  startup_mimxrt1052.o(.text)
    SPDIF_IRQHandler                         0x00000597   Thumb Code     4  startup_mimxrt1052.o(.text)
    FLEXIO1_IRQHandler                       0x0000059b   Thumb Code     4  startup_mimxrt1052.o(.text)
    FLEXIO2_IRQHandler                       0x0000059f   Thumb Code     4  startup_mimxrt1052.o(.text)
    FLEXSPI_IRQHandler                       0x000005a3   Thumb Code     4  startup_mimxrt1052.o(.text)
    USDHC1_IRQHandler                        0x000005a7   Thumb Code     4  startup_mimxrt1052.o(.text)
    USDHC2_IRQHandler                        0x000005ab   Thumb Code     4  startup_mimxrt1052.o(.text)
    ENET_IRQHandler                          0x000005af   Thumb Code     4  startup_mimxrt1052.o(.text)
    ENET_1588_Timer_IRQHandler               0x000005b3   Thumb Code     4  startup_mimxrt1052.o(.text)
    ACMP1_IRQHandler                         0x000005b7   Thumb Code     0  startup_mimxrt1052.o(.text)
    ACMP2_IRQHandler                         0x000005b7   Thumb Code     0  startup_mimxrt1052.o(.text)
    ACMP3_IRQHandler                         0x000005b7   Thumb Code     0  startup_mimxrt1052.o(.text)
    ACMP4_IRQHandler                         0x000005b7   Thumb Code     0  startup_mimxrt1052.o(.text)
    ADC1_IRQHandler                          0x000005b7   Thumb Code     0  startup_mimxrt1052.o(.text)
    ADC2_IRQHandler                          0x000005b7   Thumb Code     0  startup_mimxrt1052.o(.text)
    ADC_ETC_ERROR_IRQ_IRQHandler             0x000005b7   Thumb Code     0  startup_mimxrt1052.o(.text)
    ADC_ETC_IRQ0_IRQHandler                  0x000005b7   Thumb Code     0  startup_mimxrt1052.o(.text)
    ADC_ETC_IRQ1_IRQHandler                  0x000005b7   Thumb Code     0  startup_mimxrt1052.o(.text)
    ADC_ETC_IRQ2_IRQHandler                  0x000005b7   Thumb Code     0  startup_mimxrt1052.o(.text)
    ANATOP_EVENT0_IRQHandler                 0x000005b7   Thumb Code     0  startup_mimxrt1052.o(.text)
    ANATOP_EVENT1_IRQHandler                 0x000005b7   Thumb Code     0  startup_mimxrt1052.o(.text)
    ANATOP_TAMP_LOW_HIGH_IRQHandler          0x000005b7   Thumb Code     0  startup_mimxrt1052.o(.text)
    ANATOP_TEMP_PANIC_IRQHandler             0x000005b7   Thumb Code     0  startup_mimxrt1052.o(.text)
    BEE_IRQHandler                           0x000005b7   Thumb Code     0  startup_mimxrt1052.o(.text)
    CAN1_DriverIRQHandler                    0x000005b7   Thumb Code     0  startup_mimxrt1052.o(.text)
    CAN2_DriverIRQHandler                    0x000005b7   Thumb Code     0  startup_mimxrt1052.o(.text)
    CCM_1_IRQHandler                         0x000005b7   Thumb Code     0  startup_mimxrt1052.o(.text)
    CCM_2_IRQHandler                         0x000005b7   Thumb Code     0  startup_mimxrt1052.o(.text)
    CORE_IRQHandler                          0x000005b7   Thumb Code     0  startup_mimxrt1052.o(.text)
    CSI_IRQHandler                           0x000005b7   Thumb Code     0  startup_mimxrt1052.o(.text)
    CSU_IRQHandler                           0x000005b7   Thumb Code     0  startup_mimxrt1052.o(.text)
    CTI0_ERROR_IRQHandler                    0x000005b7   Thumb Code     0  startup_mimxrt1052.o(.text)
    CTI1_ERROR_IRQHandler                    0x000005b7   Thumb Code     0  startup_mimxrt1052.o(.text)
    DCDC_IRQHandler                          0x000005b7   Thumb Code     0  startup_mimxrt1052.o(.text)
    DCP_IRQHandler                           0x000005b7   Thumb Code     0  startup_mimxrt1052.o(.text)
    DCP_VMI_IRQHandler                       0x000005b7   Thumb Code     0  startup_mimxrt1052.o(.text)
    DMA0_DMA16_DriverIRQHandler              0x000005b7   Thumb Code     0  startup_mimxrt1052.o(.text)
    DMA10_DMA26_DriverIRQHandler             0x000005b7   Thumb Code     0  startup_mimxrt1052.o(.text)
    DMA11_DMA27_DriverIRQHandler             0x000005b7   Thumb Code     0  startup_mimxrt1052.o(.text)
    DMA12_DMA28_DriverIRQHandler             0x000005b7   Thumb Code     0  startup_mimxrt1052.o(.text)
    DMA13_DMA29_DriverIRQHandler             0x000005b7   Thumb Code     0  startup_mimxrt1052.o(.text)
    DMA14_DMA30_DriverIRQHandler             0x000005b7   Thumb Code     0  startup_mimxrt1052.o(.text)
    DMA15_DMA31_DriverIRQHandler             0x000005b7   Thumb Code     0  startup_mimxrt1052.o(.text)
    DMA1_DMA17_DriverIRQHandler              0x000005b7   Thumb Code     0  startup_mimxrt1052.o(.text)
    DMA2_DMA18_DriverIRQHandler              0x000005b7   Thumb Code     0  startup_mimxrt1052.o(.text)
    DMA3_DMA19_DriverIRQHandler              0x000005b7   Thumb Code     0  startup_mimxrt1052.o(.text)
    DMA4_DMA20_DriverIRQHandler              0x000005b7   Thumb Code     0  startup_mimxrt1052.o(.text)
    DMA5_DMA21_DriverIRQHandler              0x000005b7   Thumb Code     0  startup_mimxrt1052.o(.text)
    DMA6_DMA22_DriverIRQHandler              0x000005b7   Thumb Code     0  startup_mimxrt1052.o(.text)
    DMA7_DMA23_DriverIRQHandler              0x000005b7   Thumb Code     0  startup_mimxrt1052.o(.text)
    DMA8_DMA24_DriverIRQHandler              0x000005b7   Thumb Code     0  startup_mimxrt1052.o(.text)
    DMA9_DMA25_DriverIRQHandler              0x000005b7   Thumb Code     0  startup_mimxrt1052.o(.text)
    DMA_ERROR_DriverIRQHandler               0x000005b7   Thumb Code     0  startup_mimxrt1052.o(.text)
    DefaultISR                               0x000005b7   Thumb Code     0  startup_mimxrt1052.o(.text)
    ENC1_IRQHandler                          0x000005b7   Thumb Code     0  startup_mimxrt1052.o(.text)
    ENC2_IRQHandler                          0x000005b7   Thumb Code     0  startup_mimxrt1052.o(.text)
    ENC3_IRQHandler                          0x000005b7   Thumb Code     0  startup_mimxrt1052.o(.text)
    ENC4_IRQHandler                          0x000005b7   Thumb Code     0  startup_mimxrt1052.o(.text)
    ENET_1588_Timer_DriverIRQHandler         0x000005b7   Thumb Code     0  startup_mimxrt1052.o(.text)
    ENET_DriverIRQHandler                    0x000005b7   Thumb Code     0  startup_mimxrt1052.o(.text)
    EWM_IRQHandler                           0x000005b7   Thumb Code     0  startup_mimxrt1052.o(.text)
    FLEXIO1_DriverIRQHandler                 0x000005b7   Thumb Code     0  startup_mimxrt1052.o(.text)
    FLEXIO2_DriverIRQHandler                 0x000005b7   Thumb Code     0  startup_mimxrt1052.o(.text)
    FLEXRAM_IRQHandler                       0x000005b7   Thumb Code     0  startup_mimxrt1052.o(.text)
    FLEXSPI_DriverIRQHandler                 0x000005b7   Thumb Code     0  startup_mimxrt1052.o(.text)
    GPC_IRQHandler                           0x000005b7   Thumb Code     0  startup_mimxrt1052.o(.text)
    GPIO1_Combined_16_31_IRQHandler          0x000005b7   Thumb Code     0  startup_mimxrt1052.o(.text)
    GPIO1_INT0_IRQHandler                    0x000005b7   Thumb Code     0  startup_mimxrt1052.o(.text)
    GPIO1_INT1_IRQHandler                    0x000005b7   Thumb Code     0  startup_mimxrt1052.o(.text)
    GPIO1_INT2_IRQHandler                    0x000005b7   Thumb Code     0  startup_mimxrt1052.o(.text)
    GPIO1_INT3_IRQHandler                    0x000005b7   Thumb Code     0  startup_mimxrt1052.o(.text)
    GPIO1_INT4_IRQHandler                    0x000005b7   Thumb Code     0  startup_mimxrt1052.o(.text)
    GPIO1_INT5_IRQHandler                    0x000005b7   Thumb Code     0  startup_mimxrt1052.o(.text)
    GPIO1_INT6_IRQHandler                    0x000005b7   Thumb Code     0  startup_mimxrt1052.o(.text)
    GPIO1_INT7_IRQHandler                    0x000005b7   Thumb Code     0  startup_mimxrt1052.o(.text)
    GPIO2_Combined_0_15_IRQHandler           0x000005b7   Thumb Code     0  startup_mimxrt1052.o(.text)
    GPIO2_Combined_16_31_IRQHandler          0x000005b7   Thumb Code     0  startup_mimxrt1052.o(.text)
    GPIO3_Combined_0_15_IRQHandler           0x000005b7   Thumb Code     0  startup_mimxrt1052.o(.text)
    GPIO3_Combined_16_31_IRQHandler          0x000005b7   Thumb Code     0  startup_mimxrt1052.o(.text)
    GPIO4_Combined_0_15_IRQHandler           0x000005b7   Thumb Code     0  startup_mimxrt1052.o(.text)
    GPIO4_Combined_16_31_IRQHandler          0x000005b7   Thumb Code     0  startup_mimxrt1052.o(.text)
    GPIO5_Combined_0_15_IRQHandler           0x000005b7   Thumb Code     0  startup_mimxrt1052.o(.text)
    GPIO5_Combined_16_31_IRQHandler          0x000005b7   Thumb Code     0  startup_mimxrt1052.o(.text)
    GPR_IRQ_IRQHandler                       0x000005b7   Thumb Code     0  startup_mimxrt1052.o(.text)
    GPT1_IRQHandler                          0x000005b7   Thumb Code     0  startup_mimxrt1052.o(.text)
    GPT2_IRQHandler                          0x000005b7   Thumb Code     0  startup_mimxrt1052.o(.text)
    KPP_IRQHandler                           0x000005b7   Thumb Code     0  startup_mimxrt1052.o(.text)
    LPI2C4_DriverIRQHandler                  0x000005b7   Thumb Code     0  startup_mimxrt1052.o(.text)
    LPSPI1_DriverIRQHandler                  0x000005b7   Thumb Code     0  startup_mimxrt1052.o(.text)
    LPSPI2_DriverIRQHandler                  0x000005b7   Thumb Code     0  startup_mimxrt1052.o(.text)
    LPSPI3_DriverIRQHandler                  0x000005b7   Thumb Code     0  startup_mimxrt1052.o(.text)
    LPSPI4_DriverIRQHandler                  0x000005b7   Thumb Code     0  startup_mimxrt1052.o(.text)
    NMI_WAKEUP_IRQHandler                    0x000005b7   Thumb Code     0  startup_mimxrt1052.o(.text)
    PIT_IRQHandler                           0x000005b7   Thumb Code     0  startup_mimxrt1052.o(.text)
    PWM1_0_IRQHandler                        0x000005b7   Thumb Code     0  startup_mimxrt1052.o(.text)
    PWM1_1_IRQHandler                        0x000005b7   Thumb Code     0  startup_mimxrt1052.o(.text)
    PWM1_2_IRQHandler                        0x000005b7   Thumb Code     0  startup_mimxrt1052.o(.text)
    PWM1_3_IRQHandler                        0x000005b7   Thumb Code     0  startup_mimxrt1052.o(.text)
    PWM1_FAULT_IRQHandler                    0x000005b7   Thumb Code     0  startup_mimxrt1052.o(.text)
    PWM2_0_IRQHandler                        0x000005b7   Thumb Code     0  startup_mimxrt1052.o(.text)
    PWM2_1_IRQHandler                        0x000005b7   Thumb Code     0  startup_mimxrt1052.o(.text)
    PWM2_2_IRQHandler                        0x000005b7   Thumb Code     0  startup_mimxrt1052.o(.text)
    PWM2_3_IRQHandler                        0x000005b7   Thumb Code     0  startup_mimxrt1052.o(.text)
    PWM2_FAULT_IRQHandler                    0x000005b7   Thumb Code     0  startup_mimxrt1052.o(.text)
    PWM3_0_IRQHandler                        0x000005b7   Thumb Code     0  startup_mimxrt1052.o(.text)
    PWM3_1_IRQHandler                        0x000005b7   Thumb Code     0  startup_mimxrt1052.o(.text)
    PWM3_2_IRQHandler                        0x000005b7   Thumb Code     0  startup_mimxrt1052.o(.text)
    PWM3_3_IRQHandler                        0x000005b7   Thumb Code     0  startup_mimxrt1052.o(.text)
    PWM3_FAULT_IRQHandler                    0x000005b7   Thumb Code     0  startup_mimxrt1052.o(.text)
    PWM4_0_IRQHandler                        0x000005b7   Thumb Code     0  startup_mimxrt1052.o(.text)
    PWM4_1_IRQHandler                        0x000005b7   Thumb Code     0  startup_mimxrt1052.o(.text)
    PWM4_2_IRQHandler                        0x000005b7   Thumb Code     0  startup_mimxrt1052.o(.text)
    PWM4_3_IRQHandler                        0x000005b7   Thumb Code     0  startup_mimxrt1052.o(.text)
    PWM4_FAULT_IRQHandler                    0x000005b7   Thumb Code     0  startup_mimxrt1052.o(.text)
    PXP_IRQHandler                           0x000005b7   Thumb Code     0  startup_mimxrt1052.o(.text)
    RTWDOG_IRQHandler                        0x000005b7   Thumb Code     0  startup_mimxrt1052.o(.text)
    Reserved115_IRQHandler                   0x000005b7   Thumb Code     0  startup_mimxrt1052.o(.text)
    Reserved123_IRQHandler                   0x000005b7   Thumb Code     0  startup_mimxrt1052.o(.text)
    Reserved143_IRQHandler                   0x000005b7   Thumb Code     0  startup_mimxrt1052.o(.text)
    Reserved144_IRQHandler                   0x000005b7   Thumb Code     0  startup_mimxrt1052.o(.text)
    Reserved168_IRQHandler                   0x000005b7   Thumb Code     0  startup_mimxrt1052.o(.text)
    Reserved169_IRQHandler                   0x000005b7   Thumb Code     0  startup_mimxrt1052.o(.text)
    Reserved170_IRQHandler                   0x000005b7   Thumb Code     0  startup_mimxrt1052.o(.text)
    Reserved171_IRQHandler                   0x000005b7   Thumb Code     0  startup_mimxrt1052.o(.text)
    Reserved172_IRQHandler                   0x000005b7   Thumb Code     0  startup_mimxrt1052.o(.text)
    Reserved173_IRQHandler                   0x000005b7   Thumb Code     0  startup_mimxrt1052.o(.text)
    Reserved68_IRQHandler                    0x000005b7   Thumb Code     0  startup_mimxrt1052.o(.text)
    Reserved86_IRQHandler                    0x000005b7   Thumb Code     0  startup_mimxrt1052.o(.text)
    Reserved87_IRQHandler                    0x000005b7   Thumb Code     0  startup_mimxrt1052.o(.text)
    SAI1_DriverIRQHandler                    0x000005b7   Thumb Code     0  startup_mimxrt1052.o(.text)
    SAI2_DriverIRQHandler                    0x000005b7   Thumb Code     0  startup_mimxrt1052.o(.text)
    SAI3_RX_DriverIRQHandler                 0x000005b7   Thumb Code     0  startup_mimxrt1052.o(.text)
    SAI3_TX_DriverIRQHandler                 0x000005b7   Thumb Code     0  startup_mimxrt1052.o(.text)
    SEMC_IRQHandler                          0x000005b7   Thumb Code     0  startup_mimxrt1052.o(.text)
    SJC_ARM_DEBUG_IRQHandler                 0x000005b7   Thumb Code     0  startup_mimxrt1052.o(.text)
    SJC_IRQHandler                           0x000005b7   Thumb Code     0  startup_mimxrt1052.o(.text)
    SNVS_HP_WRAPPER_IRQHandler               0x000005b7   Thumb Code     0  startup_mimxrt1052.o(.text)
    SNVS_HP_WRAPPER_TZ_IRQHandler            0x000005b7   Thumb Code     0  startup_mimxrt1052.o(.text)
    SNVS_LP_WRAPPER_IRQHandler               0x000005b7   Thumb Code     0  startup_mimxrt1052.o(.text)
    SPDIF_DriverIRQHandler                   0x000005b7   Thumb Code     0  startup_mimxrt1052.o(.text)
    SRC_IRQHandler                           0x000005b7   Thumb Code     0  startup_mimxrt1052.o(.text)
    TMR1_IRQHandler                          0x000005b7   Thumb Code     0  startup_mimxrt1052.o(.text)
    TMR2_IRQHandler                          0x000005b7   Thumb Code     0  startup_mimxrt1052.o(.text)
    TMR3_IRQHandler                          0x000005b7   Thumb Code     0  startup_mimxrt1052.o(.text)
    TMR4_IRQHandler                          0x000005b7   Thumb Code     0  startup_mimxrt1052.o(.text)
    TRNG_IRQHandler                          0x000005b7   Thumb Code     0  startup_mimxrt1052.o(.text)
    TSC_DIG_IRQHandler                       0x000005b7   Thumb Code     0  startup_mimxrt1052.o(.text)
    USB_OTG1_IRQHandler                      0x000005b7   Thumb Code     0  startup_mimxrt1052.o(.text)
    USB_OTG2_IRQHandler                      0x000005b7   Thumb Code     0  startup_mimxrt1052.o(.text)
    USB_PHY1_IRQHandler                      0x000005b7   Thumb Code     0  startup_mimxrt1052.o(.text)
    USB_PHY2_IRQHandler                      0x000005b7   Thumb Code     0  startup_mimxrt1052.o(.text)
    USDHC1_DriverIRQHandler                  0x000005b7   Thumb Code     0  startup_mimxrt1052.o(.text)
    USDHC2_DriverIRQHandler                  0x000005b7   Thumb Code     0  startup_mimxrt1052.o(.text)
    WDOG1_IRQHandler                         0x000005b7   Thumb Code     0  startup_mimxrt1052.o(.text)
    WDOG2_IRQHandler                         0x000005b7   Thumb Code     0  startup_mimxrt1052.o(.text)
    XBAR1_IRQ_0_1_IRQHandler                 0x000005b7   Thumb Code     0  startup_mimxrt1052.o(.text)
    XBAR1_IRQ_2_3_IRQHandler                 0x000005b7   Thumb Code     0  startup_mimxrt1052.o(.text)
    __aeabi_uldivmod                         0x0000068d   Thumb Code    98  uldiv.o(.text)
    __aeabi_ldivmod                          0x000006ef   Thumb Code    98  ldiv.o(.text)
    ____aeabi_memcpy8$ret$move               0x00000751   Thumb Code     0  memmove.o(.text)
    ___aeabi_memmove4$ret                    0x00000751   Thumb Code     0  memmove.o(.text)
    ___aeabi_memmove8$ret                    0x00000751   Thumb Code     0  memmove.o(.text)
    __aeabi_memcpy                           0x00000751   Thumb Code    66  memmove.o(.text)
    __aeabi_memcpy4                          0x00000751   Thumb Code     0  memmove.o(.text)
    __aeabi_memmove                          0x00000751   Thumb Code     0  memmove.o(.text)
    memcpy                                   0x00000751   Thumb Code     0  memmove.o(.text)
    memmove                                  0x00000751   Thumb Code     0  memmove.o(.text)
    __aeabi_memset                           0x00000793   Thumb Code    14  memseta.o(.text)
    __aeabi_memset4                          0x00000793   Thumb Code     0  memseta.o(.text)
    __aeabi_memset8                          0x00000793   Thumb Code     0  memseta.o(.text)
    __aeabi_memclr                           0x000007a1   Thumb Code     4  memseta.o(.text)
    __aeabi_memclr4                          0x000007a1   Thumb Code     0  memseta.o(.text)
    __aeabi_memclr8                          0x000007a1   Thumb Code     0  memseta.o(.text)
    memset                                   0x000007a5   Thumb Code    18  memseta.o(.text)
    strlen                                   0x000007b7   Thumb Code    14  strlen.o(.text)
    __aeabi_l2d                              0x000007c5   Thumb Code    40  dfltl.o(.text)
    __aeabi_d2lz                             0x000007ed   Thumb Code    74  dfixl.o(.text)
    __aeabi_llsl                             0x00000837   Thumb Code    30  llshl.o(.text)
    _ll_shift_l                              0x00000837   Thumb Code     0  llshl.o(.text)
    __aeabi_llsr                             0x00000855   Thumb Code    32  llushr.o(.text)
    _ll_ushift_r                             0x00000855   Thumb Code     0  llushr.o(.text)
    __I$use$fp                               0x00000875   Thumb Code     0  iusefp.o(.text)
    _double_round                            0x00000875   Thumb Code    30  depilogue.o(.text)
    _double_epilogue                         0x00000893   Thumb Code   156  depilogue.o(.text)
    __ARM_scalbn                             0x0000092f   Thumb Code    46  dscalb.o(.text)
    scalbn                                   0x0000092f   Thumb Code     0  dscalb.o(.text)
    __scatterload                            0x0000095d   Thumb Code    28  init.o(.text)
    __scatterload_rt2                        0x0000095d   Thumb Code     0  init.o(.text)
    __decompress                             0x00000981   Thumb Code     0  __dczerorl.o(.text)
    __decompress0                            0x00000981   Thumb Code    58  __dczerorl.o(.text)
    GUI_MULTIBUF_Confirm                     0x000009bb   Thumb Code    66  GUI_MULTIBUF.o(.text.GUI_MULTIBUF_Confirm)
    BOARD_BootClockRUN                       0x000009fd   Thumb Code   586  clock_config.o(i.BOARD_BootClockRUN)
    BOARD_ConfigMPU                          0x00000ce9   Thumb Code   400  board.o(i.BOARD_ConfigMPU)
    BOARD_DebugConsoleSrcFreq                0x00000ea9   Thumb Code    92  board.o(i.BOARD_DebugConsoleSrcFreq)
    BOARD_InitDebugConsole                   0x00000f21   Thumb Code    24  board.o(i.BOARD_InitDebugConsole)
    BOARD_InitPins                           0x00000f3d   Thumb Code   104  pin_mux.o(i.BOARD_InitPins)
    CLOCK_GetFreq                            0x00001339   Thumb Code   344  fsl_clock.o(i.CLOCK_GetFreq)
    CLOCK_GetPllFreq                         0x00001595   Thumb Code   530  fsl_clock.o(i.CLOCK_GetPllFreq)
    CLOCK_GetSysPfdFreq                      0x000017c1   Thumb Code   100  fsl_clock.o(i.CLOCK_GetSysPfdFreq)
    CLOCK_GetUsb1PfdFreq                     0x0000182d   Thumb Code   100  fsl_clock.o(i.CLOCK_GetUsb1PfdFreq)
    CLOCK_InitArmPll                         0x00001899   Thumb Code    30  fsl_clock.o(i.CLOCK_InitArmPll)
    CLOCK_InitUsb1Pll                        0x000018bd   Thumb Code    32  fsl_clock.o(i.CLOCK_InitUsb1Pll)
    CPU_TS_TmrInit                           0x00001b55   Thumb Code    30  core_delay.o(i.CPU_TS_TmrInit)
    CPU_TS_TmrRd                             0x00001b7d   Thumb Code     6  core_delay.o(i.CPU_TS_TmrRd)
    CPU_TS_Tmr_Delay_US                      0x00001b89   Thumb Code    82  core_delay.o(i.CPU_TS_Tmr_Delay_US)
    DbgConsole_Init                          0x00001edd   Thumb Code    42  fsl_debug_console.o(i.DbgConsole_Init)
    DbgConsole_Printf                        0x00001f65   Thumb Code    60  fsl_debug_console.o(i.DbgConsole_Printf)
    GPIO1_Combined_0_15_IRQHandler           0x00002011   Thumb Code    34  bsp_i2c_touch.o(i.GPIO1_Combined_0_15_IRQHandler)
    GPIO_PinInit                             0x000020b9   Thumb Code    92  fsl_gpio.o(i.GPIO_PinInit)
    GPIO_PinSetInterruptConfig               0x00002119   Thumb Code   138  fsl_gpio.o(i.GPIO_PinSetInterruptConfig)
    GPIO_PinWrite                            0x000021a5   Thumb Code    50  fsl_gpio.o(i.GPIO_PinWrite)
    GTP_IRQDisable                           0x000025a1   Thumb Code    72  bsp_i2c_touch.o(i.GTP_IRQDisable)
    GTP_IRQEnable                            0x000025ed   Thumb Code    80  bsp_i2c_touch.o(i.GTP_IRQEnable)
    GTP_IRQ_Enable                           0x00002641   Thumb Code    12  bsp_touch_gtxx.o(i.GTP_IRQ_Enable)
    GTP_Init_Panel                           0x0000264d   Thumb Code   660  bsp_touch_gtxx.o(i.GTP_Init_Panel)
    GTP_Read_Version                         0x000029b9   Thumb Code   490  bsp_touch_gtxx.o(i.GTP_Read_Version)
    GTP_ResetChip                            0x00002ca5   Thumb Code   108  bsp_i2c_touch.o(i.GTP_ResetChip)
    I2C_ReadBytes                            0x00002e15   Thumb Code   120  bsp_i2c_touch.o(i.I2C_ReadBytes)
    I2C_Touch_Init                           0x00002ed9   Thumb Code    24  bsp_i2c_touch.o(i.I2C_Touch_Init)
    I2C_WriteBytes                           0x00002f71   Thumb Code   120  bsp_i2c_touch.o(i.I2C_WriteBytes)
    IO_Init                                  0x00003069   Thumb Code   130  fsl_io.o(i.IO_Init)
    IO_Transfer                              0x00003125   Thumb Code    64  fsl_io.o(i.IO_Transfer)
    LCDIF_IRQHandler                         0x00003169   Thumb Code    62  emwin_support.o(i.LCDIF_IRQHandler)
    LED_GPIO_Config                          0x000031b5   Thumb Code    16  bsp_led.o(i.LED_GPIO_Config)
    LOG_Init                                 0x000032d5   Thumb Code    36  fsl_log.o(i.LOG_Init)
    LOG_Pop                                  0x000032f9   Thumb Code    34  fsl_log.o(i.LOG_Pop)
    LOG_Push                                 0x0000331d   Thumb Code    32  fsl_log.o(i.LOG_Push)
    LPI2C1_DriverIRQHandler                  0x00003371   Thumb Code    12  fsl_lpi2c.o(i.LPI2C1_DriverIRQHandler)
    LPI2C2_DriverIRQHandler                  0x00003381   Thumb Code    12  fsl_lpi2c.o(i.LPI2C2_DriverIRQHandler)
    LPI2C3_DriverIRQHandler                  0x00003391   Thumb Code    12  fsl_lpi2c.o(i.LPI2C3_DriverIRQHandler)
    LPI2C_CheckForBusyBus                    0x000033a1   Thumb Code    34  fsl_lpi2c.o(i.LPI2C_CheckForBusyBus)
    LPI2C_GetInstance                        0x00003459   Thumb Code    38  fsl_lpi2c.o(i.LPI2C_GetInstance)
    LPI2C_MasterCheckAndClearError           0x00003575   Thumb Code    98  fsl_lpi2c.o(i.LPI2C_MasterCheckAndClearError)
    LPI2C_MasterGetDefaultConfig             0x00003625   Thumb Code    44  fsl_lpi2c.o(i.LPI2C_MasterGetDefaultConfig)
    LPI2C_MasterInit                         0x00003671   Thumb Code   302  fsl_lpi2c.o(i.LPI2C_MasterInit)
    LPI2C_MasterSetBaudRate                  0x000037b5   Thumb Code   286  fsl_lpi2c.o(i.LPI2C_MasterSetBaudRate)
    LPI2C_MasterTransferCreateHandle         0x000038d9   Thumb Code    84  fsl_lpi2c.o(i.LPI2C_MasterTransferCreateHandle)
    LPI2C_MasterTransferHandleIRQ            0x00003969   Thumb Code    70  fsl_lpi2c.o(i.LPI2C_MasterTransferHandleIRQ)
    LPI2C_MasterTransferNonBlocking          0x000039b1   Thumb Code   148  fsl_lpi2c.o(i.LPI2C_MasterTransferNonBlocking)
    LPUART1_DriverIRQHandler                 0x00003c5d   Thumb Code    16  fsl_lpuart.o(i.LPUART1_DriverIRQHandler)
    LPUART2_DriverIRQHandler                 0x00003c79   Thumb Code    16  fsl_lpuart.o(i.LPUART2_DriverIRQHandler)
    LPUART3_DriverIRQHandler                 0x00003c95   Thumb Code    16  fsl_lpuart.o(i.LPUART3_DriverIRQHandler)
    LPUART4_DriverIRQHandler                 0x00003cb1   Thumb Code    16  fsl_lpuart.o(i.LPUART4_DriverIRQHandler)
    LPUART5_DriverIRQHandler                 0x00003ccd   Thumb Code    16  fsl_lpuart.o(i.LPUART5_DriverIRQHandler)
    LPUART6_DriverIRQHandler                 0x00003ce9   Thumb Code    16  fsl_lpuart.o(i.LPUART6_DriverIRQHandler)
    LPUART7_DriverIRQHandler                 0x00003d05   Thumb Code    16  fsl_lpuart.o(i.LPUART7_DriverIRQHandler)
    LPUART8_DriverIRQHandler                 0x00003d21   Thumb Code    16  fsl_lpuart.o(i.LPUART8_DriverIRQHandler)
    LPUART_ClearStatusFlags                  0x00003d3d   Thumb Code    82  fsl_lpuart.o(i.LPUART_ClearStatusFlags)
    LPUART_GetDefaultConfig                  0x00003d95   Thumb Code    58  fsl_lpuart.o(i.LPUART_GetDefaultConfig)
    LPUART_GetInstance                       0x00003e01   Thumb Code    48  fsl_lpuart.o(i.LPUART_GetInstance)
    LPUART_GetStatusFlags                    0x00003e85   Thumb Code    16  fsl_lpuart.o(i.LPUART_GetStatusFlags)
    LPUART_Init                              0x00003e95   Thumb Code   548  fsl_lpuart.o(i.LPUART_Init)
    LPUART_ReadBlocking                      0x00004189   Thumb Code   210  fsl_lpuart.o(i.LPUART_ReadBlocking)
    LPUART_WriteBlocking                     0x0000428d   Thumb Code    54  fsl_lpuart.o(i.LPUART_WriteBlocking)
    StrFormatPrintf                          0x000045c5   Thumb Code  1576  fsl_str.o(i.StrFormatPrintf)
    SysTick_Handler                          0x00004c41   Thumb Code    16  bsp_systick.o(i.SysTick_Handler)
    SysTick_Init                             0x00004c51   Thumb Code    28  bsp_systick.o(i.SysTick_Init)
    SystemInit                               0x00004c71   Thumb Code   158  system_mimxrt1052.o(i.SystemInit)
    SystemInitHook                           0x00004d25   Thumb Code     2  system_mimxrt1052.o(i.SystemInitHook)
    __ARM_fpclassify                         0x00004d27   Thumb Code    48  fpclassify.o(i.__ARM_fpclassify)
    __aeabi_assert                           0x00004d59   Thumb Code    24  fsl_assert.o(i.__aeabi_assert)
    free                                     0x00004d9d   Thumb Code    76  malloc2.o(i.__free$2region)
    __hardfp_modf                            0x00004ded   Thumb Code   186  modf.o(i.__hardfp_modf)
    __hardfp_pow                             0x00004eb1   Thumb Code  2140  pow.o(i.__hardfp_pow)
    __kernel_poly                            0x000057a9   Thumb Code   112  poly.o(i.__kernel_poly)
    malloc                                   0x00005819   Thumb Code    92  malloc2.o(i.__malloc$2region)
    __mathlib_dbl_divzero                    0x00005889   Thumb Code    14  dunder.o(i.__mathlib_dbl_divzero)
    __mathlib_dbl_infnan2                    0x000058a9   Thumb Code     6  dunder.o(i.__mathlib_dbl_infnan2)
    __mathlib_dbl_invalid                    0x000058b1   Thumb Code    10  dunder.o(i.__mathlib_dbl_invalid)
    __mathlib_dbl_overflow                   0x000058c9   Thumb Code    10  dunder.o(i.__mathlib_dbl_overflow)
    __mathlib_dbl_underflow                  0x000058e1   Thumb Code    10  dunder.o(i.__mathlib_dbl_underflow)
    __scatterload_copy                       0x000058f9   Thumb Code    14  handlers.o(i.__scatterload_copy)
    __scatterload_null                       0x00005907   Thumb Code     2  handlers.o(i.__scatterload_null)
    __scatterload_zeroinit                   0x00005909   Thumb Code    14  handlers.o(i.__scatterload_zeroinit)
    __set_errno                              0x00005919   Thumb Code     6  errno.o(i.__set_errno)
    fabs                                     0x00005925   Thumb Code    24  fabs.o(i.fabs)
    main                                     0x0000593d   Thumb Code     8  main.o(i.main)
    sqrt                                     0x00005979   Thumb Code   106  sqrt.o(i.sqrt)
    uxListRemove                             0x000059e3   Thumb Code    40  list.o(i.uxListRemove)
    vListInsertEnd                           0x00005a0b   Thumb Code    24  list.o(i.vListInsertEnd)
    vTaskSwitchContext                       0x00005a25   Thumb Code   110  tasks.o(i.vTaskSwitchContext)
    xPortSysTickHandler                      0x00005ad5   Thumb Code    50  port.o(i.xPortSysTickHandler)
    xTaskGetSchedulerState                   0x00005b0d   Thumb Code    24  tasks.o(i.xTaskGetSchedulerState)
    xTaskIncrementTick                       0x00005b2d   Thumb Code   272  tasks.o(i.xTaskIncrementTick)
    armPllConfig_BOARD_BootClockRUN          0x00005d38   Data           4  clock_config.o(.constdata)
    sysPllConfig_BOARD_BootClockRUN          0x00005d3c   Data          12  clock_config.o(.constdata)
    usb1PllConfig_BOARD_BootClockRUN         0x00005d48   Data           1  clock_config.o(.constdata)
    lcd_param                                0x00005d4c   Data          72  bsp_lcd.o(.constdata)
    ASCII8x16_Table                          0x00005da3   Data        1520  fonts.o(.constdata)
    ASCII16x32_Table                         0x00006393   Data        6080  fonts.o(.constdata)
    ASCII24x48_Table                         0x00007b53   Data       13680  fonts.o(.constdata)
    CTP_CFG_GT9157                           0x0000b0c4   Data         186  bsp_touch_gtxx.o(.constdata)
    CTP_CFG_GT911                            0x0000b17e   Data         186  bsp_touch_gtxx.o(.constdata)
    CTP_CFG_GT5688                           0x0000b238   Data         239  bsp_touch_gtxx.o(.constdata)
    touch_param                              0x0000b328   Data          24  bsp_touch_gtxx.o(.constdata)
    __mathlib_zero                           0x0000b4d8   Data           8  qnan.o(.constdata)
    Region$$Table$$Base                      0x0000b584   Number         0  anon$$obj.o(Region$$Table)
    Region$$Table$$Limit                     0x0000b5b4   Number         0  anon$$obj.o(Region$$Table)
    SystemCoreClock                          0x80000000   Data           4  system_mimxrt1052.o(.data)
    g_xtalFreq                               0x80000004   Data           4  fsl_clock.o(.data)
    g_rtcXtalFreq                            0x80000008   Data           4  fsl_clock.o(.data)
    cur_lcd                                  0x80000020   Data           1  bsp_lcd.o(.data)
    s_frameDone                              0x80000021   Data           1  bsp_lcd.o(.data)
    s_frame_count                            0x80000024   Data           4  bsp_lcd.o(.data)
    Font8x16                                 0x80000034   Data           8  fonts.o(.data)
    Font16x32                                0x8000003c   Data           8  fonts.o(.data)
    Font24x48                                0x80000044   Data           8  fonts.o(.data)
    CTP_CFG_GT917S                           0x8000004c   Data         239  bsp_touch_gtxx.o(.data)
    touchIC                                  0x8000013b   Data           1  bsp_touch_gtxx.o(.data)
    g_MasterCompletionFlag                   0x80000143   Data           1  bsp_i2c_touch.o(.data)
    g_TouchPadInputSignal                    0x80000144   Data           1  bsp_i2c_touch.o(.data)
    VRAM_SIZE                                0x80000148   Data           4  emwin_support.o(.data)
    pxCurrentTCB                             0x80000158   Data           4  tasks.o(.data)
    __microlib_freelist                      0x80000194   Data           4  mvars.o(.data)
    __microlib_freelist_initialised          0x80000198   Data           4  mvars.o(.data)
    GUI_pContext                             0x800001a0   Data           4  GUI_Core.o(.data.GUI_pContext)
    Pid_State                                0x800001e8   Data          12  bsp_touch_gtxx.o(.bss)
    g_m_handle                               0x800001f4   Data          56  bsp_i2c_touch.o(.bss)
    Image$$ARM_LIB_HEAP$$ZI$$Base            0x80000588   Number         0  anon$$obj.o ABSOLUTE
    Image$$ARM_LIB_HEAP$$ZI$$Limit           0x80000988   Number         0  anon$$obj.o ABSOLUTE
    Image$$ARM_LIB_STACK$$ZI$$Limit          0x81c00000   Number         0  anon$$obj.o ABSOLUTE
    s_psBufferLcd                            0x81c00000   Data       1536000  bsp_lcd.o(NonCacheable)



==============================================================================

Memory Map of the image

  Image Entry point : 0x00000401

  Load Region LR_m_text (Base: 0x00000000, Size: 0x0000b758, Max: 0x0001fc00, ABSOLUTE, COMPRESSED[0x0000b6ac])

    Execution Region VECTOR_ROM (Exec base: 0x00000000, Load base: 0x00000000, Size: 0x00000400, Max: 0x00000400, ABSOLUTE)

    Exec Addr    Load Addr    Size         Type   Attr      Idx    E Section Name        Object

    0x00000000   0x00000000   0x00000400   Data   RO           86    RESET               startup_mimxrt1052.o


    Execution Region ER_m_text (Exec base: 0x00000400, Load base: 0x00000400, Size: 0x0000b1b4, Max: 0x0001fc00, ABSOLUTE)

    Exec Addr    Load Addr    Size         Type   Attr      Idx    E Section Name        Object

    0x00000400   0x00000400   0x00000000   Code   RO         6486  * .ARM.Collect$$$$00000000  mc_w.l(entry.o)
    0x00000400   0x00000400   0x00000004   Code   RO         6590    .ARM.Collect$$$$00000003  mc_w.l(entry4.o)
    0x00000404   0x00000404   0x00000004   Code   RO         6593    .ARM.Collect$$$$00000004  mc_w.l(entry5.o)
    0x00000408   0x00000408   0x00000000   Code   RO         6595    .ARM.Collect$$$$00000008  mc_w.l(entry7b.o)
    0x00000408   0x00000408   0x00000000   Code   RO         6597    .ARM.Collect$$$$0000000A  mc_w.l(entry8b.o)
    0x00000408   0x00000408   0x00000008   Code   RO         6598    .ARM.Collect$$$$0000000B  mc_w.l(entry9a.o)
    0x00000410   0x00000410   0x00000000   Code   RO         6600    .ARM.Collect$$$$0000000D  mc_w.l(entry10a.o)
    0x00000410   0x00000410   0x00000000   Code   RO         6602    .ARM.Collect$$$$0000000F  mc_w.l(entry11a.o)
    0x00000410   0x00000410   0x00000004   Code   RO         6591    .ARM.Collect$$$$00002714  mc_w.l(entry4.o)
    0x00000414   0x00000414   0x000000ba   Code   RO         3116    .emb_text           port.o
    0x000004ce   0x000004ce   0x00000002   PAD
    0x000004d0   0x000004d0   0x000001bc   Code   RO           87    .text               startup_mimxrt1052.o
    0x0000068c   0x0000068c   0x00000062   Code   RO         6489    .text               mc_w.l(uldiv.o)
    0x000006ee   0x000006ee   0x00000062   Code   RO         6491    .text               mc_w.l(ldiv.o)
    0x00000750   0x00000750   0x00000042   Code   RO         6497    .text               mc_w.l(memmove.o)
    0x00000792   0x00000792   0x00000024   Code   RO         6503    .text               mc_w.l(memseta.o)
    0x000007b6   0x000007b6   0x0000000e   Code   RO         6505    .text               mc_w.l(strlen.o)
    0x000007c4   0x000007c4   0x00000028   Code   RO         6549    .text               mf_w.l(dfltl.o)
    0x000007ec   0x000007ec   0x0000004a   Code   RO         6551    .text               mf_w.l(dfixl.o)
    0x00000836   0x00000836   0x0000001e   Code   RO         6604    .text               mc_w.l(llshl.o)
    0x00000854   0x00000854   0x00000020   Code   RO         6606    .text               mc_w.l(llushr.o)
    0x00000874   0x00000874   0x00000000   Code   RO         6619    .text               mc_w.l(iusefp.o)
    0x00000874   0x00000874   0x000000ba   Code   RO         6620    .text               mf_w.l(depilogue.o)
    0x0000092e   0x0000092e   0x0000002e   Code   RO         6622    .text               mf_w.l(dscalb.o)
    0x0000095c   0x0000095c   0x00000024   Code   RO         6624    .text               mc_w.l(init.o)
    0x00000980   0x00000980   0x0000003a   Code   RO         6655    .text               mc_w.l(__dczerorl.o)
    0x000009ba   0x000009ba   0x00000042   Code   RO         4856    .text.GUI_MULTIBUF_Confirm  emWin_M7_5.5.lib(GUI_MULTIBUF.o)
    0x000009fc   0x000009fc   0x000002ec   Code   RO         1738    i.BOARD_BootClockRUN  clock_config.o
    0x00000ce8   0x00000ce8   0x000001c0   Code   RO         1661    i.BOARD_ConfigMPU   board.o
    0x00000ea8   0x00000ea8   0x00000078   Code   RO         1662    i.BOARD_DebugConsoleSrcFreq  board.o
    0x00000f20   0x00000f20   0x0000001c   Code   RO         1663    i.BOARD_InitDebugConsole  board.o
    0x00000f3c   0x00000f3c   0x00000070   Code   RO         1790    i.BOARD_InitPins    pin_mux.o
    0x00000fac   0x00000fac   0x0000018c   Code   RO         1841    i.BSP_Init          main.o
    0x00001138   0x00001138   0x00000070   Code   RO          414    i.CLOCK_ControlGate  fsl_lpuart.o
    0x000011a8   0x000011a8   0x00000070   Code   RO          777    i.CLOCK_ControlGate  fsl_lpi2c.o
    0x00001218   0x00001218   0x00000078   Code   RO          359    i.CLOCK_EnableClock  fsl_gpio.o
    0x00001290   0x00001290   0x0000000e   Code   RO          779    i.CLOCK_EnableClock  fsl_lpi2c.o
    0x0000129e   0x0000129e   0x00000002   PAD
    0x000012a0   0x000012a0   0x00000078   Code   RO         1791    i.CLOCK_EnableClock  pin_mux.o
    0x00001318   0x00001318   0x00000020   Code   RO         1664    i.CLOCK_GetDiv      board.o
    0x00001338   0x00001338   0x00000174   Code   RO          111    i.CLOCK_GetFreq     fsl_clock.o
    0x000014ac   0x000014ac   0x00000020   Code   RO          112    i.CLOCK_GetOscFreq  fsl_clock.o
    0x000014cc   0x000014cc   0x000000c8   Code   RO          113    i.CLOCK_GetPeriphClkFreq  fsl_clock.o
    0x00001594   0x00001594   0x0000022c   Code   RO          114    i.CLOCK_GetPllFreq  fsl_clock.o
    0x000017c0   0x000017c0   0x0000006c   Code   RO          115    i.CLOCK_GetSysPfdFreq  fsl_clock.o
    0x0000182c   0x0000182c   0x0000006c   Code   RO          116    i.CLOCK_GetUsb1PfdFreq  fsl_clock.o
    0x00001898   0x00001898   0x00000024   Code   RO          117    i.CLOCK_InitArmPll  fsl_clock.o
    0x000018bc   0x000018bc   0x00000024   Code   RO          125    i.CLOCK_InitUsb1Pll  fsl_clock.o
    0x000018e0   0x000018e0   0x000000ac   Code   RO         1740    i.CLOCK_SetDiv      clock_config.o
    0x0000198c   0x0000198c   0x00000070   Code   RO         2571    i.CLOCK_SetDiv      bsp_i2c_touch.o
    0x000019fc   0x000019fc   0x000000ac   Code   RO         1741    i.CLOCK_SetMux      clock_config.o
    0x00001aa8   0x00001aa8   0x000000ac   Code   RO         2572    i.CLOCK_SetMux      bsp_i2c_touch.o
    0x00001b54   0x00001b54   0x00000028   Code   RO         2709    i.CPU_TS_TmrInit    core_delay.o
    0x00001b7c   0x00001b7c   0x0000000c   Code   RO         2710    i.CPU_TS_TmrRd      core_delay.o
    0x00001b88   0x00001b88   0x00000058   Code   RO         2711    i.CPU_TS_Tmr_Delay_US  core_delay.o
    0x00001be0   0x00001be0   0x000001ae   Code   RO         1489    i.ConvertFloatRadixNumToString  fsl_str.o
    0x00001d8e   0x00001d8e   0x0000014c   Code   RO         1490    i.ConvertRadixNumToString  fsl_str.o
    0x00001eda   0x00001eda   0x00000002   PAD
    0x00001edc   0x00001edc   0x00000088   Code   RO         1390    i.DbgConsole_Init   fsl_debug_console.o
    0x00001f64   0x00001f64   0x00000040   Code   RO         1391    i.DbgConsole_Printf  fsl_debug_console.o
    0x00001fa4   0x00001fa4   0x0000003e   Code   RO         1393    i.DbgConsole_RelocateLog  fsl_debug_console.o
    0x00001fe2   0x00001fe2   0x0000002c   Code   RO          780    i.EnableIRQ         fsl_lpi2c.o
    0x0000200e   0x0000200e   0x00000002   PAD
    0x00002010   0x00002010   0x0000002c   Code   RO         2573    i.GPIO1_Combined_0_15_IRQHandler  bsp_i2c_touch.o
    0x0000203c   0x0000203c   0x0000007c   Code   RO          360    i.GPIO_GetInstance  fsl_gpio.o
    0x000020b8   0x000020b8   0x00000060   Code   RO          361    i.GPIO_PinInit      fsl_gpio.o
    0x00002118   0x00002118   0x0000008a   Code   RO          362    i.GPIO_PinSetInterruptConfig  fsl_gpio.o
    0x000021a2   0x000021a2   0x00000002   PAD
    0x000021a4   0x000021a4   0x00000064   Code   RO          363    i.GPIO_PinWrite     fsl_gpio.o
    0x00002208   0x00002208   0x00000008   Code   RO         2574    i.GPIO_PortEnableInterrupts  bsp_i2c_touch.o
    0x00002210   0x00002210   0x000001b0   Code   RO         2445    i.GTP_Get_Info      bsp_touch_gtxx.o
    0x000023c0   0x000023c0   0x00000060   Code   RO         2575    i.GTP_I2C_ModeInit  bsp_i2c_touch.o
    0x00002420   0x00002420   0x00000084   Code   RO         2446    i.GTP_I2C_Read      bsp_touch_gtxx.o
    0x000024a4   0x000024a4   0x0000009c   Code   RO         2448    i.GTP_I2C_Test      bsp_touch_gtxx.o
    0x00002540   0x00002540   0x00000060   Code   RO         2449    i.GTP_I2C_Write     bsp_touch_gtxx.o
    0x000025a0   0x000025a0   0x0000004c   Code   RO         2576    i.GTP_IRQDisable    bsp_i2c_touch.o
    0x000025ec   0x000025ec   0x00000054   Code   RO         2577    i.GTP_IRQEnable     bsp_i2c_touch.o
    0x00002640   0x00002640   0x0000000c   Code   RO         2451    i.GTP_IRQ_Enable    bsp_touch_gtxx.o
    0x0000264c   0x0000264c   0x0000036c   Code   RO         2452    i.GTP_Init_Panel    bsp_touch_gtxx.o
    0x000029b8   0x000029b8   0x000002ec   Code   RO         2453    i.GTP_Read_Version  bsp_touch_gtxx.o
    0x00002ca4   0x00002ca4   0x00000078   Code   RO         2578    i.GTP_ResetChip     bsp_i2c_touch.o
    0x00002d1c   0x00002d1c   0x00000070   Code   RO         2579    i.I2C_GTP_IOMUXC_MUX_Config  bsp_i2c_touch.o
    0x00002d8c   0x00002d8c   0x00000078   Code   RO         2580    i.I2C_GTP_IOMUXC_PAD_Config  bsp_i2c_touch.o
    0x00002e04   0x00002e04   0x00000010   Code   RO         2581    i.I2C_Master_Callback  bsp_i2c_touch.o
    0x00002e14   0x00002e14   0x00000084   Code   RO         2582    i.I2C_ReadBytes     bsp_i2c_touch.o
    0x00002e98   0x00002e98   0x00000040   Code   RO         2583    i.I2C_Timeout_Callback  bsp_i2c_touch.o
    0x00002ed8   0x00002ed8   0x00000018   Code   RO         2584    i.I2C_Touch_Init    bsp_i2c_touch.o
    0x00002ef0   0x00002ef0   0x0000007e   Code   RO         2461    i.I2C_Transfer      bsp_touch_gtxx.o
    0x00002f6e   0x00002f6e   0x00000002   PAD
    0x00002f70   0x00002f70   0x00000084   Code   RO         2585    i.I2C_WriteBytes    bsp_i2c_touch.o
    0x00002ff4   0x00002ff4   0x0000000c   Code   RO         1792    i.IOMUXC_SetPinConfig  pin_mux.o
    0x00003000   0x00003000   0x0000000c   Code   RO         2096    i.IOMUXC_SetPinConfig  bsp_led.o
    0x0000300c   0x0000300c   0x0000000c   Code   RO         2586    i.IOMUXC_SetPinConfig  bsp_i2c_touch.o
    0x00003018   0x00003018   0x0000001a   Code   RO         1793    i.IOMUXC_SetPinMux  pin_mux.o
    0x00003032   0x00003032   0x0000001a   Code   RO         2097    i.IOMUXC_SetPinMux  bsp_led.o
    0x0000304c   0x0000304c   0x0000001a   Code   RO         2587    i.IOMUXC_SetPinMux  bsp_i2c_touch.o
    0x00003066   0x00003066   0x00000002   PAD
    0x00003068   0x00003068   0x000000bc   Code   RO         1612    i.IO_Init           fsl_io.o
    0x00003124   0x00003124   0x00000044   Code   RO         1613    i.IO_Transfer       fsl_io.o
    0x00003168   0x00003168   0x0000004c   Code   RO         2894    i.LCDIF_IRQHandler  emwin_support.o
    0x000031b4   0x000031b4   0x00000010   Code   RO         2098    i.LED_GPIO_Config   bsp_led.o
    0x000031c4   0x000031c4   0x00000040   Code   RO         2099    i.LED_GPIO_Mode_Config  bsp_led.o
    0x00003204   0x00003204   0x00000068   Code   RO         2100    i.LED_IOMUXC_MUX_Config  bsp_led.o
    0x0000326c   0x0000326c   0x00000068   Code   RO         2101    i.LED_IOMUXC_PAD_Config  bsp_led.o
    0x000032d4   0x000032d4   0x00000024   Code   RO         1544    i.LOG_Init          fsl_log.o
    0x000032f8   0x000032f8   0x00000022   Code   RO         1545    i.LOG_Pop           fsl_log.o
    0x0000331a   0x0000331a   0x00000002   PAD
    0x0000331c   0x0000331c   0x00000054   Code   RO         1546    i.LOG_Push          fsl_log.o
    0x00003370   0x00003370   0x00000010   Code   RO          781    i.LPI2C1_DriverIRQHandler  fsl_lpi2c.o
    0x00003380   0x00003380   0x00000010   Code   RO          782    i.LPI2C2_DriverIRQHandler  fsl_lpi2c.o
    0x00003390   0x00003390   0x00000010   Code   RO          783    i.LPI2C3_DriverIRQHandler  fsl_lpi2c.o
    0x000033a0   0x000033a0   0x00000022   Code   RO          784    i.LPI2C_CheckForBusyBus  fsl_lpi2c.o
    0x000033c2   0x000033c2   0x00000002   PAD
    0x000033c4   0x000033c4   0x00000054   Code   RO          785    i.LPI2C_CommonIRQHandler  fsl_lpi2c.o
    0x00003418   0x00003418   0x00000040   Code   RO          786    i.LPI2C_GetCyclesForWidth  fsl_lpi2c.o
    0x00003458   0x00003458   0x00000058   Code   RO          787    i.LPI2C_GetInstance  fsl_lpi2c.o
    0x000034b0   0x000034b0   0x000000c2   Code   RO          788    i.LPI2C_InitTransferStateMachine  fsl_lpi2c.o
    0x00003572   0x00003572   0x00000002   PAD
    0x00003574   0x00003574   0x00000090   Code   RO          789    i.LPI2C_MasterCheckAndClearError  fsl_lpi2c.o
    0x00003604   0x00003604   0x00000004   Code   RO          790    i.LPI2C_MasterClearStatusFlags  fsl_lpi2c.o
    0x00003608   0x00003608   0x00000008   Code   RO          793    i.LPI2C_MasterDisableInterrupts  fsl_lpi2c.o
    0x00003610   0x00003610   0x0000000a   Code   RO          794    i.LPI2C_MasterEnable  fsl_lpi2c.o
    0x0000361a   0x0000361a   0x00000008   Code   RO          795    i.LPI2C_MasterEnableInterrupts  fsl_lpi2c.o
    0x00003622   0x00003622   0x00000002   PAD
    0x00003624   0x00003624   0x00000030   Code   RO          796    i.LPI2C_MasterGetDefaultConfig  fsl_lpi2c.o
    0x00003654   0x00003654   0x00000016   Code   RO          797    i.LPI2C_MasterGetFifoCounts  fsl_lpi2c.o
    0x0000366a   0x0000366a   0x00000006   Code   RO          798    i.LPI2C_MasterGetStatusFlags  fsl_lpi2c.o
    0x00003670   0x00003670   0x00000138   Code   RO          799    i.LPI2C_MasterInit  fsl_lpi2c.o
    0x000037a8   0x000037a8   0x0000000a   Code   RO          801    i.LPI2C_MasterReset  fsl_lpi2c.o
    0x000037b2   0x000037b2   0x00000002   PAD
    0x000037b4   0x000037b4   0x00000124   Code   RO          803    i.LPI2C_MasterSetBaudRate  fsl_lpi2c.o
    0x000038d8   0x000038d8   0x00000090   Code   RO          808    i.LPI2C_MasterTransferCreateHandle  fsl_lpi2c.o
    0x00003968   0x00003968   0x00000046   Code   RO          810    i.LPI2C_MasterTransferHandleIRQ  fsl_lpi2c.o
    0x000039ae   0x000039ae   0x00000002   PAD
    0x000039b0   0x000039b0   0x00000108   Code   RO          811    i.LPI2C_MasterTransferNonBlocking  fsl_lpi2c.o
    0x00003ab8   0x00003ab8   0x000001a4   Code   RO          813    i.LPI2C_RunTransferStateMachine  fsl_lpi2c.o
    0x00003c5c   0x00003c5c   0x0000001c   Code   RO          415    i.LPUART1_DriverIRQHandler  fsl_lpuart.o
    0x00003c78   0x00003c78   0x0000001c   Code   RO          416    i.LPUART2_DriverIRQHandler  fsl_lpuart.o
    0x00003c94   0x00003c94   0x0000001c   Code   RO          417    i.LPUART3_DriverIRQHandler  fsl_lpuart.o
    0x00003cb0   0x00003cb0   0x0000001c   Code   RO          418    i.LPUART4_DriverIRQHandler  fsl_lpuart.o
    0x00003ccc   0x00003ccc   0x0000001c   Code   RO          419    i.LPUART5_DriverIRQHandler  fsl_lpuart.o
    0x00003ce8   0x00003ce8   0x0000001c   Code   RO          420    i.LPUART6_DriverIRQHandler  fsl_lpuart.o
    0x00003d04   0x00003d04   0x0000001c   Code   RO          421    i.LPUART7_DriverIRQHandler  fsl_lpuart.o
    0x00003d20   0x00003d20   0x0000001c   Code   RO          422    i.LPUART8_DriverIRQHandler  fsl_lpuart.o
    0x00003d3c   0x00003d3c   0x00000058   Code   RO          423    i.LPUART_ClearStatusFlags  fsl_lpuart.o
    0x00003d94   0x00003d94   0x0000006c   Code   RO          427    i.LPUART_GetDefaultConfig  fsl_lpuart.o
    0x00003e00   0x00003e00   0x00000084   Code   RO          429    i.LPUART_GetInstance  fsl_lpuart.o
    0x00003e84   0x00003e84   0x00000010   Code   RO          430    i.LPUART_GetStatusFlags  fsl_lpuart.o
    0x00003e94   0x00003e94   0x000002f4   Code   RO          431    i.LPUART_Init       fsl_lpuart.o
    0x00004188   0x00004188   0x00000104   Code   RO          432    i.LPUART_ReadBlocking  fsl_lpuart.o
    0x0000428c   0x0000428c   0x00000068   Code   RO          448    i.LPUART_WriteBlocking  fsl_lpuart.o
    0x000042f4   0x000042f4   0x000000a0   Code   RO         1665    i.SCB_DisableDCache  board.o
    0x00004394   0x00004394   0x0000009c   Code   RO            6    i.SCB_EnableDCache  system_mimxrt1052.o
    0x00004430   0x00004430   0x0000009c   Code   RO         1666    i.SCB_EnableDCache  board.o
    0x000044cc   0x000044cc   0x0000007c   Code   RO            7    i.SCB_EnableICache  system_mimxrt1052.o
    0x00004548   0x00004548   0x0000007c   Code   RO         1667    i.SCB_EnableICache  board.o
    0x000045c4   0x000045c4   0x00000628   Code   RO         1492    i.StrFormatPrintf   fsl_str.o
    0x00004bec   0x00004bec   0x00000054   Code   RO         2380    i.SysTick_Config    bsp_systick.o
    0x00004c40   0x00004c40   0x00000010   Code   RO         2383    i.SysTick_Handler   bsp_systick.o
    0x00004c50   0x00004c50   0x00000020   Code   RO         2384    i.SysTick_Init      bsp_systick.o
    0x00004c70   0x00004c70   0x000000b4   Code   RO            9    i.SystemInit        system_mimxrt1052.o
    0x00004d24   0x00004d24   0x00000002   Code   RO           10    i.SystemInitHook    system_mimxrt1052.o
    0x00004d26   0x00004d26   0x00000030   Code   RO         6573    i.__ARM_fpclassify  m_wv.l(fpclassify.o)
    0x00004d56   0x00004d56   0x00000002   PAD
    0x00004d58   0x00004d58   0x00000044   Code   RO         1221    i.__aeabi_assert    fsl_assert.o
    0x00004d9c   0x00004d9c   0x00000050   Code   RO         6521    i.__free$2region    mc_w.l(malloc2.o)
    0x00004dec   0x00004dec   0x000000c0   Code   RO         6460    i.__hardfp_modf     m_wv.l(modf.o)
    0x00004eac   0x00004eac   0x00000004   PAD
    0x00004eb0   0x00004eb0   0x000008f8   Code   RO         6466    i.__hardfp_pow      m_wv.l(pow.o)
    0x000057a8   0x000057a8   0x00000070   Code   RO         6575    i.__kernel_poly     m_wv.l(poly.o)
    0x00005818   0x00005818   0x0000006c   Code   RO         6522    i.__malloc$2region  mc_w.l(malloc2.o)
    0x00005884   0x00005884   0x00000004   PAD
    0x00005888   0x00005888   0x00000020   Code   RO         6553    i.__mathlib_dbl_divzero  m_wv.l(dunder.o)
    0x000058a8   0x000058a8   0x00000006   Code   RO         6555    i.__mathlib_dbl_infnan2  m_wv.l(dunder.o)
    0x000058ae   0x000058ae   0x00000002   PAD
    0x000058b0   0x000058b0   0x00000018   Code   RO         6556    i.__mathlib_dbl_invalid  m_wv.l(dunder.o)
    0x000058c8   0x000058c8   0x00000018   Code   RO         6557    i.__mathlib_dbl_overflow  m_wv.l(dunder.o)
    0x000058e0   0x000058e0   0x00000018   Code   RO         6559    i.__mathlib_dbl_underflow  m_wv.l(dunder.o)
    0x000058f8   0x000058f8   0x0000000e   Code   RO         6649    i.__scatterload_copy  mc_w.l(handlers.o)
    0x00005906   0x00005906   0x00000002   Code   RO         6650    i.__scatterload_null  mc_w.l(handlers.o)
    0x00005908   0x00005908   0x0000000e   Code   RO         6651    i.__scatterload_zeroinit  mc_w.l(handlers.o)
    0x00005916   0x00005916   0x00000002   PAD
    0x00005918   0x00005918   0x0000000c   Code   RO         6612    i.__set_errno       mc_w.l(errno.o)
    0x00005924   0x00005924   0x00000018   Code   RO         6569    i.fabs              m_wv.l(fabs.o)
    0x0000593c   0x0000593c   0x00000008   Code   RO         1842    i.main              main.o
    0x00005944   0x00005944   0x00000034   Code   RO         3545    i.prvResetNextTaskUnblockTime  tasks.o
    0x00005978   0x00005978   0x0000006a   Code   RO         6580    i.sqrt              m_wv.l(sqrt.o)
    0x000059e2   0x000059e2   0x00000028   Code   RO         3318    i.uxListRemove      list.o
    0x00005a0a   0x00005a0a   0x00000018   Code   RO         3322    i.vListInsertEnd    list.o
    0x00005a22   0x00005a22   0x00000002   PAD
    0x00005a24   0x00005a24   0x000000b0   Code   RO         3568    i.vTaskSwitchContext  tasks.o
    0x00005ad4   0x00005ad4   0x00000038   Code   RO         3125    i.xPortSysTickHandler  port.o
    0x00005b0c   0x00005b0c   0x00000020   Code   RO         3574    i.xTaskGetSchedulerState  tasks.o
    0x00005b2c   0x00005b2c   0x00000168   Code   RO         3577    i.xTaskIncrementTick  tasks.o
    0x00005c94   0x00005c94   0x00000010   Data   RO          129    .constdata          fsl_clock.o
    0x00005ca4   0x00005ca4   0x00000024   Data   RO          364    .constdata          fsl_gpio.o
    0x00005cc8   0x00005cc8   0x00000048   Data   RO          451    .constdata          fsl_lpuart.o
    0x00005d10   0x00005d10   0x00000028   Data   RO          830    .constdata          fsl_lpi2c.o
    0x00005d38   0x00005d38   0x00000011   Data   RO         1742    .constdata          clock_config.o
    0x00005d49   0x00005d49   0x00000003   PAD
    0x00005d4c   0x00005d4c   0x00000057   Data   RO         2180    .constdata          bsp_lcd.o
    0x00005da3   0x00005da3   0x00005320   Data   RO         2363    .constdata          fonts.o
    0x0000b0c3   0x0000b0c3   0x00000001   PAD
    0x0000b0c4   0x0000b0c4   0x00000388   Data   RO         2463    .constdata          bsp_touch_gtxx.o
    0x0000b44c   0x0000b44c   0x00000003   Data   RO         2589    .constdata          bsp_i2c_touch.o
    0x0000b44f   0x0000b44f   0x00000001   PAD
    0x0000b450   0x0000b450   0x00000088   Data   RO         6469    .constdata          m_wv.l(pow.o)
    0x0000b4d8   0x0000b4d8   0x00000008   Data   RO         6577    .constdata          m_wv.l(qnan.o)
    0x0000b4e0   0x0000b4e0   0x000000a1   Data   RO         2464    .conststring        bsp_touch_gtxx.o
    0x0000b581   0x0000b581   0x00000003   PAD
    0x0000b584   0x0000b584   0x00000030   Data   RO         6647    Region$$Table       anon$$obj.o


    Execution Region RW_m_data (Exec base: 0x80000000, Load base: 0x0000b5b4, Size: 0x00000588, Max: 0x01bff800, ABSOLUTE, COMPRESSED[0x000000f8])

    Exec Addr    Load Addr    Size         Type   Attr      Idx    E Section Name        Object

    0x80000000   COMPRESSED   0x00000004   Data   RW           11    .data               system_mimxrt1052.o
    0x80000004   COMPRESSED   0x00000008   Data   RW          130    .data               fsl_clock.o
    0x8000000c   COMPRESSED   0x00000004   Data   RW          452    .data               fsl_lpuart.o
    0x80000010   COMPRESSED   0x00000008   Data   RW          831    .data               fsl_lpi2c.o
    0x80000018   COMPRESSED   0x00000008   Data   RW         1615    .data               fsl_io.o
    0x80000020   COMPRESSED   0x00000014   Data   RW         2181    .data               bsp_lcd.o
    0x80000034   COMPRESSED   0x00000018   Data   RW         2364    .data               fonts.o
    0x8000004c   COMPRESSED   0x000000f7   Data   RW         2465    .data               bsp_touch_gtxx.o
    0x80000143   COMPRESSED   0x00000002   Data   RW         2590    .data               bsp_i2c_touch.o
    0x80000145   COMPRESSED   0x00000003   PAD
    0x80000148   COMPRESSED   0x00000010   Data   RW         2897    .data               emwin_support.o
    0x80000158   COMPRESSED   0x0000003c   Data   RW         3586    .data               tasks.o
    0x80000194   COMPRESSED   0x00000004   Data   RW         6608    .data               mc_w.l(mvars.o)
    0x80000198   COMPRESSED   0x00000004   Data   RW         6609    .data               mc_w.l(mvars.o)
    0x8000019c   COMPRESSED   0x00000004   Data   RW         6613    .data               mc_w.l(errno.o)
    0x800001a0   COMPRESSED   0x00000004   Data   RW         4601    .data.GUI_pContext  emWin_M7_5.5.lib(GUI_Core.o)
    0x800001a4        -       0x00000024   Zero   RW          450    .bss                fsl_lpuart.o
    0x800001c8        -       0x00000020   Zero   RW          829    .bss                fsl_lpi2c.o
    0x800001e8        -       0x0000000c   Zero   RW         2462    .bss                bsp_touch_gtxx.o
    0x800001f4        -       0x00000038   Zero   RW         2588    .bss                bsp_i2c_touch.o
    0x8000022c        -       0x000002e4   Zero   RW         3585    .bss                tasks.o
    0x80000510        -       0x0000006c   Zero   RW         4600    .bss.GUI__Context   emWin_M7_5.5.lib(GUI_Core.o)
    0x8000057c        -       0x00000001   Zero   RW         4876    .bss._UseSingleFrame  emWin_M7_5.5.lib(GUI_MULTIBUF.o)
    0x8000057d   COMPRESSED   0x00000003   PAD
    0x80000580        -       0x00000004   Zero   RW         4875    .bss._aPend         emWin_M7_5.5.lib(GUI_MULTIBUF.o)
    0x80000584        -       0x00000004   Zero   RW         4874    .bss._aView         emWin_M7_5.5.lib(GUI_MULTIBUF.o)


    Execution Region ARM_LIB_HEAP (Exec base: 0x80000588, Load base: 0x0000b6ac, Size: 0x00000400, Max: 0x00000400, ABSOLUTE)

    Exec Addr    Load Addr    Size         Type   Attr      Idx    E Section Name        Object

    0x80000588        -       0x00000400   Zero   RW            1    ARM_LIB_HEAP.bss    anon$$obj.o


    Execution Region ARM_LIB_STACK (Exec base: 0x81bffc00, Load base: 0x0000b6ac, Size: 0x00000400, Max: 0x00000400, ABSOLUTE)

    Exec Addr    Load Addr    Size         Type   Attr      Idx    E Section Name        Object

    0x81bffc00        -       0x00000400   Zero   RW            2    ARM_LIB_STACK.bss   anon$$obj.o


    Execution Region RW_m_ncache (Exec base: 0x81c00000, Load base: 0x0000b6ac, Size: 0x00177000, Max: 0x00400000, ABSOLUTE)

    Exec Addr    Load Addr    Size         Type   Attr      Idx    E Section Name        Object

    0x81c00000        -       0x00177000   Zero   RW         2182    NonCacheable        bsp_lcd.o


==============================================================================

Image component sizes


      Code (inc. data)   RO Data    RW Data    ZI Data      Debug   Object Name

      1068        110          0          0          0      54029   board.o
      1350        242          3          2         56      69888   bsp_i2c_touch.o
         0          0         87         20    1536000       7048   bsp_lcd.o
       326         20          0          0          0       3330   bsp_led.o
       132         14          0          0          0      36384   bsp_systick.o
      2578        674       1065        247         12      17032   bsp_touch_gtxx.o
      1092        306         17          0          0      13187   clock_config.o
       140         22          0          0          0       1678   core_delay.o
        76         14          0         16          0      10351   emwin_support.o
         0          0      21280         24          0       1309   fonts.o
        68         44          0          0          0        665   fsl_assert.o
      1448        128         16          8          0    1413602   fsl_clock.o
       262         98          0          0          0       3506   fsl_debug_console.o
       578        188         36          0          0      16379   fsl_gpio.o
       256         62          0          8          0       7176   fsl_io.o
       154         52          0          0          0       3288   fsl_log.o
      2444        432         40          8         32      30704   fsl_lpi2c.o
      1800        596         72          4         36      65094   fsl_lpuart.o
      2338          0          0          0          0       5710   fsl_str.o
        64          0          0          0          0       1560   list.o
       404        230          0          0          0      60095   main.o
       270         60          0          0          0      71265   pin_mux.o
       242         22          0          0          0       3918   port.o
       444        210       1024          0          0       3104   startup_mimxrt1052.o
       462         38          0          4          0    1391263   system_mimxrt1052.o
       620        172          0         60        740      14338   tasks.o

    ----------------------------------------------------------------------
     18644       3734      23696        404    1538924    3305903   Object Totals
         0          0         48          0       2048          0   (incl. Generated)
        28          0          8          3          0          0   (incl. Padding)

    ----------------------------------------------------------------------

      Code (inc. data)   RO Data    RW Data    ZI Data      Debug   Library Member Name

         0          0          0          4        108          0   GUI_Core.o
        66          0          0          0          9          0   GUI_MULTIBUF.o
       110         60          0          0          0        580   dunder.o
        24          0          0          0          0        124   fabs.o
        48          0          0          0          0        124   fpclassify.o
       192          6          0          0          0        176   modf.o
       112          0          0          0          0        116   poly.o
      2296        304        136          0          0        320   pow.o
         0          0          8          0          0          0   qnan.o
       106          0          0          0          0        140   sqrt.o
        58          0          0          0          0          0   __dczerorl.o
         0          0          0          0          0          0   entry.o
         0          0          0          0          0          0   entry10a.o
         0          0          0          0          0          0   entry11a.o
         8          4          0          0          0          0   entry4.o
         4          0          0          0          0          0   entry5.o
         0          0          0          0          0          0   entry7b.o
         0          0          0          0          0          0   entry8b.o
         8          4          0          0          0          0   entry9a.o
        12          6          0          4          0         68   errno.o
        30          0          0          0          0          0   handlers.o
        36          8          0          0          0         68   init.o
         0          0          0          0          0          0   iusefp.o
        98          0          0          0          0         84   ldiv.o
        30          0          0          0          0         68   llshl.o
        32          0          0          0          0         68   llushr.o
       188         20          0          0          0        160   malloc2.o
        66          0          0          0          0         76   memmove.o
        36          0          0          0          0        108   memseta.o
         0          0          0          8          0          0   mvars.o
        14          0          0          0          0         68   strlen.o
        98          0          0          0          0         92   uldiv.o
       186          0          0          0          0        176   depilogue.o
        74          0          0          0          0         80   dfixl.o
        40          0          0          0          0         80   dfltl.o
        46          0          0          0          0         80   dscalb.o

    ----------------------------------------------------------------------
      4032        420        144         16        120       2856   Library Totals
        14          8          0          0          3          0   (incl. Padding)

    ----------------------------------------------------------------------

      Code (inc. data)   RO Data    RW Data    ZI Data      Debug   Library Name

        66          0          0          4        117          0   emWin_M7_5.5.lib
      2888        370        144          0          0       1580   m_wv.l
       718         42          0         12          0        860   mc_w.l
       346          0          0          0          0        416   mf_w.l

    ----------------------------------------------------------------------
      4032        420        144         16        120       2856   Library Totals

    ----------------------------------------------------------------------

==============================================================================


      Code (inc. data)   RO Data    RW Data    ZI Data      Debug   

     22676       4154      23840        420    1539044    3294571   Grand Totals
     22676       4154      23840        248    1539044    3294571   ELF Image Totals (compressed)
     22676       4154      23840        248          0          0   ROM Totals

==============================================================================

    Total RO  Size (Code + RO Data)                46516 (  45.43kB)
    Total RW  Size (RW Data + ZI Data)           1539464 (1503.38kB)
    Total ROM Size (Code + RO Data + RW Data)      46764 (  45.67kB)

==============================================================================

