<!doctype html public "-//w3c//dtd html 4.0 transitional//en">
<html><head>
<title>Static Call Graph - [.\sdram_txt_ram\Objects\YH-RT1052.axf]</title></head>
<body><HR>
<H1>Static Call Graph for image .\sdram_txt_ram\Objects\YH-RT1052.axf</H1><HR>
<BR><P>#&#060CALLGRAPH&#062# ARM Linker, 5060750: Last Updated: Wed Aug 26 16:21:49 2020
<BR><P>
<H3>Maximum Stack Usage =       1128 bytes + Unknown(Functions without stacksize, Cycles, Untraceable Function Pointers)</H3><H3>
Call chain for Maximum Stack Depth:</H3>
main &rArr; BSP_Init &rArr; GTP_Init_Panel &rArr; GTP_Get_Info &rArr; GTP_I2C_Read &rArr; I2C_Transfer &rArr; I2C_WriteBytes &rArr; I2C_Timeout_Callback &rArr; DbgConsole_Printf &rArr; StrFormatPrintf &rArr; ConvertFloatRadixNumToString &rArr; __hardfp_pow &rArr; sqrt
<P>
<H3>
Functions with no stack information
</H3><UL>
 <LI><a href="#[164]">GL_DrawBitmap</a>
 <LI><a href="#[1a1]">GL_FillCircle</a>
 <LI><a href="#[10b]">GUIMONO_DispChar</a>
 <LI><a href="#[10c]">GUIMONO_GetCharDistX</a>
 <LI><a href="#[10d]">GUIMONO_GetFontInfo</a>
 <LI><a href="#[10e]">GUIMONO_IsInFont</a>
 <LI><a href="#[f1]">GUIPROP_AA4_EXT_DispChar</a>
 <LI><a href="#[10f]">GUIPROP_DispChar</a>
 <LI><a href="#[f2]">GUIPROP_EXT_GetCharDistX</a>
 <LI><a href="#[f5]">GUIPROP_EXT_GetCharInfo</a>
 <LI><a href="#[f3]">GUIPROP_EXT_GetFontInfo</a>
 <LI><a href="#[f4]">GUIPROP_EXT_IsInFont</a>
 <LI><a href="#[8]">GUIPROP_EXT__ClearLine</a>
 <LI><a href="#[10a]">GUIPROP_EXT__DispLine</a>
 <LI><a href="#[169]">GUIPROP_EXT__FindChar</a>
 <LI><a href="#[110]">GUIPROP_GetCharDistX</a>
 <LI><a href="#[111]">GUIPROP_GetFontInfo</a>
 <LI><a href="#[112]">GUIPROP_IsInFont</a>
 <LI><a href="#[309]">GUI_AA_EnableHiRes</a>
 <LI><a href="#[30a]">GUI_AA_SetFactor</a>
 <LI><a href="#[16b]">GUI_AA__DrawCharAA4</a>
 <LI><a href="#[174]">GUI_ALLOC_AllocNoInit</a>
 <LI><a href="#[176]">GUI_ALLOC_AllocZero</a>
 <LI><a href="#[2d3]">GUI_ALLOC_AssignMemory</a>
 <LI><a href="#[177]">GUI_ALLOC_Free</a>
 <LI><a href="#[18c]">GUI_ALLOC_FreeFixedBlock</a>
 <LI><a href="#[179]">GUI_ALLOC_GetFixedBlock</a>
 <LI><a href="#[17d]">GUI_ALLOC_GetMaxSize</a>
 <LI><a href="#[1c3]">GUI_ALLOC_LockH</a>
 <LI><a href="#[17e]">GUI_ALLOC_RequestSize</a>
 <LI><a href="#[2d4]">GUI_ALLOC_SetAvBlockSize</a>
 <LI><a href="#[1c6]">GUI_ALLOC_UnlockH</a>
 <LI><a href="#[228]">GUI_ALLOC_h2p</a>
 <LI><a href="#[18f]">GUI_AddDecShift</a>
 <LI><a href="#[17f]">GUI_CURSOR_SetPositionEx</a>
 <LI><a href="#[255]">GUI_CalcColorDist</a>
 <LI><a href="#[183]">GUI_Clear</a>
 <LI><a href="#[185]">GUI_ClearRect</a>
 <LI><a href="#[188]">GUI_DEVICE_Create</a>
 <LI><a href="#[189]">GUI_DEVICE_CreateAndLink</a>
 <LI><a href="#[18b]">GUI_DEVICE_Delete</a>
 <LI><a href="#[18a]">GUI_DEVICE_Link</a>
 <LI><a href="#[21e]">GUI_DEVICE_Unlink</a>
 <LI><a href="#[1f7]">GUI_DEVICE__GetpDriver</a>
 <LI><a href="#[18d]">GUI_DispDecMin</a>
 <LI><a href="#[190]">GUI_DispString</a>
 <LI><a href="#[197]">GUI_DispStringHCenterAt</a>
 <LI><a href="#[313]">GUI_DispStringInRect</a>
 <LI><a href="#[199]">GUI_DispStringInRectMax</a>
 <LI><a href="#[19d]">GUI_DrawBitmap</a>
 <LI><a href="#[19e]">GUI_DrawGradientV</a>
 <LI><a href="#[1a0]">GUI_FillCircle</a>
 <LI><a href="#[1a2]">GUI_GetBitmapPixelIndex</a>
 <LI><a href="#[1a3]">GUI_GetBitmapPixelIndexEx</a>
 <LI><a href="#[1e3]">GUI_GetBitsPerPixelEx</a>
 <LI><a href="#[16d]">GUI_GetBkColor</a>
 <LI><a href="#[208]">GUI_GetCharDistX</a>
 <LI><a href="#[209]">GUI_GetCharDistXEx</a>
 <LI><a href="#[1a5]">GUI_GetClientRect</a>
 <LI><a href="#[16c]">GUI_GetColor</a>
 <LI><a href="#[180]">GUI_GetCursorLayer</a>
 <LI><a href="#[191]">GUI_GetFontDistY</a>
 <LI><a href="#[1a8]">GUI_GetLayerPosEx</a>
 <LI><a href="#[1aa]">GUI_GetTextExtend</a>
 <LI><a href="#[1ac]">GUI_GetTime</a>
 <LI><a href="#[192]">GUI_GetYAdjust</a>
 <LI><a href="#[1e5]">GUI_GetpfColor2IndexEx</a>
 <LI><a href="#[1e4]">GUI_GetpfIndex2ColorEx</a>
 <LI><a href="#[184]">GUI_GotoXY</a>
 <LI><a href="#[1ae]">GUI_Init</a>
 <LI><a href="#[18e]">GUI_Long2Len</a>
 <LI><a href="#[1bc]">GUI_MEMDEV_ClearAlpha</a>
 <LI><a href="#[1]">GUI_MEMDEV_CopyToLCD</a>
 <LI><a href="#[1c2]">GUI_MEMDEV_CopyToLCDAt</a>
 <LI><a href="#[310]">GUI_MEMDEV_CreateAuto</a>
 <LI><a href="#[1c9]">GUI_MEMDEV_CreateFixed</a>
 <LI><a href="#[1cb]">GUI_MEMDEV_CreateFixed32</a>
 <LI><a href="#[1cc]">GUI_MEMDEV_Delete</a>
 <LI><a href="#[1ce]">GUI_MEMDEV_FadeInDevices</a>
 <LI><a href="#[1c0]">GUI_MEMDEV_GetBitsPerPixel</a>
 <LI><a href="#[1bf]">GUI_MEMDEV_GetColorConv</a>
 <LI><a href="#[1c1]">GUI_MEMDEV_GetDataPtr</a>
 <LI><a href="#[1d1]">GUI_MEMDEV_GetXPos</a>
 <LI><a href="#[1bd]">GUI_MEMDEV_GetXSize</a>
 <LI><a href="#[1d2]">GUI_MEMDEV_GetYPos</a>
 <LI><a href="#[1be]">GUI_MEMDEV_GetYSize</a>
 <LI><a href="#[1d3]">GUI_MEMDEV_Rotate</a>
 <LI><a href="#[1d5]">GUI_MEMDEV_RotateHQHR</a>
 <LI><a href="#[1c8]">GUI_MEMDEV_Select</a>
 <LI><a href="#[30b]">GUI_MEMDEV_Write</a>
 <LI><a href="#[1dd]">GUI_MEMDEV_WriteAt</a>
 <LI><a href="#[1ca]">GUI_MEMDEV__CreateFixed</a>
 <LI><a href="#[1e0]">GUI_MEMDEV__FadeDeviceEx</a>
 <LI><a href="#[1d4]">GUI_MEMDEV__Rotate</a>
 <LI><a href="#[1e1]">GUI_MEMDEV__WriteToActiveAlpha</a>
 <LI><a href="#[1de]">GUI_MEMDEV__WriteToActiveAt</a>
 <LI><a href="#[1c7]">GUI_MEMDEV__WriteToActiveOpaque</a>
 <LI><a href="#[2eb]">GUI_MULTIBUF_Config</a>
 <LI><a href="#[1e9]">GUI_MULTIBUF_ConfigEx</a>
 <LI><a href="#[2e7]">GUI_MULTIBUF_Confirm</a>
 <LI><a href="#[268]">GUI_MergeRect</a>
 <LI><a href="#[242]">GUI_MoveRect</a>
 <LI><a href="#[236]">GUI_PID_GetState</a>
 <LI><a href="#[235]">GUI_PID_IsEmpty</a>
 <LI><a href="#[1eb]">GUI_PID_StoreState</a>
 <LI><a href="#[1ed]">GUI_ReadRectEx</a>
 <LI><a href="#[259]">GUI_RectsIntersect</a>
 <LI><a href="#[182]">GUI_SPRITE_SetPosition</a>
 <LI><a href="#[1c4]">GUI_SelectLCD</a>
 <LI><a href="#[1f6]">GUI_SelectLayer</a>
 <LI><a href="#[1f8]">GUI_SetBkColor</a>
 <LI><a href="#[1f9]">GUI_SetClipRect</a>
 <LI><a href="#[16e]">GUI_SetColor</a>
 <LI><a href="#[1fa]">GUI_SetColorIndex</a>
 <LI><a href="#[2d5]">GUI_SetDefaultFont</a>
 <LI><a href="#[165]">GUI_SetDrawMode</a>
 <LI><a href="#[311]">GUI_SetFont</a>
 <LI><a href="#[181]">GUI_SetLayerPosEx</a>
 <LI><a href="#[1ba]">GUI_SetOrg</a>
 <LI><a href="#[198]">GUI_SetTextAlign</a>
 <LI><a href="#[31e]">GUI_SetTextMode</a>
 <LI><a href="#[1ec]">GUI_SignalEvent</a>
 <LI><a href="#[1fd]">GUI_StoreKey</a>
 <LI><a href="#[170]">GUI_UC__GetCharCodeInc</a>
 <LI><a href="#[196]">GUI_UC__NumChars2NumBytes</a>
 <LI><a href="#[25b]">GUI_USAGE_AddRect</a>
 <LI><a href="#[1df]">GUI_USAGE_BM_Create</a>
 <LI><a href="#[1cd]">GUI_USAGE_DecUseCnt</a>
 <LI><a href="#[1fe]">GUI__AllocAlphaBuffer</a>
 <LI><a href="#[256]">GUI__CompactPixelIndices</a>
 <LI><a href="#[200]">GUI__CompactPixelIndicesEx</a>
 <LI><a href="#[1af]">GUI__Config</a>
 <LI><a href="#[201]">GUI__ConvertColor2Index</a>
 <LI><a href="#[1d6]">GUI__CosHQ</a>
 <LI><a href="#[195]">GUI__DispLine</a>
 <LI><a href="#[19c]">GUI__DispStringInRect</a>
 <LI><a href="#[263]">GUI__DivideRound32</a>
 <LI><a href="#[205]">GUI__DoAlphaBlending</a>
 <LI><a href="#[16a]">GUI__DrawNonExistingCharacter</a>
 <LI><a href="#[206]">GUI__ExpandPixelIndicesEx</a>
 <LI><a href="#[1ff]">GUI__GetAlphaBuffer</a>
 <LI><a href="#[194]">GUI__GetLineDistX</a>
 <LI><a href="#[193]">GUI__GetLineNumChars</a>
 <LI><a href="#[16f]">GUI__GetNonExistingCharWidth</a>
 <LI><a href="#[171]">GUI__GetOverlap</a>
 <LI><a href="#[1ab]">GUI__HandleEOLine</a>
 <LI><a href="#[243]">GUI__IntersectRect</a>
 <LI><a href="#[19b]">GUI__IntersectRects</a>
 <LI><a href="#[25a]">GUI__ManageCache</a>
 <LI><a href="#[20a]">GUI__ManageCacheEx</a>
 <LI><a href="#[4]">GUI__MixColors</a>
 <LI><a href="#[5]">GUI__MixColorsBulk</a>
 <LI><a href="#[0]">GUI__NOBIDI_Log2VisBuffered</a>
 <LI><a href="#[1ea]">GUI__RegisterExit</a>
 <LI><a href="#[1d7]">GUI__SinHQ</a>
 <LI><a href="#[267]">GUI__memset</a>
 <LI><a href="#[261]">GUI__memset16</a>
 <LI><a href="#[7]">LCD_AA_MixColors16</a>
 <LI><a href="#[21a]">LCD_Color2Index</a>
 <LI><a href="#[166]">LCD_DrawBitmap</a>
 <LI><a href="#[14f]">LCD_DrawHLine</a>
 <LI><a href="#[150]">LCD_DrawPixel</a>
 <LI><a href="#[168]">LCD_FillRect</a>
 <LI><a href="#[20b]">LCD_GetBitsPerPixelEx</a>
 <LI><a href="#[1a4]">LCD_GetBkColorIndex</a>
 <LI><a href="#[1a7]">LCD_GetColorIndex</a>
 <LI><a href="#[20c]">LCD_GetMirrorXEx</a>
 <LI><a href="#[20d]">LCD_GetMirrorYEx</a>
 <LI><a href="#[20e]">LCD_GetNumColors</a>
 <LI><a href="#[20f]">LCD_GetNumColorsEx</a>
 <LI><a href="#[210]">LCD_GetNumLayers</a>
 <LI><a href="#[211]">LCD_GetPalette</a>
 <LI><a href="#[212]">LCD_GetPixelColor</a>
 <LI><a href="#[213]">LCD_GetPixelIndex</a>
 <LI><a href="#[1a9]">LCD_GetPosEx</a>
 <LI><a href="#[214]">LCD_GetSwapXYEx</a>
 <LI><a href="#[207]">LCD_GetVXSizeMax</a>
 <LI><a href="#[216]">LCD_GetXSize</a>
 <LI><a href="#[1b5]">LCD_GetXSizeDisplay</a>
 <LI><a href="#[217]">LCD_GetXSizeEx</a>
 <LI><a href="#[1b7]">LCD_GetXSizeMax</a>
 <LI><a href="#[218]">LCD_GetYSize</a>
 <LI><a href="#[1b6]">LCD_GetYSizeDisplay</a>
 <LI><a href="#[219]">LCD_GetYSizeEx</a>
 <LI><a href="#[1b8]">LCD_GetYSizeMax</a>
 <LI><a href="#[6]">LCD_GetpPalConvTableBM</a>
 <LI><a href="#[173]">LCD_GetpPalConvTableUncached</a>
 <LI><a href="#[172]">LCD_Index2Color</a>
 <LI><a href="#[142]">LCD_Index2Color_M565</a>
 <LI><a href="#[147]">LCD_Index2Color_M888</a>
 <LI><a href="#[108]">LCD_Index2Color_M8888I</a>
 <LI><a href="#[1b4]">LCD_Init</a>
 <LI><a href="#[21b]">LCD_InitColors</a>
 <LI><a href="#[21c]">LCD_InitLUT</a>
 <LI><a href="#[1f5]">LCD_SelectLCD</a>
 <LI><a href="#[1b2]">LCD_SetBkColor</a>
 <LI><a href="#[224]">LCD_SetBkColorIndex</a>
 <LI><a href="#[21f]">LCD_SetClipRectEx</a>
 <LI><a href="#[1dc]">LCD_SetClipRectMax</a>
 <LI><a href="#[1b3]">LCD_SetColor</a>
 <LI><a href="#[1fb]">LCD_SetColorIndex</a>
 <LI><a href="#[1b9]">LCD_SetDisplaySize</a>
 <LI><a href="#[167]">LCD_SetDrawMode</a>
 <LI><a href="#[21d]">LCD_SetLUTEntryEx</a>
 <LI><a href="#[220]">LCD_SetPixelAA4_Trans</a>
 <LI><a href="#[1fc]">LCD_SetPosEx</a>
 <LI><a href="#[221]">LCD_SetSizeEx</a>
 <LI><a href="#[222]">LCD_SetVRAMAddrEx</a>
 <LI><a href="#[223]">LCD_SetVSizeEx</a>
 <LI><a href="#[1db]">LCD_UpdateColorIndices</a>
 <LI><a href="#[1e7]">LCD__DrawBitmap_1bpp</a>
 <LI><a href="#[225]">LCD__GetBPP</a>
 <LI><a href="#[1d0]">LCD__GetBPPDevice</a>
 <LI><a href="#[1c5]">WM_Activate</a>
 <LI><a href="#[226]">WM_BringToBottom</a>
 <LI><a href="#[22a]">WM_CreateWindowAsChild</a>
 <LI><a href="#[1da]">WM_Deactivate</a>
 <LI><a href="#[22f]">WM_DefaultProc</a>
 <LI><a href="#[1a6]">WM_GetClientRect</a>
 <LI><a href="#[1b1]">WM_GetDesktopWindow</a>
 <LI><a href="#[232]">WM_GetFirstChild</a>
 <LI><a href="#[233]">WM_GetParent</a>
 <LI><a href="#[234]">WM_HandlePID</a>
 <LI><a href="#[1bb]">WM_Init</a>
 <LI><a href="#[22d]">WM_InvalidateRect</a>
 <LI><a href="#[247]">WM_InvalidateWindowAndDescsEx</a>
 <LI><a href="#[23d]">WM_IsWindow</a>
 <LI><a href="#[23f]">WM_PID__SetPrevState</a>
 <LI><a href="#[23e]">WM_ReleaseCapture</a>
 <LI><a href="#[238]">WM_Screen2hWin</a>
 <LI><a href="#[22c]">WM_SelectWindow</a>
 <LI><a href="#[231]">WM_SendToParent</a>
 <LI><a href="#[19a]">WM_SetUserClipRect</a>
 <LI><a href="#[24a]">WM__ActivateClipRect</a>
 <LI><a href="#[237]">WM__AddCriticalHandle</a>
 <LI><a href="#[244]">WM__ClipAtParentBorders</a>
 <LI><a href="#[230]">WM__GetClientRectEx</a>
 <LI><a href="#[24c]">WM__GetClientRectWin</a>
 <LI><a href="#[24d]">WM__GetFirstSibling</a>
 <LI><a href="#[187]">WM__GetNextIVR</a>
 <LI><a href="#[227]">WM__GetPrevSibling</a>
 <LI><a href="#[186]">WM__InitIVRSearch</a>
 <LI><a href="#[22b]">WM__InsertWindowIntoList</a>
 <LI><a href="#[241]">WM__InvalidateDrawAndDescs</a>
 <LI><a href="#[245]">WM__InvalidateRect</a>
 <LI><a href="#[229]">WM__InvalidateRectEx</a>
 <LI><a href="#[251]">WM__IsAncestor</a>
 <LI><a href="#[23a]">WM__IsEnabled</a>
 <LI><a href="#[239]">WM__IsInModalArea</a>
 <LI><a href="#[248]">WM__IsWindow</a>
 <LI><a href="#[240]">WM__RemoveCriticalHandle</a>
 <LI><a href="#[22e]">WM__SendMessage</a>
 <LI><a href="#[23c]">WM__SendMessageIfEnabled</a>
 <LI><a href="#[252]">WM__SendPIDMessage</a>
 <LI><a href="#[23b]">WM__SendTouchMessage</a>
 <LI><a href="#[113]">_DrawBitmap</a>
 <LI><a href="#[114]">_DrawHLine</a>
 <LI><a href="#[115]">_DrawVLine</a>
 <LI><a href="#[116]">_FillRect</a>
 <LI><a href="#[11d]">_GetDevData</a>
 <LI><a href="#[11b]">_GetDevFunc</a>
 <LI><a href="#[11c]">_GetDevProp</a>
 <LI><a href="#[117]">_GetPixelIndex</a>
 <LI><a href="#[11e]">_GetRect</a>
 <LI><a href="#[11a]">_SetOrg</a>
 <LI><a href="#[118]">_SetPixelIndex</a>
 <LI><a href="#[25c]">_XY2PTR_BITOFFSET</a>
 <LI><a href="#[119]">_XorPixel</a>
 <LI><a href="#[12b]">_DrawBitmap</a>
 <LI><a href="#[12c]">_DrawHLine</a>
 <LI><a href="#[12d]">_DrawVLine</a>
 <LI><a href="#[12e]">_FillRect</a>
 <LI><a href="#[135]">_GetDevData</a>
 <LI><a href="#[133]">_GetDevFunc</a>
 <LI><a href="#[134]">_GetDevProp</a>
 <LI><a href="#[12f]">_GetPixelIndex</a>
 <LI><a href="#[136]">_GetRect</a>
 <LI><a href="#[132]">_SetOrg</a>
 <LI><a href="#[130]">_SetPixelIndex</a>
 <LI><a href="#[25d]">_XY2PTR</a>
 <LI><a href="#[131]">_XorPixel</a>
 <LI><a href="#[1d9]">_GetColorHQ</a>
 <LI><a href="#[1d8]">_GetMinMax</a>
 <LI><a href="#[1cf]">_FadeDevices</a>
 <LI><a href="#[257]">_CopyBuffer</a>
 <LI><a href="#[fb]">_DrawBitmap</a>
 <LI><a href="#[fc]">_DrawHLine</a>
 <LI><a href="#[fd]">_DrawVLine</a>
 <LI><a href="#[fe]">_FillRect</a>
 <LI><a href="#[105]">_GetDevData</a>
 <LI><a href="#[103]">_GetDevFunc</a>
 <LI><a href="#[104]">_GetDevProp</a>
 <LI><a href="#[ff]">_GetPixelIndex</a>
 <LI><a href="#[264]">_GetPos</a>
 <LI><a href="#[106]">_GetRect</a>
 <LI><a href="#[265]">_Init</a>
 <LI><a href="#[258]">_InitOnce</a>
 <LI><a href="#[269]">_Off</a>
 <LI><a href="#[26a]">_On</a>
 <LI><a href="#[26e]">_SetAlpha</a>
 <LI><a href="#[26f]">_SetAlphaMode</a>
 <LI><a href="#[270]">_SetChroma</a>
 <LI><a href="#[271]">_SetChromaMode</a>
 <LI><a href="#[272]">_SetDevFunc</a>
 <LI><a href="#[102]">_SetOrg</a>
 <LI><a href="#[100]">_SetPixelIndex</a>
 <LI><a href="#[273]">_SetPos</a>
 <LI><a href="#[276]">_SetSize</a>
 <LI><a href="#[277]">_SetVRAMAddr</a>
 <LI><a href="#[278]">_SetVRAM_BufferPTR</a>
 <LI><a href="#[279]">_SetVSize</a>
 <LI><a href="#[275]">_SetVis</a>
 <LI><a href="#[27a]">_ShowBuffer</a>
 <LI><a href="#[101]">_XorPixel</a>
 <LI><a href="#[215]">_GetMaxValue</a>
 <LI><a href="#[19f]">_DrawGradient</a>
 <LI><a href="#[178]">_AddFreeMemory</a>
 <LI><a href="#[175]">_Alloc</a>
 <LI><a href="#[253]">_EnlargeBlocks</a>
 <LI><a href="#[17a]">_InitOnce</a>
 <LI><a href="#[17c]">_RemoveFreeBlock</a>
 <LI><a href="#[17b]">_RemoveHoles</a>
 <LI><a href="#[144]">_Color2IndexBulk</a>
 <LI><a href="#[141]">_Color2Index_M565</a>
 <LI><a href="#[143]">_GetIndexMask_M565</a>
 <LI><a href="#[145]">_Index2ColorBulk</a>
 <LI><a href="#[109]">_CallDrawBitmapHW</a>
 <LI><a href="#[254]">_DoClipping</a>
 <LI><a href="#[25e]">_DrawBitmap</a>
 <LI><a href="#[107]">_DrawBitmap_M8888I</a>
 <LI><a href="#[a]">_SetPixelAlpha</a>
 <LI><a href="#[13e]">LCD_Color2Index_1</a>
 <LI><a href="#[140]">_GetIndexMask_1</a>
 <LI><a href="#[13f]">_Index2Color_1</a>
 <LI><a href="#[14d]">_Color2IndexBulk_M8888I</a>
 <LI><a href="#[14b]">_Color2Index_M8888I</a>
 <LI><a href="#[14c]">_GetIndexMask_M8888I</a>
 <LI><a href="#[14e]">_Index2ColorBulk_M8888I</a>
 <LI><a href="#[11f]">_DrawBitmap</a>
 <LI><a href="#[120]">_DrawHLine</a>
 <LI><a href="#[121]">_DrawVLine</a>
 <LI><a href="#[122]">_FillRect</a>
 <LI><a href="#[129]">_GetDevData</a>
 <LI><a href="#[127]">_GetDevFunc</a>
 <LI><a href="#[128]">_GetDevProp</a>
 <LI><a href="#[123]">_GetPixelIndex</a>
 <LI><a href="#[12a]">_GetRect</a>
 <LI><a href="#[126]">_SetOrg</a>
 <LI><a href="#[124]">_SetPixelIndex</a>
 <LI><a href="#[25f]">_XY2PTR</a>
 <LI><a href="#[125]">_XorPixel</a>
 <LI><a href="#[1e6]">_Convert16</a>
 <LI><a href="#[1e8]">_Convert8</a>
 <LI><a href="#[f7]">GUI_USAGE_BM_AddHLine</a>
 <LI><a href="#[f6]">GUI_USAGE_BM_AddPixel</a>
 <LI><a href="#[f8]">GUI_USAGE_BM_Clear</a>
 <LI><a href="#[fa]">GUI_USAGE_BM_GetNextDirty</a>
 <LI><a href="#[f9]">_GUI_USAGE_BM_Delete</a>
 <LI><a href="#[1e2]">_WriteToActiveAlpha</a>
 <LI><a href="#[24f]">_Findx0</a>
 <LI><a href="#[250]">_Findx1</a>
 <LI><a href="#[24e]">_Findy1</a>
 <LI><a href="#[246]">_Invalidate1Abs</a>
 <LI><a href="#[24b]">_SetClipRectUserIntersect</a>
 <LI><a href="#[27b]">_cbBackWin</a>
 <LI><a href="#[26b]">_OnExit</a>
 <LI><a href="#[154]">_SetBkColor</a>
 <LI><a href="#[153]">_SetColor</a>
 <LI><a href="#[155]">_SetDrawMode</a>
 <LI><a href="#[139]">_CalcSizeOfChar</a>
 <LI><a href="#[13a]">_Encode</a>
 <LI><a href="#[137]">_GetCharCode</a>
 <LI><a href="#[138]">_GetCharSize</a>
 <LI><a href="#[204]">_DispLine</a>
 <LI><a href="#[152]">_DrawNonExistingCharacter_Dummy</a>
 <LI><a href="#[151]">_GetNonExistingCharWidth_Dummy</a>
 <LI><a href="#[149]">_Color2IndexBulk</a>
 <LI><a href="#[146]">_Color2Index_M888</a>
 <LI><a href="#[148]">_GetIndexMask_M888</a>
 <LI><a href="#[14a]">_Index2ColorBulk</a>
 <LI><a href="#[26c]">_OnExit</a>
 <LI><a href="#[9]">_DrawCharAA4_Trans</a>
 <LI><a href="#[249]">_Screen2hWin</a>
 <LI><a href="#[13b]">_Color2Index_0</a>
 <LI><a href="#[13d]">_GetIndexMask_0</a>
 <LI><a href="#[13c]">_Index2Color_0</a>
 <LI><a href="#[1ee]">LCD_ReadRectEx</a>
 <LI><a href="#[1f0]">_CreateBuffer</a>
 <LI><a href="#[262]">_FlushBuffer</a>
 <LI><a href="#[1f1]">_GetBkIndex</a>
 <LI><a href="#[1f3]">_GetBkIndexAlpha</a>
 <LI><a href="#[1ef]">_GetDeviceRect</a>
 <LI><a href="#[1f4]">_ReleaseBuffer</a>
 <LI><a href="#[1f2]">_SetBkIndexBuffered</a>
</UL>
</UL>
<P>
<H3>
Mutually Recursive functions
</H3> <LI><a href="#[29e]">__aeabi_assert</a>&nbsp;&nbsp;&nbsp;&rArr;&nbsp;&nbsp;&nbsp;<a href="#[291]">DbgConsole_Printf</a><BR>
 <LI><a href="#[c]">NMI_Handler</a>&nbsp;&nbsp;&nbsp;&rArr;&nbsp;&nbsp;&nbsp;<a href="#[c]">NMI_Handler</a><BR>
 <LI><a href="#[d]">HardFault_Handler</a>&nbsp;&nbsp;&nbsp;&rArr;&nbsp;&nbsp;&nbsp;<a href="#[d]">HardFault_Handler</a><BR>
 <LI><a href="#[e]">MemManage_Handler</a>&nbsp;&nbsp;&nbsp;&rArr;&nbsp;&nbsp;&nbsp;<a href="#[e]">MemManage_Handler</a><BR>
 <LI><a href="#[f]">BusFault_Handler</a>&nbsp;&nbsp;&nbsp;&rArr;&nbsp;&nbsp;&nbsp;<a href="#[f]">BusFault_Handler</a><BR>
 <LI><a href="#[10]">UsageFault_Handler</a>&nbsp;&nbsp;&nbsp;&rArr;&nbsp;&nbsp;&nbsp;<a href="#[10]">UsageFault_Handler</a><BR>
 <LI><a href="#[12]">DebugMon_Handler</a>&nbsp;&nbsp;&nbsp;&rArr;&nbsp;&nbsp;&nbsp;<a href="#[12]">DebugMon_Handler</a><BR>
 <LI><a href="#[253]">_EnlargeBlocks</a>&nbsp;&nbsp;&nbsp;&rArr;&nbsp;&nbsp;&nbsp;<a href="#[175]">_Alloc</a><BR>
 <LI><a href="#[24e]">_Findy1</a>&nbsp;&nbsp;&nbsp;&rArr;&nbsp;&nbsp;&nbsp;<a href="#[24e]">_Findy1</a><BR>
 <LI><a href="#[250]">_Findx1</a>&nbsp;&nbsp;&nbsp;&rArr;&nbsp;&nbsp;&nbsp;<a href="#[250]">_Findx1</a><BR>
 <LI><a href="#[24f]">_Findx0</a>&nbsp;&nbsp;&nbsp;&rArr;&nbsp;&nbsp;&nbsp;<a href="#[24f]">_Findx0</a><BR>
 <LI><a href="#[245]">WM__InvalidateRect</a>&nbsp;&nbsp;&nbsp;&rArr;&nbsp;&nbsp;&nbsp;<a href="#[245]">WM__InvalidateRect</a><BR>
 <LI><a href="#[247]">WM_InvalidateWindowAndDescsEx</a>&nbsp;&nbsp;&nbsp;&rArr;&nbsp;&nbsp;&nbsp;<a href="#[247]">WM_InvalidateWindowAndDescsEx</a><BR>
 <LI><a href="#[241]">WM__InvalidateDrawAndDescs</a>&nbsp;&nbsp;&nbsp;&rArr;&nbsp;&nbsp;&nbsp;<a href="#[241]">WM__InvalidateDrawAndDescs</a><BR>
 <LI><a href="#[231]">WM_SendToParent</a>&nbsp;&nbsp;&nbsp;&rArr;&nbsp;&nbsp;&nbsp;<a href="#[22e]">WM__SendMessage</a><BR>
 <LI><a href="#[14d]">_Color2IndexBulk_M8888I</a>&nbsp;&nbsp;&nbsp;&rArr;&nbsp;&nbsp;&nbsp;<a href="#[14d]">_Color2IndexBulk_M8888I</a><BR>
 <LI><a href="#[14e]">_Index2ColorBulk_M8888I</a>&nbsp;&nbsp;&nbsp;&rArr;&nbsp;&nbsp;&nbsp;<a href="#[14e]">_Index2ColorBulk_M8888I</a><BR>
 <LI><a href="#[149]">_Color2IndexBulk</a>&nbsp;&nbsp;&nbsp;&rArr;&nbsp;&nbsp;&nbsp;<a href="#[149]">_Color2IndexBulk</a><BR>
 <LI><a href="#[14a]">_Index2ColorBulk</a>&nbsp;&nbsp;&nbsp;&rArr;&nbsp;&nbsp;&nbsp;<a href="#[14a]">_Index2ColorBulk</a><BR>
</UL>
<P>
<H3>
Function Pointers
</H3><UL>
 <LI><a href="#[90]">ACMP1_IRQHandler</a> from startup_mimxrt1052.o(.text) referenced from startup_mimxrt1052.o(RESET)
 <LI><a href="#[91]">ACMP2_IRQHandler</a> from startup_mimxrt1052.o(.text) referenced from startup_mimxrt1052.o(RESET)
 <LI><a href="#[92]">ACMP3_IRQHandler</a> from startup_mimxrt1052.o(.text) referenced from startup_mimxrt1052.o(RESET)
 <LI><a href="#[93]">ACMP4_IRQHandler</a> from startup_mimxrt1052.o(.text) referenced from startup_mimxrt1052.o(RESET)
 <LI><a href="#[58]">ADC1_IRQHandler</a> from startup_mimxrt1052.o(.text) referenced from startup_mimxrt1052.o(RESET)
 <LI><a href="#[59]">ADC2_IRQHandler</a> from startup_mimxrt1052.o(.text) referenced from startup_mimxrt1052.o(RESET)
 <LI><a href="#[8e]">ADC_ETC_ERROR_IRQ_IRQHandler</a> from startup_mimxrt1052.o(.text) referenced from startup_mimxrt1052.o(RESET)
 <LI><a href="#[8b]">ADC_ETC_IRQ0_IRQHandler</a> from startup_mimxrt1052.o(.text) referenced from startup_mimxrt1052.o(RESET)
 <LI><a href="#[8c]">ADC_ETC_IRQ1_IRQHandler</a> from startup_mimxrt1052.o(.text) referenced from startup_mimxrt1052.o(RESET)
 <LI><a href="#[8d]">ADC_ETC_IRQ2_IRQHandler</a> from startup_mimxrt1052.o(.text) referenced from startup_mimxrt1052.o(RESET)
 <LI><a href="#[52]">ANATOP_EVENT0_IRQHandler</a> from startup_mimxrt1052.o(.text) referenced from startup_mimxrt1052.o(RESET)
 <LI><a href="#[53]">ANATOP_EVENT1_IRQHandler</a> from startup_mimxrt1052.o(.text) referenced from startup_mimxrt1052.o(RESET)
 <LI><a href="#[54]">ANATOP_TAMP_LOW_HIGH_IRQHandler</a> from startup_mimxrt1052.o(.text) referenced from startup_mimxrt1052.o(RESET)
 <LI><a href="#[55]">ANATOP_TEMP_PANIC_IRQHandler</a> from startup_mimxrt1052.o(.text) referenced from startup_mimxrt1052.o(RESET)
 <LI><a href="#[4c]">BEE_IRQHandler</a> from startup_mimxrt1052.o(.text) referenced from startup_mimxrt1052.o(RESET)
 <LI><a href="#[f]">BusFault_Handler</a> from startup_mimxrt1052.o(.text) referenced from startup_mimxrt1052.o(RESET)
 <LI><a href="#[da]">CAN1_DriverIRQHandler</a> from startup_mimxrt1052.o(.text) referenced from startup_mimxrt1052.o(.text)
 <LI><a href="#[39]">CAN1_IRQHandler</a> from startup_mimxrt1052.o(.text) referenced from startup_mimxrt1052.o(RESET)
 <LI><a href="#[db]">CAN2_DriverIRQHandler</a> from startup_mimxrt1052.o(.text) referenced from startup_mimxrt1052.o(.text)
 <LI><a href="#[3a]">CAN2_IRQHandler</a> from startup_mimxrt1052.o(.text) referenced from startup_mimxrt1052.o(RESET)
 <LI><a href="#[74]">CCM_1_IRQHandler</a> from startup_mimxrt1052.o(.text) referenced from startup_mimxrt1052.o(RESET)
 <LI><a href="#[75]">CCM_2_IRQHandler</a> from startup_mimxrt1052.o(.text) referenced from startup_mimxrt1052.o(RESET)
 <LI><a href="#[28]">CORE_IRQHandler</a> from startup_mimxrt1052.o(.text) referenced from startup_mimxrt1052.o(RESET)
 <LI><a href="#[40]">CSI_IRQHandler</a> from startup_mimxrt1052.o(.text) referenced from startup_mimxrt1052.o(RESET)
 <LI><a href="#[46]">CSU_IRQHandler</a> from startup_mimxrt1052.o(.text) referenced from startup_mimxrt1052.o(RESET)
 <LI><a href="#[26]">CTI0_ERROR_IRQHandler</a> from startup_mimxrt1052.o(.text) referenced from startup_mimxrt1052.o(RESET)
 <LI><a href="#[27]">CTI1_ERROR_IRQHandler</a> from startup_mimxrt1052.o(.text) referenced from startup_mimxrt1052.o(RESET)
 <LI><a href="#[5a]">DCDC_IRQHandler</a> from startup_mimxrt1052.o(.text) referenced from startup_mimxrt1052.o(RESET)
 <LI><a href="#[47]">DCP_IRQHandler</a> from startup_mimxrt1052.o(.text) referenced from startup_mimxrt1052.o(RESET)
 <LI><a href="#[48]">DCP_VMI_IRQHandler</a> from startup_mimxrt1052.o(.text) referenced from startup_mimxrt1052.o(RESET)
 <LI><a href="#[b9]">DMA0_DMA16_DriverIRQHandler</a> from startup_mimxrt1052.o(.text) referenced from startup_mimxrt1052.o(.text)
 <LI><a href="#[15]">DMA0_DMA16_IRQHandler</a> from startup_mimxrt1052.o(.text) referenced from startup_mimxrt1052.o(RESET)
 <LI><a href="#[c3]">DMA10_DMA26_DriverIRQHandler</a> from startup_mimxrt1052.o(.text) referenced from startup_mimxrt1052.o(.text)
 <LI><a href="#[1f]">DMA10_DMA26_IRQHandler</a> from startup_mimxrt1052.o(.text) referenced from startup_mimxrt1052.o(RESET)
 <LI><a href="#[c4]">DMA11_DMA27_DriverIRQHandler</a> from startup_mimxrt1052.o(.text) referenced from startup_mimxrt1052.o(.text)
 <LI><a href="#[20]">DMA11_DMA27_IRQHandler</a> from startup_mimxrt1052.o(.text) referenced from startup_mimxrt1052.o(RESET)
 <LI><a href="#[c5]">DMA12_DMA28_DriverIRQHandler</a> from startup_mimxrt1052.o(.text) referenced from startup_mimxrt1052.o(.text)
 <LI><a href="#[21]">DMA12_DMA28_IRQHandler</a> from startup_mimxrt1052.o(.text) referenced from startup_mimxrt1052.o(RESET)
 <LI><a href="#[c6]">DMA13_DMA29_DriverIRQHandler</a> from startup_mimxrt1052.o(.text) referenced from startup_mimxrt1052.o(.text)
 <LI><a href="#[22]">DMA13_DMA29_IRQHandler</a> from startup_mimxrt1052.o(.text) referenced from startup_mimxrt1052.o(RESET)
 <LI><a href="#[c7]">DMA14_DMA30_DriverIRQHandler</a> from startup_mimxrt1052.o(.text) referenced from startup_mimxrt1052.o(.text)
 <LI><a href="#[23]">DMA14_DMA30_IRQHandler</a> from startup_mimxrt1052.o(.text) referenced from startup_mimxrt1052.o(RESET)
 <LI><a href="#[c8]">DMA15_DMA31_DriverIRQHandler</a> from startup_mimxrt1052.o(.text) referenced from startup_mimxrt1052.o(.text)
 <LI><a href="#[24]">DMA15_DMA31_IRQHandler</a> from startup_mimxrt1052.o(.text) referenced from startup_mimxrt1052.o(RESET)
 <LI><a href="#[ba]">DMA1_DMA17_DriverIRQHandler</a> from startup_mimxrt1052.o(.text) referenced from startup_mimxrt1052.o(.text)
 <LI><a href="#[16]">DMA1_DMA17_IRQHandler</a> from startup_mimxrt1052.o(.text) referenced from startup_mimxrt1052.o(RESET)
 <LI><a href="#[bb]">DMA2_DMA18_DriverIRQHandler</a> from startup_mimxrt1052.o(.text) referenced from startup_mimxrt1052.o(.text)
 <LI><a href="#[17]">DMA2_DMA18_IRQHandler</a> from startup_mimxrt1052.o(.text) referenced from startup_mimxrt1052.o(RESET)
 <LI><a href="#[bc]">DMA3_DMA19_DriverIRQHandler</a> from startup_mimxrt1052.o(.text) referenced from startup_mimxrt1052.o(.text)
 <LI><a href="#[18]">DMA3_DMA19_IRQHandler</a> from startup_mimxrt1052.o(.text) referenced from startup_mimxrt1052.o(RESET)
 <LI><a href="#[bd]">DMA4_DMA20_DriverIRQHandler</a> from startup_mimxrt1052.o(.text) referenced from startup_mimxrt1052.o(.text)
 <LI><a href="#[19]">DMA4_DMA20_IRQHandler</a> from startup_mimxrt1052.o(.text) referenced from startup_mimxrt1052.o(RESET)
 <LI><a href="#[be]">DMA5_DMA21_DriverIRQHandler</a> from startup_mimxrt1052.o(.text) referenced from startup_mimxrt1052.o(.text)
 <LI><a href="#[1a]">DMA5_DMA21_IRQHandler</a> from startup_mimxrt1052.o(.text) referenced from startup_mimxrt1052.o(RESET)
 <LI><a href="#[bf]">DMA6_DMA22_DriverIRQHandler</a> from startup_mimxrt1052.o(.text) referenced from startup_mimxrt1052.o(.text)
 <LI><a href="#[1b]">DMA6_DMA22_IRQHandler</a> from startup_mimxrt1052.o(.text) referenced from startup_mimxrt1052.o(RESET)
 <LI><a href="#[c0]">DMA7_DMA23_DriverIRQHandler</a> from startup_mimxrt1052.o(.text) referenced from startup_mimxrt1052.o(.text)
 <LI><a href="#[1c]">DMA7_DMA23_IRQHandler</a> from startup_mimxrt1052.o(.text) referenced from startup_mimxrt1052.o(RESET)
 <LI><a href="#[c1]">DMA8_DMA24_DriverIRQHandler</a> from startup_mimxrt1052.o(.text) referenced from startup_mimxrt1052.o(.text)
 <LI><a href="#[1d]">DMA8_DMA24_IRQHandler</a> from startup_mimxrt1052.o(.text) referenced from startup_mimxrt1052.o(RESET)
 <LI><a href="#[c2]">DMA9_DMA25_DriverIRQHandler</a> from startup_mimxrt1052.o(.text) referenced from startup_mimxrt1052.o(.text)
 <LI><a href="#[1e]">DMA9_DMA25_IRQHandler</a> from startup_mimxrt1052.o(.text) referenced from startup_mimxrt1052.o(RESET)
 <LI><a href="#[c9]">DMA_ERROR_DriverIRQHandler</a> from startup_mimxrt1052.o(.text) referenced from startup_mimxrt1052.o(.text)
 <LI><a href="#[25]">DMA_ERROR_IRQHandler</a> from startup_mimxrt1052.o(.text) referenced from startup_mimxrt1052.o(RESET)
 <LI><a href="#[ea]">DbgConsole_RelocateLog</a> from fsl_debug_console.o(i.DbgConsole_RelocateLog) referenced from fsl_debug_console.o(i.DbgConsole_Printf)
 <LI><a href="#[12]">DebugMon_Handler</a> from startup_mimxrt1052.o(.text) referenced from startup_mimxrt1052.o(RESET)
 <LI><a href="#[b5]">DefaultISR</a> from startup_mimxrt1052.o(.text) referenced from startup_mimxrt1052.o(.text)
 <LI><a href="#[b5]">DefaultISR</a> from startup_mimxrt1052.o(.text) referenced 79 times from startup_mimxrt1052.o(RESET)
 <LI><a href="#[96]">ENC1_IRQHandler</a> from startup_mimxrt1052.o(.text) referenced from startup_mimxrt1052.o(RESET)
 <LI><a href="#[97]">ENC2_IRQHandler</a> from startup_mimxrt1052.o(.text) referenced from startup_mimxrt1052.o(RESET)
 <LI><a href="#[98]">ENC3_IRQHandler</a> from startup_mimxrt1052.o(.text) referenced from startup_mimxrt1052.o(RESET)
 <LI><a href="#[99]">ENC4_IRQHandler</a> from startup_mimxrt1052.o(.text) referenced from startup_mimxrt1052.o(RESET)
 <LI><a href="#[e7]">ENET_1588_Timer_DriverIRQHandler</a> from startup_mimxrt1052.o(.text) referenced from startup_mimxrt1052.o(.text)
 <LI><a href="#[88]">ENET_1588_Timer_IRQHandler</a> from startup_mimxrt1052.o(.text) referenced from startup_mimxrt1052.o(RESET)
 <LI><a href="#[e6]">ENET_DriverIRQHandler</a> from startup_mimxrt1052.o(.text) referenced from startup_mimxrt1052.o(.text)
 <LI><a href="#[87]">ENET_IRQHandler</a> from startup_mimxrt1052.o(.text) referenced from startup_mimxrt1052.o(RESET)
 <LI><a href="#[73]">EWM_IRQHandler</a> from startup_mimxrt1052.o(.text) referenced from startup_mimxrt1052.o(RESET)
 <LI><a href="#[e1]">FLEXIO1_DriverIRQHandler</a> from startup_mimxrt1052.o(.text) referenced from startup_mimxrt1052.o(.text)
 <LI><a href="#[6f]">FLEXIO1_IRQHandler</a> from startup_mimxrt1052.o(.text) referenced from startup_mimxrt1052.o(RESET)
 <LI><a href="#[e2]">FLEXIO2_DriverIRQHandler</a> from startup_mimxrt1052.o(.text) referenced from startup_mimxrt1052.o(.text)
 <LI><a href="#[70]">FLEXIO2_IRQHandler</a> from startup_mimxrt1052.o(.text) referenced from startup_mimxrt1052.o(RESET)
 <LI><a href="#[3b]">FLEXRAM_IRQHandler</a> from startup_mimxrt1052.o(.text) referenced from startup_mimxrt1052.o(RESET)
 <LI><a href="#[e3]">FLEXSPI_DriverIRQHandler</a> from startup_mimxrt1052.o(.text) referenced from startup_mimxrt1052.o(.text)
 <LI><a href="#[81]">FLEXSPI_IRQHandler</a> from startup_mimxrt1052.o(.text) referenced from startup_mimxrt1052.o(RESET)
 <LI><a href="#[76]">GPC_IRQHandler</a> from startup_mimxrt1052.o(.text) referenced from startup_mimxrt1052.o(RESET)
 <LI><a href="#[65]">GPIO1_Combined_0_15_IRQHandler</a> from bsp_i2c_touch.o(i.GPIO1_Combined_0_15_IRQHandler) referenced from startup_mimxrt1052.o(RESET)
 <LI><a href="#[66]">GPIO1_Combined_16_31_IRQHandler</a> from startup_mimxrt1052.o(.text) referenced from startup_mimxrt1052.o(RESET)
 <LI><a href="#[5d]">GPIO1_INT0_IRQHandler</a> from startup_mimxrt1052.o(.text) referenced from startup_mimxrt1052.o(RESET)
 <LI><a href="#[5e]">GPIO1_INT1_IRQHandler</a> from startup_mimxrt1052.o(.text) referenced from startup_mimxrt1052.o(RESET)
 <LI><a href="#[5f]">GPIO1_INT2_IRQHandler</a> from startup_mimxrt1052.o(.text) referenced from startup_mimxrt1052.o(RESET)
 <LI><a href="#[60]">GPIO1_INT3_IRQHandler</a> from startup_mimxrt1052.o(.text) referenced from startup_mimxrt1052.o(RESET)
 <LI><a href="#[61]">GPIO1_INT4_IRQHandler</a> from startup_mimxrt1052.o(.text) referenced from startup_mimxrt1052.o(RESET)
 <LI><a href="#[62]">GPIO1_INT5_IRQHandler</a> from startup_mimxrt1052.o(.text) referenced from startup_mimxrt1052.o(RESET)
 <LI><a href="#[63]">GPIO1_INT6_IRQHandler</a> from startup_mimxrt1052.o(.text) referenced from startup_mimxrt1052.o(RESET)
 <LI><a href="#[64]">GPIO1_INT7_IRQHandler</a> from startup_mimxrt1052.o(.text) referenced from startup_mimxrt1052.o(RESET)
 <LI><a href="#[67]">GPIO2_Combined_0_15_IRQHandler</a> from startup_mimxrt1052.o(.text) referenced from startup_mimxrt1052.o(RESET)
 <LI><a href="#[68]">GPIO2_Combined_16_31_IRQHandler</a> from startup_mimxrt1052.o(.text) referenced from startup_mimxrt1052.o(RESET)
 <LI><a href="#[69]">GPIO3_Combined_0_15_IRQHandler</a> from startup_mimxrt1052.o(.text) referenced from startup_mimxrt1052.o(RESET)
 <LI><a href="#[6a]">GPIO3_Combined_16_31_IRQHandler</a> from startup_mimxrt1052.o(.text) referenced from startup_mimxrt1052.o(RESET)
 <LI><a href="#[6b]">GPIO4_Combined_0_15_IRQHandler</a> from startup_mimxrt1052.o(.text) referenced from startup_mimxrt1052.o(RESET)
 <LI><a href="#[6c]">GPIO4_Combined_16_31_IRQHandler</a> from startup_mimxrt1052.o(.text) referenced from startup_mimxrt1052.o(RESET)
 <LI><a href="#[6d]">GPIO5_Combined_0_15_IRQHandler</a> from startup_mimxrt1052.o(.text) referenced from startup_mimxrt1052.o(RESET)
 <LI><a href="#[6e]">GPIO5_Combined_16_31_IRQHandler</a> from startup_mimxrt1052.o(.text) referenced from startup_mimxrt1052.o(RESET)
 <LI><a href="#[3e]">GPR_IRQ_IRQHandler</a> from startup_mimxrt1052.o(.text) referenced from startup_mimxrt1052.o(RESET)
 <LI><a href="#[79]">GPT1_IRQHandler</a> from startup_mimxrt1052.o(.text) referenced from startup_mimxrt1052.o(RESET)
 <LI><a href="#[7a]">GPT2_IRQHandler</a> from startup_mimxrt1052.o(.text) referenced from startup_mimxrt1052.o(RESET)
 <LI><a href="#[10b]">GUIMONO_DispChar</a> from GUI_CharM.o(.text.GUIMONO_DispChar) referenced from F6x8.o(.rodata.GUI_Font6x8)
 <LI><a href="#[10c]">GUIMONO_GetCharDistX</a> from GUI_CharM.o(.text.GUIMONO_GetCharDistX) referenced from F6x8.o(.rodata.GUI_Font6x8)
 <LI><a href="#[10d]">GUIMONO_GetFontInfo</a> from GUI_CharM.o(.text.GUIMONO_GetFontInfo) referenced from F6x8.o(.rodata.GUI_Font6x8)
 <LI><a href="#[10e]">GUIMONO_IsInFont</a> from GUI_CharM.o(.text.GUIMONO_IsInFont) referenced from F6x8.o(.rodata.GUI_Font6x8)
 <LI><a href="#[f1]">GUIPROP_AA4_EXT_DispChar</a> from GUIAA_Char4Ext.o(.text.GUIPROP_AA4_EXT_DispChar) referenced 3 times from memdev_bitmapspeedometer.o(.constdata)
 <LI><a href="#[10f]">GUIPROP_DispChar</a> from GUI_CharP.o(.text.GUIPROP_DispChar) referenced from F8x16_ASCII.o(.rodata.GUI_Font8x16_ASCII)
 <LI><a href="#[f2]">GUIPROP_EXT_GetCharDistX</a> from GUI_CharPExt.o(.text.GUIPROP_EXT_GetCharDistX) referenced 3 times from memdev_bitmapspeedometer.o(.constdata)
 <LI><a href="#[f5]">GUIPROP_EXT_GetCharInfo</a> from GUI_CharPExt.o(.text.GUIPROP_EXT_GetCharInfo) referenced 3 times from memdev_bitmapspeedometer.o(.constdata)
 <LI><a href="#[f3]">GUIPROP_EXT_GetFontInfo</a> from GUI_CharPExt.o(.text.GUIPROP_EXT_GetFontInfo) referenced 3 times from memdev_bitmapspeedometer.o(.constdata)
 <LI><a href="#[f4]">GUIPROP_EXT_IsInFont</a> from GUI_CharPExt.o(.text.GUIPROP_EXT_IsInFont) referenced 3 times from memdev_bitmapspeedometer.o(.constdata)
 <LI><a href="#[8]">GUIPROP_EXT__ClearLine</a> from GUI_EncExt.o(.text.GUIPROP_EXT__ClearLine) referenced 2 times from GUI_EncExt.o(.data._fpClearLine)
 <LI><a href="#[10a]">GUIPROP_EXT__DispLine</a> from GUI_EncExt.o(.text.GUIPROP_EXT__DispLine) referenced from GUI_EncExt.o(.rodata.GUI_ENC_APIList_EXT)
 <LI><a href="#[110]">GUIPROP_GetCharDistX</a> from GUI_CharP.o(.text.GUIPROP_GetCharDistX) referenced from F8x16_ASCII.o(.rodata.GUI_Font8x16_ASCII)
 <LI><a href="#[111]">GUIPROP_GetFontInfo</a> from GUI_CharP.o(.text.GUIPROP_GetFontInfo) referenced from F8x16_ASCII.o(.rodata.GUI_Font8x16_ASCII)
 <LI><a href="#[112]">GUIPROP_IsInFont</a> from GUI_CharP.o(.text.GUIPROP_IsInFont) referenced from F8x16_ASCII.o(.rodata.GUI_Font8x16_ASCII)
 <LI><a href="#[1]">GUI_MEMDEV_CopyToLCD</a> from GUIDEV.o(.text.GUI_MEMDEV_CopyToLCD) referenced 2 times from GUIDEV_MoveAndFade.o(.data.GUI_MEMDEV__pfMEMDEV_CopyToLCD)
 <LI><a href="#[f7]">GUI_USAGE_BM_AddHLine</a> from GUIDEV_UsageBM.o(.text.GUI_USAGE_BM_AddHLine) referenced from GUIDEV_UsageBM.o(.rodata.API)
 <LI><a href="#[f6]">GUI_USAGE_BM_AddPixel</a> from GUIDEV_UsageBM.o(.text.GUI_USAGE_BM_AddPixel) referenced from GUIDEV_UsageBM.o(.rodata.API)
 <LI><a href="#[f8]">GUI_USAGE_BM_Clear</a> from GUIDEV_UsageBM.o(.text.GUI_USAGE_BM_Clear) referenced from GUIDEV_UsageBM.o(.rodata.API)
 <LI><a href="#[fa]">GUI_USAGE_BM_GetNextDirty</a> from GUIDEV_UsageBM.o(.text.GUI_USAGE_BM_GetNextDirty) referenced from GUIDEV_UsageBM.o(.rodata.API)
 <LI><a href="#[4]">GUI__MixColors</a> from GUI__Alpha.o(.text.GUI__MixColors) referenced 2 times from GUI__Alpha.o(.data.GUI__pfMixColors)
 <LI><a href="#[5]">GUI__MixColorsBulk</a> from GUI__Alpha.o(.text.GUI__MixColorsBulk) referenced 2 times from GUI__Alpha.o(.data.GUI__pfMixColorsBulk)
 <LI><a href="#[0]">GUI__NOBIDI_Log2VisBuffered</a> from GUI_CharLine.o(.text.GUI__NOBIDI_Log2VisBuffered) referenced 2 times from GUI_CharLine.o(.data.GUI_CharLine_pfLog2Vis)
 <LI><a href="#[d]">HardFault_Handler</a> from startup_mimxrt1052.o(.text) referenced from startup_mimxrt1052.o(RESET)
 <LI><a href="#[eb]">I2C_Master_Callback</a> from bsp_i2c_touch.o(i.I2C_Master_Callback) referenced from bsp_i2c_touch.o(i.GTP_I2C_ModeInit)
 <LI><a href="#[3c]">KPP_IRQHandler</a> from startup_mimxrt1052.o(.text) referenced from startup_mimxrt1052.o(RESET)
 <LI><a href="#[3f]">LCDIF_IRQHandler</a> from emwin_support.o(i.LCDIF_IRQHandler) referenced from startup_mimxrt1052.o(RESET)
 <LI><a href="#[7]">LCD_AA_MixColors16</a> from LCD_AA.o(.text.LCD_AA_MixColors16) referenced 2 times from LCD_AA.o(.data.LCD_AA_pfMixColors16)
 <LI><a href="#[13e]">LCD_Color2Index_1</a> from GUICC_1.o(.text.LCD_Color2Index_1) referenced from GUICC_1.o(.rodata.LCD_API_ColorConv_1)
 <LI><a href="#[14f]">LCD_DrawHLine</a> from LCD.o(.text.LCD_DrawHLine) referenced from GUI_Core.o(.rodata._HL_APIList)
 <LI><a href="#[150]">LCD_DrawPixel</a> from LCD.o(.text.LCD_DrawPixel) referenced from GUI_Core.o(.rodata._HL_APIList)
 <LI><a href="#[6]">LCD_GetpPalConvTableBM</a> from LCD_Color.o(.text.LCD_GetpPalConvTableBM) referenced 2 times from GUI_Core.o(.data.GUI_pfGetpPalConvTable)
 <LI><a href="#[142]">LCD_Index2Color_M565</a> from GUICC_M565.o(.text.LCD_Index2Color_M565) referenced from GUICC_M565.o(.rodata.LCD_API_ColorConv_M565)
 <LI><a href="#[147]">LCD_Index2Color_M888</a> from GUICC_M888_Index2Color.o(.text.LCD_Index2Color_M888) referenced from GUICC_M888.o(.rodata.LCD_API_ColorConv_M888)
 <LI><a href="#[108]">LCD_Index2Color_M8888I</a> from GUICC_M8888I_Index2Color.o(.text.LCD_Index2Color_M8888I) referenced from GUI_DrawBitmap_8888.o(.rodata.GUI_BitmapMethodsM8888I)
 <LI><a href="#[108]">LCD_Index2Color_M8888I</a> from GUICC_M8888I_Index2Color.o(.text.LCD_Index2Color_M8888I) referenced from GUICC_M8888I.o(.rodata.LCD_API_ColorConv_M8888I)
 <LI><a href="#[d2]">LPI2C1_DriverIRQHandler</a> from fsl_lpi2c.o(i.LPI2C1_DriverIRQHandler) referenced from startup_mimxrt1052.o(.text)
 <LI><a href="#[31]">LPI2C1_IRQHandler</a> from startup_mimxrt1052.o(.text) referenced from startup_mimxrt1052.o(RESET)
 <LI><a href="#[d3]">LPI2C2_DriverIRQHandler</a> from fsl_lpi2c.o(i.LPI2C2_DriverIRQHandler) referenced from startup_mimxrt1052.o(.text)
 <LI><a href="#[32]">LPI2C2_IRQHandler</a> from startup_mimxrt1052.o(.text) referenced from startup_mimxrt1052.o(RESET)
 <LI><a href="#[d4]">LPI2C3_DriverIRQHandler</a> from fsl_lpi2c.o(i.LPI2C3_DriverIRQHandler) referenced from startup_mimxrt1052.o(.text)
 <LI><a href="#[33]">LPI2C3_IRQHandler</a> from startup_mimxrt1052.o(.text) referenced from startup_mimxrt1052.o(RESET)
 <LI><a href="#[d5]">LPI2C4_DriverIRQHandler</a> from startup_mimxrt1052.o(.text) referenced from startup_mimxrt1052.o(.text)
 <LI><a href="#[34]">LPI2C4_IRQHandler</a> from startup_mimxrt1052.o(.text) referenced from startup_mimxrt1052.o(RESET)
 <LI><a href="#[ec]">LPI2C_MasterTransferHandleIRQ</a> from fsl_lpi2c.o(i.LPI2C_MasterTransferHandleIRQ) referenced from fsl_lpi2c.o(i.LPI2C_MasterTransferCreateHandle)
 <LI><a href="#[d6]">LPSPI1_DriverIRQHandler</a> from startup_mimxrt1052.o(.text) referenced from startup_mimxrt1052.o(.text)
 <LI><a href="#[35]">LPSPI1_IRQHandler</a> from startup_mimxrt1052.o(.text) referenced from startup_mimxrt1052.o(RESET)
 <LI><a href="#[d7]">LPSPI2_DriverIRQHandler</a> from startup_mimxrt1052.o(.text) referenced from startup_mimxrt1052.o(.text)
 <LI><a href="#[36]">LPSPI2_IRQHandler</a> from startup_mimxrt1052.o(.text) referenced from startup_mimxrt1052.o(RESET)
 <LI><a href="#[d8]">LPSPI3_DriverIRQHandler</a> from startup_mimxrt1052.o(.text) referenced from startup_mimxrt1052.o(.text)
 <LI><a href="#[37]">LPSPI3_IRQHandler</a> from startup_mimxrt1052.o(.text) referenced from startup_mimxrt1052.o(RESET)
 <LI><a href="#[d9]">LPSPI4_DriverIRQHandler</a> from startup_mimxrt1052.o(.text) referenced from startup_mimxrt1052.o(.text)
 <LI><a href="#[38]">LPSPI4_IRQHandler</a> from startup_mimxrt1052.o(.text) referenced from startup_mimxrt1052.o(RESET)
 <LI><a href="#[ca]">LPUART1_DriverIRQHandler</a> from fsl_lpuart.o(i.LPUART1_DriverIRQHandler) referenced from startup_mimxrt1052.o(.text)
 <LI><a href="#[29]">LPUART1_IRQHandler</a> from startup_mimxrt1052.o(.text) referenced from startup_mimxrt1052.o(RESET)
 <LI><a href="#[cb]">LPUART2_DriverIRQHandler</a> from fsl_lpuart.o(i.LPUART2_DriverIRQHandler) referenced from startup_mimxrt1052.o(.text)
 <LI><a href="#[2a]">LPUART2_IRQHandler</a> from startup_mimxrt1052.o(.text) referenced from startup_mimxrt1052.o(RESET)
 <LI><a href="#[cc]">LPUART3_DriverIRQHandler</a> from fsl_lpuart.o(i.LPUART3_DriverIRQHandler) referenced from startup_mimxrt1052.o(.text)
 <LI><a href="#[2b]">LPUART3_IRQHandler</a> from startup_mimxrt1052.o(.text) referenced from startup_mimxrt1052.o(RESET)
 <LI><a href="#[cd]">LPUART4_DriverIRQHandler</a> from fsl_lpuart.o(i.LPUART4_DriverIRQHandler) referenced from startup_mimxrt1052.o(.text)
 <LI><a href="#[2c]">LPUART4_IRQHandler</a> from startup_mimxrt1052.o(.text) referenced from startup_mimxrt1052.o(RESET)
 <LI><a href="#[ce]">LPUART5_DriverIRQHandler</a> from fsl_lpuart.o(i.LPUART5_DriverIRQHandler) referenced from startup_mimxrt1052.o(.text)
 <LI><a href="#[2d]">LPUART5_IRQHandler</a> from startup_mimxrt1052.o(.text) referenced from startup_mimxrt1052.o(RESET)
 <LI><a href="#[cf]">LPUART6_DriverIRQHandler</a> from fsl_lpuart.o(i.LPUART6_DriverIRQHandler) referenced from startup_mimxrt1052.o(.text)
 <LI><a href="#[2e]">LPUART6_IRQHandler</a> from startup_mimxrt1052.o(.text) referenced from startup_mimxrt1052.o(RESET)
 <LI><a href="#[d0]">LPUART7_DriverIRQHandler</a> from fsl_lpuart.o(i.LPUART7_DriverIRQHandler) referenced from startup_mimxrt1052.o(.text)
 <LI><a href="#[2f]">LPUART7_IRQHandler</a> from startup_mimxrt1052.o(.text) referenced from startup_mimxrt1052.o(RESET)
 <LI><a href="#[d1]">LPUART8_DriverIRQHandler</a> from fsl_lpuart.o(i.LPUART8_DriverIRQHandler) referenced from startup_mimxrt1052.o(.text)
 <LI><a href="#[30]">LPUART8_IRQHandler</a> from startup_mimxrt1052.o(.text) referenced from startup_mimxrt1052.o(RESET)
 <LI><a href="#[e]">MemManage_Handler</a> from startup_mimxrt1052.o(.text) referenced from startup_mimxrt1052.o(RESET)
 <LI><a href="#[c]">NMI_Handler</a> from startup_mimxrt1052.o(.text) referenced from startup_mimxrt1052.o(RESET)
 <LI><a href="#[b4]">NMI_WAKEUP_IRQHandler</a> from startup_mimxrt1052.o(.text) referenced from startup_mimxrt1052.o(RESET)
 <LI><a href="#[8f]">PIT_IRQHandler</a> from startup_mimxrt1052.o(.text) referenced from startup_mimxrt1052.o(RESET)
 <LI><a href="#[7b]">PWM1_0_IRQHandler</a> from startup_mimxrt1052.o(.text) referenced from startup_mimxrt1052.o(RESET)
 <LI><a href="#[7c]">PWM1_1_IRQHandler</a> from startup_mimxrt1052.o(.text) referenced from startup_mimxrt1052.o(RESET)
 <LI><a href="#[7d]">PWM1_2_IRQHandler</a> from startup_mimxrt1052.o(.text) referenced from startup_mimxrt1052.o(RESET)
 <LI><a href="#[7e]">PWM1_3_IRQHandler</a> from startup_mimxrt1052.o(.text) referenced from startup_mimxrt1052.o(RESET)
 <LI><a href="#[7f]">PWM1_FAULT_IRQHandler</a> from startup_mimxrt1052.o(.text) referenced from startup_mimxrt1052.o(RESET)
 <LI><a href="#[9e]">PWM2_0_IRQHandler</a> from startup_mimxrt1052.o(.text) referenced from startup_mimxrt1052.o(RESET)
 <LI><a href="#[9f]">PWM2_1_IRQHandler</a> from startup_mimxrt1052.o(.text) referenced from startup_mimxrt1052.o(RESET)
 <LI><a href="#[a0]">PWM2_2_IRQHandler</a> from startup_mimxrt1052.o(.text) referenced from startup_mimxrt1052.o(RESET)
 <LI><a href="#[a1]">PWM2_3_IRQHandler</a> from startup_mimxrt1052.o(.text) referenced from startup_mimxrt1052.o(RESET)
 <LI><a href="#[a2]">PWM2_FAULT_IRQHandler</a> from startup_mimxrt1052.o(.text) referenced from startup_mimxrt1052.o(RESET)
 <LI><a href="#[a3]">PWM3_0_IRQHandler</a> from startup_mimxrt1052.o(.text) referenced from startup_mimxrt1052.o(RESET)
 <LI><a href="#[a4]">PWM3_1_IRQHandler</a> from startup_mimxrt1052.o(.text) referenced from startup_mimxrt1052.o(RESET)
 <LI><a href="#[a5]">PWM3_2_IRQHandler</a> from startup_mimxrt1052.o(.text) referenced from startup_mimxrt1052.o(RESET)
 <LI><a href="#[a6]">PWM3_3_IRQHandler</a> from startup_mimxrt1052.o(.text) referenced from startup_mimxrt1052.o(RESET)
 <LI><a href="#[a7]">PWM3_FAULT_IRQHandler</a> from startup_mimxrt1052.o(.text) referenced from startup_mimxrt1052.o(RESET)
 <LI><a href="#[a8]">PWM4_0_IRQHandler</a> from startup_mimxrt1052.o(.text) referenced from startup_mimxrt1052.o(RESET)
 <LI><a href="#[a9]">PWM4_1_IRQHandler</a> from startup_mimxrt1052.o(.text) referenced from startup_mimxrt1052.o(RESET)
 <LI><a href="#[aa]">PWM4_2_IRQHandler</a> from startup_mimxrt1052.o(.text) referenced from startup_mimxrt1052.o(RESET)
 <LI><a href="#[ab]">PWM4_3_IRQHandler</a> from startup_mimxrt1052.o(.text) referenced from startup_mimxrt1052.o(RESET)
 <LI><a href="#[ac]">PWM4_FAULT_IRQHandler</a> from startup_mimxrt1052.o(.text) referenced from startup_mimxrt1052.o(RESET)
 <LI><a href="#[41]">PXP_IRQHandler</a> from startup_mimxrt1052.o(.text) referenced from startup_mimxrt1052.o(RESET)
 <LI><a href="#[13]">PendSV_Handler</a> from port.o(.emb_text) referenced from startup_mimxrt1052.o(RESET)
 <LI><a href="#[72]">RTWDOG_IRQHandler</a> from startup_mimxrt1052.o(.text) referenced from startup_mimxrt1052.o(RESET)
 <LI><a href="#[78]">Reserved115_IRQHandler</a> from startup_mimxrt1052.o(.text) referenced from startup_mimxrt1052.o(RESET)
 <LI><a href="#[80]">Reserved123_IRQHandler</a> from startup_mimxrt1052.o(.text) referenced from startup_mimxrt1052.o(RESET)
 <LI><a href="#[94]">Reserved143_IRQHandler</a> from startup_mimxrt1052.o(.text) referenced from startup_mimxrt1052.o(RESET)
 <LI><a href="#[95]">Reserved144_IRQHandler</a> from startup_mimxrt1052.o(.text) referenced from startup_mimxrt1052.o(RESET)
 <LI><a href="#[ad]">Reserved168_IRQHandler</a> from startup_mimxrt1052.o(.text) referenced from startup_mimxrt1052.o(RESET)
 <LI><a href="#[ae]">Reserved169_IRQHandler</a> from startup_mimxrt1052.o(.text) referenced from startup_mimxrt1052.o(RESET)
 <LI><a href="#[af]">Reserved170_IRQHandler</a> from startup_mimxrt1052.o(.text) referenced from startup_mimxrt1052.o(RESET)
 <LI><a href="#[b0]">Reserved171_IRQHandler</a> from startup_mimxrt1052.o(.text) referenced from startup_mimxrt1052.o(RESET)
 <LI><a href="#[b1]">Reserved172_IRQHandler</a> from startup_mimxrt1052.o(.text) referenced from startup_mimxrt1052.o(RESET)
 <LI><a href="#[b2]">Reserved173_IRQHandler</a> from startup_mimxrt1052.o(.text) referenced from startup_mimxrt1052.o(RESET)
 <LI><a href="#[49]">Reserved68_IRQHandler</a> from startup_mimxrt1052.o(.text) referenced from startup_mimxrt1052.o(RESET)
 <LI><a href="#[5b]">Reserved86_IRQHandler</a> from startup_mimxrt1052.o(.text) referenced from startup_mimxrt1052.o(RESET)
 <LI><a href="#[5c]">Reserved87_IRQHandler</a> from startup_mimxrt1052.o(.text) referenced from startup_mimxrt1052.o(RESET)
 <LI><a href="#[b]">Reset_Handler</a> from startup_mimxrt1052.o(.text) referenced from startup_mimxrt1052.o(RESET)
 <LI><a href="#[dc]">SAI1_DriverIRQHandler</a> from startup_mimxrt1052.o(.text) referenced from startup_mimxrt1052.o(.text)
 <LI><a href="#[4d]">SAI1_IRQHandler</a> from startup_mimxrt1052.o(.text) referenced from startup_mimxrt1052.o(RESET)
 <LI><a href="#[dd]">SAI2_DriverIRQHandler</a> from startup_mimxrt1052.o(.text) referenced from startup_mimxrt1052.o(.text)
 <LI><a href="#[4e]">SAI2_IRQHandler</a> from startup_mimxrt1052.o(.text) referenced from startup_mimxrt1052.o(RESET)
 <LI><a href="#[de]">SAI3_RX_DriverIRQHandler</a> from startup_mimxrt1052.o(.text) referenced from startup_mimxrt1052.o(.text)
 <LI><a href="#[4f]">SAI3_RX_IRQHandler</a> from startup_mimxrt1052.o(.text) referenced from startup_mimxrt1052.o(RESET)
 <LI><a href="#[df]">SAI3_TX_DriverIRQHandler</a> from startup_mimxrt1052.o(.text) referenced from startup_mimxrt1052.o(.text)
 <LI><a href="#[50]">SAI3_TX_IRQHandler</a> from startup_mimxrt1052.o(.text) referenced from startup_mimxrt1052.o(RESET)
 <LI><a href="#[82]">SEMC_IRQHandler</a> from startup_mimxrt1052.o(.text) referenced from startup_mimxrt1052.o(RESET)
 <LI><a href="#[b3]">SJC_ARM_DEBUG_IRQHandler</a> from startup_mimxrt1052.o(.text) referenced from startup_mimxrt1052.o(RESET)
 <LI><a href="#[4b]">SJC_IRQHandler</a> from startup_mimxrt1052.o(.text) referenced from startup_mimxrt1052.o(RESET)
 <LI><a href="#[43]">SNVS_HP_WRAPPER_IRQHandler</a> from startup_mimxrt1052.o(.text) referenced from startup_mimxrt1052.o(RESET)
 <LI><a href="#[44]">SNVS_HP_WRAPPER_TZ_IRQHandler</a> from startup_mimxrt1052.o(.text) referenced from startup_mimxrt1052.o(RESET)
 <LI><a href="#[45]">SNVS_LP_WRAPPER_IRQHandler</a> from startup_mimxrt1052.o(.text) referenced from startup_mimxrt1052.o(RESET)
 <LI><a href="#[e0]">SPDIF_DriverIRQHandler</a> from startup_mimxrt1052.o(.text) referenced from startup_mimxrt1052.o(.text)
 <LI><a href="#[51]">SPDIF_IRQHandler</a> from startup_mimxrt1052.o(.text) referenced from startup_mimxrt1052.o(RESET)
 <LI><a href="#[77]">SRC_IRQHandler</a> from startup_mimxrt1052.o(.text) referenced from startup_mimxrt1052.o(RESET)
 <LI><a href="#[11]">SVC_Handler</a> from port.o(.emb_text) referenced from startup_mimxrt1052.o(RESET)
 <LI><a href="#[14]">SysTick_Handler</a> from bsp_systick.o(i.SysTick_Handler) referenced from startup_mimxrt1052.o(RESET)
 <LI><a href="#[b7]">SystemInit</a> from system_mimxrt1052.o(i.SystemInit) referenced from startup_mimxrt1052.o(.text)
 <LI><a href="#[9a]">TMR1_IRQHandler</a> from startup_mimxrt1052.o(.text) referenced from startup_mimxrt1052.o(RESET)
 <LI><a href="#[9b]">TMR2_IRQHandler</a> from startup_mimxrt1052.o(.text) referenced from startup_mimxrt1052.o(RESET)
 <LI><a href="#[9c]">TMR3_IRQHandler</a> from startup_mimxrt1052.o(.text) referenced from startup_mimxrt1052.o(RESET)
 <LI><a href="#[9d]">TMR4_IRQHandler</a> from startup_mimxrt1052.o(.text) referenced from startup_mimxrt1052.o(RESET)
 <LI><a href="#[4a]">TRNG_IRQHandler</a> from startup_mimxrt1052.o(.text) referenced from startup_mimxrt1052.o(RESET)
 <LI><a href="#[3d]">TSC_DIG_IRQHandler</a> from startup_mimxrt1052.o(.text) referenced from startup_mimxrt1052.o(RESET)
 <LI><a href="#[86]">USB_OTG1_IRQHandler</a> from startup_mimxrt1052.o(.text) referenced from startup_mimxrt1052.o(RESET)
 <LI><a href="#[85]">USB_OTG2_IRQHandler</a> from startup_mimxrt1052.o(.text) referenced from startup_mimxrt1052.o(RESET)
 <LI><a href="#[56]">USB_PHY1_IRQHandler</a> from startup_mimxrt1052.o(.text) referenced from startup_mimxrt1052.o(RESET)
 <LI><a href="#[57]">USB_PHY2_IRQHandler</a> from startup_mimxrt1052.o(.text) referenced from startup_mimxrt1052.o(RESET)
 <LI><a href="#[e4]">USDHC1_DriverIRQHandler</a> from startup_mimxrt1052.o(.text) referenced from startup_mimxrt1052.o(.text)
 <LI><a href="#[83]">USDHC1_IRQHandler</a> from startup_mimxrt1052.o(.text) referenced from startup_mimxrt1052.o(RESET)
 <LI><a href="#[e5]">USDHC2_DriverIRQHandler</a> from startup_mimxrt1052.o(.text) referenced from startup_mimxrt1052.o(.text)
 <LI><a href="#[84]">USDHC2_IRQHandler</a> from startup_mimxrt1052.o(.text) referenced from startup_mimxrt1052.o(RESET)
 <LI><a href="#[10]">UsageFault_Handler</a> from startup_mimxrt1052.o(.text) referenced from startup_mimxrt1052.o(RESET)
 <LI><a href="#[71]">WDOG1_IRQHandler</a> from startup_mimxrt1052.o(.text) referenced from startup_mimxrt1052.o(RESET)
 <LI><a href="#[42]">WDOG2_IRQHandler</a> from startup_mimxrt1052.o(.text) referenced from startup_mimxrt1052.o(RESET)
 <LI><a href="#[89]">XBAR1_IRQ_0_1_IRQHandler</a> from startup_mimxrt1052.o(.text) referenced from startup_mimxrt1052.o(RESET)
 <LI><a href="#[8a]">XBAR1_IRQ_2_3_IRQHandler</a> from startup_mimxrt1052.o(.text) referenced from startup_mimxrt1052.o(RESET)
 <LI><a href="#[139]">_CalcSizeOfChar</a> from GUI_UC_EncodeNone.o(.text._CalcSizeOfChar) referenced from GUI_UC_EncodeNone.o(.rodata.GUI_UC_None)
 <LI><a href="#[ed]">_CalcXIn</a> from memdev_bitmapspeedometer.o(i._CalcXIn) referenced from memdev_bitmapspeedometer.o(i._RollIn)
 <LI><a href="#[ee]">_CalcXOut</a> from memdev_bitmapspeedometer.o(i._CalcXOut) referenced from memdev_bitmapspeedometer.o(i._RollOut)
 <LI><a href="#[109]">_CallDrawBitmapHW</a> from GUI_DrawBitmap_8888.o(.text._CallDrawBitmapHW) referenced from GUI_DrawBitmap_8888.o(.rodata.GUI_BitmapMethodsM8888I)
 <LI><a href="#[144]">_Color2IndexBulk</a> from GUICC_M565.o(.text._Color2IndexBulk) referenced from GUICC_M565.o(.rodata.LCD_API_ColorConv_M565)
 <LI><a href="#[149]">_Color2IndexBulk</a> from GUICC_M888.o(.text._Color2IndexBulk) referenced from GUICC_M888.o(.rodata.LCD_API_ColorConv_M888)
 <LI><a href="#[14d]">_Color2IndexBulk_M8888I</a> from GUICC_M8888I.o(.text._Color2IndexBulk_M8888I) referenced from GUICC_M8888I.o(.rodata.LCD_API_ColorConv_M8888I)
 <LI><a href="#[13b]">_Color2Index_0</a> from GUICC_0.o(.text._Color2Index_0) referenced from GUICC_0.o(.rodata.LCD_API_ColorConv_0)
 <LI><a href="#[141]">_Color2Index_M565</a> from GUICC_M565.o(.text._Color2Index_M565) referenced from GUICC_M565.o(.rodata.LCD_API_ColorConv_M565)
 <LI><a href="#[146]">_Color2Index_M888</a> from GUICC_M888.o(.text._Color2Index_M888) referenced from GUICC_M888.o(.rodata.LCD_API_ColorConv_M888)
 <LI><a href="#[14b]">_Color2Index_M8888I</a> from GUICC_M8888I.o(.text._Color2Index_M8888I) referenced from GUICC_M8888I.o(.rodata.LCD_API_ColorConv_M8888I)
 <LI><a href="#[fb]">_DrawBitmap</a> from GUIDRV_Lin_16.o(.text._DrawBitmap) referenced from GUIDRV_Lin_16.o(.rodata.GUIDRV_Lin_16_API)
 <LI><a href="#[113]">_DrawBitmap</a> from GUIDEV_1.o(.text._DrawBitmap) referenced from GUIDEV_1.o(.rodata.GUI_MEMDEV_DEVICE_1)
 <LI><a href="#[11f]">_DrawBitmap</a> from GUIDEV_16.o(.text._DrawBitmap) referenced from GUIDEV_16.o(.rodata.GUI_MEMDEV_DEVICE_16)
 <LI><a href="#[12b]">_DrawBitmap</a> from GUIDEV_32.o(.text._DrawBitmap) referenced from GUIDEV_32.o(.rodata.GUI_MEMDEV_DEVICE_32)
 <LI><a href="#[107]">_DrawBitmap_M8888I</a> from GUI_DrawBitmap_8888.o(.text._DrawBitmap_M8888I) referenced from GUI_DrawBitmap_8888.o(.rodata.GUI_BitmapMethodsM8888I)
 <LI><a href="#[9]">_DrawCharAA4_Trans</a> from GUIAA_Char4.o(.text._DrawCharAA4_Trans) referenced 2 times from GUIAA_Char4.o(.data._pfDrawCharAA4_Trans)
 <LI><a href="#[fc]">_DrawHLine</a> from GUIDRV_Lin_16.o(.text._DrawHLine) referenced from GUIDRV_Lin_16.o(.rodata.GUIDRV_Lin_16_API)
 <LI><a href="#[114]">_DrawHLine</a> from GUIDEV_1.o(.text._DrawHLine) referenced from GUIDEV_1.o(.rodata.GUI_MEMDEV_DEVICE_1)
 <LI><a href="#[120]">_DrawHLine</a> from GUIDEV_16.o(.text._DrawHLine) referenced from GUIDEV_16.o(.rodata.GUI_MEMDEV_DEVICE_16)
 <LI><a href="#[12c]">_DrawHLine</a> from GUIDEV_32.o(.text._DrawHLine) referenced from GUIDEV_32.o(.rodata.GUI_MEMDEV_DEVICE_32)
 <LI><a href="#[152]">_DrawNonExistingCharacter_Dummy</a> from GUI_Char.o(.text._DrawNonExistingCharacter_Dummy) referenced from GUI_Char.o(.rodata._NonExistingCharacter_Dummy)
 <LI><a href="#[fd]">_DrawVLine</a> from GUIDRV_Lin_16.o(.text._DrawVLine) referenced from GUIDRV_Lin_16.o(.rodata.GUIDRV_Lin_16_API)
 <LI><a href="#[115]">_DrawVLine</a> from GUIDEV_1.o(.text._DrawVLine) referenced from GUIDEV_1.o(.rodata.GUI_MEMDEV_DEVICE_1)
 <LI><a href="#[121]">_DrawVLine</a> from GUIDEV_16.o(.text._DrawVLine) referenced from GUIDEV_16.o(.rodata.GUI_MEMDEV_DEVICE_16)
 <LI><a href="#[12d]">_DrawVLine</a> from GUIDEV_32.o(.text._DrawVLine) referenced from GUIDEV_32.o(.rodata.GUI_MEMDEV_DEVICE_32)
 <LI><a href="#[13a]">_Encode</a> from GUI_UC_EncodeNone.o(.text._Encode) referenced from GUI_UC_EncodeNone.o(.rodata.GUI_UC_None)
 <LI><a href="#[fe]">_FillRect</a> from GUIDRV_Lin_16.o(.text._FillRect) referenced from GUIDRV_Lin_16.o(.rodata.GUIDRV_Lin_16_API)
 <LI><a href="#[116]">_FillRect</a> from GUIDEV_1.o(.text._FillRect) referenced from GUIDEV_1.o(.rodata.GUI_MEMDEV_DEVICE_1)
 <LI><a href="#[122]">_FillRect</a> from GUIDEV_16.o(.text._FillRect) referenced from GUIDEV_16.o(.rodata.GUI_MEMDEV_DEVICE_16)
 <LI><a href="#[12e]">_FillRect</a> from GUIDEV_32.o(.text._FillRect) referenced from GUIDEV_32.o(.rodata.GUI_MEMDEV_DEVICE_32)
 <LI><a href="#[f9]">_GUI_USAGE_BM_Delete</a> from GUIDEV_UsageBM.o(.text._GUI_USAGE_BM_Delete) referenced from GUIDEV_UsageBM.o(.rodata.API)
 <LI><a href="#[137]">_GetCharCode</a> from GUI_UC_EncodeNone.o(.text._GetCharCode) referenced from GUI_UC_EncodeNone.o(.rodata.GUI_UC_None)
 <LI><a href="#[138]">_GetCharSize</a> from GUI_UC_EncodeNone.o(.text._GetCharSize) referenced from GUI_UC_EncodeNone.o(.rodata.GUI_UC_None)
 <LI><a href="#[105]">_GetDevData</a> from GUIDRV_Lin_16.o(.text._GetDevData) referenced from GUIDRV_Lin_16.o(.rodata.GUIDRV_Lin_16_API)
 <LI><a href="#[11d]">_GetDevData</a> from GUIDEV_1.o(.text._GetDevData) referenced from GUIDEV_1.o(.rodata.GUI_MEMDEV_DEVICE_1)
 <LI><a href="#[129]">_GetDevData</a> from GUIDEV_16.o(.text._GetDevData) referenced from GUIDEV_16.o(.rodata.GUI_MEMDEV_DEVICE_16)
 <LI><a href="#[135]">_GetDevData</a> from GUIDEV_32.o(.text._GetDevData) referenced from GUIDEV_32.o(.rodata.GUI_MEMDEV_DEVICE_32)
 <LI><a href="#[103]">_GetDevFunc</a> from GUIDRV_Lin_16.o(.text._GetDevFunc) referenced from GUIDRV_Lin_16.o(.rodata.GUIDRV_Lin_16_API)
 <LI><a href="#[11b]">_GetDevFunc</a> from GUIDEV_1.o(.text._GetDevFunc) referenced from GUIDEV_1.o(.rodata.GUI_MEMDEV_DEVICE_1)
 <LI><a href="#[127]">_GetDevFunc</a> from GUIDEV_16.o(.text._GetDevFunc) referenced from GUIDEV_16.o(.rodata.GUI_MEMDEV_DEVICE_16)
 <LI><a href="#[133]">_GetDevFunc</a> from GUIDEV_32.o(.text._GetDevFunc) referenced from GUIDEV_32.o(.rodata.GUI_MEMDEV_DEVICE_32)
 <LI><a href="#[104]">_GetDevProp</a> from GUIDRV_Lin_16.o(.text._GetDevProp) referenced from GUIDRV_Lin_16.o(.rodata.GUIDRV_Lin_16_API)
 <LI><a href="#[11c]">_GetDevProp</a> from GUIDEV_1.o(.text._GetDevProp) referenced from GUIDEV_1.o(.rodata.GUI_MEMDEV_DEVICE_1)
 <LI><a href="#[128]">_GetDevProp</a> from GUIDEV_16.o(.text._GetDevProp) referenced from GUIDEV_16.o(.rodata.GUI_MEMDEV_DEVICE_16)
 <LI><a href="#[134]">_GetDevProp</a> from GUIDEV_32.o(.text._GetDevProp) referenced from GUIDEV_32.o(.rodata.GUI_MEMDEV_DEVICE_32)
 <LI><a href="#[13d]">_GetIndexMask_0</a> from GUICC_0.o(.text._GetIndexMask_0) referenced from GUICC_0.o(.rodata.LCD_API_ColorConv_0)
 <LI><a href="#[140]">_GetIndexMask_1</a> from GUICC_1.o(.text._GetIndexMask_1) referenced from GUICC_1.o(.rodata.LCD_API_ColorConv_1)
 <LI><a href="#[143]">_GetIndexMask_M565</a> from GUICC_M565.o(.text._GetIndexMask_M565) referenced from GUICC_M565.o(.rodata.LCD_API_ColorConv_M565)
 <LI><a href="#[148]">_GetIndexMask_M888</a> from GUICC_M888.o(.text._GetIndexMask_M888) referenced from GUICC_M888.o(.rodata.LCD_API_ColorConv_M888)
 <LI><a href="#[14c]">_GetIndexMask_M8888I</a> from GUICC_M8888I.o(.text._GetIndexMask_M8888I) referenced from GUICC_M8888I.o(.rodata.LCD_API_ColorConv_M8888I)
 <LI><a href="#[151]">_GetNonExistingCharWidth_Dummy</a> from GUI_Char.o(.text._GetNonExistingCharWidth_Dummy) referenced from GUI_Char.o(.rodata._NonExistingCharacter_Dummy)
 <LI><a href="#[ff]">_GetPixelIndex</a> from GUIDRV_Lin_16.o(.text._GetPixelIndex) referenced from GUIDRV_Lin_16.o(.rodata.GUIDRV_Lin_16_API)
 <LI><a href="#[117]">_GetPixelIndex</a> from GUIDEV_1.o(.text._GetPixelIndex) referenced from GUIDEV_1.o(.rodata.GUI_MEMDEV_DEVICE_1)
 <LI><a href="#[123]">_GetPixelIndex</a> from GUIDEV_16.o(.text._GetPixelIndex) referenced from GUIDEV_16.o(.rodata.GUI_MEMDEV_DEVICE_16)
 <LI><a href="#[12f]">_GetPixelIndex</a> from GUIDEV_32.o(.text._GetPixelIndex) referenced from GUIDEV_32.o(.rodata.GUI_MEMDEV_DEVICE_32)
 <LI><a href="#[106]">_GetRect</a> from GUIDRV_Lin_16.o(.text._GetRect) referenced from GUIDRV_Lin_16.o(.rodata.GUIDRV_Lin_16_API)
 <LI><a href="#[11e]">_GetRect</a> from GUIDEV_1.o(.text._GetRect) referenced from GUIDEV_1.o(.rodata.GUI_MEMDEV_DEVICE_1)
 <LI><a href="#[12a]">_GetRect</a> from GUIDEV_16.o(.text._GetRect) referenced from GUIDEV_16.o(.rodata.GUI_MEMDEV_DEVICE_16)
 <LI><a href="#[136]">_GetRect</a> from GUIDEV_32.o(.text._GetRect) referenced from GUIDEV_32.o(.rodata.GUI_MEMDEV_DEVICE_32)
 <LI><a href="#[145]">_Index2ColorBulk</a> from GUICC_M565.o(.text._Index2ColorBulk) referenced from GUICC_M565.o(.rodata.LCD_API_ColorConv_M565)
 <LI><a href="#[14a]">_Index2ColorBulk</a> from GUICC_M888.o(.text._Index2ColorBulk) referenced from GUICC_M888.o(.rodata.LCD_API_ColorConv_M888)
 <LI><a href="#[14e]">_Index2ColorBulk_M8888I</a> from GUICC_M8888I.o(.text._Index2ColorBulk_M8888I) referenced from GUICC_M8888I.o(.rodata.LCD_API_ColorConv_M8888I)
 <LI><a href="#[13c]">_Index2Color_0</a> from GUICC_0.o(.text._Index2Color_0) referenced from GUICC_0.o(.rodata.LCD_API_ColorConv_0)
 <LI><a href="#[13f]">_Index2Color_1</a> from GUICC_1.o(.text._Index2Color_1) referenced from GUICC_1.o(.rodata.LCD_API_ColorConv_1)
 <LI><a href="#[154]">_SetBkColor</a> from LCD.o(.text._SetBkColor) referenced from LCD.o(.rodata._SetColorAPI)
 <LI><a href="#[153]">_SetColor</a> from LCD.o(.text._SetColor) referenced from LCD.o(.rodata._SetColorAPI)
 <LI><a href="#[155]">_SetDrawMode</a> from LCD.o(.text._SetDrawMode) referenced from LCD.o(.rodata._SetColorAPI)
 <LI><a href="#[102]">_SetOrg</a> from GUIDRV_Lin_16.o(.text._SetOrg) referenced from GUIDRV_Lin_16.o(.rodata.GUIDRV_Lin_16_API)
 <LI><a href="#[11a]">_SetOrg</a> from GUIDEV_1.o(.text._SetOrg) referenced from GUIDEV_1.o(.rodata.GUI_MEMDEV_DEVICE_1)
 <LI><a href="#[126]">_SetOrg</a> from GUIDEV_16.o(.text._SetOrg) referenced from GUIDEV_16.o(.rodata.GUI_MEMDEV_DEVICE_16)
 <LI><a href="#[132]">_SetOrg</a> from GUIDEV_32.o(.text._SetOrg) referenced from GUIDEV_32.o(.rodata.GUI_MEMDEV_DEVICE_32)
 <LI><a href="#[a]">_SetPixelAlpha</a> from GUI_DrawBitmap_8888.o(.text._SetPixelAlpha) referenced 2 times from GUI_DrawBitmap_8888.o(.data._pfSetPixelAlpha)
 <LI><a href="#[100]">_SetPixelIndex</a> from GUIDRV_Lin_16.o(.text._SetPixelIndex) referenced from GUIDRV_Lin_16.o(.rodata.GUIDRV_Lin_16_API)
 <LI><a href="#[118]">_SetPixelIndex</a> from GUIDEV_1.o(.text._SetPixelIndex) referenced from GUIDEV_1.o(.rodata.GUI_MEMDEV_DEVICE_1)
 <LI><a href="#[124]">_SetPixelIndex</a> from GUIDEV_16.o(.text._SetPixelIndex) referenced from GUIDEV_16.o(.rodata.GUI_MEMDEV_DEVICE_16)
 <LI><a href="#[130]">_SetPixelIndex</a> from GUIDEV_32.o(.text._SetPixelIndex) referenced from GUIDEV_32.o(.rodata.GUI_MEMDEV_DEVICE_32)
 <LI><a href="#[101]">_XorPixel</a> from GUIDRV_Lin_16.o(.text._XorPixel) referenced from GUIDRV_Lin_16.o(.rodata.GUIDRV_Lin_16_API)
 <LI><a href="#[119]">_XorPixel</a> from GUIDEV_1.o(.text._XorPixel) referenced from GUIDEV_1.o(.rodata.GUI_MEMDEV_DEVICE_1)
 <LI><a href="#[125]">_XorPixel</a> from GUIDEV_16.o(.text._XorPixel) referenced from GUIDEV_16.o(.rodata.GUI_MEMDEV_DEVICE_16)
 <LI><a href="#[131]">_XorPixel</a> from GUIDEV_32.o(.text._XorPixel) referenced from GUIDEV_32.o(.rodata.GUI_MEMDEV_DEVICE_32)
 <LI><a href="#[b8]">__main</a> from entry.o(.ARM.Collect$$$$00000000) referenced from startup_mimxrt1052.o(.text)
 <LI><a href="#[b6]">main</a> from main.o(i.main) referenced from entry9a.o(.ARM.Collect$$$$0000000B)
 <LI><a href="#[2]">memcpy</a> from memmove.o(.text) referenced 2 times from GUI__Private.o(.data.GUI__pfMemcpy)
 <LI><a href="#[3]">memset</a> from memseta.o(.text) referenced 2 times from GUI__Private.o(.data.GUI__pfMemset)
 <LI><a href="#[f0]">prvIdleTask</a> from tasks.o(i.prvIdleTask) referenced from tasks.o(i.vTaskStartScheduler)
 <LI><a href="#[ef]">prvTaskExitError</a> from port.o(i.prvTaskExitError) referenced from port.o(i.pxPortInitialiseStack)
 <LI><a href="#[e8]">vTaskGUI</a> from main.o(i.vTaskGUI) referenced from main.o(i.AppTaskCreate)
 <LI><a href="#[e9]">vTaskTouch</a> from main.o(i.vTaskTouch) referenced from main.o(i.AppTaskCreate)
</UL>
<P>
<H3>
Global Symbols
</H3>
<P><STRONG><a name="[b8]"></a>__main</STRONG> (Thumb, 0 bytes, Stack size unknown bytes, entry.o(.ARM.Collect$$$$00000000))
<BR>[Address Reference Count : 1]<UL><LI> startup_mimxrt1052.o(.text)
</UL>
<P><STRONG><a name="[346]"></a>_main_stk</STRONG> (Thumb, 0 bytes, Stack size unknown bytes, entry4.o(.ARM.Collect$$$$00000003))

<P><STRONG><a name="[156]"></a>_main_scatterload</STRONG> (Thumb, 0 bytes, Stack size unknown bytes, entry5.o(.ARM.Collect$$$$00000004))
<BR><BR>[Calls]<UL><LI><a href="#[157]">&gt;&gt;</a>&nbsp;&nbsp;&nbsp;__scatterload
</UL>

<P><STRONG><a name="[163]"></a>__main_after_scatterload</STRONG> (Thumb, 0 bytes, Stack size unknown bytes, entry5.o(.ARM.Collect$$$$00000004))
<BR><BR>[Called By]<UL><LI><a href="#[157]">&gt;&gt;</a>&nbsp;&nbsp;&nbsp;__scatterload
</UL>

<P><STRONG><a name="[347]"></a>_main_clock</STRONG> (Thumb, 0 bytes, Stack size unknown bytes, entry7b.o(.ARM.Collect$$$$00000008))

<P><STRONG><a name="[348]"></a>_main_cpp_init</STRONG> (Thumb, 0 bytes, Stack size unknown bytes, entry8b.o(.ARM.Collect$$$$0000000A))

<P><STRONG><a name="[349]"></a>_main_init</STRONG> (Thumb, 0 bytes, Stack size unknown bytes, entry9a.o(.ARM.Collect$$$$0000000B))

<P><STRONG><a name="[34a]"></a>__rt_final_cpp</STRONG> (Thumb, 0 bytes, Stack size unknown bytes, entry10a.o(.ARM.Collect$$$$0000000D))

<P><STRONG><a name="[34b]"></a>__rt_final_exit</STRONG> (Thumb, 0 bytes, Stack size unknown bytes, entry11a.o(.ARM.Collect$$$$0000000F))

<P><STRONG><a name="[11]"></a>SVC_Handler</STRONG> (Thumb, 28 bytes, Stack size 0 bytes, port.o(.emb_text))
<BR>[Address Reference Count : 1]<UL><LI> startup_mimxrt1052.o(RESET)
</UL>
<P><STRONG><a name="[343]"></a>__asm___6_port_c_39a90d8d__prvStartFirstTask</STRONG> (Thumb, 28 bytes, Stack size 0 bytes, port.o(.emb_text))
<BR><BR>[Called By]<UL><LI><a href="#[340]">&gt;&gt;</a>&nbsp;&nbsp;&nbsp;xPortStartScheduler
</UL>

<P><STRONG><a name="[342]"></a>__asm___6_port_c_39a90d8d__prvEnableVFP</STRONG> (Thumb, 16 bytes, Stack size 0 bytes, port.o(.emb_text))
<BR><BR>[Called By]<UL><LI><a href="#[340]">&gt;&gt;</a>&nbsp;&nbsp;&nbsp;xPortStartScheduler
</UL>

<P><STRONG><a name="[13]"></a>PendSV_Handler</STRONG> (Thumb, 92 bytes, Stack size 0 bytes, port.o(.emb_text))
<BR><BR>[Stack]<UL><LI>Max Depth = 664<LI>Call Chain = PendSV_Handler &rArr; vTaskSwitchContext &rArr; DbgConsole_Printf &rArr; StrFormatPrintf &rArr; ConvertFloatRadixNumToString &rArr; __hardfp_pow &rArr; sqrt
</UL>
<BR>[Calls]<UL><LI><a href="#[158]">&gt;&gt;</a>&nbsp;&nbsp;&nbsp;vTaskSwitchContext
</UL>
<BR>[Address Reference Count : 1]<UL><LI> startup_mimxrt1052.o(RESET)
</UL>
<P><STRONG><a name="[34c]"></a>vPortGetIPSR</STRONG> (Thumb, 6 bytes, Stack size 0 bytes, port.o(.emb_text), UNUSED)

<P><STRONG><a name="[b]"></a>Reset_Handler</STRONG> (Thumb, 24 bytes, Stack size 0 bytes, startup_mimxrt1052.o(.text))
<BR>[Address Reference Count : 1]<UL><LI> startup_mimxrt1052.o(RESET)
</UL>
<P><STRONG><a name="[c]"></a>NMI_Handler</STRONG> (Thumb, 2 bytes, Stack size 0 bytes, startup_mimxrt1052.o(.text))
<BR><BR>[Calls]<UL><LI><a href="#[c]">&gt;&gt;</a>&nbsp;&nbsp;&nbsp;NMI_Handler
</UL>
<BR>[Called By]<UL><LI><a href="#[c]">&gt;&gt;</a>&nbsp;&nbsp;&nbsp;NMI_Handler
</UL>
<BR>[Address Reference Count : 1]<UL><LI> startup_mimxrt1052.o(RESET)
</UL>
<P><STRONG><a name="[d]"></a>HardFault_Handler</STRONG> (Thumb, 2 bytes, Stack size 0 bytes, startup_mimxrt1052.o(.text))
<BR><BR>[Calls]<UL><LI><a href="#[d]">&gt;&gt;</a>&nbsp;&nbsp;&nbsp;HardFault_Handler
</UL>
<BR>[Called By]<UL><LI><a href="#[d]">&gt;&gt;</a>&nbsp;&nbsp;&nbsp;HardFault_Handler
</UL>
<BR>[Address Reference Count : 1]<UL><LI> startup_mimxrt1052.o(RESET)
</UL>
<P><STRONG><a name="[e]"></a>MemManage_Handler</STRONG> (Thumb, 2 bytes, Stack size 0 bytes, startup_mimxrt1052.o(.text))
<BR><BR>[Calls]<UL><LI><a href="#[e]">&gt;&gt;</a>&nbsp;&nbsp;&nbsp;MemManage_Handler
</UL>
<BR>[Called By]<UL><LI><a href="#[e]">&gt;&gt;</a>&nbsp;&nbsp;&nbsp;MemManage_Handler
</UL>
<BR>[Address Reference Count : 1]<UL><LI> startup_mimxrt1052.o(RESET)
</UL>
<P><STRONG><a name="[f]"></a>BusFault_Handler</STRONG> (Thumb, 2 bytes, Stack size 0 bytes, startup_mimxrt1052.o(.text))
<BR><BR>[Calls]<UL><LI><a href="#[f]">&gt;&gt;</a>&nbsp;&nbsp;&nbsp;BusFault_Handler
</UL>
<BR>[Called By]<UL><LI><a href="#[f]">&gt;&gt;</a>&nbsp;&nbsp;&nbsp;BusFault_Handler
</UL>
<BR>[Address Reference Count : 1]<UL><LI> startup_mimxrt1052.o(RESET)
</UL>
<P><STRONG><a name="[10]"></a>UsageFault_Handler</STRONG> (Thumb, 2 bytes, Stack size 0 bytes, startup_mimxrt1052.o(.text))
<BR><BR>[Calls]<UL><LI><a href="#[10]">&gt;&gt;</a>&nbsp;&nbsp;&nbsp;UsageFault_Handler
</UL>
<BR>[Called By]<UL><LI><a href="#[10]">&gt;&gt;</a>&nbsp;&nbsp;&nbsp;UsageFault_Handler
</UL>
<BR>[Address Reference Count : 1]<UL><LI> startup_mimxrt1052.o(RESET)
</UL>
<P><STRONG><a name="[12]"></a>DebugMon_Handler</STRONG> (Thumb, 2 bytes, Stack size 0 bytes, startup_mimxrt1052.o(.text))
<BR><BR>[Calls]<UL><LI><a href="#[12]">&gt;&gt;</a>&nbsp;&nbsp;&nbsp;DebugMon_Handler
</UL>
<BR>[Called By]<UL><LI><a href="#[12]">&gt;&gt;</a>&nbsp;&nbsp;&nbsp;DebugMon_Handler
</UL>
<BR>[Address Reference Count : 1]<UL><LI> startup_mimxrt1052.o(RESET)
</UL>
<P><STRONG><a name="[15]"></a>DMA0_DMA16_IRQHandler</STRONG> (Thumb, 4 bytes, Stack size 0 bytes, startup_mimxrt1052.o(.text))
<BR>[Address Reference Count : 1]<UL><LI> startup_mimxrt1052.o(RESET)
</UL>
<P><STRONG><a name="[16]"></a>DMA1_DMA17_IRQHandler</STRONG> (Thumb, 4 bytes, Stack size 0 bytes, startup_mimxrt1052.o(.text))
<BR>[Address Reference Count : 1]<UL><LI> startup_mimxrt1052.o(RESET)
</UL>
<P><STRONG><a name="[17]"></a>DMA2_DMA18_IRQHandler</STRONG> (Thumb, 4 bytes, Stack size 0 bytes, startup_mimxrt1052.o(.text))
<BR>[Address Reference Count : 1]<UL><LI> startup_mimxrt1052.o(RESET)
</UL>
<P><STRONG><a name="[18]"></a>DMA3_DMA19_IRQHandler</STRONG> (Thumb, 4 bytes, Stack size 0 bytes, startup_mimxrt1052.o(.text))
<BR>[Address Reference Count : 1]<UL><LI> startup_mimxrt1052.o(RESET)
</UL>
<P><STRONG><a name="[19]"></a>DMA4_DMA20_IRQHandler</STRONG> (Thumb, 4 bytes, Stack size 0 bytes, startup_mimxrt1052.o(.text))
<BR>[Address Reference Count : 1]<UL><LI> startup_mimxrt1052.o(RESET)
</UL>
<P><STRONG><a name="[1a]"></a>DMA5_DMA21_IRQHandler</STRONG> (Thumb, 4 bytes, Stack size 0 bytes, startup_mimxrt1052.o(.text))
<BR>[Address Reference Count : 1]<UL><LI> startup_mimxrt1052.o(RESET)
</UL>
<P><STRONG><a name="[1b]"></a>DMA6_DMA22_IRQHandler</STRONG> (Thumb, 4 bytes, Stack size 0 bytes, startup_mimxrt1052.o(.text))
<BR>[Address Reference Count : 1]<UL><LI> startup_mimxrt1052.o(RESET)
</UL>
<P><STRONG><a name="[1c]"></a>DMA7_DMA23_IRQHandler</STRONG> (Thumb, 4 bytes, Stack size 0 bytes, startup_mimxrt1052.o(.text))
<BR>[Address Reference Count : 1]<UL><LI> startup_mimxrt1052.o(RESET)
</UL>
<P><STRONG><a name="[1d]"></a>DMA8_DMA24_IRQHandler</STRONG> (Thumb, 4 bytes, Stack size 0 bytes, startup_mimxrt1052.o(.text))
<BR>[Address Reference Count : 1]<UL><LI> startup_mimxrt1052.o(RESET)
</UL>
<P><STRONG><a name="[1e]"></a>DMA9_DMA25_IRQHandler</STRONG> (Thumb, 4 bytes, Stack size 0 bytes, startup_mimxrt1052.o(.text))
<BR>[Address Reference Count : 1]<UL><LI> startup_mimxrt1052.o(RESET)
</UL>
<P><STRONG><a name="[1f]"></a>DMA10_DMA26_IRQHandler</STRONG> (Thumb, 4 bytes, Stack size 0 bytes, startup_mimxrt1052.o(.text))
<BR>[Address Reference Count : 1]<UL><LI> startup_mimxrt1052.o(RESET)
</UL>
<P><STRONG><a name="[20]"></a>DMA11_DMA27_IRQHandler</STRONG> (Thumb, 4 bytes, Stack size 0 bytes, startup_mimxrt1052.o(.text))
<BR>[Address Reference Count : 1]<UL><LI> startup_mimxrt1052.o(RESET)
</UL>
<P><STRONG><a name="[21]"></a>DMA12_DMA28_IRQHandler</STRONG> (Thumb, 4 bytes, Stack size 0 bytes, startup_mimxrt1052.o(.text))
<BR>[Address Reference Count : 1]<UL><LI> startup_mimxrt1052.o(RESET)
</UL>
<P><STRONG><a name="[22]"></a>DMA13_DMA29_IRQHandler</STRONG> (Thumb, 4 bytes, Stack size 0 bytes, startup_mimxrt1052.o(.text))
<BR>[Address Reference Count : 1]<UL><LI> startup_mimxrt1052.o(RESET)
</UL>
<P><STRONG><a name="[23]"></a>DMA14_DMA30_IRQHandler</STRONG> (Thumb, 4 bytes, Stack size 0 bytes, startup_mimxrt1052.o(.text))
<BR>[Address Reference Count : 1]<UL><LI> startup_mimxrt1052.o(RESET)
</UL>
<P><STRONG><a name="[24]"></a>DMA15_DMA31_IRQHandler</STRONG> (Thumb, 4 bytes, Stack size 0 bytes, startup_mimxrt1052.o(.text))
<BR>[Address Reference Count : 1]<UL><LI> startup_mimxrt1052.o(RESET)
</UL>
<P><STRONG><a name="[25]"></a>DMA_ERROR_IRQHandler</STRONG> (Thumb, 4 bytes, Stack size 0 bytes, startup_mimxrt1052.o(.text))
<BR>[Address Reference Count : 1]<UL><LI> startup_mimxrt1052.o(RESET)
</UL>
<P><STRONG><a name="[29]"></a>LPUART1_IRQHandler</STRONG> (Thumb, 4 bytes, Stack size 0 bytes, startup_mimxrt1052.o(.text))
<BR>[Address Reference Count : 1]<UL><LI> startup_mimxrt1052.o(RESET)
</UL>
<P><STRONG><a name="[2a]"></a>LPUART2_IRQHandler</STRONG> (Thumb, 4 bytes, Stack size 0 bytes, startup_mimxrt1052.o(.text))
<BR>[Address Reference Count : 1]<UL><LI> startup_mimxrt1052.o(RESET)
</UL>
<P><STRONG><a name="[2b]"></a>LPUART3_IRQHandler</STRONG> (Thumb, 4 bytes, Stack size 0 bytes, startup_mimxrt1052.o(.text))
<BR>[Address Reference Count : 1]<UL><LI> startup_mimxrt1052.o(RESET)
</UL>
<P><STRONG><a name="[2c]"></a>LPUART4_IRQHandler</STRONG> (Thumb, 4 bytes, Stack size 0 bytes, startup_mimxrt1052.o(.text))
<BR>[Address Reference Count : 1]<UL><LI> startup_mimxrt1052.o(RESET)
</UL>
<P><STRONG><a name="[2d]"></a>LPUART5_IRQHandler</STRONG> (Thumb, 4 bytes, Stack size 0 bytes, startup_mimxrt1052.o(.text))
<BR>[Address Reference Count : 1]<UL><LI> startup_mimxrt1052.o(RESET)
</UL>
<P><STRONG><a name="[2e]"></a>LPUART6_IRQHandler</STRONG> (Thumb, 4 bytes, Stack size 0 bytes, startup_mimxrt1052.o(.text))
<BR>[Address Reference Count : 1]<UL><LI> startup_mimxrt1052.o(RESET)
</UL>
<P><STRONG><a name="[2f]"></a>LPUART7_IRQHandler</STRONG> (Thumb, 4 bytes, Stack size 0 bytes, startup_mimxrt1052.o(.text))
<BR>[Address Reference Count : 1]<UL><LI> startup_mimxrt1052.o(RESET)
</UL>
<P><STRONG><a name="[30]"></a>LPUART8_IRQHandler</STRONG> (Thumb, 4 bytes, Stack size 0 bytes, startup_mimxrt1052.o(.text))
<BR>[Address Reference Count : 1]<UL><LI> startup_mimxrt1052.o(RESET)
</UL>
<P><STRONG><a name="[31]"></a>LPI2C1_IRQHandler</STRONG> (Thumb, 4 bytes, Stack size 0 bytes, startup_mimxrt1052.o(.text))
<BR>[Address Reference Count : 1]<UL><LI> startup_mimxrt1052.o(RESET)
</UL>
<P><STRONG><a name="[32]"></a>LPI2C2_IRQHandler</STRONG> (Thumb, 4 bytes, Stack size 0 bytes, startup_mimxrt1052.o(.text))
<BR>[Address Reference Count : 1]<UL><LI> startup_mimxrt1052.o(RESET)
</UL>
<P><STRONG><a name="[33]"></a>LPI2C3_IRQHandler</STRONG> (Thumb, 4 bytes, Stack size 0 bytes, startup_mimxrt1052.o(.text))
<BR>[Address Reference Count : 1]<UL><LI> startup_mimxrt1052.o(RESET)
</UL>
<P><STRONG><a name="[34]"></a>LPI2C4_IRQHandler</STRONG> (Thumb, 4 bytes, Stack size 0 bytes, startup_mimxrt1052.o(.text))
<BR>[Address Reference Count : 1]<UL><LI> startup_mimxrt1052.o(RESET)
</UL>
<P><STRONG><a name="[35]"></a>LPSPI1_IRQHandler</STRONG> (Thumb, 4 bytes, Stack size 0 bytes, startup_mimxrt1052.o(.text))
<BR>[Address Reference Count : 1]<UL><LI> startup_mimxrt1052.o(RESET)
</UL>
<P><STRONG><a name="[36]"></a>LPSPI2_IRQHandler</STRONG> (Thumb, 4 bytes, Stack size 0 bytes, startup_mimxrt1052.o(.text))
<BR>[Address Reference Count : 1]<UL><LI> startup_mimxrt1052.o(RESET)
</UL>
<P><STRONG><a name="[37]"></a>LPSPI3_IRQHandler</STRONG> (Thumb, 4 bytes, Stack size 0 bytes, startup_mimxrt1052.o(.text))
<BR>[Address Reference Count : 1]<UL><LI> startup_mimxrt1052.o(RESET)
</UL>
<P><STRONG><a name="[38]"></a>LPSPI4_IRQHandler</STRONG> (Thumb, 4 bytes, Stack size 0 bytes, startup_mimxrt1052.o(.text))
<BR>[Address Reference Count : 1]<UL><LI> startup_mimxrt1052.o(RESET)
</UL>
<P><STRONG><a name="[39]"></a>CAN1_IRQHandler</STRONG> (Thumb, 4 bytes, Stack size 0 bytes, startup_mimxrt1052.o(.text))
<BR>[Address Reference Count : 1]<UL><LI> startup_mimxrt1052.o(RESET)
</UL>
<P><STRONG><a name="[3a]"></a>CAN2_IRQHandler</STRONG> (Thumb, 4 bytes, Stack size 0 bytes, startup_mimxrt1052.o(.text))
<BR>[Address Reference Count : 1]<UL><LI> startup_mimxrt1052.o(RESET)
</UL>
<P><STRONG><a name="[4d]"></a>SAI1_IRQHandler</STRONG> (Thumb, 4 bytes, Stack size 0 bytes, startup_mimxrt1052.o(.text))
<BR>[Address Reference Count : 1]<UL><LI> startup_mimxrt1052.o(RESET)
</UL>
<P><STRONG><a name="[4e]"></a>SAI2_IRQHandler</STRONG> (Thumb, 4 bytes, Stack size 0 bytes, startup_mimxrt1052.o(.text))
<BR>[Address Reference Count : 1]<UL><LI> startup_mimxrt1052.o(RESET)
</UL>
<P><STRONG><a name="[4f]"></a>SAI3_RX_IRQHandler</STRONG> (Thumb, 4 bytes, Stack size 0 bytes, startup_mimxrt1052.o(.text))
<BR>[Address Reference Count : 1]<UL><LI> startup_mimxrt1052.o(RESET)
</UL>
<P><STRONG><a name="[50]"></a>SAI3_TX_IRQHandler</STRONG> (Thumb, 4 bytes, Stack size 0 bytes, startup_mimxrt1052.o(.text))
<BR>[Address Reference Count : 1]<UL><LI> startup_mimxrt1052.o(RESET)
</UL>
<P><STRONG><a name="[51]"></a>SPDIF_IRQHandler</STRONG> (Thumb, 4 bytes, Stack size 0 bytes, startup_mimxrt1052.o(.text))
<BR>[Address Reference Count : 1]<UL><LI> startup_mimxrt1052.o(RESET)
</UL>
<P><STRONG><a name="[6f]"></a>FLEXIO1_IRQHandler</STRONG> (Thumb, 4 bytes, Stack size 0 bytes, startup_mimxrt1052.o(.text))
<BR>[Address Reference Count : 1]<UL><LI> startup_mimxrt1052.o(RESET)
</UL>
<P><STRONG><a name="[70]"></a>FLEXIO2_IRQHandler</STRONG> (Thumb, 4 bytes, Stack size 0 bytes, startup_mimxrt1052.o(.text))
<BR>[Address Reference Count : 1]<UL><LI> startup_mimxrt1052.o(RESET)
</UL>
<P><STRONG><a name="[81]"></a>FLEXSPI_IRQHandler</STRONG> (Thumb, 4 bytes, Stack size 0 bytes, startup_mimxrt1052.o(.text))
<BR>[Address Reference Count : 1]<UL><LI> startup_mimxrt1052.o(RESET)
</UL>
<P><STRONG><a name="[83]"></a>USDHC1_IRQHandler</STRONG> (Thumb, 4 bytes, Stack size 0 bytes, startup_mimxrt1052.o(.text))
<BR>[Address Reference Count : 1]<UL><LI> startup_mimxrt1052.o(RESET)
</UL>
<P><STRONG><a name="[84]"></a>USDHC2_IRQHandler</STRONG> (Thumb, 4 bytes, Stack size 0 bytes, startup_mimxrt1052.o(.text))
<BR>[Address Reference Count : 1]<UL><LI> startup_mimxrt1052.o(RESET)
</UL>
<P><STRONG><a name="[87]"></a>ENET_IRQHandler</STRONG> (Thumb, 4 bytes, Stack size 0 bytes, startup_mimxrt1052.o(.text))
<BR>[Address Reference Count : 1]<UL><LI> startup_mimxrt1052.o(RESET)
</UL>
<P><STRONG><a name="[88]"></a>ENET_1588_Timer_IRQHandler</STRONG> (Thumb, 4 bytes, Stack size 0 bytes, startup_mimxrt1052.o(.text))
<BR>[Address Reference Count : 1]<UL><LI> startup_mimxrt1052.o(RESET)
</UL>
<P><STRONG><a name="[90]"></a>ACMP1_IRQHandler</STRONG> (Thumb, 0 bytes, Stack size 0 bytes, startup_mimxrt1052.o(.text))
<BR>[Address Reference Count : 1]<UL><LI> startup_mimxrt1052.o(RESET)
</UL>
<P><STRONG><a name="[91]"></a>ACMP2_IRQHandler</STRONG> (Thumb, 0 bytes, Stack size 0 bytes, startup_mimxrt1052.o(.text))
<BR>[Address Reference Count : 1]<UL><LI> startup_mimxrt1052.o(RESET)
</UL>
<P><STRONG><a name="[92]"></a>ACMP3_IRQHandler</STRONG> (Thumb, 0 bytes, Stack size 0 bytes, startup_mimxrt1052.o(.text))
<BR>[Address Reference Count : 1]<UL><LI> startup_mimxrt1052.o(RESET)
</UL>
[...]
<LI><a href="#[25f]">&gt;&gt;</a>&nbsp;&nbsp;&nbsp;_XY2PTR
</UL>
<BR>[Called By]<UL><LI><a href="#[120]">&gt;&gt;</a>&nbsp;&nbsp;&nbsp;_DrawHLine
</UL>
<BR>[Address Reference Count : 1]<UL><LI> GUIDEV_16.o(.rodata.GUI_MEMDEV_DEVICE_16)
</UL>
<P><STRONG><a name="[129]"></a>_GetDevData</STRONG> (Thumb, 16 bytes, Stack size unknown bytes, GUIDEV_16.o(.text._GetDevData))
<BR>[Address Reference Count : 1]<UL><LI> GUIDEV_16.o(.rodata.GUI_MEMDEV_DEVICE_16)
</UL>
<P><STRONG><a name="[127]"></a>_GetDevFunc</STRONG> (Thumb, 16 bytes, Stack size unknown bytes, GUIDEV_16.o(.text._GetDevFunc))
<BR>[Address Reference Count : 1]<UL><LI> GUIDEV_16.o(.rodata.GUI_MEMDEV_DEVICE_16)
</UL>
<P><STRONG><a name="[128]"></a>_GetDevProp</STRONG> (Thumb, 24 bytes, Stack size unknown bytes, GUIDEV_16.o(.text._GetDevProp))
<BR>[Address Reference Count : 1]<UL><LI> GUIDEV_16.o(.rodata.GUI_MEMDEV_DEVICE_16)
</UL>
<P><STRONG><a name="[123]"></a>_GetPixelIndex</STRONG> (Thumb, 14 bytes, Stack size unknown bytes, GUIDEV_16.o(.text._GetPixelIndex))
<BR><BR>[Calls]<UL><LI><a href="#[25f]">&gt;&gt;</a>&nbsp;&nbsp;&nbsp;_XY2PTR
</UL>
<BR>[Address Reference Count : 1]<UL><LI> GUIDEV_16.o(.rodata.GUI_MEMDEV_DEVICE_16)
</UL>
<P><STRONG><a name="[12a]"></a>_GetRect</STRONG> (Thumb, 48 bytes, Stack size unknown bytes, GUIDEV_16.o(.text._GetRect))
<BR><BR>[Calls]<UL><LI><a href="#[1c6]">&gt;&gt;</a>&nbsp;&nbsp;&nbsp;GUI_ALLOC_UnlockH
<LI><a href="#[1c3]">&gt;&gt;</a>&nbsp;&nbsp;&nbsp;GUI_ALLOC_LockH
</UL>
<BR>[Address Reference Count : 1]<UL><LI> GUIDEV_16.o(.rodata.GUI_MEMDEV_DEVICE_16)
</UL>
<P><STRONG><a name="[126]"></a>_SetOrg</STRONG> (Thumb, 12 bytes, Stack size unknown bytes, GUIDEV_16.o(.text._SetOrg))
<BR>[Address Reference Count : 1]<UL><LI> GUIDEV_16.o(.rodata.GUI_MEMDEV_DEVICE_16)
</UL>
<P><STRONG><a name="[124]"></a>_SetPixelIndex</STRONG> (Thumb, 80 bytes, Stack size unknown bytes, GUIDEV_16.o(.text._SetPixelIndex))
<BR><BR>[Calls]<UL><LI><a href="#[1c6]">&gt;&gt;</a>&nbsp;&nbsp;&nbsp;GUI_ALLOC_UnlockH
<LI><a href="#[1c3]">&gt;&gt;</a>&nbsp;&nbsp;&nbsp;GUI_ALLOC_LockH
<LI><a href="#[25f]">&gt;&gt;</a>&nbsp;&nbsp;&nbsp;_XY2PTR
</UL>
<BR>[Address Reference Count : 1]<UL><LI> GUIDEV_16.o(.rodata.GUI_MEMDEV_DEVICE_16)
</UL>
<P><STRONG><a name="[25f]"></a>_XY2PTR</STRONG> (Thumb, 64 bytes, Stack size unknown bytes, GUIDEV_16.o(.text._XY2PTR))
<BR><BR>[Calls]<UL><LI><a href="#[1c6]">&gt;&gt;</a>&nbsp;&nbsp;&nbsp;GUI_ALLOC_UnlockH
<LI><a href="#[1c3]">&gt;&gt;</a>&nbsp;&nbsp;&nbsp;GUI_ALLOC_LockH
</UL>
<BR>[Called By]<UL><LI><a href="#[125]">&gt;&gt;</a>&nbsp;&nbsp;&nbsp;_XorPixel
<LI><a href="#[124]">&gt;&gt;</a>&nbsp;&nbsp;&nbsp;_SetPixelIndex
<LI><a href="#[123]">&gt;&gt;</a>&nbsp;&nbsp;&nbsp;_GetPixelIndex
<LI><a href="#[122]">&gt;&gt;</a>&nbsp;&nbsp;&nbsp;_FillRect
<LI><a href="#[121]">&gt;&gt;</a>&nbsp;&nbsp;&nbsp;_DrawVLine
<LI><a href="#[11f]">&gt;&gt;</a>&nbsp;&nbsp;&nbsp;_DrawBitmap
</UL>

<P><STRONG><a name="[125]"></a>_XorPixel</STRONG> (Thumb, 90 bytes, Stack size unknown bytes, GUIDEV_16.o(.text._XorPixel))
<BR><BR>[Calls]<UL><LI><a href="#[1c6]">&gt;&gt;</a>&nbsp;&nbsp;&nbsp;GUI_ALLOC_UnlockH
<LI><a href="#[1c3]">&gt;&gt;</a>&nbsp;&nbsp;&nbsp;GUI_ALLOC_LockH
<LI><a href="#[25f]">&gt;&gt;</a>&nbsp;&nbsp;&nbsp;_XY2PTR
</UL>
<BR>[Address Reference Count : 1]<UL><LI> GUIDEV_16.o(.rodata.GUI_MEMDEV_DEVICE_16)
</UL>
<P><STRONG><a name="[1e6]"></a>_Convert16</STRONG> (Thumb, 62 bytes, Stack size unknown bytes, GUIDEV_WriteToActiveOpaque.o(.text._Convert16), UNUSED)
<BR><BR>[Calls]<UL><LI><a href="#[256]">&gt;&gt;</a>&nbsp;&nbsp;&nbsp;GUI__CompactPixelIndices
</UL>
<BR>[Called By]<UL><LI><a href="#[1c7]">&gt;&gt;</a>&nbsp;&nbsp;&nbsp;GUI_MEMDEV__WriteToActiveOpaque
</UL>

<P><STRONG><a name="[1e8]"></a>_Convert8</STRONG> (Thumb, 60 bytes, Stack size unknown bytes, GUIDEV_WriteToActiveOpaque.o(.text._Convert8), UNUSED)
<BR><BR>[Calls]<UL><LI><a href="#[256]">&gt;&gt;</a>&nbsp;&nbsp;&nbsp;GUI__CompactPixelIndices
</UL>
<BR>[Called By]<UL><LI><a href="#[1c7]">&gt;&gt;</a>&nbsp;&nbsp;&nbsp;GUI_MEMDEV__WriteToActiveOpaque
</UL>

<P><STRONG><a name="[f7]"></a>GUI_USAGE_BM_AddHLine</STRONG> (Thumb, 110 bytes, Stack size unknown bytes, GUIDEV_UsageBM.o(.text.GUI_USAGE_BM_AddHLine))
<BR><BR>[Stack]<UL><LI>Max Depth = 8 + Unknown Stack Size
<LI>Call Chain = GUI_USAGE_BM_AddHLine &rArr; memset
</UL>
<BR>[Calls]<UL><LI><a href="#[3]">&gt;&gt;</a>&nbsp;&nbsp;&nbsp;memset
</UL>
<BR>[Address Reference Count : 1]<UL><LI> GUIDEV_UsageBM.o(.rodata.API)
</UL>
<P><STRONG><a name="[f6]"></a>GUI_USAGE_BM_AddPixel</STRONG> (Thumb, 44 bytes, Stack size unknown bytes, GUIDEV_UsageBM.o(.text.GUI_USAGE_BM_AddPixel))
<BR>[Address Reference Count : 1]<UL><LI> GUIDEV_UsageBM.o(.rodata.API)
</UL>
<P><STRONG><a name="[f8]"></a>GUI_USAGE_BM_Clear</STRONG> (Thumb, 22 bytes, Stack size unknown bytes, GUIDEV_UsageBM.o(.text.GUI_USAGE_BM_Clear))
<BR><BR>[Stack]<UL><LI>Max Depth = 8 + Unknown Stack Size
<LI>Call Chain = GUI_USAGE_BM_Clear &rArr; memset
</UL>
<BR>[Calls]<UL><LI><a href="#[3]">&gt;&gt;</a>&nbsp;&nbsp;&nbsp;memset
</UL>
<BR>[Address Reference Count : 1]<UL><LI> GUIDEV_UsageBM.o(.rodata.API)
</UL>
<P><STRONG><a name="[fa]"></a>GUI_USAGE_BM_GetNextDirty</STRONG> (Thumb, 234 bytes, Stack size unknown bytes, GUIDEV_UsageBM.o(.text.GUI_USAGE_BM_GetNextDirty))
<BR>[Address Reference Count : 1]<UL><LI> GUIDEV_UsageBM.o(.rodata.API)
</UL>
<P><STRONG><a name="[f9]"></a>_GUI_USAGE_BM_Delete</STRONG> (Thumb, 4 bytes, Stack size unknown bytes, GUIDEV_UsageBM.o(.text._GUI_USAGE_BM_Delete))
<BR><BR>[Calls]<UL><LI><a href="#[177]">&gt;&gt;</a>&nbsp;&nbsp;&nbsp;GUI_ALLOC_Free
</UL>
<BR>[Address Reference Count : 1]<UL><LI> GUIDEV_UsageBM.o(.rodata.API)
</UL>
<P><STRONG><a name="[1e2]"></a>_WriteToActiveAlpha</STRONG> (Thumb, 404 bytes, Stack size unknown bytes, GUIDEV_WriteToActiveAlpha.o(.text._WriteToActiveAlpha), UNUSED)
<BR><BR>[Calls]<UL><LI><a href="#[1c1]">&gt;&gt;</a>&nbsp;&nbsp;&nbsp;GUI_MEMDEV_GetDataPtr
<LI><a href="#[1c6]">&gt;&gt;</a>&nbsp;&nbsp;&nbsp;GUI_ALLOC_UnlockH
<LI><a href="#[1c3]">&gt;&gt;</a>&nbsp;&nbsp;&nbsp;GUI_ALLOC_LockH
<LI><a href="#[205]">&gt;&gt;</a>&nbsp;&nbsp;&nbsp;GUI__DoAlphaBlending
<LI><a href="#[200]">&gt;&gt;</a>&nbsp;&nbsp;&nbsp;GUI__CompactPixelIndicesEx
<LI><a href="#[1fe]">&gt;&gt;</a>&nbsp;&nbsp;&nbsp;GUI__AllocAlphaBuffer
<LI><a href="#[166]">&gt;&gt;</a>&nbsp;&nbsp;&nbsp;LCD_DrawBitmap
</UL>
<BR>[Called By]<UL><LI><a href="#[1e1]">&gt;&gt;</a>&nbsp;&nbsp;&nbsp;GUI_MEMDEV__WriteToActiveAlpha
</UL>

<P><STRONG><a name="[24f]"></a>_Findx0</STRONG> (Thumb, 150 bytes, Stack size unknown bytes, WM.o(.text._Findx0))
<BR><BR>[Calls]<UL><LI><a href="#[1c6]">&gt;&gt;</a>&nbsp;&nbsp;&nbsp;GUI_ALLOC_UnlockH
<LI><a href="#[1c3]">&gt;&gt;</a>&nbsp;&nbsp;&nbsp;GUI_ALLOC_LockH
<LI><a href="#[24f]">&gt;&gt;</a>&nbsp;&nbsp;&nbsp;_Findx0
<LI><a href="#[19b]">&gt;&gt;</a>&nbsp;&nbsp;&nbsp;GUI__IntersectRects
<LI><a href="#[259]">&gt;&gt;</a>&nbsp;&nbsp;&nbsp;GUI_RectsIntersect
<LI><a href="#[228]">&gt;&gt;</a>&nbsp;&nbsp;&nbsp;GUI_ALLOC_h2p
</UL>
<BR>[Called By]<UL><LI><a href="#[187]">&gt;&gt;</a>&nbsp;&nbsp;&nbsp;WM__GetNextIVR
<LI><a href="#[24f]">&gt;&gt;</a>&nbsp;&nbsp;&nbsp;_Findx0
</UL>

<P><STRONG><a name="[250]"></a>_Findx1</STRONG> (Thumb, 132 bytes, Stack size unknown bytes, WM.o(.text._Findx1))
<BR><BR>[Calls]<UL><LI><a href="#[1c6]">&gt;&gt;</a>&nbsp;&nbsp;&nbsp;GUI_ALLOC_UnlockH
<LI><a href="#[1c3]">&gt;&gt;</a>&nbsp;&nbsp;&nbsp;GUI_ALLOC_LockH
<LI><a href="#[250]">&gt;&gt;</a>&nbsp;&nbsp;&nbsp;_Findx1
<LI><a href="#[19b]">&gt;&gt;</a>&nbsp;&nbsp;&nbsp;GUI__IntersectRects
<LI><a href="#[259]">&gt;&gt;</a>&nbsp;&nbsp;&nbsp;GUI_RectsIntersect
<LI><a href="#[228]">&gt;&gt;</a>&nbsp;&nbsp;&nbsp;GUI_ALLOC_h2p
</UL>
<BR>[Called By]<UL><LI><a href="#[187]">&gt;&gt;</a>&nbsp;&nbsp;&nbsp;WM__GetNextIVR
<LI><a href="#[250]">&gt;&gt;</a>&nbsp;&nbsp;&nbsp;_Findx1
</UL>

<P><STRONG><a name="[24e]"></a>_Findy1</STRONG> (Thumb, 184 bytes, Stack size unknown bytes, WM.o(.text._Findy1))
<BR><BR>[Calls]<UL><LI><a href="#[1c6]">&gt;&gt;</a>&nbsp;&nbsp;&nbsp;GUI_ALLOC_UnlockH
<LI><a href="#[1c3]">&gt;&gt;</a>&nbsp;&nbsp;&nbsp;GUI_ALLOC_LockH
<LI><a href="#[24e]">&gt;&gt;</a>&nbsp;&nbsp;&nbsp;_Findy1
<LI><a href="#[19b]">&gt;&gt;</a>&nbsp;&nbsp;&nbsp;GUI__IntersectRects
<LI><a href="#[259]">&gt;&gt;</a>&nbsp;&nbsp;&nbsp;GUI_RectsIntersect
<LI><a href="#[228]">&gt;&gt;</a>&nbsp;&nbsp;&nbsp;GUI_ALLOC_h2p
</UL>
<BR>[Called By]<UL><LI><a href="#[187]">&gt;&gt;</a>&nbsp;&nbsp;&nbsp;WM__GetNextIVR
<LI><a href="#[24e]">&gt;&gt;</a>&nbsp;&nbsp;&nbsp;_Findy1
</UL>

<P><STRONG><a name="[246]"></a>_Invalidate1Abs</STRONG> (Thumb, 166 bytes, Stack size unknown bytes, WM.o(.text._Invalidate1Abs))
<BR><BR>[Calls]<UL><LI><a href="#[268]">&gt;&gt;</a>&nbsp;&nbsp;&nbsp;GUI_MergeRect
<LI><a href="#[1c6]">&gt;&gt;</a>&nbsp;&nbsp;&nbsp;GUI_ALLOC_UnlockH
<LI><a href="#[1c3]">&gt;&gt;</a>&nbsp;&nbsp;&nbsp;GUI_ALLOC_LockH
<LI><a href="#[19b]">&gt;&gt;</a>&nbsp;&nbsp;&nbsp;GUI__IntersectRects
<LI><a href="#[1ec]">&gt;&gt;</a>&nbsp;&nbsp;&nbsp;GUI_SignalEvent
<LI><a href="#[228]">&gt;&gt;</a>&nbsp;&nbsp;&nbsp;GUI_ALLOC_h2p
</UL>
<BR>[Called By]<UL><LI><a href="#[245]">&gt;&gt;</a>&nbsp;&nbsp;&nbsp;WM__InvalidateRect
<LI><a href="#[247]">&gt;&gt;</a>&nbsp;&nbsp;&nbsp;WM_InvalidateWindowAndDescsEx
<LI><a href="#[22d]">&gt;&gt;</a>&nbsp;&nbsp;&nbsp;WM_InvalidateRect
</UL>

<P><STRONG><a name="[24b]"></a>_SetClipRectUserIntersect</STRONG> (Thumb, 94 bytes, Stack size unknown bytes, WM.o(.text._SetClipRectUserIntersect))
<BR><BR>[Calls]<UL><LI><a href="#[242]">&gt;&gt;</a>&nbsp;&nbsp;&nbsp;GUI_MoveRect
<LI><a href="#[21f]">&gt;&gt;</a>&nbsp;&nbsp;&nbsp;LCD_SetClipRectEx
<LI><a href="#[243]">&gt;&gt;</a>&nbsp;&nbsp;&nbsp;GUI__IntersectRect
<LI><a href="#[1c6]">&gt;&gt;</a>&nbsp;&nbsp;&nbsp;GUI_ALLOC_UnlockH
<LI><a href="#[1c3]">&gt;&gt;</a>&nbsp;&nbsp;&nbsp;GUI_ALLOC_LockH
</UL>
<BR>[Called By]<UL><LI><a href="#[24a]">&gt;&gt;</a>&nbsp;&nbsp;&nbsp;WM__ActivateClipRect
</UL>

<P><STRONG><a name="[27b]"></a>_cbBackWin</STRONG> (Thumb, 74 bytes, Stack size unknown bytes, WM.o(.text._cbBackWin), UNUSED)
<BR><BR>[Calls]<UL><LI><a href="#[1f8]">&gt;&gt;</a>&nbsp;&nbsp;&nbsp;GUI_SetBkColor
<LI><a href="#[183]">&gt;&gt;</a>&nbsp;&nbsp;&nbsp;GUI_Clear
<LI><a href="#[22f]">&gt;&gt;</a>&nbsp;&nbsp;&nbsp;WM_DefaultProc
<LI><a href="#[1fd]">&gt;&gt;</a>&nbsp;&nbsp;&nbsp;GUI_StoreKey
</UL>

<P><STRONG><a name="[26b]"></a>_OnExit</STRONG> (Thumb, 32 bytes, Stack size unknown bytes, LCD_Color.o(.text._OnExit), UNUSED)
<BR><BR>[Calls]<UL><LI><a href="#[18c]">&gt;&gt;</a>&nbsp;&nbsp;&nbsp;GUI_ALLOC_FreeFixedBlock
</UL>

<P><STRONG><a name="[154]"></a>_SetBkColor</STRONG> (Thumb, 60 bytes, Stack size unknown bytes, LCD.o(.text._SetBkColor))
<BR>[Address Reference Count : 1]<UL><LI> LCD.o(.rodata._SetColorAPI)
</UL>
<P><STRONG><a name="[153]"></a>_SetColor</STRONG> (Thumb, 60 bytes, Stack size unknown bytes, LCD.o(.text._SetColor))
<BR>[Address Reference Count : 1]<UL><LI> LCD.o(.rodata._SetColorAPI)
</UL>
<P><STRONG><a name="[155]"></a>_SetDrawMode</STRONG> (Thumb, 50 bytes, Stack size unknown bytes, LCD.o(.text._SetDrawMode))
<BR>[Address Reference Count : 1]<UL><LI> LCD.o(.rodata._SetColorAPI)
</UL>
<P><STRONG><a name="[139]"></a>_CalcSizeOfChar</STRONG> (Thumb, 4 bytes, Stack size unknown bytes, GUI_UC_EncodeNone.o(.text._CalcSizeOfChar))
<BR>[Address Reference Count : 1]<UL><LI> GUI_UC_EncodeNone.o(.rodata.GUI_UC_None)
</UL>
<P><STRONG><a name="[13a]"></a>_Encode</STRONG> (Thumb, 8 bytes, Stack size unknown bytes, GUI_UC_EncodeNone.o(.text._Encode))
<BR>[Address Reference Count : 1]<UL><LI> GUI_UC_EncodeNone.o(.rodata.GUI_UC_None)
</UL>
<P><STRONG><a name="[137]"></a>_GetCharCode</STRONG> (Thumb, 4 bytes, Stack size unknown bytes, GUI_UC_EncodeNone.o(.text._GetCharCode))
<BR>[Address Reference Count : 1]<UL><LI> GUI_UC_EncodeNone.o(.rodata.GUI_UC_None)
</UL>
<P><STRONG><a name="[138]"></a>_GetCharSize</STRONG> (Thumb, 4 bytes, Stack size unknown bytes, GUI_UC_EncodeNone.o(.text._GetCharSize))
<BR>[Address Reference Count : 1]<UL><LI> GUI_UC_EncodeNone.o(.rodata.GUI_UC_None)
</UL>
<P><STRONG><a name="[204]"></a>_DispLine</STRONG> (Thumb, 174 bytes, Stack size unknown bytes, GUI_CharLine.o(.text._DispLine))
<BR><BR>[Calls]<UL><LI><a href="#[25a]">&gt;&gt;</a>&nbsp;&nbsp;&nbsp;GUI__ManageCache
<LI><a href="#[259]">&gt;&gt;</a>&nbsp;&nbsp;&nbsp;GUI_RectsIntersect
<LI><a href="#[170]">&gt;&gt;</a>&nbsp;&nbsp;&nbsp;GUI_UC__GetCharCodeInc
</UL>
<BR>[Called By]<UL><LI><a href="#[195]">&gt;&gt;</a>&nbsp;&nbsp;&nbsp;GUI__DispLine
</UL>

<P><STRONG><a name="[152]"></a>_DrawNonExistingCharacter_Dummy</STRONG> (Thumb, 2 bytes, Stack size unknown bytes, GUI_Char.o(.text._DrawNonExistingCharacter_Dummy))
<BR>[Address Reference Count : 1]<UL><LI> GUI_Char.o(.rodata._NonExistingCharacter_Dummy)
</UL>
<P><STRONG><a name="[151]"></a>_GetNonExistingCharWidth_Dummy</STRONG> (Thumb, 4 bytes, Stack size unknown bytes, GUI_Char.o(.text._GetNonExistingCharWidth_Dummy))
<BR>[Address Reference Count : 1]<UL><LI> GUI_Char.o(.rodata._NonExistingCharacter_Dummy)
</UL>
<P><STRONG><a name="[149]"></a>_Color2IndexBulk</STRONG> (Thumb, 20 bytes, Stack size unknown bytes, GUICC_M888.o(.text._Color2IndexBulk))
<BR><BR>[Calls]<UL><LI><a href="#[149]">&gt;&gt;</a>&nbsp;&nbsp;&nbsp;_Color2IndexBulk
</UL>
<BR>[Called By]<UL><LI><a href="#[149]">&gt;&gt;</a>&nbsp;&nbsp;&nbsp;_Color2IndexBulk
</UL>
<BR>[Address Reference Count : 1]<UL><LI> GUICC_M888.o(.rodata.LCD_API_ColorConv_M888)
</UL>
<P><STRONG><a name="[146]"></a>_Color2Index_M888</STRONG> (Thumb, 6 bytes, Stack size unknown bytes, GUICC_M888.o(.text._Color2Index_M888))
<BR>[Address Reference Count : 1]<UL><LI> GUICC_M888.o(.rodata.LCD_API_ColorConv_M888)
</UL>
<P><STRONG><a name="[148]"></a>_GetIndexMask_M888</STRONG> (Thumb, 6 bytes, Stack size unknown bytes, GUICC_M888.o(.text._GetIndexMask_M888))
<BR>[Address Reference Count : 1]<UL><LI> GUICC_M888.o(.rodata.LCD_API_ColorConv_M888)
</UL>
<P><STRONG><a name="[14a]"></a>_Index2ColorBulk</STRONG> (Thumb, 20 bytes, Stack size unknown bytes, GUICC_M888.o(.text._Index2ColorBulk))
<BR><BR>[Calls]<UL><LI><a href="#[14a]">&gt;&gt;</a>&nbsp;&nbsp;&nbsp;_Index2ColorBulk
</UL>
<BR>[Called By]<UL><LI><a href="#[14a]">&gt;&gt;</a>&nbsp;&nbsp;&nbsp;_Index2ColorBulk
</UL>
<BR>[Address Reference Count : 1]<UL><LI> GUICC_M888.o(.rodata.LCD_API_ColorConv_M888)
</UL>
<P><STRONG><a name="[26c]"></a>_OnExit</STRONG> (Thumb, 74 bytes, Stack size unknown bytes, GUI__Alpha.o(.text._OnExit), UNUSED)
<BR><BR>[Calls]<UL><LI><a href="#[18c]">&gt;&gt;</a>&nbsp;&nbsp;&nbsp;GUI_ALLOC_FreeFixedBlock
</UL>

<P><STRONG><a name="[9]"></a>_DrawCharAA4_Trans</STRONG> (Thumb, 158 bytes, Stack size unknown bytes, GUIAA_Char4.o(.text._DrawCharAA4_Trans))
<BR><BR>[Calls]<UL><LI><a href="#[220]">&gt;&gt;</a>&nbsp;&nbsp;&nbsp;LCD_SetPixelAA4_Trans
</UL>
<BR>[Address Reference Count : 1]<UL><LI> GUIAA_Char4.o(.data._pfDrawCharAA4_Trans)
</UL>
<P><STRONG><a name="[249]"></a>_Screen2hWin</STRONG> (Thumb, 126 bytes, Stack size unknown bytes, WM_Screen2Win.o(.text._Screen2hWin), UNUSED)
<BR><BR>[Calls]<UL><LI><a href="#[249]">&gt;&gt;</a>&nbsp;&nbsp;&nbsp;_Screen2hWin
<LI><a href="#[1c6]">&gt;&gt;</a>&nbsp;&nbsp;&nbsp;GUI_ALLOC_UnlockH
<LI><a href="#[1c3]">&gt;&gt;</a>&nbsp;&nbsp;&nbsp;GUI_ALLOC_LockH
<LI><a href="#[228]">&gt;&gt;</a>&nbsp;&nbsp;&nbsp;GUI_ALLOC_h2p
</UL>
<BR>[Called By]<UL><LI><a href="#[249]">&gt;&gt;</a>&nbsp;&nbsp;&nbsp;_Screen2hWin
<LI><a href="#[238]">&gt;&gt;</a>&nbsp;&nbsp;&nbsp;WM_Screen2hWin
</UL>

<P><STRONG><a name="[13b]"></a>_Color2Index_0</STRONG> (Thumb, 84 bytes, Stack size unknown bytes, GUICC_0.o(.text._Color2Index_0))
<BR><BR>[Calls]<UL><LI><a href="#[255]">&gt;&gt;</a>&nbsp;&nbsp;&nbsp;GUI_CalcColorDist
<LI><a href="#[211]">&gt;&gt;</a>&nbsp;&nbsp;&nbsp;LCD_GetPalette
<LI><a href="#[20e]">&gt;&gt;</a>&nbsp;&nbsp;&nbsp;LCD_GetNumColors
</UL>
<BR>[Address Reference Count : 1]<UL><LI> GUICC_0.o(.rodata.LCD_API_ColorConv_0)
</UL>
<P><STRONG><a name="[13d]"></a>_GetIndexMask_0</STRONG> (Thumb, 82 bytes, Stack size unknown bytes, GUICC_0.o(.text._GetIndexMask_0))
<BR><BR>[Calls]<UL><LI><a href="#[20e]">&gt;&gt;</a>&nbsp;&nbsp;&nbsp;LCD_GetNumColors
</UL>
<BR>[Address Reference Count : 1]<UL><LI> GUICC_0.o(.rodata.LCD_API_ColorConv_0)
</UL>
<P><STRONG><a name="[13c]"></a>_Index2Color_0</STRONG> (Thumb, 32 bytes, Stack size unknown bytes, GUICC_0.o(.text._Index2Color_0))
<BR><BR>[Calls]<UL><LI><a href="#[211]">&gt;&gt;</a>&nbsp;&nbsp;&nbsp;LCD_GetPalette
<LI><a href="#[20e]">&gt;&gt;</a>&nbsp;&nbsp;&nbsp;LCD_GetNumColors
</UL>
<BR>[Address Reference Count : 1]<UL><LI> GUICC_0.o(.rodata.LCD_API_ColorConv_0)
</UL>
<P><STRONG><a name="[1ee]"></a>LCD_ReadRectEx</STRONG> (Thumb, 452 bytes, Stack size unknown bytes, LCD_ReadRect.o(.text.LCD_ReadRectEx), UNUSED)
<BR><BR>[Calls]<UL><LI><a href="#[1e3]">&gt;&gt;</a>&nbsp;&nbsp;&nbsp;GUI_GetBitsPerPixelEx
</UL>
<BR>[Called By]<UL><LI><a href="#[1ed]">&gt;&gt;</a>&nbsp;&nbsp;&nbsp;GUI_ReadRectEx
</UL>

<P><STRONG><a name="[1f0]"></a>_CreateBuffer</STRONG> (Thumb, 156 bytes, Stack size unknown bytes, GUI_SPRITE.o(.text._CreateBuffer), UNUSED)
<BR><BR>[Calls]<UL><LI><a href="#[1f7]">&gt;&gt;</a>&nbsp;&nbsp;&nbsp;GUI_DEVICE__GetpDriver
<LI><a href="#[1c3]">&gt;&gt;</a>&nbsp;&nbsp;&nbsp;GUI_ALLOC_LockH
<LI><a href="#[174]">&gt;&gt;</a>&nbsp;&nbsp;&nbsp;GUI_ALLOC_AllocNoInit
<LI><a href="#[17d]">&gt;&gt;</a>&nbsp;&nbsp;&nbsp;GUI_ALLOC_GetMaxSize
</UL>
<BR>[Called By]<UL><LI><a href="#[182]">&gt;&gt;</a>&nbsp;&nbsp;&nbsp;GUI_SPRITE_SetPosition
</UL>

<P><STRONG><a name="[262]"></a>_FlushBuffer</STRONG> (Thumb, 140 bytes, Stack size unknown bytes, GUI_SPRITE.o(.text._FlushBuffer), UNUSED)
<BR><BR>[Calls]<UL><LI><a href="#[256]">&gt;&gt;</a>&nbsp;&nbsp;&nbsp;GUI__CompactPixelIndices
</UL>
<BR>[Called By]<UL><LI><a href="#[1f2]">&gt;&gt;</a>&nbsp;&nbsp;&nbsp;_SetBkIndexBuffered
<LI><a href="#[1f4]">&gt;&gt;</a>&nbsp;&nbsp;&nbsp;_ReleaseBuffer
</UL>

<P><STRONG><a name="[1f1]"></a>_GetBkIndex</STRONG> (Thumb, 118 bytes, Stack size unknown bytes, GUI_SPRITE.o(.text._GetBkIndex), UNUSED)
<BR><BR>[Calls]<UL><LI><a href="#[1a2]">&gt;&gt;</a>&nbsp;&nbsp;&nbsp;GUI_GetBitmapPixelIndex
</UL>
<BR>[Called By]<UL><LI><a href="#[182]">&gt;&gt;</a>&nbsp;&nbsp;&nbsp;GUI_SPRITE_SetPosition
</UL>

<P><STRONG><a name="[1f3]"></a>_GetBkIndexAlpha</STRONG> (Thumb, 126 bytes, Stack size unknown bytes, GUI_SPRITE.o(.text._GetBkIndexAlpha), UNUSED)
<BR><BR>[Calls]<UL><LI><a href="#[1a2]">&gt;&gt;</a>&nbsp;&nbsp;&nbsp;GUI_GetBitmapPixelIndex
</UL>
<BR>[Called By]<UL><LI><a href="#[182]">&gt;&gt;</a>&nbsp;&nbsp;&nbsp;GUI_SPRITE_SetPosition
</UL>

<P><STRONG><a name="[1ef]"></a>_GetDeviceRect</STRONG> (Thumb, 60 bytes, Stack size unknown bytes, GUI_SPRITE.o(.text._GetDeviceRect), UNUSED)
<BR><BR>[Calls]<UL><LI><a href="#[219]">&gt;&gt;</a>&nbsp;&nbsp;&nbsp;LCD_GetYSizeEx
<LI><a href="#[217]">&gt;&gt;</a>&nbsp;&nbsp;&nbsp;LCD_GetXSizeEx
</UL>
<BR>[Called By]<UL><LI><a href="#[182]">&gt;&gt;</a>&nbsp;&nbsp;&nbsp;GUI_SPRITE_SetPosition
</UL>

<P><STRONG><a name="[1f4]"></a>_ReleaseBuffer</STRONG> (Thumb, 32 bytes, Stack size unknown bytes, GUI_SPRITE.o(.text._ReleaseBuffer), UNUSED)
<BR><BR>[Calls]<UL><LI><a href="#[262]">&gt;&gt;</a>&nbsp;&nbsp;&nbsp;_FlushBuffer
<LI><a href="#[1c6]">&gt;&gt;</a>&nbsp;&nbsp;&nbsp;GUI_ALLOC_UnlockH
<LI><a href="#[177]">&gt;&gt;</a>&nbsp;&nbsp;&nbsp;GUI_ALLOC_Free
</UL>
<BR>[Called By]<UL><LI><a href="#[182]">&gt;&gt;</a>&nbsp;&nbsp;&nbsp;GUI_SPRITE_SetPosition
</UL>

<P><STRONG><a name="[1f2]"></a>_SetBkIndexBuffered</STRONG> (Thumb, 76 bytes, Stack size unknown bytes, GUI_SPRITE.o(.text._SetBkIndexBuffered), UNUSED)
<BR><BR>[Calls]<UL><LI><a href="#[262]">&gt;&gt;</a>&nbsp;&nbsp;&nbsp;_FlushBuffer
</UL>
<BR>[Called By]<UL><LI><a href="#[182]">&gt;&gt;</a>&nbsp;&nbsp;&nbsp;GUI_SPRITE_SetPosition
</UL>
<P>
<H3>
Undefined Global Symbols
</H3><HR></body></html>
