Component: ARM Compiler 5.06 update 6 (build 750) Tool: armlink [4d35ed]

==============================================================================

Section Cross References

    system_mimxrt1052.o(i.SystemCoreClockUpdate) refers to uldiv.o(.text) for __aeabi_uldivmod
    system_mimxrt1052.o(i.SystemCoreClockUpdate) refers to system_mimxrt1052.o(.data) for .data
    system_mimxrt1052.o(i.SystemInit) refers to system_mimxrt1052.o(i.SystemInitHook) for SystemInitHook
    startup_mimxrt1052.o(RESET) refers to startup_mimxrt1052.o(.text) for Reset_Handler
    startup_mimxrt1052.o(RESET) refers to bsp_systick.o(i.SysTick_Handler) for SysTick_Handler
    startup_mimxrt1052.o(RESET) refers to bsp_lcd.o(i.LCDIF_IRQHandler) for LCDIF_IRQHandler
    startup_mimxrt1052.o(RESET) refers to bsp_i2c_touch.o(i.GPIO1_Combined_0_15_IRQHandler) for GPIO1_Combined_0_15_IRQHandler
    startup_mimxrt1052.o(.text) refers to startup_mimxrt1052.o(RESET) for __Vectors
    startup_mimxrt1052.o(.text) refers to system_mimxrt1052.o(i.SystemInit) for SystemInit
    startup_mimxrt1052.o(.text) refers to entry.o(.ARM.Collect$$$$00000000) for __main
    startup_mimxrt1052.o(.text) refers to fsl_lpuart.o(i.LPUART1_DriverIRQHandler) for LPUART1_DriverIRQHandler
    startup_mimxrt1052.o(.text) refers to fsl_lpuart.o(i.LPUART2_DriverIRQHandler) for LPUART2_DriverIRQHandler
    startup_mimxrt1052.o(.text) refers to fsl_lpuart.o(i.LPUART3_DriverIRQHandler) for LPUART3_DriverIRQHandler
    startup_mimxrt1052.o(.text) refers to fsl_lpuart.o(i.LPUART4_DriverIRQHandler) for LPUART4_DriverIRQHandler
    startup_mimxrt1052.o(.text) refers to fsl_lpuart.o(i.LPUART5_DriverIRQHandler) for LPUART5_DriverIRQHandler
    startup_mimxrt1052.o(.text) refers to fsl_lpuart.o(i.LPUART6_DriverIRQHandler) for LPUART6_DriverIRQHandler
    startup_mimxrt1052.o(.text) refers to fsl_lpuart.o(i.LPUART7_DriverIRQHandler) for LPUART7_DriverIRQHandler
    startup_mimxrt1052.o(.text) refers to fsl_lpuart.o(i.LPUART8_DriverIRQHandler) for LPUART8_DriverIRQHandler
    startup_mimxrt1052.o(.text) refers to fsl_lpi2c.o(i.LPI2C1_DriverIRQHandler) for LPI2C1_DriverIRQHandler
    startup_mimxrt1052.o(.text) refers to fsl_lpi2c.o(i.LPI2C2_DriverIRQHandler) for LPI2C2_DriverIRQHandler
    startup_mimxrt1052.o(.text) refers to fsl_lpi2c.o(i.LPI2C3_DriverIRQHandler) for LPI2C3_DriverIRQHandler
    fsl_clock.o(i.CLOCK_EnableUsbhs0PhyPllClock) refers to fsl_clock.o(i.CLOCK_InitUsb1Pll) for CLOCK_InitUsb1Pll
    fsl_clock.o(i.CLOCK_EnableUsbhs1PhyPllClock) refers to fsl_clock.o(i.CLOCK_InitUsb2Pll) for CLOCK_InitUsb2Pll
    fsl_clock.o(i.CLOCK_GetFreq) refers to fsl_clock.o(i.CLOCK_GetPeriphClkFreq) for CLOCK_GetPeriphClkFreq
    fsl_clock.o(i.CLOCK_GetFreq) refers to fsl_clock.o(i.CLOCK_GetUsb1PfdFreq) for CLOCK_GetUsb1PfdFreq
    fsl_clock.o(i.CLOCK_GetFreq) refers to fsl_clock.o(i.CLOCK_GetSysPfdFreq) for CLOCK_GetSysPfdFreq
    fsl_clock.o(i.CLOCK_GetFreq) refers to fsl_clock.o(i.CLOCK_GetOscFreq) for CLOCK_GetOscFreq
    fsl_clock.o(i.CLOCK_GetFreq) refers to fsl_clock.o(i.CLOCK_GetPllFreq) for CLOCK_GetPllFreq
    fsl_clock.o(i.CLOCK_GetOscFreq) refers to fsl_clock.o(.data) for .data
    fsl_clock.o(i.CLOCK_GetPeriphClkFreq) refers to fsl_clock.o(i.CLOCK_GetPllFreq) for CLOCK_GetPllFreq
    fsl_clock.o(i.CLOCK_GetPeriphClkFreq) refers to fsl_clock.o(i.CLOCK_GetOscFreq) for CLOCK_GetOscFreq
    fsl_clock.o(i.CLOCK_GetPeriphClkFreq) refers to fsl_clock.o(i.CLOCK_GetSysPfdFreq) for CLOCK_GetSysPfdFreq
    fsl_clock.o(i.CLOCK_GetPllFreq) refers to fsl_clock.o(i.CLOCK_GetOscFreq) for CLOCK_GetOscFreq
    fsl_clock.o(i.CLOCK_GetPllFreq) refers to uldiv.o(.text) for __aeabi_uldivmod
    fsl_clock.o(i.CLOCK_GetPllFreq) refers to fsl_clock.o(.constdata) for .constdata
    fsl_clock.o(i.CLOCK_GetSysPfdFreq) refers to fsl_clock.o(i.CLOCK_GetPllFreq) for CLOCK_GetPllFreq
    fsl_clock.o(i.CLOCK_GetUsb1PfdFreq) refers to fsl_clock.o(i.CLOCK_GetPllFreq) for CLOCK_GetPllFreq
    fsl_gpio.o(i.GPIO_PinInit) refers to fsl_gpio.o(i.GPIO_PinWrite) for GPIO_PinWrite
    fsl_gpio.o(i.GPIO_PinInit) refers to fsl_gpio.o(i.GPIO_PinSetInterruptConfig) for GPIO_PinSetInterruptConfig
    fsl_gpio.o(i.GPIO_PinInit) refers to fsl_gpio.o(.constdata) for .constdata
    fsl_lpuart.o(i.LPUART1_DriverIRQHandler) refers to fsl_lpuart.o(.bss) for .bss
    fsl_lpuart.o(i.LPUART1_DriverIRQHandler) refers to fsl_lpuart.o(.data) for .data
    fsl_lpuart.o(i.LPUART2_DriverIRQHandler) refers to fsl_lpuart.o(.bss) for .bss
    fsl_lpuart.o(i.LPUART2_DriverIRQHandler) refers to fsl_lpuart.o(.data) for .data
    fsl_lpuart.o(i.LPUART3_DriverIRQHandler) refers to fsl_lpuart.o(.bss) for .bss
    fsl_lpuart.o(i.LPUART3_DriverIRQHandler) refers to fsl_lpuart.o(.data) for .data
    fsl_lpuart.o(i.LPUART4_DriverIRQHandler) refers to fsl_lpuart.o(.bss) for .bss
    fsl_lpuart.o(i.LPUART4_DriverIRQHandler) refers to fsl_lpuart.o(.data) for .data
    fsl_lpuart.o(i.LPUART5_DriverIRQHandler) refers to fsl_lpuart.o(.bss) for .bss
[...]
    i.I2C_Master_Callback                    0x6000473c   Section        0  bsp_i2c_touch.o(i.I2C_Master_Callback)
    I2C_Master_Callback                      0x6000473d   Thumb Code    12  bsp_i2c_touch.o(i.I2C_Master_Callback)
    i.I2C_ReadBytes                          0x6000474c   Section        0  bsp_i2c_touch.o(i.I2C_ReadBytes)
    i.I2C_Timeout_Callback                   0x600047bc   Section        0  bsp_i2c_touch.o(i.I2C_Timeout_Callback)
    I2C_Timeout_Callback                     0x600047bd   Thumb Code    14  bsp_i2c_touch.o(i.I2C_Timeout_Callback)
    i.I2C_Touch_Init                         0x600047fc   Section        0  bsp_i2c_touch.o(i.I2C_Touch_Init)
    i.I2C_Transfer                           0x6000488c   Section        0  bsp_touch_gtxx.o(i.I2C_Transfer)
    I2C_Transfer                             0x6000488d   Thumb Code    70  bsp_touch_gtxx.o(i.I2C_Transfer)
    i.I2C_WriteBytes                         0x600048d4   Section        0  bsp_i2c_touch.o(i.I2C_WriteBytes)
    i.IOMUXC_SetPinMux                       0x60004940   Section        0  pin_mux.o(i.IOMUXC_SetPinMux)
    IOMUXC_SetPinMux                         0x60004941   Thumb Code    28  pin_mux.o(i.IOMUXC_SetPinMux)
    i.IOMUXC_SetPinMux                       0x6000495c   Section        0  bsp_led.o(i.IOMUXC_SetPinMux)
    IOMUXC_SetPinMux                         0x6000495d   Thumb Code    28  bsp_led.o(i.IOMUXC_SetPinMux)
    i.IOMUXC_SetPinMux                       0x60004978   Section        0  bsp_lcd.o(i.IOMUXC_SetPinMux)
    IOMUXC_SetPinMux                         0x60004979   Thumb Code    28  bsp_lcd.o(i.IOMUXC_SetPinMux)
    i.IOMUXC_SetPinMux                       0x60004994   Section        0  bsp_i2c_touch.o(i.IOMUXC_SetPinMux)
    IOMUXC_SetPinMux                         0x60004995   Thumb Code    28  bsp_i2c_touch.o(i.IOMUXC_SetPinMux)
    i.IO_Init                                0x600049b0   Section        0  fsl_io.o(i.IO_Init)
    i.IO_Transfer                            0x600049f8   Section        0  fsl_io.o(i.IO_Transfer)
    i.LCDIF_IRQHandler                       0x60004a2c   Section        0  bsp_lcd.o(i.LCDIF_IRQHandler)
    i.LCD_BackLight_ON                       0x60004a58   Section        0  bsp_lcd.o(i.LCD_BackLight_ON)
    i.LCD_Clear                              0x60004a74   Section        0  bsp_lcd.o(i.LCD_Clear)
    i.LCD_DispString                         0x60004ab4   Section        0  bsp_lcd.o(i.LCD_DispString)
    i.LCD_DisplayChar                        0x60004b1c   Section        0  bsp_lcd.o(i.LCD_DisplayChar)
    i.LCD_DrawCircle                         0x60004bd4   Section        0  bsp_lcd.o(i.LCD_DrawCircle)
    i.LCD_DrawFullCircle                     0x60004c80   Section        0  bsp_lcd.o(i.LCD_DrawFullCircle)
    i.LCD_DrawFullRect                       0x60004d18   Section        0  bsp_lcd.o(i.LCD_DrawFullRect)
    i.LCD_DrawLine                           0x60004d94   Section        0  bsp_lcd.o(i.LCD_DrawLine)
    i.LCD_DrawRect                           0x60004e10   Section        0  bsp_lcd.o(i.LCD_DrawRect)
    i.LCD_DrawUniLine                        0x60004e88   Section        0  bsp_lcd.o(i.LCD_DrawUniLine)
    i.LCD_DrawUniLineCircle                  0x60004f24   Section        0  palette.o(i.LCD_DrawUniLineCircle)
    LCD_DrawUniLineCircle                    0x60004f25   Thumb Code   252  palette.o(i.LCD_DrawUniLineCircle)
    i.LCD_IOMUXC_MUX_Config                  0x60005028   Section        0  bsp_lcd.o(i.LCD_IOMUXC_MUX_Config)
    LCD_IOMUXC_MUX_Config                    0x60005029   Thumb Code   464  bsp_lcd.o(i.LCD_IOMUXC_MUX_Config)
    i.LCD_IOMUXC_PAD_Config                  0x60005200   Section        0  bsp_lcd.o(i.LCD_IOMUXC_PAD_Config)
    LCD_IOMUXC_PAD_Config                    0x60005201   Thumb Code    92  bsp_lcd.o(i.LCD_IOMUXC_PAD_Config)
    i.LCD_Init                               0x60005260   Section        0  bsp_lcd.o(i.LCD_Init)
    i.LCD_InitClock                          0x600052ac   Section        0  bsp_lcd.o(i.LCD_InitClock)
    i.LCD_InterruptConfig                    0x600052ec   Section        0  bsp_lcd.o(i.LCD_InterruptConfig)
    i.LCD_SetColors                          0x60005308   Section        0  bsp_lcd.o(i.LCD_SetColors)
    i.LCD_SetFont                            0x60005314   Section        0  bsp_lcd.o(i.LCD_SetFont)
    i.LCD_SetTextColor                       0x60005320   Section        0  bsp_lcd.o(i.LCD_SetTextColor)
    i.LED_GPIO_Config                        0x6000532c   Section        0  bsp_led.o(i.LED_GPIO_Config)
    i.LOG_Init                               0x600053d8   Section        0  fsl_log.o(i.LOG_Init)
    i.LOG_Pop                                0x600053f4   Section        0  fsl_log.o(i.LOG_Pop)
    i.LOG_Push                               0x6000540a   Section        0  fsl_log.o(i.LOG_Push)
    i.LPI2C1_DriverIRQHandler                0x6000541c   Section        0  fsl_lpi2c.o(i.LPI2C1_DriverIRQHandler)
    i.LPI2C2_DriverIRQHandler                0x60005428   Section        0  fsl_lpi2c.o(i.LPI2C2_DriverIRQHandler)
    i.LPI2C3_DriverIRQHandler                0x60005434   Section        0  fsl_lpi2c.o(i.LPI2C3_DriverIRQHandler)
    i.LPI2C_CheckForBusyBus                  0x60005440   Section        0  fsl_lpi2c.o(i.LPI2C_CheckForBusyBus)
    i.LPI2C_CommonIRQHandler                 0x60005454   Section        0  fsl_lpi2c.o(i.LPI2C_CommonIRQHandler)
    LPI2C_CommonIRQHandler                   0x60005455   Thumb Code    60  fsl_lpi2c.o(i.LPI2C_CommonIRQHandler)
    i.LPI2C_GetCyclesForWidth                0x60005498   Section        0  fsl_lpi2c.o(i.LPI2C_GetCyclesForWidth)
    LPI2C_GetCyclesForWidth                  0x60005499   Thumb Code    58  fsl_lpi2c.o(i.LPI2C_GetCyclesForWidth)
    i.LPI2C_GetInstance                      0x600054d8   Section        0  fsl_lpi2c.o(i.LPI2C_GetInstance)
    i.LPI2C_InitTransferStateMachine         0x600054f8   Section        0  fsl_lpi2c.o(i.LPI2C_InitTransferStateMachine)
    LPI2C_InitTransferStateMachine           0x600054f9   Thumb Code   154  fsl_lpi2c.o(i.LPI2C_InitTransferStateMachine)
    i.LPI2C_MasterCheckAndClearError         0x60005592   Section        0  fsl_lpi2c.o(i.LPI2C_MasterCheckAndClearError)
    i.LPI2C_MasterGetDefaultConfig           0x600055d8   Section        0  fsl_lpi2c.o(i.LPI2C_MasterGetDefaultConfig)
    i.LPI2C_MasterGetFifoCounts              0x60005600   Section        0  fsl_lpi2c.o(i.LPI2C_MasterGetFifoCounts)
    LPI2C_MasterGetFifoCounts                0x60005601   Thumb Code    24  fsl_lpi2c.o(i.LPI2C_MasterGetFifoCounts)
    i.LPI2C_MasterInit                       0x60005618   Section        0  fsl_lpi2c.o(i.LPI2C_MasterInit)
    i.LPI2C_MasterSetBaudRate                0x6000573c   Section        0  fsl_lpi2c.o(i.LPI2C_MasterSetBaudRate)
    i.LPI2C_MasterTransferCreateHandle       0x60005814   Section        0  fsl_lpi2c.o(i.LPI2C_MasterTransferCreateHandle)
    i.LPI2C_MasterTransferHandleIRQ          0x6000586c   Section        0  fsl_lpi2c.o(i.LPI2C_MasterTransferHandleIRQ)
    i.LPI2C_MasterTransferNonBlocking        0x600058aa   Section        0  fsl_lpi2c.o(i.LPI2C_MasterTransferNonBlocking)
    i.LPI2C_RunTransferStateMachine          0x6000590c   Section        0  fsl_lpi2c.o(i.LPI2C_RunTransferStateMachine)
    LPI2C_RunTransferStateMachine            0x6000590d   Thumb Code   310  fsl_lpi2c.o(i.LPI2C_RunTransferStateMachine)
    i.LPUART1_DriverIRQHandler               0x60005a44   Section        0  fsl_lpuart.o(i.LPUART1_DriverIRQHandler)
    i.LPUART2_DriverIRQHandler               0x60005a5c   Section        0  fsl_lpuart.o(i.LPUART2_DriverIRQHandler)
    i.LPUART3_DriverIRQHandler               0x60005a74   Section        0  fsl_lpuart.o(i.LPUART3_DriverIRQHandler)
    i.LPUART4_DriverIRQHandler               0x60005a8c   Section        0  fsl_lpuart.o(i.LPUART4_DriverIRQHandler)
    i.LPUART5_DriverIRQHandler               0x60005aa4   Section        0  fsl_lpuart.o(i.LPUART5_DriverIRQHandler)
    i.LPUART6_DriverIRQHandler               0x60005abc   Section        0  fsl_lpuart.o(i.LPUART6_DriverIRQHandler)
    i.LPUART7_DriverIRQHandler               0x60005ad4   Section        0  fsl_lpuart.o(i.LPUART7_DriverIRQHandler)
    i.LPUART8_DriverIRQHandler               0x60005aec   Section        0  fsl_lpuart.o(i.LPUART8_DriverIRQHandler)
    i.LPUART_ClearStatusFlags                0x60005b04   Section        0  fsl_lpuart.o(i.LPUART_ClearStatusFlags)
    i.LPUART_GetDefaultConfig                0x60005b54   Section        0  fsl_lpuart.o(i.LPUART_GetDefaultConfig)
    i.LPUART_GetInstance                     0x60005b84   Section        0  fsl_lpuart.o(i.LPUART_GetInstance)
    i.LPUART_GetStatusFlags                  0x60005bac   Section        0  fsl_lpuart.o(i.LPUART_GetStatusFlags)
    i.LPUART_Init                            0x60005bbc   Section        0  fsl_lpuart.o(i.LPUART_Init)
    i.LPUART_ReadBlocking                    0x60005d70   Section        0  fsl_lpuart.o(i.LPUART_ReadBlocking)
    i.LPUART_WriteBlocking                   0x60005e08   Section        0  fsl_lpuart.o(i.LPUART_WriteBlocking)
    i.Palette_Init                           0x60005e24   Section        0  palette.o(i.Palette_Init)
    i.PutPixel                               0x60005e64   Section        0  bsp_lcd.o(i.PutPixel)
    i.StrFormatPrintf                        0x60005e98   Section        0  fsl_str.o(i.StrFormatPrintf)
    i.SysTick_Config                         0x60006374   Section        0  bsp_systick.o(i.SysTick_Config)
    SysTick_Config                           0x60006375   Thumb Code    36  bsp_systick.o(i.SysTick_Config)
    i.SysTick_Handler                        0x6000639c   Section        0  bsp_systick.o(i.SysTick_Handler)
    i.SysTick_Init                           0x600063d0   Section        0  bsp_systick.o(i.SysTick_Init)
    i.SystemInit                             0x600063f0   Section        0  system_mimxrt1052.o(i.SystemInit)
    i.SystemInitHook                         0x600064e8   Section        0  system_mimxrt1052.o(i.SystemInitHook)
    i.Touch_Button_Down                      0x600064ec   Section        0  palette.o(i.Touch_Button_Down)
    i.Touch_Button_Init                      0x60006540   Section        0  palette.o(i.Touch_Button_Init)
    i.Touch_Button_Up                        0x600067fc   Section        0  palette.o(i.Touch_Button_Up)
    i.__0printf$1                            0x60006850   Section        0  printf1.o(i.__0printf$1)
    i.__ARM_fpclassify                       0x60006870   Section        0  fpclassify.o(i.__ARM_fpclassify)
    i.__hardfp_modf                          0x600068a0   Section        0  modf.o(i.__hardfp_modf)
    i.__hardfp_pow                           0x60006960   Section        0  pow.o(i.__hardfp_pow)
    i.__kernel_poly                          0x60007258   Section        0  poly.o(i.__kernel_poly)
    i.__mathlib_dbl_divzero                  0x600072c8   Section        0  dunder.o(i.__mathlib_dbl_divzero)
    i.__mathlib_dbl_infnan2                  0x600072e8   Section        0  dunder.o(i.__mathlib_dbl_infnan2)
    i.__mathlib_dbl_invalid                  0x600072f0   Section        0  dunder.o(i.__mathlib_dbl_invalid)
    i.__mathlib_dbl_overflow                 0x60007308   Section        0  dunder.o(i.__mathlib_dbl_overflow)
    i.__mathlib_dbl_underflow                0x60007320   Section        0  dunder.o(i.__mathlib_dbl_underflow)
    i.__scatterload_copy                     0x60007338   Section       14  handlers.o(i.__scatterload_copy)
    i.__scatterload_null                     0x60007346   Section        2  handlers.o(i.__scatterload_null)
    i.__scatterload_zeroinit                 0x60007348   Section       14  handlers.o(i.__scatterload_zeroinit)
    i.__set_errno                            0x60007358   Section        0  errno.o(i.__set_errno)
    i._printf_core                           0x60007364   Section        0  printf1.o(i._printf_core)
    _printf_core                             0x60007365   Thumb Code   336  printf1.o(i._printf_core)
    i.fabs                                   0x600074b8   Section        0  fabs.o(i.fabs)
    i.fputc                                  0x600074d0   Section        0  fsl_debug_console.o(i.fputc)
    i.main                                   0x600074dc   Section        0  main.o(i.main)
    i.sqrt                                   0x600076ec   Section        0  sqrt.o(i.sqrt)
    .constdata                               0x60007758   Section       16  fsl_clock.o(.constdata)
    .constdata                               0x60007768   Section       36  fsl_gpio.o(.constdata)
    s_gpioBases                              0x60007768   Data          24  fsl_gpio.o(.constdata)
    s_gpioClock                              0x60007780   Data          12  fsl_gpio.o(.constdata)
    .constdata                               0x6000778c   Section       72  fsl_lpuart.o(.constdata)
    s_lpuartBases                            0x6000778c   Data          36  fsl_lpuart.o(.constdata)
    s_lpuartIRQ                              0x600077b0   Data          18  fsl_lpuart.o(.constdata)
    s_lpuartClock                            0x600077c2   Data          18  fsl_lpuart.o(.constdata)
    .constdata                               0x600077d4   Section        8  fsl_elcdif.o(.constdata)
    s_elcdifApbClocks                        0x600077d4   Data           2  fsl_elcdif.o(.constdata)
    s_elcdifPixClocks                        0x600077d6   Data           2  fsl_elcdif.o(.constdata)
    s_elcdifBases                            0x600077d8   Data           4  fsl_elcdif.o(.constdata)
    .constdata                               0x600077dc   Section       40  fsl_lpi2c.o(.constdata)
    kLpi2cBases                              0x600077dc   Data          20  fsl_lpi2c.o(.constdata)
    kLpi2cIrqs                               0x600077f0   Data          10  fsl_lpi2c.o(.constdata)
    kLpi2cClocks                             0x600077fa   Data          10  fsl_lpi2c.o(.constdata)
    .constdata                               0x60007804   Section       16  clock_config.o(.constdata)
    .constdata                               0x60007814   Section       88  bsp_lcd.o(.constdata)
    .constdata                               0x6000786c   Section     6080  fonts.o(.constdata)
    .constdata                               0x6000902c   Section    13680  fonts.o(.constdata)
    .constdata                               0x6000c59c   Section       52  bsp_touch_gtxx.o(.constdata)
    .constdata                               0x6000c5d0   Section        3  bsp_i2c_touch.o(.constdata)
    .constdata                               0x6000c5d4   Section       12  palette.o(.constdata)
    .constdata                               0x6000c5e0   Section      136  pow.o(.constdata)
    bp                                       0x6000c5e0   Data          16  pow.o(.constdata)
    dp_h                                     0x6000c5f0   Data          16  pow.o(.constdata)
    dp_l                                     0x6000c600   Data          16  pow.o(.constdata)
    L                                        0x6000c610   Data          48  pow.o(.constdata)
    P                                        0x6000c640   Data          40  pow.o(.constdata)
    .constdata                               0x6000c668   Section        8  qnan.o(.constdata)
    .conststring                             0x6000c670   Section      161  bsp_touch_gtxx.o(.conststring)
    NonCacheable                             0x81c00000   Section    1536000  bsp_lcd.o(NonCacheable)

    Global Symbols

    Symbol Name                              Value     Ov Type        Size  Object(Section)

    BuildAttributes$$THM_ISAv4$E$P$D$K$B$S$7EM$VFPv5_D16$PE$PLD8$A:L22UL41UL21$X:L11$S22US41US21$IEEE1$IW$USESV6$~STKCKD$USESV7$~SHL$OTIME$ROPI$IEEEX$EBA8$MICROLIB$REQ8$PRES8$EABIv2 0x00000000   Number         0  anon$$obj.o ABSOLUTE
    __ARM_use_no_argv                        0x00000000   Number         0  main.o ABSOLUTE
    _printf_a                                0x00000000   Number         0  stubs.o ABSOLUTE
    _printf_c                                0x00000000   Number         0  stubs.o ABSOLUTE
    _printf_charcount                        0x00000000   Number         0  stubs.o ABSOLUTE
    _printf_d                                0x00000000   Number         0  stubs.o ABSOLUTE
    _printf_e                                0x00000000   Number         0  stubs.o ABSOLUTE
    _printf_f                                0x00000000   Number         0  stubs.o ABSOLUTE
    _printf_flags                            0x00000000   Number         0  stubs.o ABSOLUTE
    _printf_fp_dec                           0x00000000   Number         0  stubs.o ABSOLUTE
    _printf_fp_hex                           0x00000000   Number         0  stubs.o ABSOLUTE
    _printf_g                                0x00000000   Number         0  stubs.o ABSOLUTE
    _printf_i                                0x00000000   Number         0  stubs.o ABSOLUTE
    _printf_int_dec                          0x00000000   Number         0  stubs.o ABSOLUTE
    _printf_l                                0x00000000   Number         0  stubs.o ABSOLUTE
    _printf_lc                               0x00000000   Number         0  stubs.o ABSOLUTE
    _printf_ll                               0x00000000   Number         0  stubs.o ABSOLUTE
    _printf_lld                              0x00000000   Number         0  stubs.o ABSOLUTE
    _printf_lli                              0x00000000   Number         0  stubs.o ABSOLUTE
    _printf_llo                              0x00000000   Number         0  stubs.o ABSOLUTE
    _printf_llu                              0x00000000   Number         0  stubs.o ABSOLUTE
    _printf_llx                              0x00000000   Number         0  stubs.o ABSOLUTE
    _printf_longlong_dec                     0x00000000   Number         0  stubs.o ABSOLUTE
    _printf_longlong_hex                     0x00000000   Number         0  stubs.o ABSOLUTE
    _printf_longlong_oct                     0x00000000   Number         0  stubs.o ABSOLUTE
    _printf_ls                               0x00000000   Number         0  stubs.o ABSOLUTE
    _printf_mbtowc                           0x00000000   Number         0  stubs.o ABSOLUTE
    _printf_n                                0x00000000   Number         0  stubs.o ABSOLUTE
    _printf_o                                0x00000000   Number         0  stubs.o ABSOLUTE
    _printf_p                                0x00000000   Number         0  stubs.o ABSOLUTE
    _printf_percent                          0x00000000   Number         0  stubs.o ABSOLUTE
    _printf_pre_padding                      0x00000000   Number         0  stubs.o ABSOLUTE
    _printf_return_value                     0x00000000   Number         0  stubs.o ABSOLUTE
    _printf_s                                0x00000000   Number         0  stubs.o ABSOLUTE
    _printf_sizespec                         0x00000000   Number         0  stubs.o ABSOLUTE
    _printf_str                              0x00000000   Number         0  stubs.o ABSOLUTE
    _printf_truncate_signed                  0x00000000   Number         0  stubs.o ABSOLUTE
    _printf_truncate_unsigned                0x00000000   Number         0  stubs.o ABSOLUTE
    _printf_u                                0x00000000   Number         0  stubs.o ABSOLUTE
    _printf_wc                               0x00000000   Number         0  stubs.o ABSOLUTE
    _printf_wctomb                           0x00000000   Number         0  stubs.o ABSOLUTE
    _printf_widthprec                        0x00000000   Number         0  stubs.o ABSOLUTE
    _printf_x                                0x00000000   Number         0  stubs.o ABSOLUTE
    __cpp_initialize__aeabi_                  - Undefined Weak Reference
    __cxa_finalize                            - Undefined Weak Reference
    __decompress                              - Undefined Weak Reference
    _clock_init                               - Undefined Weak Reference
    _microlib_exit                            - Undefined Weak Reference
    __Vectors_Size                           0x00000400   Number         0  startup_mimxrt1052.o ABSOLUTE
    SystemCoreClock                          0x20000000   Data           4  system_mimxrt1052.o(.data)
    g_xtalFreq                               0x20000004   Data           4  fsl_clock.o(.data)
    g_rtcXtalFreq                            0x20000008   Data           4  fsl_clock.o(.data)
    s_pixelFormatReg                         0x20000010   Data          40  fsl_elcdif.o(.data)
    __stdout                                 0x20000040   Data           4  fsl_debug_console.o(.data)
    cur_lcd                                  0x2000004c   Data           1  bsp_lcd.o(.data)
    s_frameDone                              0x2000004d   Data           1  bsp_lcd.o(.data)
    s_frame_count                            0x20000054   Data           4  bsp_lcd.o(.data)
    Font16x32                                0x20000060   Data           8  fonts.o(.data)
    Font24x48                                0x20000068   Data           8  fonts.o(.data)
    s_frame_rate                             0x20000070   Data           4  bsp_systick.o(.data)
    s_frame_task_count                       0x20000074   Data           4  bsp_systick.o(.data)
    touchIC                                  0x2000007c   Data           1  bsp_touch_gtxx.o(.data)
    g_MasterCompletionFlag                   0x2000009a   Data           1  bsp_i2c_touch.o(.data)
    g_TouchPadInputSignal                    0x2000009b   Data           1  bsp_i2c_touch.o(.data)
    brush                                    0x2000009c   Data           8  palette.o(.data)
    g_m_handle                               0x200000ec   Data          56  bsp_i2c_touch.o(.bss)
    button                                   0x20000124   Data         432  palette.o(.bss)
    Image$$ARM_LIB_HEAP$$ZI$$Base            0x200002d4   Number         0  anon$$obj.o ABSOLUTE
    Image$$ARM_LIB_HEAP$$ZI$$Limit           0x200006d4   Number         0  anon$$obj.o ABSOLUTE
    Image$$ARM_LIB_STACK$$ZI$$Limit          0x20020000   Number         0  anon$$obj.o ABSOLUTE
    Image$$RW_m_config_text$$Base            0x60000000   Number         0  anon$$obj.o ABSOLUTE
    spiflash_config                          0x60000000   Data         512  fire_imxrt1052_spiflash_config.o(.boot_hdr.conf)
    image_vector_table                       0x60001000   Data          32  fsl_flexspi_nor_boot.o(.boot_hdr.ivt)
    boot_data                                0x60001020   Data          16  fsl_flexspi_nor_boot.o(.boot_hdr.boot_data)
    dcd_data                                 0x60001030   Data        1072  fire_imxrt1052_sdram_ini_dcd.o(.boot_hdr.dcd_data)
    __Vectors                                0x60002000   Data           4  startup_mimxrt1052.o(RESET)
    __Vectors_End                            0x60002400   Data           0  startup_mimxrt1052.o(RESET)
    __main                                   0x60002401   Thumb Code     0  entry.o(.ARM.Collect$$$$00000000)
    _main_stk                                0x60002401   Thumb Code     0  entry4.o(.ARM.Collect$$$$00000003)
    _main_scatterload                        0x60002405   Thumb Code     0  entry5.o(.ARM.Collect$$$$00000004)
    __main_after_scatterload                 0x60002409   Thumb Code     0  entry5.o(.ARM.Collect$$$$00000004)
    _main_clock                              0x60002409   Thumb Code     0  entry7b.o(.ARM.Collect$$$$00000008)
    _main_cpp_init                           0x60002409   Thumb Code     0  entry8b.o(.ARM.Collect$$$$0000000A)
    _main_init                               0x60002409   Thumb Code     0  entry9a.o(.ARM.Collect$$$$0000000B)
    __rt_final_cpp                           0x60002411   Thumb Code     0  entry10a.o(.ARM.Collect$$$$0000000D)
    __rt_final_exit                          0x60002411   Thumb Code     0  entry11a.o(.ARM.Collect$$$$0000000F)
    Reset_Handler                            0x60002415   Thumb Code    24  startup_mimxrt1052.o(.text)
    NMI_Handler                              0x6000242d   Thumb Code     2  startup_mimxrt1052.o(.text)
    HardFault_Handler                        0x6000242f   Thumb Code     2  startup_mimxrt1052.o(.text)
    MemManage_Handler                        0x60002431   Thumb Code     2  startup_mimxrt1052.o(.text)
    BusFault_Handler                         0x60002433   Thumb Code     2  startup_mimxrt1052.o(.text)
    UsageFault_Handler                       0x60002435   Thumb Code     2  startup_mimxrt1052.o(.text)
    SVC_Handler                              0x60002437   Thumb Code     2  startup_mimxrt1052.o(.text)
    DebugMon_Handler                         0x60002439   Thumb Code     2  startup_mimxrt1052.o(.text)
    PendSV_Handler                           0x6000243b   Thumb Code     2  startup_mimxrt1052.o(.text)
    DMA0_DMA16_IRQHandler                    0x6000243f   Thumb Code     4  startup_mimxrt1052.o(.text)
    DMA1_DMA17_IRQHandler                    0x60002443   Thumb Code     4  startup_mimxrt1052.o(.text)
    DMA2_DMA18_IRQHandler                    0x60002447   Thumb Code     4  startup_mimxrt1052.o(.text)
    DMA3_DMA19_IRQHandler                    0x6000244b   Thumb Code     4  startup_mimxrt1052.o(.text)
    DMA4_DMA20_IRQHandler                    0x6000244f   Thumb Code     4  startup_mimxrt1052.o(.text)
    DMA5_DMA21_IRQHandler                    0x60002453   Thumb Code     4  startup_mimxrt1052.o(.text)
    DMA6_DMA22_IRQHandler                    0x60002457   Thumb Code     4  startup_mimxrt1052.o(.text)
    DMA7_DMA23_IRQHandler                    0x6000245b   Thumb Code     4  startup_mimxrt1052.o(.text)
    DMA8_DMA24_IRQHandler                    0x6000245f   Thumb Code     4  startup_mimxrt1052.o(.text)
    DMA9_DMA25_IRQHandler                    0x60002463   Thumb Code     4  startup_mimxrt1052.o(.text)
    DMA10_DMA26_IRQHandler                   0x60002467   Thumb Code     4  startup_mimxrt1052.o(.text)
    DMA11_DMA27_IRQHandler                   0x6000246b   Thumb Code     4  startup_mimxrt1052.o(.text)
    DMA12_DMA28_IRQHandler                   0x6000246f   Thumb Code     4  startup_mimxrt1052.o(.text)
    DMA13_DMA29_IRQHandler                   0x60002473   Thumb Code     4  startup_mimxrt1052.o(.text)
    DMA14_DMA30_IRQHandler                   0x60002477   Thumb Code     4  startup_mimxrt1052.o(.text)
    DMA15_DMA31_IRQHandler                   0x6000247b   Thumb Code     4  startup_mimxrt1052.o(.text)
    DMA_ERROR_IRQHandler                     0x6000247f   Thumb Code     4  startup_mimxrt1052.o(.text)
    LPUART1_IRQHandler                       0x60002483   Thumb Code     4  startup_mimxrt1052.o(.text)
    LPUART2_IRQHandler                       0x60002487   Thumb Code     4  startup_mimxrt1052.o(.text)
    LPUART3_IRQHandler                       0x6000248b   Thumb Code     4  startup_mimxrt1052.o(.text)
    LPUART4_IRQHandler                       0x6000248f   Thumb Code     4  startup_mimxrt1052.o(.text)
    LPUART5_IRQHandler                       0x60002493   Thumb Code     4  startup_mimxrt1052.o(.text)
    LPUART6_IRQHandler                       0x60002497   Thumb Code     4  startup_mimxrt1052.o(.text)
    LPUART7_IRQHandler                       0x6000249b   Thumb Code     4  startup_mimxrt1052.o(.text)
    LPUART8_IRQHandler                       0x6000249f   Thumb Code     4  startup_mimxrt1052.o(.text)
    LPI2C1_IRQHandler                        0x600024a3   Thumb Code     4  startup_mimxrt1052.o(.text)
    LPI2C2_IRQHandler                        0x600024a7   Thumb Code     4  startup_mimxrt1052.o(.text)
    LPI2C3_IRQHandler                        0x600024ab   Thumb Code     4  startup_mimxrt1052.o(.text)
    LPI2C4_IRQHandler                        0x600024af   Thumb Code     4  startup_mimxrt1052.o(.text)
    LPSPI1_IRQHandler                        0x600024b3   Thumb Code     4  startup_mimxrt1052.o(.text)
    LPSPI2_IRQHandler                        0x600024b7   Thumb Code     4  startup_mimxrt1052.o(.text)
    LPSPI3_IRQHandler                        0x600024bb   Thumb Code     4  startup_mimxrt1052.o(.text)
    LPSPI4_IRQHandler                        0x600024bf   Thumb Code     4  startup_mimxrt1052.o(.text)
    CAN1_IRQHandler                          0x600024c3   Thumb Code     4  startup_mimxrt1052.o(.text)
    CAN2_IRQHandler                          0x600024c7   Thumb Code     4  startup_mimxrt1052.o(.text)
    SAI1_IRQHandler                          0x600024cb   Thumb Code     4  startup_mimxrt1052.o(.text)
    SAI2_IRQHandler                          0x600024cf   Thumb Code     4  startup_mimxrt1052.o(.text)
    SAI3_RX_IRQHandler                       0x600024d3   Thumb Code     4  startup_mimxrt1052.o(.text)
    SAI3_TX_IRQHandler                       0x600024d7   Thumb Code     4  startup_mimxrt1052.o(.text)
    SPDIF_IRQHandler                         0x600024db   Thumb Code     4  startup_mimxrt1052.o(.text)
    FLEXIO1_IRQHandler                       0x600024df   Thumb Code     4  startup_mimxrt1052.o(.text)
    FLEXIO2_IRQHandler                       0x600024e3   Thumb Code     4  startup_mimxrt1052.o(.text)
    FLEXSPI_IRQHandler                       0x600024e7   Thumb Code     4  startup_mimxrt1052.o(.text)
    USDHC1_IRQHandler                        0x600024eb   Thumb Code     4  startup_mimxrt1052.o(.text)
    USDHC2_IRQHandler                        0x600024ef   Thumb Code     4  startup_mimxrt1052.o(.text)
    ENET_IRQHandler                          0x600024f3   Thumb Code     4  startup_mimxrt1052.o(.text)
    ENET_1588_Timer_IRQHandler               0x600024f7   Thumb Code     4  startup_mimxrt1052.o(.text)
    ACMP1_IRQHandler                         0x600024fb   Thumb Code     0  startup_mimxrt1052.o(.text)
    ACMP2_IRQHandler                         0x600024fb   Thumb Code     0  startup_mimxrt1052.o(.text)
    ACMP3_IRQHandler                         0x600024fb   Thumb Code     0  startup_mimxrt1052.o(.text)
    ACMP4_IRQHandler                         0x600024fb   Thumb Code     0  startup_mimxrt1052.o(.text)
    ADC1_IRQHandler                          0x600024fb   Thumb Code     0  startup_mimxrt1052.o(.text)
    ADC2_IRQHandler                          0x600024fb   Thumb Code     0  startup_mimxrt1052.o(.text)
    ADC_ETC_ERROR_IRQ_IRQHandler             0x600024fb   Thumb Code     0  startup_mimxrt1052.o(.text)
    ADC_ETC_IRQ0_IRQHandler                  0x600024fb   Thumb Code     0  startup_mimxrt1052.o(.text)
    ADC_ETC_IRQ1_IRQHandler                  0x600024fb   Thumb Code     0  startup_mimxrt1052.o(.text)
    ADC_ETC_IRQ2_IRQHandler                  0x600024fb   Thumb Code     0  startup_mimxrt1052.o(.text)
    ANATOP_EVENT0_IRQHandler                 0x600024fb   Thumb Code     0  startup_mimxrt1052.o(.text)
    ANATOP_EVENT1_IRQHandler                 0x600024fb   Thumb Code     0  startup_mimxrt1052.o(.text)
    ANATOP_TAMP_LOW_HIGH_IRQHandler          0x600024fb   Thumb Code     0  startup_mimxrt1052.o(.text)
    ANATOP_TEMP_PANIC_IRQHandler             0x600024fb   Thumb Code     0  startup_mimxrt1052.o(.text)
    BEE_IRQHandler                           0x600024fb   Thumb Code     0  startup_mimxrt1052.o(.text)
    CAN1_DriverIRQHandler                    0x600024fb   Thumb Code     0  startup_mimxrt1052.o(.text)
    CAN2_DriverIRQHandler                    0x600024fb   Thumb Code     0  startup_mimxrt1052.o(.text)
    CCM_1_IRQHandler                         0x600024fb   Thumb Code     0  startup_mimxrt1052.o(.text)
    CCM_2_IRQHandler                         0x600024fb   Thumb Code     0  startup_mimxrt1052.o(.text)
    CORE_IRQHandler                          0x600024fb   Thumb Code     0  startup_mimxrt1052.o(.text)
    CSI_IRQHandler                           0x600024fb   Thumb Code     0  startup_mimxrt1052.o(.text)
    CSU_IRQHandler                           0x600024fb   Thumb Code     0  startup_mimxrt1052.o(.text)
    CTI0_ERROR_IRQHandler                    0x600024fb   Thumb Code     0  startup_mimxrt1052.o(.text)
    CTI1_ERROR_IRQHandler                    0x600024fb   Thumb Code     0  startup_mimxrt1052.o(.text)
    DCDC_IRQHandler                          0x600024fb   Thumb Code     0  startup_mimxrt1052.o(.text)
    DCP_IRQHandler                           0x600024fb   Thumb Code     0  startup_mimxrt1052.o(.text)
    DCP_VMI_IRQHandler                       0x600024fb   Thumb Code     0  startup_mimxrt1052.o(.text)
    DMA0_DMA16_DriverIRQHandler              0x600024fb   Thumb Code     0  startup_mimxrt1052.o(.text)
    DMA10_DMA26_DriverIRQHandler             0x600024fb   Thumb Code     0  startup_mimxrt1052.o(.text)
    DMA11_DMA27_DriverIRQHandler             0x600024fb   Thumb Code     0  startup_mimxrt1052.o(.text)
    DMA12_DMA28_DriverIRQHandler             0x600024fb   Thumb Code     0  startup_mimxrt1052.o(.text)
    DMA13_DMA29_DriverIRQHandler             0x600024fb   Thumb Code     0  startup_mimxrt1052.o(.text)
    DMA14_DMA30_DriverIRQHandler             0x600024fb   Thumb Code     0  startup_mimxrt1052.o(.text)
    DMA15_DMA31_DriverIRQHandler             0x600024fb   Thumb Code     0  startup_mimxrt1052.o(.text)
    DMA1_DMA17_DriverIRQHandler              0x600024fb   Thumb Code     0  startup_mimxrt1052.o(.text)
    DMA2_DMA18_DriverIRQHandler              0x600024fb   Thumb Code     0  startup_mimxrt1052.o(.text)
    DMA3_DMA19_DriverIRQHandler              0x600024fb   Thumb Code     0  startup_mimxrt1052.o(.text)
    DMA4_DMA20_DriverIRQHandler              0x600024fb   Thumb Code     0  startup_mimxrt1052.o(.text)
    DMA5_DMA21_DriverIRQHandler              0x600024fb   Thumb Code     0  startup_mimxrt1052.o(.text)
    DMA6_DMA22_DriverIRQHandler              0x600024fb   Thumb Code     0  startup_mimxrt1052.o(.text)
    DMA7_DMA23_DriverIRQHandler              0x600024fb   Thumb Code     0  startup_mimxrt1052.o(.text)
    DMA8_DMA24_DriverIRQHandler              0x600024fb   Thumb Code     0  startup_mimxrt1052.o(.text)
    DMA9_DMA25_DriverIRQHandler              0x600024fb   Thumb Code     0  startup_mimxrt1052.o(.text)
    DMA_ERROR_DriverIRQHandler               0x600024fb   Thumb Code     0  startup_mimxrt1052.o(.text)
    DefaultISR                               0x600024fb   Thumb Code     0  startup_mimxrt1052.o(.text)
    ENC1_IRQHandler                          0x600024fb   Thumb Code     0  startup_mimxrt1052.o(.text)
    ENC2_IRQHandler                          0x600024fb   Thumb Code     0  startup_mimxrt1052.o(.text)
    ENC3_IRQHandler                          0x600024fb   Thumb Code     0  startup_mimxrt1052.o(.text)
    ENC4_IRQHandler                          0x600024fb   Thumb Code     0  startup_mimxrt1052.o(.text)
    ENET_1588_Timer_DriverIRQHandler         0x600024fb   Thumb Code     0  startup_mimxrt1052.o(.text)
    ENET_DriverIRQHandler                    0x600024fb   Thumb Code     0  startup_mimxrt1052.o(.text)
    EWM_IRQHandler                           0x600024fb   Thumb Code     0  startup_mimxrt1052.o(.text)
    FLEXIO1_DriverIRQHandler                 0x600024fb   Thumb Code     0  startup_mimxrt1052.o(.text)
    FLEXIO2_DriverIRQHandler                 0x600024fb   Thumb Code     0  startup_mimxrt1052.o(.text)
    FLEXRAM_IRQHandler                       0x600024fb   Thumb Code     0  startup_mimxrt1052.o(.text)
    FLEXSPI_DriverIRQHandler                 0x600024fb   Thumb Code     0  startup_mimxrt1052.o(.text)
    GPC_IRQHandler                           0x600024fb   Thumb Code     0  startup_mimxrt1052.o(.text)
    GPIO1_Combined_16_31_IRQHandler          0x600024fb   Thumb Code     0  startup_mimxrt1052.o(.text)
    GPIO1_INT0_IRQHandler                    0x600024fb   Thumb Code     0  startup_mimxrt1052.o(.text)
    GPIO1_INT1_IRQHandler                    0x600024fb   Thumb Code     0  startup_mimxrt1052.o(.text)
    GPIO1_INT2_IRQHandler                    0x600024fb   Thumb Code     0  startup_mimxrt1052.o(.text)
    GPIO1_INT3_IRQHandler                    0x600024fb   Thumb Code     0  startup_mimxrt1052.o(.text)
    GPIO1_INT4_IRQHandler                    0x600024fb   Thumb Code     0  startup_mimxrt1052.o(.text)
    GPIO1_INT5_IRQHandler                    0x600024fb   Thumb Code     0  startup_mimxrt1052.o(.text)
    GPIO1_INT6_IRQHandler                    0x600024fb   Thumb Code     0  startup_mimxrt1052.o(.text)
    GPIO1_INT7_IRQHandler                    0x600024fb   Thumb Code     0  startup_mimxrt1052.o(.text)
    GPIO2_Combined_0_15_IRQHandler           0x600024fb   Thumb Code     0  startup_mimxrt1052.o(.text)
    GPIO2_Combined_16_31_IRQHandler          0x600024fb   Thumb Code     0  startup_mimxrt1052.o(.text)
    GPIO3_Combined_0_15_IRQHandler           0x600024fb   Thumb Code     0  startup_mimxrt1052.o(.text)
    GPIO3_Combined_16_31_IRQHandler          0x600024fb   Thumb Code     0  startup_mimxrt1052.o(.text)
    GPIO4_Combined_0_15_IRQHandler           0x600024fb   Thumb Code     0  startup_mimxrt1052.o(.text)
    GPIO4_Combined_16_31_IRQHandler          0x600024fb   Thumb Code     0  startup_mimxrt1052.o(.text)
    GPIO5_Combined_0_15_IRQHandler           0x600024fb   Thumb Code     0  startup_mimxrt1052.o(.text)
    GPIO5_Combined_16_31_IRQHandler          0x600024fb   Thumb Code     0  startup_mimxrt1052.o(.text)
    GPR_IRQ_IRQHandler                       0x600024fb   Thumb Code     0  startup_mimxrt1052.o(.text)
    GPT1_IRQHandler                          0x600024fb   Thumb Code     0  startup_mimxrt1052.o(.text)
    GPT2_IRQHandler                          0x600024fb   Thumb Code     0  startup_mimxrt1052.o(.text)
    KPP_IRQHandler                           0x600024fb   Thumb Code     0  startup_mimxrt1052.o(.text)
    LPI2C4_DriverIRQHandler                  0x600024fb   Thumb Code     0  startup_mimxrt1052.o(.text)
    LPSPI1_DriverIRQHandler                  0x600024fb   Thumb Code     0  startup_mimxrt1052.o(.text)
    LPSPI2_DriverIRQHandler                  0x600024fb   Thumb Code     0  startup_mimxrt1052.o(.text)
    LPSPI3_DriverIRQHandler                  0x600024fb   Thumb Code     0  startup_mimxrt1052.o(.text)
    LPSPI4_DriverIRQHandler                  0x600024fb   Thumb Code     0  startup_mimxrt1052.o(.text)
    NMI_WAKEUP_IRQHandler                    0x600024fb   Thumb Code     0  startup_mimxrt1052.o(.text)
    PIT_IRQHandler                           0x600024fb   Thumb Code     0  startup_mimxrt1052.o(.text)
    PWM1_0_IRQHandler                        0x600024fb   Thumb Code     0  startup_mimxrt1052.o(.text)
    PWM1_1_IRQHandler                        0x600024fb   Thumb Code     0  startup_mimxrt1052.o(.text)
    PWM1_2_IRQHandler                        0x600024fb   Thumb Code     0  startup_mimxrt1052.o(.text)
    PWM1_3_IRQHandler                        0x600024fb   Thumb Code     0  startup_mimxrt1052.o(.text)
    PWM1_FAULT_IRQHandler                    0x600024fb   Thumb Code     0  startup_mimxrt1052.o(.text)
    PWM2_0_IRQHandler                        0x600024fb   Thumb Code     0  startup_mimxrt1052.o(.text)
    PWM2_1_IRQHandler                        0x600024fb   Thumb Code     0  startup_mimxrt1052.o(.text)
    PWM2_2_IRQHandler                        0x600024fb   Thumb Code     0  startup_mimxrt1052.o(.text)
    PWM2_3_IRQHandler                        0x600024fb   Thumb Code     0  startup_mimxrt1052.o(.text)
    PWM2_FAULT_IRQHandler                    0x600024fb   Thumb Code     0  startup_mimxrt1052.o(.text)
    PWM3_0_IRQHandler                        0x600024fb   Thumb Code     0  startup_mimxrt1052.o(.text)
    PWM3_1_IRQHandler                        0x600024fb   Thumb Code     0  startup_mimxrt1052.o(.text)
    PWM3_2_IRQHandler                        0x600024fb   Thumb Code     0  startup_mimxrt1052.o(.text)
    PWM3_3_IRQHandler                        0x600024fb   Thumb Code     0  startup_mimxrt1052.o(.text)
    PWM3_FAULT_IRQHandler                    0x600024fb   Thumb Code     0  startup_mimxrt1052.o(.text)
    PWM4_0_IRQHandler                        0x600024fb   Thumb Code     0  startup_mimxrt1052.o(.text)
    PWM4_1_IRQHandler                        0x600024fb   Thumb Code     0  startup_mimxrt1052.o(.text)
    PWM4_2_IRQHandler                        0x600024fb   Thumb Code     0  startup_mimxrt1052.o(.text)
    PWM4_3_IRQHandler                        0x600024fb   Thumb Code     0  startup_mimxrt1052.o(.text)
    PWM4_FAULT_IRQHandler                    0x600024fb   Thumb Code     0  startup_mimxrt1052.o(.text)
    PXP_IRQHandler                           0x600024fb   Thumb Code     0  startup_mimxrt1052.o(.text)
    RTWDOG_IRQHandler                        0x600024fb   Thumb Code     0  startup_mimxrt1052.o(.text)
    Reserved115_IRQHandler                   0x600024fb   Thumb Code     0  startup_mimxrt1052.o(.text)
    Reserved123_IRQHandler                   0x600024fb   Thumb Code     0  startup_mimxrt1052.o(.text)
    Reserved143_IRQHandler                   0x600024fb   Thumb Code     0  startup_mimxrt1052.o(.text)
    Reserved144_IRQHandler                   0x600024fb   Thumb Code     0  startup_mimxrt1052.o(.text)
    Reserved168_IRQHandler                   0x600024fb   Thumb Code     0  startup_mimxrt1052.o(.text)
    Reserved169_IRQHandler                   0x600024fb   Thumb Code     0  startup_mimxrt1052.o(.text)
    Reserved170_IRQHandler                   0x600024fb   Thumb Code     0  startup_mimxrt1052.o(.text)
    Reserved171_IRQHandler                   0x600024fb   Thumb Code     0  startup_mimxrt1052.o(.text)
    Reserved172_IRQHandler                   0x600024fb   Thumb Code     0  startup_mimxrt1052.o(.text)
    Reserved173_IRQHandler                   0x600024fb   Thumb Code     0  startup_mimxrt1052.o(.text)
    Reserved68_IRQHandler                    0x600024fb   Thumb Code     0  startup_mimxrt1052.o(.text)
    Reserved86_IRQHandler                    0x600024fb   Thumb Code     0  startup_mimxrt1052.o(.text)
    Reserved87_IRQHandler                    0x600024fb   Thumb Code     0  startup_mimxrt1052.o(.text)
    SAI1_DriverIRQHandler                    0x600024fb   Thumb Code     0  startup_mimxrt1052.o(.text)
    SAI2_DriverIRQHandler                    0x600024fb   Thumb Code     0  startup_mimxrt1052.o(.text)
    SAI3_RX_DriverIRQHandler                 0x600024fb   Thumb Code     0  startup_mimxrt1052.o(.text)
    SAI3_TX_DriverIRQHandler                 0x600024fb   Thumb Code     0  startup_mimxrt1052.o(.text)
    SEMC_IRQHandler                          0x600024fb   Thumb Code     0  startup_mimxrt1052.o(.text)
    SJC_ARM_DEBUG_IRQHandler                 0x600024fb   Thumb Code     0  startup_mimxrt1052.o(.text)
    SJC_IRQHandler                           0x600024fb   Thumb Code     0  startup_mimxrt1052.o(.text)
    SNVS_HP_WRAPPER_IRQHandler               0x600024fb   Thumb Code     0  startup_mimxrt1052.o(.text)
    SNVS_HP_WRAPPER_TZ_IRQHandler            0x600024fb   Thumb Code     0  startup_mimxrt1052.o(.text)
    SNVS_LP_WRAPPER_IRQHandler               0x600024fb   Thumb Code     0  startup_mimxrt1052.o(.text)
    SPDIF_DriverIRQHandler                   0x600024fb   Thumb Code     0  startup_mimxrt1052.o(.text)
    SRC_IRQHandler                           0x600024fb   Thumb Code     0  startup_mimxrt1052.o(.text)
    TMR1_IRQHandler                          0x600024fb   Thumb Code     0  startup_mimxrt1052.o(.text)
    TMR2_IRQHandler                          0x600024fb   Thumb Code     0  startup_mimxrt1052.o(.text)
    TMR3_IRQHandler                          0x600024fb   Thumb Code     0  startup_mimxrt1052.o(.text)
    TMR4_IRQHandler                          0x600024fb   Thumb Code     0  startup_mimxrt1052.o(.text)
    TRNG_IRQHandler                          0x600024fb   Thumb Code     0  startup_mimxrt1052.o(.text)
    TSC_DIG_IRQHandler                       0x600024fb   Thumb Code     0  startup_mimxrt1052.o(.text)
    USB_OTG1_IRQHandler                      0x600024fb   Thumb Code     0  startup_mimxrt1052.o(.text)
    USB_OTG2_IRQHandler                      0x600024fb   Thumb Code     0  startup_mimxrt1052.o(.text)
    USB_PHY1_IRQHandler                      0x600024fb   Thumb Code     0  startup_mimxrt1052.o(.text)
    USB_PHY2_IRQHandler                      0x600024fb   Thumb Code     0  startup_mimxrt1052.o(.text)
    USDHC1_DriverIRQHandler                  0x600024fb   Thumb Code     0  startup_mimxrt1052.o(.text)
    USDHC2_DriverIRQHandler                  0x600024fb   Thumb Code     0  startup_mimxrt1052.o(.text)
    WDOG1_IRQHandler                         0x600024fb   Thumb Code     0  startup_mimxrt1052.o(.text)
    WDOG2_IRQHandler                         0x600024fb   Thumb Code     0  startup_mimxrt1052.o(.text)
    XBAR1_IRQ_0_1_IRQHandler                 0x600024fb   Thumb Code     0  startup_mimxrt1052.o(.text)
    XBAR1_IRQ_2_3_IRQHandler                 0x600024fb   Thumb Code     0  startup_mimxrt1052.o(.text)
    __aeabi_uldivmod                         0x600025d1   Thumb Code    98  uldiv.o(.text)
    __aeabi_ldivmod                          0x60002633   Thumb Code    98  ldiv.o(.text)
    ___aeabi_memcpy8$move                    0x60002695   Thumb Code     0  memmovea.o(.text)
    __aeabi_memcpy                           0x60002695   Thumb Code    64  memmovea.o(.text)
    __aeabi_memcpy4                          0x60002695   Thumb Code     0  memmovea.o(.text)
    __aeabi_memmove                          0x60002695   Thumb Code     0  memmovea.o(.text)
    __aeabi_memmove4                         0x60002695   Thumb Code     0  memmovea.o(.text)
    __aeabi_memmove8                         0x60002695   Thumb Code     0  memmovea.o(.text)
    __aeabi_memset                           0x600026d5   Thumb Code    14  memseta.o(.text)
    __aeabi_memset4                          0x600026d5   Thumb Code     0  memseta.o(.text)
    __aeabi_memset8                          0x600026d5   Thumb Code     0  memseta.o(.text)
    __aeabi_memclr                           0x600026e3   Thumb Code     4  memseta.o(.text)
    __aeabi_memclr4                          0x600026e3   Thumb Code     0  memseta.o(.text)
    __aeabi_memclr8                          0x600026e3   Thumb Code     0  memseta.o(.text)
    _memset$wrapper                          0x600026e7   Thumb Code    18  memseta.o(.text)
    strlen                                   0x600026f9   Thumb Code    14  strlen.o(.text)
    __aeabi_l2d                              0x60002707   Thumb Code    40  dfltl.o(.text)
    __aeabi_d2lz                             0x6000272f   Thumb Code    74  dfixl.o(.text)
    __aeabi_uidiv                            0x60002779   Thumb Code     0  uidiv.o(.text)
    __aeabi_uidivmod                         0x60002779   Thumb Code    44  uidiv.o(.text)
    __aeabi_llsl                             0x600027a5   Thumb Code    30  llshl.o(.text)
    _ll_shift_l                              0x600027a5   Thumb Code     0  llshl.o(.text)
    __aeabi_llsr                             0x600027c3   Thumb Code    32  llushr.o(.text)
    _ll_ushift_r                             0x600027c3   Thumb Code     0  llushr.o(.text)
    __I$use$fp                               0x600027e3   Thumb Code     0  iusefp.o(.text)
    _double_round                            0x600027e3   Thumb Code    30  depilogue.o(.text)
    _double_epilogue                         0x60002801   Thumb Code   156  depilogue.o(.text)
    __ARM_scalbn                             0x6000289d   Thumb Code    46  dscalb.o(.text)
    scalbn                                   0x6000289d   Thumb Code     0  dscalb.o(.text)
    __scatterload                            0x600028cd   Thumb Code    28  init.o(.text)
    __scatterload_rt2                        0x600028cd   Thumb Code     0  init.o(.text)
    BOARD_BootClockRUN                       0x600028f1   Thumb Code   580  clock_config.o(i.BOARD_BootClockRUN)
    BOARD_ConfigMPU                          0x60002bc9   Thumb Code   392  board.o(i.BOARD_ConfigMPU)
    BOARD_DebugConsoleSrcFreq                0x60002d7d   Thumb Code    62  board.o(i.BOARD_DebugConsoleSrcFreq)
    BOARD_InitDebugConsole                   0x60002dd5   Thumb Code    24  board.o(i.BOARD_InitDebugConsole)
    BOARD_InitPins                           0x60002df1   Thumb Code    62  pin_mux.o(i.BOARD_InitPins)
    CLOCK_GetFreq                            0x60002edd   Thumb Code   218  fsl_clock.o(i.CLOCK_GetFreq)
    CLOCK_GetPllFreq                         0x60003081   Thumb Code   372  fsl_clock.o(i.CLOCK_GetPllFreq)
    CLOCK_GetSysPfdFreq                      0x60003209   Thumb Code    80  fsl_clock.o(i.CLOCK_GetSysPfdFreq)
    CLOCK_GetUsb1PfdFreq                     0x60003261   Thumb Code    80  fsl_clock.o(i.CLOCK_GetUsb1PfdFreq)
    CLOCK_InitArmPll                         0x600032b9   Thumb Code    22  fsl_clock.o(i.CLOCK_InitArmPll)
    CLOCK_InitSysPll                         0x600032d5   Thumb Code    22  fsl_clock.o(i.CLOCK_InitSysPll)
    CLOCK_InitVideoPll                       0x600032f1   Thumb Code   112  fsl_clock.o(i.CLOCK_InitVideoPll)
    CPU_TS_TmrInit                           0x60003449   Thumb Code    26  core_delay.o(i.CPU_TS_TmrInit)
    CPU_TS_Tmr_Delay_US                      0x6000346d   Thumb Code    58  core_delay.o(i.CPU_TS_Tmr_Delay_US)
    DbgConsole_Init                          0x6000376b   Thumb Code    22  fsl_debug_console.o(i.DbgConsole_Init)
    DbgConsole_Printf                        0x60003781   Thumb Code    40  fsl_debug_console.o(i.DbgConsole_Printf)
    Draw_Trail                               0x60003ac9   Thumb Code   344  palette.o(i.Draw_Trail)
    ELCDIF_Reset                             0x60003c45   Thumb Code    44  fsl_elcdif.o(i.ELCDIF_Reset)
    ELCDIF_RgbModeInit                       0x60003c71   Thumb Code   182  fsl_elcdif.o(i.ELCDIF_RgbModeInit)
    GPIO1_Combined_0_15_IRQHandler           0x60003d61   Thumb Code    26  bsp_i2c_touch.o(i.GPIO1_Combined_0_15_IRQHandler)
    GPIO_PinInit                             0x60003d8d   Thumb Code   126  fsl_gpio.o(i.GPIO_PinInit)
    GPIO_PinSetInterruptConfig               0x60003e15   Thumb Code   110  fsl_gpio.o(i.GPIO_PinSetInterruptConfig)
    GPIO_PinWrite                            0x60003e83   Thumb Code    30  fsl_gpio.o(i.GPIO_PinWrite)
    GTP_IRQDisable                           0x6000418d   Thumb Code    20  bsp_i2c_touch.o(i.GTP_IRQDisable)
    GTP_IRQEnable                            0x600041a5   Thumb Code    50  bsp_i2c_touch.o(i.GTP_IRQEnable)
    GTP_Init_Panel                           0x600041e1   Thumb Code    40  bsp_touch_gtxx.o(i.GTP_Init_Panel)
    GTP_Read_Version                         0x60004235   Thumb Code   286  bsp_touch_gtxx.o(i.GTP_Read_Version)
    GTP_ResetChip                            0x60004455   Thumb Code   108  bsp_i2c_touch.o(i.GTP_ResetChip)
    GTP_TouchProcess                         0x600044cd   Thumb Code     4  bsp_touch_gtxx.o(i.GTP_TouchProcess)
    I2C_ReadBytes                            0x6000474d   Thumb Code    98  bsp_i2c_touch.o(i.I2C_ReadBytes)
    I2C_Touch_Init                           0x600047fd   Thumb Code   130  bsp_i2c_touch.o(i.I2C_Touch_Init)
    I2C_WriteBytes                           0x600048d5   Thumb Code    96  bsp_i2c_touch.o(i.I2C_WriteBytes)
    IO_Init                                  0x600049b1   Thumb Code    68  fsl_io.o(i.IO_Init)
    IO_Transfer                              0x600049f9   Thumb Code    46  fsl_io.o(i.IO_Transfer)
    LCDIF_IRQHandler                         0x60004a2d   Thumb Code    30  bsp_lcd.o(i.LCDIF_IRQHandler)
    LCD_BackLight_ON                         0x60004a59   Thumb Code    20  bsp_lcd.o(i.LCD_BackLight_ON)
    LCD_Clear                                0x60004a75   Thumb Code    56  bsp_lcd.o(i.LCD_Clear)
    LCD_DispString                           0x60004ab5   Thumb Code    96  bsp_lcd.o(i.LCD_DispString)
    LCD_DisplayChar                          0x60004b1d   Thumb Code   174  bsp_lcd.o(i.LCD_DisplayChar)
    LCD_DrawCircle                           0x60004bd5   Thumb Code   162  bsp_lcd.o(i.LCD_DrawCircle)
    LCD_DrawFullCircle                       0x60004c81   Thumb Code   152  bsp_lcd.o(i.LCD_DrawFullCircle)
    LCD_DrawFullRect                         0x60004d19   Thumb Code   116  bsp_lcd.o(i.LCD_DrawFullRect)
    LCD_DrawLine                             0x60004d95   Thumb Code   114  bsp_lcd.o(i.LCD_DrawLine)
    LCD_DrawRect                             0x60004e11   Thumb Code   110  bsp_lcd.o(i.LCD_DrawRect)
    LCD_DrawUniLine                          0x60004e89   Thumb Code   154  bsp_lcd.o(i.LCD_DrawUniLine)
    LCD_Init                                 0x60005261   Thumb Code    60  bsp_lcd.o(i.LCD_Init)
    LCD_InitClock                            0x600052ad   Thumb Code    48  bsp_lcd.o(i.LCD_InitClock)
    LCD_InterruptConfig                      0x600052ed   Thumb Code    18  bsp_lcd.o(i.LCD_InterruptConfig)
    LCD_SetColors                            0x60005309   Thumb Code     8  bsp_lcd.o(i.LCD_SetColors)
    LCD_SetFont                              0x60005315   Thumb Code     6  bsp_lcd.o(i.LCD_SetFont)
    LCD_SetTextColor                         0x60005321   Thumb Code     6  bsp_lcd.o(i.LCD_SetTextColor)
    LED_GPIO_Config                          0x6000532d   Thumb Code   160  bsp_led.o(i.LED_GPIO_Config)
    LOG_Init                                 0x600053d9   Thumb Code    28  fsl_log.o(i.LOG_Init)
    LOG_Pop                                  0x600053f5   Thumb Code    22  fsl_log.o(i.LOG_Pop)
    LOG_Push                                 0x6000540b   Thumb Code    16  fsl_log.o(i.LOG_Push)
    LPI2C1_DriverIRQHandler                  0x6000541d   Thumb Code     8  fsl_lpi2c.o(i.LPI2C1_DriverIRQHandler)
    LPI2C2_DriverIRQHandler                  0x60005429   Thumb Code     8  fsl_lpi2c.o(i.LPI2C2_DriverIRQHandler)
    LPI2C3_DriverIRQHandler                  0x60005435   Thumb Code     8  fsl_lpi2c.o(i.LPI2C3_DriverIRQHandler)
    LPI2C_CheckForBusyBus                    0x60005441   Thumb Code    20  fsl_lpi2c.o(i.LPI2C_CheckForBusyBus)
    LPI2C_GetInstance                        0x600054d9   Thumb Code    28  fsl_lpi2c.o(i.LPI2C_GetInstance)
    LPI2C_MasterCheckAndClearError           0x60005593   Thumb Code    68  fsl_lpi2c.o(i.LPI2C_MasterCheckAndClearError)
    LPI2C_MasterGetDefaultConfig             0x600055d9   Thumb Code    34  fsl_lpi2c.o(i.LPI2C_MasterGetDefaultConfig)
    LPI2C_MasterInit                         0x60005619   Thumb Code   282  fsl_lpi2c.o(i.LPI2C_MasterInit)
    LPI2C_MasterSetBaudRate                  0x6000573d   Thumb Code   212  fsl_lpi2c.o(i.LPI2C_MasterSetBaudRate)
    LPI2C_MasterTransferCreateHandle         0x60005815   Thumb Code    72  fsl_lpi2c.o(i.LPI2C_MasterTransferCreateHandle)
    LPI2C_MasterTransferHandleIRQ            0x6000586d   Thumb Code    62  fsl_lpi2c.o(i.LPI2C_MasterTransferHandleIRQ)
    LPI2C_MasterTransferNonBlocking          0x600058ab   Thumb Code    98  fsl_lpi2c.o(i.LPI2C_MasterTransferNonBlocking)
    LPUART1_DriverIRQHandler                 0x60005a45   Thumb Code    12  fsl_lpuart.o(i.LPUART1_DriverIRQHandler)
    LPUART2_DriverIRQHandler                 0x60005a5d   Thumb Code    12  fsl_lpuart.o(i.LPUART2_DriverIRQHandler)
    LPUART3_DriverIRQHandler                 0x60005a75   Thumb Code    12  fsl_lpuart.o(i.LPUART3_DriverIRQHandler)
    LPUART4_DriverIRQHandler                 0x60005a8d   Thumb Code    12  fsl_lpuart.o(i.LPUART4_DriverIRQHandler)
    LPUART5_DriverIRQHandler                 0x60005aa5   Thumb Code    12  fsl_lpuart.o(i.LPUART5_DriverIRQHandler)
    LPUART6_DriverIRQHandler                 0x60005abd   Thumb Code    12  fsl_lpuart.o(i.LPUART6_DriverIRQHandler)
    LPUART7_DriverIRQHandler                 0x60005ad5   Thumb Code    12  fsl_lpuart.o(i.LPUART7_DriverIRQHandler)
    LPUART8_DriverIRQHandler                 0x60005aed   Thumb Code    12  fsl_lpuart.o(i.LPUART8_DriverIRQHandler)
    LPUART_ClearStatusFlags                  0x60005b05   Thumb Code    74  fsl_lpuart.o(i.LPUART_ClearStatusFlags)
    LPUART_GetDefaultConfig                  0x60005b55   Thumb Code    46  fsl_lpuart.o(i.LPUART_GetDefaultConfig)
    LPUART_GetInstance                       0x60005b85   Thumb Code    34  fsl_lpuart.o(i.LPUART_GetInstance)
    LPUART_GetStatusFlags                    0x60005bad   Thumb Code    14  fsl_lpuart.o(i.LPUART_GetStatusFlags)
    LPUART_Init                              0x60005bbd   Thumb Code   424  fsl_lpuart.o(i.LPUART_Init)
    LPUART_ReadBlocking                      0x60005d71   Thumb Code   152  fsl_lpuart.o(i.LPUART_ReadBlocking)
    LPUART_WriteBlocking                     0x60005e09   Thumb Code    26  fsl_lpuart.o(i.LPUART_WriteBlocking)
    Palette_Init                             0x60005e25   Thumb Code    56  palette.o(i.Palette_Init)
    PutPixel                                 0x60005e65   Thumb Code    44  bsp_lcd.o(i.PutPixel)
    StrFormatPrintf                          0x60005e99   Thumb Code  1242  fsl_str.o(i.StrFormatPrintf)
    SysTick_Handler                          0x6000639d   Thumb Code    42  bsp_systick.o(i.SysTick_Handler)
    SysTick_Init                             0x600063d1   Thumb Code    26  bsp_systick.o(i.SysTick_Init)
    SystemInit                               0x600063f1   Thumb Code   222  system_mimxrt1052.o(i.SystemInit)
    SystemInitHook                           0x600064e9   Thumb Code     2  system_mimxrt1052.o(i.SystemInitHook)
    Touch_Button_Down                        0x600064ed   Thumb Code    80  palette.o(i.Touch_Button_Down)
    Touch_Button_Init                        0x60006541   Thumb Code   658  palette.o(i.Touch_Button_Init)
    Touch_Button_Up                          0x600067fd   Thumb Code    80  palette.o(i.Touch_Button_Up)
    __0printf$1                              0x60006851   Thumb Code    22  printf1.o(i.__0printf$1)
    __1printf$1                              0x60006851   Thumb Code     0  printf1.o(i.__0printf$1)
    __2printf                                0x60006851   Thumb Code     0  printf1.o(i.__0printf$1)
    __ARM_fpclassify                         0x60006871   Thumb Code    48  fpclassify.o(i.__ARM_fpclassify)
    __hardfp_modf                            0x600068a1   Thumb Code   186  modf.o(i.__hardfp_modf)
    __hardfp_pow                             0x60006961   Thumb Code  2140  pow.o(i.__hardfp_pow)
    __kernel_poly                            0x60007259   Thumb Code   112  poly.o(i.__kernel_poly)
    __mathlib_dbl_divzero                    0x600072c9   Thumb Code    14  dunder.o(i.__mathlib_dbl_divzero)
    __mathlib_dbl_infnan2                    0x600072e9   Thumb Code     6  dunder.o(i.__mathlib_dbl_infnan2)
    __mathlib_dbl_invalid                    0x600072f1   Thumb Code    10  dunder.o(i.__mathlib_dbl_invalid)
    __mathlib_dbl_overflow                   0x60007309   Thumb Code    10  dunder.o(i.__mathlib_dbl_overflow)
    __mathlib_dbl_underflow                  0x60007321   Thumb Code    10  dunder.o(i.__mathlib_dbl_underflow)
    __scatterload_copy                       0x60007339   Thumb Code    14  handlers.o(i.__scatterload_copy)
    __scatterload_null                       0x60007347   Thumb Code     2  handlers.o(i.__scatterload_null)
    __scatterload_zeroinit                   0x60007349   Thumb Code    14  handlers.o(i.__scatterload_zeroinit)
    __set_errno                              0x60007359   Thumb Code     6  errno.o(i.__set_errno)
    fabs                                     0x600074b9   Thumb Code    24  fabs.o(i.fabs)
    fputc                                    0x600074d1   Thumb Code    12  fsl_debug_console.o(i.fputc)
    main                                     0x600074dd   Thumb Code   220  main.o(i.main)
    sqrt                                     0x600076ed   Thumb Code   106  sqrt.o(i.sqrt)
    armPllConfig_BOARD_BootClockRUN          0x60007804   Data           4  clock_config.o(.constdata)
    sysPllConfig_BOARD_BootClockRUN          0x60007808   Data          12  clock_config.o(.constdata)
    lcd_param                                0x60007818   Data          72  bsp_lcd.o(.constdata)
    ASCII16x32_Table                         0x6000786c   Data        6080  fonts.o(.constdata)
    ASCII24x48_Table                         0x6000902c   Data       13680  fonts.o(.constdata)
    touch_param                              0x6000c5ac   Data          24  bsp_touch_gtxx.o(.constdata)
    color_block_param                        0x6000c5d4   Data          12  palette.o(.constdata)
    __mathlib_zero                           0x6000c668   Data           8  qnan.o(.constdata)
    Region$$Table$$Base                      0x6000c714   Number         0  anon$$obj.o(Region$$Table)
    Region$$Table$$Limit                     0x6000c744   Number         0  anon$$obj.o(Region$$Table)
    s_psBufferLcd                            0x81c00000   Data       1536000  bsp_lcd.o(NonCacheable)



==============================================================================

Memory Map of the image

  Image Entry point : 0x60002401

  Load Region LR_m_rom_config (Base: 0x60000000, Size: 0x00000200, Max: 0x00001000, ABSOLUTE)

    Execution Region RW_m_config_text (Exec base: 0x60000000, Load base: 0x60000000, Size: 0x00000200, Max: 0x00001000, ABSOLUTE)

    Exec Addr    Load Addr    Size         Type   Attr      Idx    E Section Name        Object

    0x60000000   0x60000000   0x00000200   Data   RO         2432    .boot_hdr.conf      fire_imxrt1052_spiflash_config.o



  Load Region LR_m_rom_ivt (Base: 0x60001000, Size: 0x00000460, Max: 0x00001000, ABSOLUTE)

    Execution Region RW_m_ivt_text (Exec base: 0x60001000, Load base: 0x60001000, Size: 0x00000460, Max: 0x00001000, ABSOLUTE)

    Exec Addr    Load Addr    Size         Type   Attr      Idx    E Section Name        Object

    0x60001000   0x60001000   0x00000020   Data   RO         2457    .boot_hdr.ivt       fsl_flexspi_nor_boot.o
    0x60001020   0x60001020   0x00000010   Data   RO         2456    .boot_hdr.boot_data  fsl_flexspi_nor_boot.o
    0x60001030   0x60001030   0x00000430   Data   RO         2417    .boot_hdr.dcd_data  fire_imxrt1052_sdram_ini_dcd.o



  Load Region LR_m_text (Base: 0x60002000, Size: 0x0000a7ec, Max: 0x61fffc00, ABSOLUTE)

    Execution Region RW_m_data (Exec base: 0x20000000, Load base: 0x6000c744, Size: 0x000002d4, Max: 0x0001f800, ABSOLUTE)

    Exec Addr    Load Addr    Size         Type   Attr      Idx    E Section Name        Object

    0x20000000   0x6000c744   0x00000004   Data   RW            9    .data               system_mimxrt1052.o
    0x20000004   0x6000c748   0x00000004   Data   RW          120    .data               fsl_clock.o
    0x20000008   0x6000c74c   0x00000004   Data   RW          121    .data               fsl_clock.o
    0x2000000c   0x6000c750   0x00000004   Data   RW          429    .data               fsl_lpuart.o
    0x20000010   0x6000c754   0x00000028   Data   RW          674    .data               fsl_elcdif.o
    0x20000038   0x6000c77c   0x00000008   Data   RW          778    .data               fsl_lpi2c.o
    0x20000040   0x6000c784   0x00000004   Data   RW         1170    .data               fsl_debug_console.o
    0x20000044   0x6000c788   0x00000008   Data   RW         1389    .data               fsl_io.o
    0x2000004c   0x6000c790   0x00000014   Data   RW         1729    .data               bsp_lcd.o
    0x20000060   0x6000c7a4   0x00000008   Data   RW         1910    .data               fonts.o
    0x20000068   0x6000c7ac   0x00000008   Data   RW         1911    .data               fonts.o
    0x20000070   0x6000c7b4   0x0000000c   Data   RW         1983    .data               bsp_systick.o
    0x2000007c   0x6000c7c0   0x0000001e   Data   RW         2078    .data               bsp_touch_gtxx.o
    0x2000009a   0x6000c7de   0x00000002   Data   RW         2196    .data               bsp_i2c_touch.o
    0x2000009c   0x6000c7e0   0x00000008   Data   RW         2308    .data               palette.o
    0x200000a4   0x6000c7e8   0x00000004   Data   RW         2883    .data               mc_w.l(errno.o)
    0x200000a8        -       0x00000024   Zero   RW          427    .bss                fsl_lpuart.o
    0x200000cc        -       0x00000020   Zero   RW          776    .bss                fsl_lpi2c.o
    0x200000ec        -       0x00000038   Zero   RW         2194    .bss                bsp_i2c_touch.o
    0x20000124        -       0x000001b0   Zero   RW         2306    .bss                palette.o


    Execution Region ARM_LIB_HEAP (Exec base: 0x200002d4, Load base: 0x6000c7ec, Size: 0x00000400, Max: 0x00000400, ABSOLUTE)

    Exec Addr    Load Addr    Size         Type   Attr      Idx    E Section Name        Object

    0x200002d4        -       0x00000400   Zero   RW            1    ARM_LIB_HEAP.bss    anon$$obj.o


    Execution Region ARM_LIB_STACK (Exec base: 0x2001fc00, Load base: 0x6000c7ec, Size: 0x00000400, Max: 0x00000400, ABSOLUTE)

    Exec Addr    Load Addr    Size         Type   Attr      Idx    E Section Name        Object

    0x2001fc00        -       0x00000400   Zero   RW            2    ARM_LIB_STACK.bss   anon$$obj.o


    Execution Region VECTOR_ROM (Exec base: 0x60002000, Load base: 0x60002000, Size: 0x00000400, Max: 0x00000400, ABSOLUTE)

    Exec Addr    Load Addr    Size         Type   Attr      Idx    E Section Name        Object

    0x60002000   0x60002000   0x00000400   Data   RO           76    RESET               startup_mimxrt1052.o


    Execution Region ER_m_text (Exec base: 0x60002400, Load base: 0x60002400, Size: 0x0000a344, Max: 0x01ffdc00, ABSOLUTE)

    Exec Addr    Load Addr    Size         Type   Attr      Idx    E Section Name        Object

    0x60002400   0x60002400   0x00000000   Code   RO         2505  * .ARM.Collect$$$$00000000  mc_w.l(entry.o)
    0x60002400   0x60002400   0x00000004   Code   RO         2858    .ARM.Collect$$$$00000003  mc_w.l(entry4.o)
    0x60002404   0x60002404   0x00000004   Code   RO         2861    .ARM.Collect$$$$00000004  mc_w.l(entry5.o)
    0x60002408   0x60002408   0x00000000   Code   RO         2863    .ARM.Collect$$$$00000008  mc_w.l(entry7b.o)
    0x60002408   0x60002408   0x00000000   Code   RO         2865    .ARM.Collect$$$$0000000A  mc_w.l(entry8b.o)
    0x60002408   0x60002408   0x00000008   Code   RO         2866    .ARM.Collect$$$$0000000B  mc_w.l(entry9a.o)
    0x60002410   0x60002410   0x00000000   Code   RO         2868    .ARM.Collect$$$$0000000D  mc_w.l(entry10a.o)
    0x60002410   0x60002410   0x00000000   Code   RO         2870    .ARM.Collect$$$$0000000F  mc_w.l(entry11a.o)
    0x60002410   0x60002410   0x00000004   Code   RO         2859    .ARM.Collect$$$$00002714  mc_w.l(entry4.o)
    0x60002414   0x60002414   0x000001bc   Code   RO           77    .text               startup_mimxrt1052.o
    0x600025d0   0x600025d0   0x00000062   Code   RO         2508    .text               mc_w.l(uldiv.o)
    0x60002632   0x60002632   0x00000062   Code   RO         2510    .text               mc_w.l(ldiv.o)
    0x60002694   0x60002694   0x00000040   Code   RO         2516    .text               mc_w.l(memmovea.o)
    0x600026d4   0x600026d4   0x00000024   Code   RO         2518    .text               mc_w.l(memseta.o)
    0x600026f8   0x600026f8   0x0000000e   Code   RO         2520    .text               mc_w.l(strlen.o)
    0x60002706   0x60002706   0x00000028   Code   RO         2817    .text               mf_w.l(dfltl.o)
    0x6000272e   0x6000272e   0x0000004a   Code   RO         2819    .text               mf_w.l(dfixl.o)
    0x60002778   0x60002778   0x0000002c   Code   RO         2872    .text               mc_w.l(uidiv.o)
    0x600027a4   0x600027a4   0x0000001e   Code   RO         2874    .text               mc_w.l(llshl.o)
    0x600027c2   0x600027c2   0x00000020   Code   RO         2876    .text               mc_w.l(llushr.o)
    0x600027e2   0x600027e2   0x00000000   Code   RO         2889    .text               mc_w.l(iusefp.o)
    0x600027e2   0x600027e2   0x000000ba   Code   RO         2890    .text               mf_w.l(depilogue.o)
    0x6000289c   0x6000289c   0x0000002e   Code   RO         2898    .text               mf_w.l(dscalb.o)
    0x600028ca   0x600028ca   0x00000002   PAD
    0x600028cc   0x600028cc   0x00000024   Code   RO         2904    .text               mc_w.l(init.o)
    0x600028f0   0x600028f0   0x000002d8   Code   RO         1497    i.BOARD_BootClockRUN  clock_config.o
    0x60002bc8   0x60002bc8   0x000001b4   Code   RO         1435    i.BOARD_ConfigMPU   board.o
    0x60002d7c   0x60002d7c   0x00000058   Code   RO         1436    i.BOARD_DebugConsoleSrcFreq  board.o
    0x60002dd4   0x60002dd4   0x0000001c   Code   RO         1437    i.BOARD_InitDebugConsole  board.o
    0x60002df0   0x60002df0   0x0000004c   Code   RO         1550    i.BOARD_InitPins    pin_mux.o
    0x60002e3c   0x60002e3c   0x0000002c   Code   RO          392    i.CLOCK_ControlGate  fsl_lpuart.o
    0x60002e68   0x60002e68   0x0000002c   Code   RO          665    i.CLOCK_ControlGate  fsl_elcdif.o
    0x60002e94   0x60002e94   0x0000002c   Code   RO          736    i.CLOCK_ControlGate  fsl_lpi2c.o
    0x60002ec0   0x60002ec0   0x0000001c   Code   RO         1438    i.CLOCK_GetDiv      board.o
    0x60002edc   0x60002edc   0x000000f8   Code   RO          101    i.CLOCK_GetFreq     fsl_clock.o
    0x60002fd4   0x60002fd4   0x00000020   Code   RO          102    i.CLOCK_GetOscFreq  fsl_clock.o
    0x60002ff4   0x60002ff4   0x0000008c   Code   RO          103    i.CLOCK_GetPeriphClkFreq  fsl_clock.o
    0x60003080   0x60003080   0x00000188   Code   RO          104    i.CLOCK_GetPllFreq  fsl_clock.o
    0x60003208   0x60003208   0x00000058   Code   RO          105    i.CLOCK_GetSysPfdFreq  fsl_clock.o
    0x60003260   0x60003260   0x00000058   Code   RO          106    i.CLOCK_GetUsb1PfdFreq  fsl_clock.o
    0x600032b8   0x600032b8   0x0000001c   Code   RO          107    i.CLOCK_InitArmPll  fsl_clock.o
    0x600032d4   0x600032d4   0x0000001c   Code   RO          113    i.CLOCK_InitSysPll  fsl_clock.o
    0x600032f0   0x600032f0   0x00000074   Code   RO          117    i.CLOCK_InitVideoPll  fsl_clock.o
    0x60003364   0x60003364   0x0000004c   Code   RO         1499    i.CLOCK_SetDiv      clock_config.o
    0x600033b0   0x600033b0   0x0000004c   Code   RO         1698    i.CLOCK_SetDiv      bsp_lcd.o
    0x600033fc   0x600033fc   0x0000004c   Code   RO         1500    i.CLOCK_SetMux      clock_config.o
    0x60003448   0x60003448   0x00000024   Code   RO         2385    i.CPU_TS_TmrInit    core_delay.o
    0x6000346c   0x6000346c   0x00000044   Code   RO         2387    i.CPU_TS_Tmr_Delay_US  core_delay.o
    0x600034b0   0x600034b0   0x00000054   Code   RO         2294    i.Command_Clear_Palette  palette.o
    0x60003504   0x60003504   0x00000018   Code   RO         2295    i.Command_Select_Brush  palette.o
    0x6000351c   0x6000351c   0x00000024   Code   RO         2296    i.Command_Select_Color  palette.o
    0x60003540   0x60003540   0x00000158   Code   RO         1263    i.ConvertFloatRadixNumToString  fsl_str.o
    0x60003698   0x60003698   0x000000d2   Code   RO         1264    i.ConvertRadixNumToString  fsl_str.o
    0x6000376a   0x6000376a   0x00000016   Code   RO         1163    i.DbgConsole_Init   fsl_debug_console.o
    0x60003780   0x60003780   0x0000002c   Code   RO         1164    i.DbgConsole_Printf  fsl_debug_console.o
    0x600037ac   0x600037ac   0x00000038   Code   RO         1166    i.DbgConsole_RelocateLog  fsl_debug_console.o
    0x600037e4   0x600037e4   0x000000ac   Code   RO         2297    i.Draw_Clear_Button  palette.o
    0x60003890   0x60003890   0x00000050   Code   RO         2298    i.Draw_Color_Button  palette.o
    0x600038e0   0x600038e0   0x000001e8   Code   RO         2299    i.Draw_Shape_Button  palette.o
    0x60003ac8   0x60003ac8   0x00000164   Code   RO         2300    i.Draw_Trail        palette.o
    0x60003c2c   0x60003c2c   0x00000018   Code   RO          667    i.ELCDIF_GetInstance  fsl_elcdif.o
    0x60003c44   0x60003c44   0x0000002c   Code   RO          668    i.ELCDIF_Reset      fsl_elcdif.o
    0x60003c70   0x60003c70   0x000000c8   Code   RO          670    i.ELCDIF_RgbModeInit  fsl_elcdif.o
    0x60003d38   0x60003d38   0x00000026   Code   RO          737    i.EnableIRQ         fsl_lpi2c.o
    0x60003d5e   0x60003d5e   0x00000002   PAD
    0x60003d60   0x60003d60   0x0000002c   Code   RO         2183    i.GPIO1_Combined_0_15_IRQHandler  bsp_i2c_touch.o
    0x60003d8c   0x60003d8c   0x00000088   Code   RO          347    i.GPIO_PinInit      fsl_gpio.o
    0x60003e14   0x60003e14   0x0000006e   Code   RO          348    i.GPIO_PinSetInterruptConfig  fsl_gpio.o
    0x60003e82   0x60003e82   0x0000001e   Code   RO          349    i.GPIO_PinWrite     fsl_gpio.o
    0x60003ea0   0x60003ea0   0x0000015c   Code   RO         2039    i.GTP_Get_Info      bsp_touch_gtxx.o
    0x60003ffc   0x60003ffc   0x00000060   Code   RO         2184    i.GTP_I2C_ModeInit  bsp_i2c_touch.o
    0x6000405c   0x6000405c   0x00000064   Code   RO         2040    i.GTP_I2C_Read      bsp_touch_gtxx.o
    0x600040c0   0x600040c0   0x00000084   Code   RO         2042    i.GTP_I2C_Test      bsp_touch_gtxx.o
    0x60004144   0x60004144   0x00000048   Code   RO         2043    i.GTP_I2C_Write     bsp_touch_gtxx.o
    0x6000418c   0x6000418c   0x00000018   Code   RO         2185    i.GTP_IRQDisable    bsp_i2c_touch.o
    0x600041a4   0x600041a4   0x0000003c   Code   RO         2186    i.GTP_IRQEnable     bsp_i2c_touch.o
    0x600041e0   0x600041e0   0x00000054   Code   RO         2046    i.GTP_Init_Panel    bsp_touch_gtxx.o
    0x60004234   0x60004234   0x00000220   Code   RO         2047    i.GTP_Read_Version  bsp_touch_gtxx.o
    0x60004454   0x60004454   0x00000078   Code   RO         2187    i.GTP_ResetChip     bsp_i2c_touch.o
    0x600044cc   0x600044cc   0x00000004   Code   RO         2050    i.GTP_TouchProcess  bsp_touch_gtxx.o
    0x600044d0   0x600044d0   0x00000088   Code   RO         2051    i.GTP_Touch_Down    bsp_touch_gtxx.o
    0x60004558   0x60004558   0x00000064   Code   RO         2052    i.GTP_Touch_Up      bsp_touch_gtxx.o
    0x600045bc   0x600045bc   0x00000180   Code   RO         2054    i.Goodix_TS_Work_Func  bsp_touch_gtxx.o
    0x6000473c   0x6000473c   0x00000010   Code   RO         2188    i.I2C_Master_Callback  bsp_i2c_touch.o
    0x6000474c   0x6000474c   0x00000070   Code   RO         2189    i.I2C_ReadBytes     bsp_i2c_touch.o
    0x600047bc   0x600047bc   0x00000040   Code   RO         2190    i.I2C_Timeout_Callback  bsp_i2c_touch.o
    0x600047fc   0x600047fc   0x00000090   Code   RO         2191    i.I2C_Touch_Init    bsp_i2c_touch.o
    0x6000488c   0x6000488c   0x00000046   Code   RO         2055    i.I2C_Transfer      bsp_touch_gtxx.o
    0x600048d2   0x600048d2   0x00000002   PAD
    0x600048d4   0x600048d4   0x0000006c   Code   RO         2192    i.I2C_WriteBytes    bsp_i2c_touch.o
    0x60004940   0x60004940   0x0000001c   Code   RO         1551    i.IOMUXC_SetPinMux  pin_mux.o
    0x6000495c   0x6000495c   0x0000001c   Code   RO         1666    i.IOMUXC_SetPinMux  bsp_led.o
    0x60004978   0x60004978   0x0000001c   Code   RO         1699    i.IOMUXC_SetPinMux  bsp_lcd.o
    0x60004994   0x60004994   0x0000001c   Code   RO         2193    i.IOMUXC_SetPinMux  bsp_i2c_touch.o
    0x600049b0   0x600049b0   0x00000048   Code   RO         1386    i.IO_Init           fsl_io.o
    0x600049f8   0x600049f8   0x00000034   Code   RO         1387    i.IO_Transfer       fsl_io.o
    0x60004a2c   0x60004a2c   0x0000002c   Code   RO         1700    i.LCDIF_IRQHandler  bsp_lcd.o
    0x60004a58   0x60004a58   0x0000001c   Code   RO         1701    i.LCD_BackLight_ON  bsp_lcd.o
    0x60004a74   0x60004a74   0x00000040   Code   RO         1702    i.LCD_Clear         bsp_lcd.o
    0x60004ab4   0x60004ab4   0x00000068   Code   RO         1704    i.LCD_DispString    bsp_lcd.o
    0x60004b1c   0x60004b1c   0x000000b8   Code   RO         1705    i.LCD_DisplayChar   bsp_lcd.o
    0x60004bd4   0x60004bd4   0x000000ac   Code   RO         1707    i.LCD_DrawCircle    bsp_lcd.o
    0x60004c80   0x60004c80   0x00000098   Code   RO         1708    i.LCD_DrawFullCircle  bsp_lcd.o
    0x60004d18   0x60004d18   0x0000007c   Code   RO         1709    i.LCD_DrawFullRect  bsp_lcd.o
    0x60004d94   0x60004d94   0x0000007c   Code   RO         1710    i.LCD_DrawLine      bsp_lcd.o
    0x60004e10   0x60004e10   0x00000078   Code   RO         1711    i.LCD_DrawRect      bsp_lcd.o
    0x60004e88   0x60004e88   0x0000009a   Code   RO         1712    i.LCD_DrawUniLine   bsp_lcd.o
    0x60004f22   0x60004f22   0x00000002   PAD
    0x60004f24   0x60004f24   0x00000104   Code   RO         2301    i.LCD_DrawUniLineCircle  palette.o
    0x60005028   0x60005028   0x000001d8   Code   RO         1715    i.LCD_IOMUXC_MUX_Config  bsp_lcd.o
    0x60005200   0x60005200   0x00000060   Code   RO         1716    i.LCD_IOMUXC_PAD_Config  bsp_lcd.o
    0x60005260   0x60005260   0x0000004c   Code   RO         1717    i.LCD_Init          bsp_lcd.o
    0x600052ac   0x600052ac   0x00000040   Code   RO         1718    i.LCD_InitClock     bsp_lcd.o
    0x600052ec   0x600052ec   0x0000001c   Code   RO         1719    i.LCD_InterruptConfig  bsp_lcd.o
    0x60005308   0x60005308   0x0000000c   Code   RO         1721    i.LCD_SetColors     bsp_lcd.o
    0x60005314   0x60005314   0x0000000c   Code   RO         1724    i.LCD_SetFont       bsp_lcd.o
    0x60005320   0x60005320   0x0000000c   Code   RO         1726    i.LCD_SetTextColor  bsp_lcd.o
    0x6000532c   0x6000532c   0x000000ac   Code   RO         1667    i.LED_GPIO_Config   bsp_led.o
    0x600053d8   0x600053d8   0x0000001c   Code   RO         1318    i.LOG_Init          fsl_log.o
    0x600053f4   0x600053f4   0x00000016   Code   RO         1319    i.LOG_Pop           fsl_log.o
    0x6000540a   0x6000540a   0x00000010   Code   RO         1320    i.LOG_Push          fsl_log.o
    0x6000541a   0x6000541a   0x00000002   PAD
    0x6000541c   0x6000541c   0x0000000c   Code   RO          738    i.LPI2C1_DriverIRQHandler  fsl_lpi2c.o
    0x60005428   0x60005428   0x0000000c   Code   RO          739    i.LPI2C2_DriverIRQHandler  fsl_lpi2c.o
    0x60005434   0x60005434   0x0000000c   Code   RO          740    i.LPI2C3_DriverIRQHandler  fsl_lpi2c.o
    0x60005440   0x60005440   0x00000014   Code   RO          741    i.LPI2C_CheckForBusyBus  fsl_lpi2c.o
    0x60005454   0x60005454   0x00000044   Code   RO          742    i.LPI2C_CommonIRQHandler  fsl_lpi2c.o
    0x60005498   0x60005498   0x00000040   Code   RO          743    i.LPI2C_GetCyclesForWidth  fsl_lpi2c.o
    0x600054d8   0x600054d8   0x00000020   Code   RO          744    i.LPI2C_GetInstance  fsl_lpi2c.o
    0x600054f8   0x600054f8   0x0000009a   Code   RO          745    i.LPI2C_InitTransferStateMachine  fsl_lpi2c.o
    0x60005592   0x60005592   0x00000044   Code   RO          746    i.LPI2C_MasterCheckAndClearError  fsl_lpi2c.o
    0x600055d6   0x600055d6   0x00000002   PAD
    0x600055d8   0x600055d8   0x00000028   Code   RO          749    i.LPI2C_MasterGetDefaultConfig  fsl_lpi2c.o
    0x60005600   0x60005600   0x00000018   Code   RO          750    i.LPI2C_MasterGetFifoCounts  fsl_lpi2c.o
    0x60005618   0x60005618   0x00000124   Code   RO          751    i.LPI2C_MasterInit  fsl_lpi2c.o
    0x6000573c   0x6000573c   0x000000d8   Code   RO          754    i.LPI2C_MasterSetBaudRate  fsl_lpi2c.o
    0x60005814   0x60005814   0x00000058   Code   RO          759    i.LPI2C_MasterTransferCreateHandle  fsl_lpi2c.o
    0x6000586c   0x6000586c   0x0000003e   Code   RO          761    i.LPI2C_MasterTransferHandleIRQ  fsl_lpi2c.o
    0x600058aa   0x600058aa   0x00000062   Code   RO          762    i.LPI2C_MasterTransferNonBlocking  fsl_lpi2c.o
    0x6000590c   0x6000590c   0x00000136   Code   RO          764    i.LPI2C_RunTransferStateMachine  fsl_lpi2c.o
    0x60005a42   0x60005a42   0x00000002   PAD
    0x60005a44   0x60005a44   0x00000018   Code   RO          393    i.LPUART1_DriverIRQHandler  fsl_lpuart.o
    0x60005a5c   0x60005a5c   0x00000018   Code   RO          394    i.LPUART2_DriverIRQHandler  fsl_lpuart.o
    0x60005a74   0x60005a74   0x00000018   Code   RO          395    i.LPUART3_DriverIRQHandler  fsl_lpuart.o
    0x60005a8c   0x60005a8c   0x00000018   Code   RO          396    i.LPUART4_DriverIRQHandler  fsl_lpuart.o
    0x60005aa4   0x60005aa4   0x00000018   Code   RO          397    i.LPUART5_DriverIRQHandler  fsl_lpuart.o
    0x60005abc   0x60005abc   0x00000018   Code   RO          398    i.LPUART6_DriverIRQHandler  fsl_lpuart.o
    0x60005ad4   0x60005ad4   0x00000018   Code   RO          399    i.LPUART7_DriverIRQHandler  fsl_lpuart.o
    0x60005aec   0x60005aec   0x00000018   Code   RO          400    i.LPUART8_DriverIRQHandler  fsl_lpuart.o
    0x60005b04   0x60005b04   0x00000050   Code   RO          401    i.LPUART_ClearStatusFlags  fsl_lpuart.o
    0x60005b54   0x60005b54   0x0000002e   Code   RO          405    i.LPUART_GetDefaultConfig  fsl_lpuart.o
    0x60005b82   0x60005b82   0x00000002   PAD
    0x60005b84   0x60005b84   0x00000028   Code   RO          407    i.LPUART_GetInstance  fsl_lpuart.o
    0x60005bac   0x60005bac   0x0000000e   Code   RO          408    i.LPUART_GetStatusFlags  fsl_lpuart.o
    0x60005bba   0x60005bba   0x00000002   PAD
    0x60005bbc   0x60005bbc   0x000001b4   Code   RO          409    i.LPUART_Init       fsl_lpuart.o
    0x60005d70   0x60005d70   0x00000098   Code   RO          410    i.LPUART_ReadBlocking  fsl_lpuart.o
    0x60005e08   0x60005e08   0x0000001a   Code   RO          426    i.LPUART_WriteBlocking  fsl_lpuart.o
    0x60005e22   0x60005e22   0x00000002   PAD
    0x60005e24   0x60005e24   0x00000040   Code   RO         2302    i.Palette_Init      palette.o
    0x60005e64   0x60005e64   0x00000034   Code   RO         1727    i.PutPixel          bsp_lcd.o
    0x60005e98   0x60005e98   0x000004da   Code   RO         1266    i.StrFormatPrintf   fsl_str.o
    0x60006372   0x60006372   0x00000002   PAD
    0x60006374   0x60006374   0x00000028   Code   RO         1978    i.SysTick_Config    bsp_systick.o
    0x6000639c   0x6000639c   0x00000034   Code   RO         1981    i.SysTick_Handler   bsp_systick.o
    0x600063d0   0x600063d0   0x00000020   Code   RO         1982    i.SysTick_Init      bsp_systick.o
    0x600063f0   0x600063f0   0x000000f8   Code   RO            7    i.SystemInit        system_mimxrt1052.o
    0x600064e8   0x600064e8   0x00000002   Code   RO            8    i.SystemInitHook    system_mimxrt1052.o
    0x600064ea   0x600064ea   0x00000002   PAD
    0x600064ec   0x600064ec   0x00000054   Code   RO         2303    i.Touch_Button_Down  palette.o
    0x60006540   0x60006540   0x000002bc   Code   RO         2304    i.Touch_Button_Init  palette.o
    0x600067fc   0x600067fc   0x00000054   Code   RO         2305    i.Touch_Button_Up   palette.o
    0x60006850   0x60006850   0x00000020   Code   RO         2573    i.__0printf$1       mc_w.l(printf1.o)
    0x60006870   0x60006870   0x00000030   Code   RO         2841    i.__ARM_fpclassify  m_wv.l(fpclassify.o)
    0x600068a0   0x600068a0   0x000000c0   Code   RO         2479    i.__hardfp_modf     m_wv.l(modf.o)
    0x60006960   0x60006960   0x000008f8   Code   RO         2485    i.__hardfp_pow      m_wv.l(pow.o)
    0x60007258   0x60007258   0x00000070   Code   RO         2843    i.__kernel_poly     m_wv.l(poly.o)
    0x600072c8   0x600072c8   0x00000020   Code   RO         2821    i.__mathlib_dbl_divzero  m_wv.l(dunder.o)
    0x600072e8   0x600072e8   0x00000006   Code   RO         2823    i.__mathlib_dbl_infnan2  m_wv.l(dunder.o)
    0x600072ee   0x600072ee   0x00000002   PAD
    0x600072f0   0x600072f0   0x00000018   Code   RO         2824    i.__mathlib_dbl_invalid  m_wv.l(dunder.o)
    0x60007308   0x60007308   0x00000018   Code   RO         2825    i.__mathlib_dbl_overflow  m_wv.l(dunder.o)
    0x60007320   0x60007320   0x00000018   Code   RO         2827    i.__mathlib_dbl_underflow  m_wv.l(dunder.o)
    0x60007338   0x60007338   0x0000000e   Code   RO         2927    i.__scatterload_copy  mc_w.l(handlers.o)
    0x60007346   0x60007346   0x00000002   Code   RO         2928    i.__scatterload_null  mc_w.l(handlers.o)
    0x60007348   0x60007348   0x0000000e   Code   RO         2929    i.__scatterload_zeroinit  mc_w.l(handlers.o)
    0x60007356   0x60007356   0x00000002   PAD
    0x60007358   0x60007358   0x0000000c   Code   RO         2882    i.__set_errno       mc_w.l(errno.o)
    0x60007364   0x60007364   0x00000154   Code   RO         2580    i._printf_core      mc_w.l(printf1.o)
    0x600074b8   0x600074b8   0x00000018   Code   RO         2837    i.fabs              m_wv.l(fabs.o)
    0x600074d0   0x600074d0   0x0000000c   Code   RO         1169    i.fputc             fsl_debug_console.o
    0x600074dc   0x600074dc   0x00000210   Code   RO         1590    i.main              main.o
    0x600076ec   0x600076ec   0x0000006a   Code   RO         2848    i.sqrt              m_wv.l(sqrt.o)
    0x60007756   0x60007756   0x00000002   PAD
    0x60007758   0x60007758   0x00000010   Data   RO          119    .constdata          fsl_clock.o
    0x60007768   0x60007768   0x00000024   Data   RO          350    .constdata          fsl_gpio.o
    0x6000778c   0x6000778c   0x00000048   Data   RO          428    .constdata          fsl_lpuart.o
    0x600077d4   0x600077d4   0x00000008   Data   RO          673    .constdata          fsl_elcdif.o
    0x600077dc   0x600077dc   0x00000028   Data   RO          777    .constdata          fsl_lpi2c.o
    0x60007804   0x60007804   0x00000010   Data   RO         1501    .constdata          clock_config.o
    0x60007814   0x60007814   0x00000058   Data   RO         1728    .constdata          bsp_lcd.o
    0x6000786c   0x6000786c   0x000017c0   Data   RO         1907    .constdata          fonts.o
    0x6000902c   0x6000902c   0x00003570   Data   RO         1908    .constdata          fonts.o
    0x6000c59c   0x6000c59c   0x00000034   Data   RO         2059    .constdata          bsp_touch_gtxx.o
    0x6000c5d0   0x6000c5d0   0x00000003   Data   RO         2195    .constdata          bsp_i2c_touch.o
    0x6000c5d3   0x6000c5d3   0x00000001   PAD
    0x6000c5d4   0x6000c5d4   0x0000000c   Data   RO         2307    .constdata          palette.o
    0x6000c5e0   0x6000c5e0   0x00000088   Data   RO         2488    .constdata          m_wv.l(pow.o)
    0x6000c668   0x6000c668   0x00000008   Data   RO         2845    .constdata          m_wv.l(qnan.o)
    0x6000c670   0x6000c670   0x000000a1   Data   RO         2076    .conststring        bsp_touch_gtxx.o
    0x6000c711   0x6000c711   0x00000003   PAD
    0x6000c714   0x6000c714   0x00000030   Data   RO         2925    Region$$Table       anon$$obj.o


    Execution Region RW_m_ncache (Exec base: 0x81c00000, Load base: 0x6000c7ec, Size: 0x00177000, Max: 0x00400000, ABSOLUTE)

    Exec Addr    Load Addr    Size         Type   Attr      Idx    E Section Name        Object

    0x81c00000        -       0x00177000   Zero   RW         1730    NonCacheable        bsp_lcd.o


==============================================================================

Image component sizes


      Code (inc. data)   RO Data    RW Data    ZI Data      Debug   Object Name

       580         78          0          0          0      53517   board.o
       816        160          3          2         56      68388   bsp_i2c_touch.o
      2198        170         88         20    1536000      36872   bsp_lcd.o
       200         12          0          0          0       2478   bsp_led.o
       124         20          0         12          0      37526   bsp_systick.o
      1974        714        213         30          0      14330   bsp_touch_gtxx.o
       880        160         16          0          0      13659   clock_config.o
       104         20          0          0          0       2088   core_delay.o
         0          0       1072          0          0        755   fire_imxrt1052_sdram_ini_dcd.o
         0          0        512          0          0       6094   fire_imxrt1052_spiflash_config.o
         0          0      19760         16          0       1569   fonts.o
      1160        130         16          8          0    1415568   fsl_clock.o
       134          4          0          4          0       6092   fsl_debug_console.o
       312         28          8         40          0       8055   fsl_elcdif.o
         0          0         48          0          0       2462   fsl_flexspi_nor_boot.o
       276         16         36          0          0      16255   fsl_gpio.o
       124         10          0          8          0       7552   fsl_io.o
        66          0          0          0          0       3792   fsl_log.o
      1654         78         40          8         32      26071   fsl_lpi2c.o
      1030        126         72          4         36      67430   fsl_lpuart.o
      1796          0          0          0          0       6754   fsl_str.o
       528        308          0          0          0       1394   main.o
      2432        142         12          8        432      12919   palette.o
       104         14          0          0          0      70485   pin_mux.o
       444        210       1024          0          0       3180   startup_mimxrt1052.o
       250         26          0          4          0    1390883   system_mimxrt1052.o

    ----------------------------------------------------------------------
     17208       2426      22972        164    1538604    3276168   Object Totals
         0          0         48          0       2048          0   (incl. Generated)
        22          0          4          0          0          0   (incl. Padding)

    ----------------------------------------------------------------------

      Code (inc. data)   RO Data    RW Data    ZI Data      Debug   Library Member Name

       110         60          0          0          0        580   dunder.o
        24          0          0          0          0        124   fabs.o
        48          0          0          0          0        124   fpclassify.o
       192          6          0          0          0        176   modf.o
       112          0          0          0          0        116   poly.o
      2296        304        136          0          0        320   pow.o
         0          0          8          0          0          0   qnan.o
       106          0          0          0          0        140   sqrt.o
         0          0          0          0          0          0   entry.o
         0          0          0          0          0          0   entry10a.o
         0          0          0          0          0          0   entry11a.o
         8          4          0          0          0          0   entry4.o
         4          0          0          0          0          0   entry5.o
         0          0          0          0          0          0   entry7b.o
         0          0          0          0          0          0   entry8b.o
         8          4          0          0          0          0   entry9a.o
        12          6          0          4          0         68   errno.o
        30          0          0          0          0          0   handlers.o
        36          8          0          0          0         68   init.o
         0          0          0          0          0          0   iusefp.o
        98          0          0          0          0         84   ldiv.o
        30          0          0          0          0         68   llshl.o
        32          0          0          0          0         68   llushr.o
        64          0          0          0          0         76   memmovea.o
        36          0          0          0          0        108   memseta.o
       372         14          0          0          0        184   printf1.o
        14          0          0          0          0         68   strlen.o
        44          0          0          0          0         80   uidiv.o
        98          0          0          0          0         92   uldiv.o
       186          0          0          0          0        176   depilogue.o
        74          0          0          0          0         80   dfixl.o
        40          0          0          0          0         80   dfltl.o
        46          0          0          0          0         80   dscalb.o

    ----------------------------------------------------------------------
      4128        406        144          4          0       2960   Library Totals
         8          0          0          0          0          0   (incl. Padding)

    ----------------------------------------------------------------------

      Code (inc. data)   RO Data    RW Data    ZI Data      Debug   Library Name

      2888        370        144          0          0       1580   m_wv.l
       886         36          0          4          0        964   mc_w.l
       346          0          0          0          0        416   mf_w.l

    ----------------------------------------------------------------------
      4128        406        144          4          0       2960   Library Totals

    ----------------------------------------------------------------------

==============================================================================


      Code (inc. data)   RO Data    RW Data    ZI Data      Debug   

     21336       2832      23116        168    1538604    3264308   Grand Totals
     21336       2832      23116        168    1538604    3264308   ELF Image Totals
     21336       2832      23116        168          0          0   ROM Totals

==============================================================================

    Total RO  Size (Code + RO Data)                44452 (  43.41kB)
    Total RW  Size (RW Data + ZI Data)           1538772 (1502.71kB)
    Total ROM Size (Code + RO Data + RW Data)      44620 (  43.57kB)

==============================================================================

